10-01 10:37:12.301  2066 10428 W AndroidTracking: Failed to send event to server: failed to connect to /10.0.2.2 (port 3001) from /10.0.2.16 (port 42016) after 10000ms
10-01 10:37:41.773  2066  2066 D CrossAppTracking: ðŸ“± Ã‰vÃ©nement reÃ§u: 2048 - com.android.systemui
10-01 10:37:41.773  2066  2066 D CrossAppTracking: âœ… App ciblÃ©e dÃ©tectÃ©e: com.android.systemui
10-01 10:37:42.278  2066  2066 D AndroidTracking: Event tracked: ADD_TO_CART - {app=com.android.systemui, packageName=com.android.systemui, productInfo={cartAction=T-Mobile, no signal., productName=T-Mobile, no signal., allTexts=[T-Mobile, no signal.]}, eventType=cross_app_cart_update}
10-01 10:37:42.279  2066  2066 D CrossAppTracking: ðŸ›’ Produit envoyÃ©: T-Mobile, no signal. - Prix: N/A
10-01 10:37:52.292  2066 10428 W AndroidTracking: Failed to send event to server: failed to connect to /10.0.2.2 (port 3001) from /10.0.2.16 (port 57820) after 10000ms
10-01 10:38:00.129  2066  2066 D CrossAppTracking: ðŸ“± Ã‰vÃ©nement reÃ§u: 2048 - com.android.systemui
10-01 10:38:00.129  2066  2066 D CrossAppTracking: âœ… App ciblÃ©e dÃ©tectÃ©e: com.android.systemui
10-01 10:38:00.231  2066  2066 D CrossAppTracking: ðŸ“± Ã‰vÃ©nement reÃ§u: 2048 - com.android.systemui
10-01 10:38:00.232  2066  2066 D CrossAppTracking: âœ… App ciblÃ©e dÃ©tectÃ©e: com.android.systemui
10-01 10:38:00.636  2066  2066 D AndroidTracking: Event tracked: ADD_TO_CART - {app=com.android.systemui, packageName=com.android.systemui, productInfo={productName=10:38â€¯AM, allTexts=[10:38, 10:38â€¯AM]}, eventType=cross_app_cart_update}
10-01 10:38:00.637  2066  2066 D CrossAppTracking: ðŸ›’ Produit envoyÃ©: 10:38â€¯AM - Prix: N/A
10-01 10:38:00.733  2066  2066 D AndroidTracking: Event tracked: ADD_TO_CART - {app=com.android.systemui, packageName=com.android.systemui, productInfo={productName=10:38â€¯AM, allTexts=[10:38, 10:38â€¯AM]}, eventType=cross_app_cart_update}
10-01 10:38:00.734  2066  2066 D CrossAppTracking: ðŸ›’ Produit envoyÃ©: 10:38â€¯AM - Prix: N/A
10-01 10:38:10.661  2066 10428 W AndroidTracking: Failed to send event to server: failed to connect to /10.0.2.2 (port 3001) from /10.0.2.16 (port 33820) after 10000ms
10-01 10:38:10.749  2066 10300 W AndroidTracking: Failed to send event to server: failed to connect to /10.0.2.2 (port 3001) from /10.0.2.16 (port 33828) after 10000ms
10-01 10:38:21.780  2066  2066 D CrossAppTracking: ðŸ“± Ã‰vÃ©nement reÃ§u: 2048 - com.android.systemui
10-01 10:38:21.780  2066  2066 D CrossAppTracking: âœ… App ciblÃ©e dÃ©tectÃ©e: com.android.systemui
10-01 10:38:22.284  2066  2066 D AndroidTracking: Event tracked: ADD_TO_CART - {app=com.android.systemui, packageName=com.android.systemui, productInfo={cartAction=T-Mobile, signal full., productName=T-Mobile, signal full., allTexts=[T-Mobile, signal full.]}, eventType=cross_app_cart_update}
10-01 10:38:22.284  2066  2066 D CrossAppTracking: ðŸ›’ Produit envoyÃ©: T-Mobile, signal full. - Prix: N/A
10-01 10:38:32.298  2066 10300 W AndroidTracking: Failed to send event to server: failed to connect to /10.0.2.2 (port 3001) from /10.0.2.16 (port 39460) after 10000ms
10-01 10:39:00.145  2066  2066 D CrossAppTracking: ðŸ“± Ã‰vÃ©nement reÃ§u: 2048 - com.android.systemui
10-01 10:39:00.146  2066  2066 D CrossAppTracking: âœ… App ciblÃ©e dÃ©tectÃ©e: com.android.systemui
10-01 10:39:00.244  2066  2066 D CrossAppTracking: ðŸ“± Ã‰vÃ©nement reÃ§u: 2048 - com.android.systemui
10-01 10:39:00.244  2066  2066 D CrossAppTracking: âœ… App ciblÃ©e dÃ©tectÃ©e: com.android.systemui
10-01 10:39:00.652  2066  2066 D AndroidTracking: Event tracked: ADD_TO_CART - {app=com.android.systemui, packageName=com.android.systemui, productInfo={productName=10:39â€¯AM, allTexts=[10:39, 10:39â€¯AM]}, eventType=cross_app_cart_update}
10-01 10:39:00.654  2066  2066 D CrossAppTracking: ðŸ›’ Produit envoyÃ©: 10:39â€¯AM - Prix: N/A
10-01 10:39:00.749  2066  2066 D AndroidTracking: Event tracked: ADD_TO_CART - {app=com.android.systemui, packageName=com.android.systemui, productInfo={productName=10:39â€¯AM, allTexts=[10:39, 10:39â€¯AM]}, eventType=cross_app_cart_update}
10-01 10:39:00.750  2066  2066 D CrossAppTracking: ðŸ›’ Produit envoyÃ©: 10:39â€¯AM - Prix: N/A
10-01 10:39:10.664  2066 10300 W AndroidTracking: Failed to send event to server: failed to connect to /10.0.2.2 (port 3001) from /10.0.2.16 (port 56048) after 10000ms
10-01 10:39:10.764  2066 10428 W AndroidTracking: Failed to send event to server: failed to connect to /10.0.2.2 (port 3001) from /10.0.2.16 (port 56060) after 10000ms
10-01 10:39:11.781  2066  2066 D CrossAppTracking: ðŸ“± Ã‰vÃ©nement reÃ§u: 2048 - com.android.systemui
10-01 10:39:11.781  2066  2066 D CrossAppTracking: âœ… App ciblÃ©e dÃ©tectÃ©e: com.android.systemui
10-01 10:39:12.284  2066  2066 D AndroidTracking: Event tracked: ADD_TO_CART - {app=com.android.systemui, packageName=com.android.systemui, productInfo={cartAction=T-Mobile, three bars., productName=T-Mobile, three bars., allTexts=[T-Mobile, three bars.]}, eventType=cross_app_cart_update}
10-01 10:39:12.284  2066  2066 D CrossAppTracking: ðŸ›’ Produit envoyÃ©: T-Mobile, three bars. - Prix: N/A
10-01 10:39:22.301  2066 10428 W AndroidTracking: Failed to send event to server: failed to connect to /10.0.2.2 (port 3001) from /10.0.2.16 (port 47386) after 10000ms
10-01 10:39:41.777  2066  2066 D CrossAppTracking: ðŸ“± Ã‰vÃ©nement reÃ§u: 2048 - com.android.systemui
10-01 10:39:41.777  2066  2066 D CrossAppTracking: âœ… App ciblÃ©e dÃ©tectÃ©e: com.android.systemui
10-01 10:39:42.281  2066  2066 D AndroidTracking: Event tracked: ADD_TO_CART - {app=com.android.systemui, packageName=com.android.systemui, productInfo={cartAction=T-Mobile, two bars., productName=T-Mobile, two bars., allTexts=[T-Mobile, two bars.]}, eventType=cross_app_cart_update}
10-01 10:39:42.282  2066  2066 D CrossAppTracking: ðŸ›’ Produit envoyÃ©: T-Mobile, two bars. - Prix: N/A
10-01 10:39:52.295  2066 10428 W AndroidTracking: Failed to send event to server: failed to connect to /10.0.2.2 (port 3001) from /10.0.2.16 (port 51968) after 9999ms
10-01 10:40:00.127  2066  2066 D CrossAppTracking: ðŸ“± Ã‰vÃ©nement reÃ§u: 2048 - com.android.systemui
10-01 10:40:00.127  2066  2066 D CrossAppTracking: âœ… App ciblÃ©e dÃ©tectÃ©e: com.android.systemui
10-01 10:40:00.229  2066  2066 D CrossAppTracking: ðŸ“± Ã‰vÃ©nement reÃ§u: 2048 - com.android.systemui
10-01 10:40:00.229  2066  2066 D CrossAppTracking: âœ… App ciblÃ©e dÃ©tectÃ©e: com.android.systemui
10-01 10:40:00.632  2066  2066 D AndroidTracking: Event tracked: ADD_TO_CART - {app=com.android.systemui, packageName=com.android.systemui, productInfo={productName=10:40â€¯AM, allTexts=[10:40, 10:40â€¯AM]}, eventType=cross_app_cart_update}
10-01 10:40:00.635  2066  2066 D CrossAppTracking: ðŸ›’ Produit envoyÃ©: 10:40â€¯AM - Prix: N/A
10-01 10:40:00.734  2066  2066 D AndroidTracking: Event tracked: ADD_TO_CART - {app=com.android.systemui, packageName=com.android.systemui, productInfo={productName=10:40â€¯AM, allTexts=[10:40, 10:40â€¯AM]}, eventType=cross_app_cart_update}
10-01 10:40:00.734  2066  2066 D CrossAppTracking: ðŸ›’ Produit envoyÃ©: 10:40â€¯AM - Prix: N/A
10-01 10:40:01.777  2066  2066 D CrossAppTracking: ðŸ“± Ã‰vÃ©nement reÃ§u: 2048 - com.android.systemui
10-01 10:40:01.777  2066  2066 D CrossAppTracking: âœ… App ciblÃ©e dÃ©tectÃ©e: com.android.systemui
10-01 10:40:02.281  2066  2066 D AndroidTracking: Event tracked: ADD_TO_CART - {app=com.android.systemui, packageName=com.android.systemui, productInfo={cartAction=T-Mobile, one bar., productName=T-Mobile, one bar., allTexts=[T-Mobile, one bar.]}, eventType=cross_app_cart_update}
10-01 10:40:02.282  2066  2066 D CrossAppTracking: ðŸ›’ Produit envoyÃ©: T-Mobile, one bar. - Prix: N/A
10-01 10:40:10.650  2066 10428 W AndroidTracking: Failed to send event to server: failed to connect to /10.0.2.2 (port 3001) from /10.0.2.16 (port 47648) after 9999ms
10-01 10:40:10.753  2066 10300 W AndroidTracking: Failed to send event to server: failed to connect to /10.0.2.2 (port 3001) from /10.0.2.16 (port 47654) after 10000ms
10-01 10:40:12.300  2066 10465 W AndroidTracking: Failed to send event to server: failed to connect to /10.0.2.2 (port 3001) from /10.0.2.16 (port 47664) after 10000ms
10-01 10:40:41.791  2066  2066 D CrossAppTracking: ðŸ“± Ã‰vÃ©nement reÃ§u: 2048 - com.android.systemui
10-01 10:40:41.791  2066  2066 D CrossAppTracking: âœ… App ciblÃ©e dÃ©tectÃ©e: com.android.systemui
10-01 10:40:42.295  2066  2066 D AndroidTracking: Event tracked: ADD_TO_CART - {app=com.android.systemui, packageName=com.android.systemui, productInfo={cartAction=T-Mobile, no signal., productName=T-Mobile, no signal., allTexts=[T-Mobile, no signal.]}, eventType=cross_app_cart_update}
10-01 10:40:42.297  2066  2066 D CrossAppTracking: ðŸ›’ Produit envoyÃ©: T-Mobile, no signal. - Prix: N/A
10-01 10:40:52.311  2066 10465 W AndroidTracking: Failed to send event to server: failed to connect to /10.0.2.2 (port 3001) from /10.0.2.16 (port 51752) after 10000ms
10-01 10:41:00.170  2066  2066 D CrossAppTracking: ðŸ“± Ã‰vÃ©nement reÃ§u: 2048 - com.android.systemui
10-01 10:41:00.170  2066  2066 D CrossAppTracking: âœ… App ciblÃ©e dÃ©tectÃ©e: com.android.systemui
10-01 10:41:00.271  2066  2066 D CrossAppTracking: ðŸ“± Ã‰vÃ©nement reÃ§u: 2048 - com.android.systemui
10-01 10:41:00.271  2066  2066 D CrossAppTracking: âœ… App ciblÃ©e dÃ©tectÃ©e: com.android.systemui
10-01 10:41:00.674  2066  2066 D AndroidTracking: Event tracked: ADD_TO_CART - {app=com.android.systemui, packageName=com.android.systemui, productInfo={productName=10:41â€¯AM, allTexts=[10:41, 10:41â€¯AM]}, eventType=cross_app_cart_update}
10-01 10:41:00.675  2066  2066 D CrossAppTracking: ðŸ›’ Produit envoyÃ©: 10:41â€¯AM - Prix: N/A
10-01 10:41:00.776  2066  2066 D AndroidTracking: Event tracked: ADD_TO_CART - {app=com.android.systemui, packageName=com.android.systemui, productInfo={productName=10:41â€¯AM, allTexts=[10:41, 10:41â€¯AM]}, eventType=cross_app_cart_update}
10-01 10:41:00.778  2066  2066 D CrossAppTracking: ðŸ›’ Produit envoyÃ©: 10:41â€¯AM - Prix: N/A
10-01 10:41:10.697  2066 10465 W AndroidTracking: Failed to send event to server: failed to connect to /10.0.2.2 (port 3001) from /10.0.2.16 (port 34262) after 10000ms
10-01 10:41:10.795  2066 10300 W AndroidTracking: Failed to send event to server: failed to connect to /10.0.2.2 (port 3001) from /10.0.2.16 (port 34272) after 9999ms
10-01 10:41:21.781  2066  2066 D CrossAppTracking: ðŸ“± Ã‰vÃ©nement reÃ§u: 2048 - com.android.systemui
10-01 10:41:21.781  2066  2066 D CrossAppTracking: âœ… App ciblÃ©e dÃ©tectÃ©e: com.android.systemui
10-01 10:41:22.285  2066  2066 D AndroidTracking: Event tracked: ADD_TO_CART - {app=com.android.systemui, packageName=com.android.systemui, productInfo={cartAction=T-Mobile, signal full., productName=T-Mobile, signal full., allTexts=[T-Mobile, signal full.]}, eventType=cross_app_cart_update}
10-01 10:41:22.287  2066  2066 D CrossAppTracking: ðŸ›’ Produit envoyÃ©: T-Mobile, signal full. - Prix: N/A
10-01 10:41:32.305  2066 10300 W AndroidTracking: Failed to send event to server: failed to connect to /10.0.2.2 (port 3001) from /10.0.2.16 (port 52882) after 10000ms
10-01 10:42:00.137  2066  2066 D CrossAppTracking: ðŸ“± Ã‰vÃ©nement reÃ§u: 2048 - com.android.systemui
10-01 10:42:00.137  2066  2066 D CrossAppTracking: âœ… App ciblÃ©e dÃ©tectÃ©e: com.android.systemui
10-01 10:42:00.233  2066  2066 D CrossAppTracking: ðŸ“± Ã‰vÃ©nement reÃ§u: 2048 - com.android.systemui
10-01 10:42:00.233  2066  2066 D CrossAppTracking: âœ… App ciblÃ©e dÃ©tectÃ©e: com.android.systemui
10-01 10:42:00.643  2066  2066 D AndroidTracking: Event tracked: ADD_TO_CART - {app=com.android.systemui, packageName=com.android.systemui, productInfo={productName=10:42â€¯AM, allTexts=[10:42, 10:42â€¯AM]}, eventType=cross_app_cart_update}
10-01 10:42:00.645  2066  2066 D CrossAppTracking: ðŸ›’ Produit envoyÃ©: 10:42â€¯AM - Prix: N/A
10-01 10:42:00.736  2066  2066 D AndroidTracking: Event tracked: ADD_TO_CART - {app=com.android.systemui, packageName=com.android.systemui, productInfo={productName=10:42â€¯AM, allTexts=[10:42, 10:42â€¯AM]}, eventType=cross_app_cart_update}
10-01 10:42:00.743  2066  2066 D CrossAppTracking: ðŸ›’ Produit envoyÃ©: 10:42â€¯AM - Prix: N/A
10-01 10:42:10.661  2066 10300 W AndroidTracking: Failed to send event to server: failed to connect to /10.0.2.2 (port 3001) from /10.0.2.16 (port 57192) after 10000ms
10-01 10:42:10.760  2066 10465 W AndroidTracking: Failed to send event to server: failed to connect to /10.0.2.2 (port 3001) from /10.0.2.16 (port 57208) after 10000ms
10-01 10:42:11.791  2066  2066 D CrossAppTracking: ðŸ“± Ã‰vÃ©nement reÃ§u: 2048 - com.android.systemui
10-01 10:42:11.791  2066  2066 D CrossAppTracking: âœ… App ciblÃ©e dÃ©tectÃ©e: com.android.systemui
10-01 10:42:12.302  2066  2066 D AndroidTracking: Event tracked: ADD_TO_CART - {app=com.android.systemui, packageName=com.android.systemui, productInfo={cartAction=T-Mobile, three bars., productName=T-Mobile, three bars., allTexts=[T-Mobile, three bars.]}, eventType=cross_app_cart_update}
10-01 10:42:12.306  2066  2066 D CrossAppTracking: ðŸ›’ Produit envoyÃ©: T-Mobile, three bars. - Prix: N/A
10-01 10:42:22.323  2066 10465 W AndroidTracking: Failed to send event to server: failed to connect to /10.0.2.2 (port 3001) from /10.0.2.16 (port 36222) after 10000ms
10-01 10:42:41.776  2066  2066 D CrossAppTracking: ðŸ“± Ã‰vÃ©nement reÃ§u: 2048 - com.android.systemui
10-01 10:42:41.776  2066  2066 D CrossAppTracking: âœ… App ciblÃ©e dÃ©tectÃ©e: com.android.systemui
10-01 10:42:42.280  2066  2066 D AndroidTracking: Event tracked: ADD_TO_CART - {app=com.android.systemui, packageName=com.android.systemui, productInfo={cartAction=T-Mobile, two bars., productName=T-Mobile, two bars., allTexts=[T-Mobile, two bars.]}, eventType=cross_app_cart_update}
10-01 10:42:42.282  2066  2066 D CrossAppTracking: ðŸ›’ Produit envoyÃ©: T-Mobile, two bars. - Prix: N/A
10-01 10:42:52.298  2066 10465 W AndroidTracking: Failed to send event to server: failed to connect to /10.0.2.2 (port 3001) from /10.0.2.16 (port 60380) after 10000ms
10-01 10:43:00.146  2066  2066 D CrossAppTracking: ðŸ“± Ã‰vÃ©nement reÃ§u: 2048 - com.android.systemui
10-01 10:43:00.146  2066  2066 D CrossAppTracking: âœ… App ciblÃ©e dÃ©tectÃ©e: com.android.systemui
10-01 10:43:00.242  2066  2066 D CrossAppTracking: ðŸ“± Ã‰vÃ©nement reÃ§u: 2048 - com.android.systemui
10-01 10:43:00.242  2066  2066 D CrossAppTracking: âœ… App ciblÃ©e dÃ©tectÃ©e: com.android.systemui
10-01 10:43:00.651  2066  2066 D AndroidTracking: Event tracked: ADD_TO_CART - {app=com.android.systemui, packageName=com.android.systemui, productInfo={productName=10:43â€¯AM, allTexts=[10:43, 10:43â€¯AM]}, eventType=cross_app_cart_update}
10-01 10:43:00.654  2066  2066 D CrossAppTracking: ðŸ›’ Produit envoyÃ©: 10:43â€¯AM - Prix: N/A
10-01 10:43:00.745  2066  2066 D AndroidTracking: Event tracked: ADD_TO_CART - {app=com.android.systemui, packageName=com.android.systemui, productInfo={productName=10:43â€¯AM, allTexts=[10:43, 10:43â€¯AM]}, eventType=cross_app_cart_update}
10-01 10:43:00.750  2066  2066 D CrossAppTracking: ðŸ›’ Produit envoyÃ©: 10:43â€¯AM - Prix: N/A
10-01 10:43:01.787  2066  2066 D CrossAppTracking: ðŸ“± Ã‰vÃ©nement reÃ§u: 2048 - com.android.systemui
10-01 10:43:01.788  2066  2066 D CrossAppTracking: âœ… App ciblÃ©e dÃ©tectÃ©e: com.android.systemui
10-01 10:43:02.292  2066  2066 D AndroidTracking: Event tracked: ADD_TO_CART - {app=com.android.systemui, packageName=com.android.systemui, productInfo={cartAction=T-Mobile, one bar., productName=T-Mobile, one bar., allTexts=[T-Mobile, one bar.]}, eventType=cross_app_cart_update}
10-01 10:43:02.293  2066  2066 D CrossAppTracking: ðŸ›’ Produit envoyÃ©: T-Mobile, one bar. - Prix: N/A
10-01 10:43:10.674  2066 10465 W AndroidTracking: Failed to send event to server: failed to connect to /10.0.2.2 (port 3001) from /10.0.2.16 (port 39872) after 9996ms
10-01 10:43:10.772  2066 10300 W AndroidTracking: Failed to send event to server: failed to connect to /10.0.2.2 (port 3001) from /10.0.2.16 (port 39882) after 10000ms
10-01 10:43:12.310  2066 10488 W AndroidTracking: Failed to send event to server: failed to connect to /10.0.2.2 (port 3001) from /10.0.2.16 (port 39898) after 10000ms
10-01 10:43:41.787  2066  2066 D CrossAppTracking: ðŸ“± Ã‰vÃ©nement reÃ§u: 2048 - com.android.systemui
10-01 10:43:41.787  2066  2066 D CrossAppTracking: âœ… App ciblÃ©e dÃ©tectÃ©e: com.android.systemui
10-01 10:43:42.291  2066  2066 D AndroidTracking: Event tracked: ADD_TO_CART - {app=com.android.systemui, packageName=com.android.systemui, productInfo={cartAction=T-Mobile, no signal., productName=T-Mobile, no signal., allTexts=[T-Mobile, no signal.]}, eventType=cross_app_cart_update}
10-01 10:43:42.293  2066  2066 D CrossAppTracking: ðŸ›’ Produit envoyÃ©: T-Mobile, no signal. - Prix: N/A
10-01 10:43:52.312  2066 10488 W AndroidTracking: Failed to send event to server: failed to connect to /10.0.2.2 (port 3001) from /10.0.2.16 (port 41474) after 9999ms
10-01 10:44:00.128  2066  2066 D CrossAppTracking: ðŸ“± Ã‰vÃ©nement reÃ§u: 2048 - com.android.systemui
10-01 10:44:00.128  2066  2066 D CrossAppTracking: âœ… App ciblÃ©e dÃ©tectÃ©e: com.android.systemui
10-01 10:44:00.232  2066  2066 D CrossAppTracking: ðŸ“± Ã‰vÃ©nement reÃ§u: 2048 - com.android.systemui
10-01 10:44:00.232  2066  2066 D CrossAppTracking: âœ… App ciblÃ©e dÃ©tectÃ©e: com.android.systemui
10-01 10:44:00.632  2066  2066 D AndroidTracking: Event tracked: ADD_TO_CART - {app=com.android.systemui, packageName=com.android.systemui, productInfo={productName=10:44â€¯AM, allTexts=[10:44, 10:44â€¯AM]}, eventType=cross_app_cart_update}
10-01 10:44:00.633  2066  2066 D CrossAppTracking: ðŸ›’ Produit envoyÃ©: 10:44â€¯AM - Prix: N/A
10-01 10:44:00.734  2066  2066 D AndroidTracking: Event tracked: ADD_TO_CART - {app=com.android.systemui, packageName=com.android.systemui, productInfo={productName=10:44â€¯AM, allTexts=[10:44, 10:44â€¯AM]}, eventType=cross_app_cart_update}
10-01 10:44:00.735  2066  2066 D CrossAppTracking: ðŸ›’ Produit envoyÃ©: 10:44â€¯AM - Prix: N/A
10-01 10:44:10.649  2066 10488 W AndroidTracking: Failed to send event to server: failed to connect to /10.0.2.2 (port 3001) from /10.0.2.16 (port 38456) after 10000ms
10-01 10:44:10.749  2066 10300 W AndroidTracking: Failed to send event to server: failed to connect to /10.0.2.2 (port 3001) from /10.0.2.16 (port 38472) after 10000ms
10-01 10:44:21.782  2066  2066 D CrossAppTracking: ðŸ“± Ã‰vÃ©nement reÃ§u: 2048 - com.android.systemui
10-01 10:44:21.782  2066  2066 D CrossAppTracking: âœ… App ciblÃ©e dÃ©tectÃ©e: com.android.systemui
10-01 10:44:22.286  2066  2066 D AndroidTracking: Event tracked: ADD_TO_CART - {app=com.android.systemui, packageName=com.android.systemui, productInfo={cartAction=T-Mobile, signal full., productName=T-Mobile, signal full., allTexts=[T-Mobile, signal full.]}, eventType=cross_app_cart_update}
10-01 10:44:22.287  2066  2066 D CrossAppTracking: ðŸ›’ Produit envoyÃ©: T-Mobile, signal full. - Prix: N/A
10-01 10:44:32.305  2066 10300 W AndroidTracking: Failed to send event to server: failed to connect to /10.0.2.2 (port 3001) from /10.0.2.16 (port 54694) after 10000ms
10-01 10:45:00.129  2066  2066 D CrossAppTracking: ðŸ“± Ã‰vÃ©nement reÃ§u: 2048 - com.android.systemui
10-01 10:45:00.129  2066  2066 D CrossAppTracking: âœ… App ciblÃ©e dÃ©tectÃ©e: com.android.systemui
10-01 10:45:00.230  2066  2066 D CrossAppTracking: ðŸ“± Ã‰vÃ©nement reÃ§u: 2048 - com.android.systemui
10-01 10:45:00.230  2066  2066 D CrossAppTracking: âœ… App ciblÃ©e dÃ©tectÃ©e: com.android.systemui
10-01 10:45:00.633  2066  2066 D AndroidTracking: Event tracked: ADD_TO_CART - {app=com.android.systemui, packageName=com.android.systemui, productInfo={productName=10:45â€¯AM, allTexts=[10:45, 10:45â€¯AM]}, eventType=cross_app_cart_update}
10-01 10:45:00.634  2066  2066 D CrossAppTracking: ðŸ›’ Produit envoyÃ©: 10:45â€¯AM - Prix: N/A
10-01 10:45:00.735  2066  2066 D AndroidTracking: Event tracked: ADD_TO_CART - {app=com.android.systemui, packageName=com.android.systemui, productInfo={productName=10:45â€¯AM, allTexts=[10:45, 10:45â€¯AM]}, eventType=cross_app_cart_update}
10-01 10:45:00.736  2066  2066 D CrossAppTracking: ðŸ›’ Produit envoyÃ©: 10:45â€¯AM - Prix: N/A
10-01 10:45:10.649  2066 10300 W AndroidTracking: Failed to send event to server: failed to connect to /10.0.2.2 (port 3001) from /10.0.2.16 (port 52438) after 10000ms
10-01 10:45:10.750  2066 10488 W AndroidTracking: Failed to send event to server: failed to connect to /10.0.2.2 (port 3001) from /10.0.2.16 (port 52446) after 9999ms
10-01 10:45:11.787  2066  2066 D CrossAppTracking: ðŸ“± Ã‰vÃ©nement reÃ§u: 2048 - com.android.systemui
10-01 10:45:11.787  2066  2066 D CrossAppTracking: âœ… App ciblÃ©e dÃ©tectÃ©e: com.android.systemui
10-01 10:45:12.292  2066  2066 D AndroidTracking: Event tracked: ADD_TO_CART - {app=com.android.systemui, packageName=com.android.systemui, productInfo={cartAction=T-Mobile, three bars., productName=T-Mobile, three bars., allTexts=[T-Mobile, three bars.]}, eventType=cross_app_cart_update}
10-01 10:45:12.294  2066  2066 D CrossAppTracking: ðŸ›’ Produit envoyÃ©: T-Mobile, three bars. - Prix: N/A
10-01 10:45:22.312  2066 10488 W AndroidTracking: Failed to send event to server: failed to connect to /10.0.2.2 (port 3001) from /10.0.2.16 (port 41162) after 10000ms
10-01 10:45:41.793  2066  2066 D CrossAppTracking: ðŸ“± Ã‰vÃ©nement reÃ§u: 2048 - com.android.systemui
10-01 10:45:41.793  2066  2066 D CrossAppTracking: âœ… App ciblÃ©e dÃ©tectÃ©e: com.android.systemui
10-01 10:45:42.295  2066  2066 D AndroidTracking: Event tracked: ADD_TO_CART - {app=com.android.systemui, packageName=com.android.systemui, productInfo={cartAction=T-Mobile, two bars., productName=T-Mobile, two bars., allTexts=[T-Mobile, two bars.]}, eventType=cross_app_cart_update}
10-01 10:45:42.296  2066  2066 D CrossAppTracking: ðŸ›’ Produit envoyÃ©: T-Mobile, two bars. - Prix: N/A
10-01 10:45:52.311  2066 10488 W AndroidTracking: Failed to send event to server: failed to connect to /10.0.2.2 (port 3001) from /10.0.2.16 (port 52886) after 10000ms
10-01 10:46:00.151  2066  2066 D CrossAppTracking: ðŸ“± Ã‰vÃ©nement reÃ§u: 2048 - com.android.systemui
10-01 10:46:00.151  2066  2066 D CrossAppTracking: âœ… App ciblÃ©e dÃ©tectÃ©e: com.android.systemui
10-01 10:46:00.259  2066  2066 D CrossAppTracking: ðŸ“± Ã‰vÃ©nement reÃ§u: 2048 - com.android.systemui
10-01 10:46:00.260  2066  2066 D CrossAppTracking: âœ… App ciblÃ©e dÃ©tectÃ©e: com.android.systemui
10-01 10:46:00.655  2066  2066 D AndroidTracking: Event tracked: ADD_TO_CART - {app=com.android.systemui, packageName=com.android.systemui, productInfo={productName=10:46â€¯AM, allTexts=[10:46, 10:46â€¯AM]}, eventType=cross_app_cart_update}
10-01 10:46:00.659  2066  2066 D CrossAppTracking: ðŸ›’ Produit envoyÃ©: 10:46â€¯AM - Prix: N/A
10-01 10:46:00.763  2066  2066 D AndroidTracking: Event tracked: ADD_TO_CART - {app=com.android.systemui, packageName=com.android.systemui, productInfo={productName=10:46â€¯AM, allTexts=[10:46, 10:46â€¯AM]}, eventType=cross_app_cart_update}
10-01 10:46:00.765  2066  2066 D CrossAppTracking: ðŸ›’ Produit envoyÃ©: 10:46â€¯AM - Prix: N/A
10-01 10:46:01.800  2066  2066 D CrossAppTracking: ðŸ“± Ã‰vÃ©nement reÃ§u: 2048 - com.android.systemui
10-01 10:46:01.800  2066  2066 D CrossAppTracking: âœ… App ciblÃ©e dÃ©tectÃ©e: com.android.systemui
10-01 10:46:02.304  2066  2066 D AndroidTracking: Event tracked: ADD_TO_CART - {app=com.android.systemui, packageName=com.android.systemui, productInfo={cartAction=T-Mobile, one bar., productName=T-Mobile, one bar., allTexts=[T-Mobile, one bar.]}, eventType=cross_app_cart_update}
10-01 10:46:02.311  2066  2066 D CrossAppTracking: ðŸ›’ Produit envoyÃ©: T-Mobile, one bar. - Prix: N/A
10-01 10:46:10.664  2066 10488 W AndroidTracking: Failed to send event to server: failed to connect to /10.0.2.2 (port 3001) from /10.0.2.16 (port 33864) after 10000ms
10-01 10:46:10.781  2066 10300 W AndroidTracking: Failed to send event to server: failed to connect to /10.0.2.2 (port 3001) from /10.0.2.16 (port 33866) after 10000ms
10-01 10:46:12.334  2066 10531 W AndroidTracking: Failed to send event to server: failed to connect to /10.0.2.2 (port 3001) from /10.0.2.16 (port 33878) after 10000ms
10-01 10:46:41.796  2066  2066 D CrossAppTracking: ðŸ“± Ã‰vÃ©nement reÃ§u: 2048 - com.android.systemui
10-01 10:46:41.796  2066  2066 D CrossAppTracking: âœ… App ciblÃ©e dÃ©tectÃ©e: com.android.systemui
10-01 10:46:42.302  2066  2066 D AndroidTracking: Event tracked: ADD_TO_CART - {app=com.android.systemui, packageName=com.android.systemui, productInfo={cartAction=T-Mobile, no signal., productName=T-Mobile, no signal., allTexts=[T-Mobile, no signal.]}, eventType=cross_app_cart_update}
10-01 10:46:42.303  2066  2066 D CrossAppTracking: ðŸ›’ Produit envoyÃ©: T-Mobile, no signal. - Prix: N/A
10-01 10:46:52.315  2066 10531 W AndroidTracking: Failed to send event to server: failed to connect to /10.0.2.2 (port 3001) from /10.0.2.16 (port 41086) after 10000ms
10-01 10:47:00.152  2066  2066 D CrossAppTracking: ðŸ“± Ã‰vÃ©nement reÃ§u: 2048 - com.android.systemui
10-01 10:47:00.152  2066  2066 D CrossAppTracking: âœ… App ciblÃ©e dÃ©tectÃ©e: com.android.systemui
10-01 10:47:00.258  2066  2066 D CrossAppTracking: ðŸ“± Ã‰vÃ©nement reÃ§u: 2048 - com.android.systemui
10-01 10:47:00.258  2066  2066 D CrossAppTracking: âœ… App ciblÃ©e dÃ©tectÃ©e: com.android.systemui
10-01 10:47:00.656  2066  2066 D AndroidTracking: Event tracked: ADD_TO_CART - {app=com.android.systemui, packageName=com.android.systemui, productInfo={productName=10:47â€¯AM, allTexts=[10:47, 10:47â€¯AM]}, eventType=cross_app_cart_update}
10-01 10:47:00.657  2066  2066 D CrossAppTracking: ðŸ›’ Produit envoyÃ©: 10:47â€¯AM - Prix: N/A
10-01 10:47:00.762  2066  2066 D AndroidTracking: Event tracked: ADD_TO_CART - {app=com.android.systemui, packageName=com.android.systemui, productInfo={productName=10:47â€¯AM, allTexts=[10:47, 10:47â€¯AM]}, eventType=cross_app_cart_update}
10-01 10:47:00.764  2066  2066 D CrossAppTracking: ðŸ›’ Produit envoyÃ©: 10:47â€¯AM - Prix: N/A
10-01 10:47:10.676  2066 10531 W AndroidTracking: Failed to send event to server: failed to connect to /10.0.2.2 (port 3001) from /10.0.2.16 (port 35616) after 10000ms
10-01 10:47:10.778  2066 10300 W AndroidTracking: Failed to send event to server: failed to connect to /10.0.2.2 (port 3001) from /10.0.2.16 (port 35626) after 9999ms
10-01 10:47:21.794  2066  2066 D CrossAppTracking: ðŸ“± Ã‰vÃ©nement reÃ§u: 2048 - com.android.systemui
10-01 10:47:21.795  2066  2066 D CrossAppTracking: âœ… App ciblÃ©e dÃ©tectÃ©e: com.android.systemui
10-01 10:47:22.300  2066  2066 D AndroidTracking: Event tracked: ADD_TO_CART - {app=com.android.systemui, packageName=com.android.systemui, productInfo={cartAction=T-Mobile, signal full., productName=T-Mobile, signal full., allTexts=[T-Mobile, signal full.]}, eventType=cross_app_cart_update}
10-01 10:47:22.301  2066  2066 D CrossAppTracking: ðŸ›’ Produit envoyÃ©: T-Mobile, signal full. - Prix: N/A
10-01 10:47:32.315  2066 10300 W AndroidTracking: Failed to send event to server: failed to connect to /10.0.2.2 (port 3001) from /10.0.2.16 (port 52298) after 9999ms
10-01 10:48:00.125  2066  2066 D CrossAppTracking: ðŸ“± Ã‰vÃ©nement reÃ§u: 2048 - com.android.systemui
10-01 10:48:00.125  2066  2066 D CrossAppTracking: âœ… App ciblÃ©e dÃ©tectÃ©e: com.android.systemui
10-01 10:48:00.226  2066  2066 D CrossAppTracking: ðŸ“± Ã‰vÃ©nement reÃ§u: 2048 - com.android.systemui
10-01 10:48:00.226  2066  2066 D CrossAppTracking: âœ… App ciblÃ©e dÃ©tectÃ©e: com.android.systemui
10-01 10:48:00.631  2066  2066 D AndroidTracking: Event tracked: ADD_TO_CART - {app=com.android.systemui, packageName=com.android.systemui, productInfo={productName=10:48â€¯AM, allTexts=[10:48, 10:48â€¯AM]}, eventType=cross_app_cart_update}
10-01 10:48:00.635  2066  2066 D CrossAppTracking: ðŸ›’ Produit envoyÃ©: 10:48â€¯AM - Prix: N/A
10-01 10:48:00.728  2066  2066 D AndroidTracking: Event tracked: ADD_TO_CART - {app=com.android.systemui, packageName=com.android.systemui, productInfo={productName=10:48â€¯AM, allTexts=[10:48, 10:48â€¯AM]}, eventType=cross_app_cart_update}
10-01 10:48:00.729  2066  2066 D CrossAppTracking: ðŸ›’ Produit envoyÃ©: 10:48â€¯AM - Prix: N/A
10-01 10:48:10.649  2066 10300 W AndroidTracking: Failed to send event to server: failed to connect to /10.0.2.2 (port 3001) from /10.0.2.16 (port 53282) after 9999ms
10-01 10:48:10.743  2066 10531 W AndroidTracking: Failed to send event to server: failed to connect to /10.0.2.2 (port 3001) from /10.0.2.16 (port 53292) after 10000ms
10-01 10:48:11.797  2066  2066 D CrossAppTracking: ðŸ“± Ã‰vÃ©nement reÃ§u: 2048 - com.android.systemui
10-01 10:48:11.798  2066  2066 D CrossAppTracking: âœ… App ciblÃ©e dÃ©tectÃ©e: com.android.systemui
10-01 10:48:12.300  2066  2066 D AndroidTracking: Event tracked: ADD_TO_CART - {app=com.android.systemui, packageName=com.android.systemui, productInfo={cartAction=T-Mobile, three bars., productName=T-Mobile, three bars., allTexts=[T-Mobile, three bars.]}, eventType=cross_app_cart_update}
10-01 10:48:12.301  2066  2066 D CrossAppTracking: ðŸ›’ Produit envoyÃ©: T-Mobile, three bars. - Prix: N/A
10-01 10:48:22.312  2066 10531 W AndroidTracking: Failed to send event to server: failed to connect to /10.0.2.2 (port 3001) from /10.0.2.16 (port 34434) after 10000ms
10-01 10:48:41.792  2066  2066 D CrossAppTracking: ðŸ“± Ã‰vÃ©nement reÃ§u: 2048 - com.android.systemui
10-01 10:48:41.792  2066  2066 D CrossAppTracking: âœ… App ciblÃ©e dÃ©tectÃ©e: com.android.systemui
10-01 10:48:42.297  2066  2066 D AndroidTracking: Event tracked: ADD_TO_CART - {app=com.android.systemui, packageName=com.android.systemui, productInfo={cartAction=T-Mobile, two bars., productName=T-Mobile, two bars., allTexts=[T-Mobile, two bars.]}, eventType=cross_app_cart_update}
10-01 10:48:42.298  2066  2066 D CrossAppTracking: ðŸ›’ Produit envoyÃ©: T-Mobile, two bars. - Prix: N/A
10-01 10:48:52.315  2066 10531 W AndroidTracking: Failed to send event to server: failed to connect to /10.0.2.2 (port 3001) from /10.0.2.16 (port 40850) after 10000ms
10-01 10:49:00.150  2066  2066 D CrossAppTracking: ðŸ“± Ã‰vÃ©nement reÃ§u: 2048 - com.android.systemui
10-01 10:49:00.151  2066  2066 D CrossAppTracking: âœ… App ciblÃ©e dÃ©tectÃ©e: com.android.systemui
10-01 10:49:00.254  2066  2066 D CrossAppTracking: ðŸ“± Ã‰vÃ©nement reÃ§u: 2048 - com.android.systemui
10-01 10:49:00.255  2066  2066 D CrossAppTracking: âœ… App ciblÃ©e dÃ©tectÃ©e: com.android.systemui
10-01 10:49:00.655  2066  2066 D AndroidTracking: Event tracked: ADD_TO_CART - {app=com.android.systemui, packageName=com.android.systemui, productInfo={productName=10:49â€¯AM, allTexts=[10:49, 10:49â€¯AM]}, eventType=cross_app_cart_update}
10-01 10:49:00.661  2066  2066 D CrossAppTracking: ðŸ›’ Produit envoyÃ©: 10:49â€¯AM - Prix: N/A
10-01 10:49:00.759  2066  2066 D AndroidTracking: Event tracked: ADD_TO_CART - {app=com.android.systemui, packageName=com.android.systemui, productInfo={productName=10:49â€¯AM, allTexts=[10:49, 10:49â€¯AM]}, eventType=cross_app_cart_update}
10-01 10:49:00.762  2066  2066 D CrossAppTracking: ðŸ›’ Produit envoyÃ©: 10:49â€¯AM - Prix: N/A
10-01 10:49:01.804  2066  2066 D CrossAppTracking: ðŸ“± Ã‰vÃ©nement reÃ§u: 2048 - com.android.systemui
10-01 10:49:01.804  2066  2066 D CrossAppTracking: âœ… App ciblÃ©e dÃ©tectÃ©e: com.android.systemui
10-01 10:49:02.309  2066  2066 D AndroidTracking: Event tracked: ADD_TO_CART - {app=com.android.systemui, packageName=com.android.systemui, productInfo={cartAction=T-Mobile, one bar., productName=T-Mobile, one bar., allTexts=[T-Mobile, one bar.]}, eventType=cross_app_cart_update}
10-01 10:49:02.310  2066  2066 D CrossAppTracking: ðŸ›’ Produit envoyÃ©: T-Mobile, one bar. - Prix: N/A
10-01 10:49:10.678  2066 10531 W AndroidTracking: Failed to send event to server: failed to connect to /10.0.2.2 (port 3001) from /10.0.2.16 (port 34026) after 10000ms
10-01 10:49:10.783  2066 10300 W AndroidTracking: Failed to send event to server: failed to connect to /10.0.2.2 (port 3001) from /10.0.2.16 (port 34034) after 10000ms
10-01 10:49:12.326  2066 10563 W AndroidTracking: Failed to send event to server: failed to connect to /10.0.2.2 (port 3001) from /10.0.2.16 (port 34044) after 9998ms
10-01 10:49:41.953  2066  2066 D CrossAppTracking: ðŸ“± Ã‰vÃ©nement reÃ§u: 2048 - com.android.systemui
10-01 10:49:41.954  2066  2066 D CrossAppTracking: âœ… App ciblÃ©e dÃ©tectÃ©e: com.android.systemui
10-01 10:49:42.472  2066  2066 D AndroidTracking: Event tracked: ADD_TO_CART - {app=com.android.systemui, packageName=com.android.systemui, productInfo={cartAction=T-Mobile, no signal., productName=T-Mobile, no signal., allTexts=[T-Mobile, no signal.]}, eventType=cross_app_cart_update}
10-01 10:49:42.494  2066  2066 D CrossAppTracking: ðŸ›’ Produit envoyÃ©: T-Mobile, no signal. - Prix: N/A
10-01 10:49:52.526  2066 10563 W AndroidTracking: Failed to send event to server: failed to connect to /10.0.2.2 (port 3001) from /10.0.2.16 (port 57386) after 10000ms
10-01 10:50:00.254  2066  2066 D CrossAppTracking: ðŸ“± Ã‰vÃ©nement reÃ§u: 2048 - com.android.systemui
10-01 10:50:00.254  2066  2066 D CrossAppTracking: âœ… App ciblÃ©e dÃ©tectÃ©e: com.android.systemui
10-01 10:50:00.379  2066  2066 D CrossAppTracking: ðŸ“± Ã‰vÃ©nement reÃ§u: 2048 - com.android.systemui
10-01 10:50:00.380  2066  2066 D CrossAppTracking: âœ… App ciblÃ©e dÃ©tectÃ©e: com.android.systemui
10-01 10:50:00.778  2066  2066 D AndroidTracking: Event tracked: ADD_TO_CART - {app=com.android.systemui, packageName=com.android.systemui, productInfo={productName=10:50â€¯AM, allTexts=[10:50, 10:50â€¯AM]}, eventType=cross_app_cart_update}
10-01 10:50:00.780  2066  2066 D CrossAppTracking: ðŸ›’ Produit envoyÃ©: 10:50â€¯AM - Prix: N/A
10-01 10:50:00.894  2066  2066 D AndroidTracking: Event tracked: ADD_TO_CART - {app=com.android.systemui, packageName=com.android.systemui, productInfo={productName=10:50â€¯AM, allTexts=[10:50, 10:50â€¯AM]}, eventType=cross_app_cart_update}
10-01 10:50:00.933  2066  2066 D CrossAppTracking: ðŸ›’ Produit envoyÃ©: 10:50â€¯AM - Prix: N/A
10-01 10:50:02.022  2066  2066 D CrossAppTracking: ðŸ“± Ã‰vÃ©nement reÃ§u: 16384 - com.carrefour.fid.android
10-01 10:50:02.023  2066  2066 D CrossAppTracking: âœ… App ciblÃ©e dÃ©tectÃ©e: com.carrefour.fid.android
10-01 10:50:10.800  2066 10563 W AndroidTracking: Failed to send event to server: failed to connect to /10.0.2.2 (port 3001) from /10.0.2.16 (port 43014) after 10000ms
10-01 10:50:10.940  2066 10300 W AndroidTracking: Failed to send event to server: failed to connect to /10.0.2.2 (port 3001) from /10.0.2.16 (port 43028) after 10000ms
10-01 10:50:21.794  2066  2066 D CrossAppTracking: ðŸ“± Ã‰vÃ©nement reÃ§u: 2048 - com.android.systemui
10-01 10:50:21.794  2066  2066 D CrossAppTracking: âœ… App ciblÃ©e dÃ©tectÃ©e: com.android.systemui
10-01 10:50:22.301  2066  2066 D AndroidTracking: Event tracked: ADD_TO_CART - {app=com.android.systemui, packageName=com.android.systemui, productInfo={cartAction=T-Mobile, signal full., productName=T-Mobile, signal full., allTexts=[T-Mobile, signal full.]}, eventType=cross_app_cart_update}
10-01 10:50:22.302  2066  2066 D CrossAppTracking: ðŸ›’ Produit envoyÃ©: T-Mobile, signal full. - Prix: N/A
10-01 10:50:32.322  2066 10300 W AndroidTracking: Failed to send event to server: failed to connect to /10.0.2.2 (port 3001) from /10.0.2.16 (port 60806) after 10000ms
10-01 10:51:14.306  2066  2066 D AndroidTracking: Event tracked: SESSION_START - {platform=android_native, sessionId=android_session_1759308674305_19913555, deviceInfo={manufacturer=Google, model=sdk_gphone64_x86_64, version=16, sdk=36, screenDensity=2.625, screenWidth=1080, screenHeight=2337}}
10-01 10:51:14.319  2066  2066 D CrossAppTracking: Service de tracking cross-app dÃ©marrÃ©
10-01 10:51:14.372  2066  2066 D CrossAppTracking: ðŸš€ Accessibility Service connectÃ© !
10-01 10:51:14.381  2066  2066 D CrossAppTracking: Service d'accessibilitÃ© configurÃ© pour TOUTES les apps
10-01 10:51:14.381  2066  2066 D CrossAppTracking: ðŸ“‹ Event types: -1
10-01 10:51:14.382  2066  2066 D CrossAppTracking: ðŸ“‹ Flags: 80
10-01 10:51:24.335  2066 10911 W AndroidTracking: Failed to send event to server: failed to connect to /10.0.2.2 (port 3001) from /10.0.2.16 (port 36018) after 9999ms
10-01 10:51:41.876  2066  2066 D CrossAppTracking: ðŸ“± Ã‰vÃ©nement reÃ§u: 2048 - com.android.systemui
10-01 10:51:41.877  2066  2066 D CrossAppTracking: âœ… App ciblÃ©e dÃ©tectÃ©e: com.android.systemui
10-01 10:51:42.245  2066  2066 D CrossAppTracking: ðŸ“± Ã‰vÃ©nement reÃ§u: 16384 - com.carrefour.fid.android
10-01 10:51:42.245  2066  2066 D CrossAppTracking: âœ… App ciblÃ©e dÃ©tectÃ©e: com.carrefour.fid.android
10-01 10:51:42.405  2066  2066 D AndroidTracking: Event tracked: ADD_TO_CART - {app=com.android.systemui, packageName=com.android.systemui, productInfo={cartAction=T-Mobile, two bars., productName=T-Mobile, two bars., allTexts=[T-Mobile, two bars.]}, eventType=cross_app_cart_update}
10-01 10:51:42.422  2066  2066 D CrossAppTracking: ðŸ›’ Produit envoyÃ©: T-Mobile, two bars. - Prix: N/A
10-01 10:51:52.430  2066 10911 W AndroidTracking: Failed to send event to server: failed to connect to /10.0.2.2 (port 3001) from /10.0.2.16 (port 33002) after 10000ms
10-01 10:52:00.139  2066  2066 D CrossAppTracking: ðŸ“± Ã‰vÃ©nement reÃ§u: 2048 - com.android.systemui
10-01 10:52:00.139  2066  2066 D CrossAppTracking: âœ… App ciblÃ©e dÃ©tectÃ©e: com.android.systemui
10-01 10:52:00.252  2066  2066 D CrossAppTracking: ðŸ“± Ã‰vÃ©nement reÃ§u: 2048 - com.android.systemui
10-01 10:52:00.252  2066  2066 D CrossAppTracking: âœ… App ciblÃ©e dÃ©tectÃ©e: com.android.systemui
10-01 10:52:00.672  2066  2066 D AndroidTracking: Event tracked: ADD_TO_CART - {app=com.android.systemui, packageName=com.android.systemui, productInfo={productName=10:52â€¯AM, allTexts=[10:52, 10:52â€¯AM]}, eventType=cross_app_cart_update}
10-01 10:52:00.677  2066  2066 D CrossAppTracking: ðŸ›’ Produit envoyÃ©: 10:52â€¯AM - Prix: N/A
10-01 10:52:00.775  2066  2066 D AndroidTracking: Event tracked: ADD_TO_CART - {app=com.android.systemui, packageName=com.android.systemui, productInfo={productName=10:52â€¯AM, allTexts=[10:52, 10:52â€¯AM]}, eventType=cross_app_cart_update}
10-01 10:52:00.778  2066  2066 D CrossAppTracking: ðŸ›’ Produit envoyÃ©: 10:52â€¯AM - Prix: N/A
10-01 10:52:01.802  2066  2066 D CrossAppTracking: ðŸ“± Ã‰vÃ©nement reÃ§u: 2048 - com.android.systemui
10-01 10:52:01.803  2066  2066 D CrossAppTracking: âœ… App ciblÃ©e dÃ©tectÃ©e: com.android.systemui
10-01 10:52:02.307  2066  2066 D AndroidTracking: Event tracked: ADD_TO_CART - {app=com.android.systemui, packageName=com.android.systemui, productInfo={cartAction=T-Mobile, one bar., productName=T-Mobile, one bar., allTexts=[T-Mobile, one bar.]}, eventType=cross_app_cart_update}
10-01 10:52:02.313  2066  2066 D CrossAppTracking: ðŸ›’ Produit envoyÃ©: T-Mobile, one bar. - Prix: N/A
10-01 10:52:09.959  2066 10911 W AndroidTracking: Failed to send event to server: Failed to connect to /10.0.2.2:3001
10-01 10:52:09.962  2066 11026 W AndroidTracking: Failed to send event to server: Failed to connect to /10.0.2.2:3001
10-01 10:52:09.962  2066 11061 W AndroidTracking: Failed to send event to server: Failed to connect to /10.0.2.2:3001
10-01 10:52:22.895  2066  2066 D AndroidTracking: Event tracked: SESSION_START - {platform=android_native, sessionId=android_session_1759308742895_17603dbc, deviceInfo={manufacturer=Google, model=sdk_gphone64_x86_64, version=16, sdk=36, screenDensity=2.625, screenWidth=1080, screenHeight=2337}}
10-01 10:52:22.902  2066  2066 D CrossAppTracking: Service de tracking cross-app dÃ©marrÃ©
10-01 10:52:23.031  2066  2066 D CrossAppTracking: ðŸš€ Accessibility Service connectÃ© !
10-01 10:52:23.038  2066  2066 D CrossAppTracking: Service d'accessibilitÃ© configurÃ© pour TOUTES les apps
10-01 10:52:23.038  2066  2066 D CrossAppTracking: ðŸ“‹ Event types: -1
10-01 10:52:23.038  2066  2066 D CrossAppTracking: ðŸ“‹ Flags: 80
10-01 10:52:32.943  2066 11188 W AndroidTracking: Failed to send event to server: failed to connect to /10.0.2.2 (port 3001) from /10.0.2.16 (port 57586) after 9999ms
10-01 10:52:41.809  2066  2066 D CrossAppTracking: ðŸ“± Ã‰vÃ©nement reÃ§u: 2048 - com.android.systemui
10-01 10:52:41.809  2066  2066 D CrossAppTracking: âœ… App ciblÃ©e dÃ©tectÃ©e: com.android.systemui
10-01 10:52:42.321  2066  2066 D AndroidTracking: Event tracked: ADD_TO_CART - {app=com.android.systemui, packageName=com.android.systemui, productInfo={cartAction=T-Mobile, no signal., productName=T-Mobile, no signal., allTexts=[T-Mobile, no signal.]}, eventType=cross_app_cart_update}
10-01 10:52:42.325  2066  2066 D CrossAppTracking: ðŸ›’ Produit envoyÃ©: T-Mobile, no signal. - Prix: N/A
10-01 10:52:52.337  2066 11188 W AndroidTracking: Failed to send event to server: failed to connect to /10.0.2.2 (port 3001) from /10.0.2.16 (port 55550) after 10000ms
10-01 10:53:00.148  2066  2066 D CrossAppTracking: ðŸ“± Ã‰vÃ©nement reÃ§u: 2048 - com.android.systemui
10-01 10:53:00.149  2066  2066 D CrossAppTracking: âœ… App ciblÃ©e dÃ©tectÃ©e: com.android.systemui
10-01 10:53:00.253  2066  2066 D CrossAppTracking: ðŸ“± Ã‰vÃ©nement reÃ§u: 2048 - com.android.systemui
10-01 10:53:00.253  2066  2066 D CrossAppTracking: âœ… App ciblÃ©e dÃ©tectÃ©e: com.android.systemui
10-01 10:53:00.659  2066  2066 D AndroidTracking: Event tracked: ADD_TO_CART - {app=com.android.systemui, packageName=com.android.systemui, productInfo={productName=10:53â€¯AM, allTexts=[10:53, 10:53â€¯AM]}, eventType=cross_app_cart_update}
10-01 10:53:00.663  2066  2066 D CrossAppTracking: ðŸ›’ Produit envoyÃ©: 10:53â€¯AM - Prix: N/A
10-01 10:53:00.759  2066  2066 D AndroidTracking: Event tracked: ADD_TO_CART - {app=com.android.systemui, packageName=com.android.systemui, productInfo={productName=10:53â€¯AM, allTexts=[10:53, 10:53â€¯AM]}, eventType=cross_app_cart_update}
10-01 10:53:00.772  2066  2066 D CrossAppTracking: ðŸ›’ Produit envoyÃ©: 10:53â€¯AM - Prix: N/A
10-01 10:53:10.675  2066 11188 W AndroidTracking: Failed to send event to server: failed to connect to /10.0.2.2 (port 3001) from /10.0.2.16 (port 41046) after 10000ms
10-01 10:53:10.786  2066 11229 W AndroidTracking: Failed to send event to server: failed to connect to /10.0.2.2 (port 3001) from /10.0.2.16 (port 41056) after 9999ms
10-01 10:53:21.793  2066  2066 D CrossAppTracking: ðŸ“± Ã‰vÃ©nement reÃ§u: 2048 - com.android.systemui
10-01 10:53:21.793  2066  2066 D CrossAppTracking: âœ… App ciblÃ©e dÃ©tectÃ©e: com.android.systemui
10-01 10:53:22.297  2066  2066 D AndroidTracking: Event tracked: ADD_TO_CART - {app=com.android.systemui, packageName=com.android.systemui, productInfo={cartAction=T-Mobile, signal full., productName=T-Mobile, signal full., allTexts=[T-Mobile, signal full.]}, eventType=cross_app_cart_update}
10-01 10:53:22.298  2066  2066 D CrossAppTracking: ðŸ›’ Produit envoyÃ©: T-Mobile, signal full. - Prix: N/A
10-01 10:53:32.309  2066 11229 W AndroidTracking: Failed to send event to server: failed to connect to /10.0.2.2 (port 3001) from /10.0.2.16 (port 44992) after 10000ms
10-01 10:54:00.131  2066  2066 D CrossAppTracking: ðŸ“± Ã‰vÃ©nement reÃ§u: 2048 - com.android.systemui
10-01 10:54:00.131  2066  2066 D CrossAppTracking: âœ… App ciblÃ©e dÃ©tectÃ©e: com.android.systemui
10-01 10:54:00.231  2066  2066 D CrossAppTracking: ðŸ“± Ã‰vÃ©nement reÃ§u: 2048 - com.android.systemui
10-01 10:54:00.231  2066  2066 D CrossAppTracking: âœ… App ciblÃ©e dÃ©tectÃ©e: com.android.systemui
10-01 10:54:00.639  2066  2066 D AndroidTracking: Event tracked: ADD_TO_CART - {app=com.android.systemui, packageName=com.android.systemui, productInfo={productName=10:54â€¯AM, allTexts=[10:54, 10:54â€¯AM]}, eventType=cross_app_cart_update}
10-01 10:54:00.641  2066  2066 D CrossAppTracking: ðŸ›’ Produit envoyÃ©: 10:54â€¯AM - Prix: N/A
10-01 10:54:00.734  2066  2066 D AndroidTracking: Event tracked: ADD_TO_CART - {app=com.android.systemui, packageName=com.android.systemui, productInfo={productName=10:54â€¯AM, allTexts=[10:54, 10:54â€¯AM]}, eventType=cross_app_cart_update}
10-01 10:54:00.735  2066  2066 D CrossAppTracking: ðŸ›’ Produit envoyÃ©: 10:54â€¯AM - Prix: N/A
10-01 10:54:10.659  2066 11229 W AndroidTracking: Failed to send event to server: failed to connect to /10.0.2.2 (port 3001) from /10.0.2.16 (port 50138) after 10000ms
10-01 10:54:10.759  2066 11188 W AndroidTracking: Failed to send event to server: failed to connect to /10.0.2.2 (port 3001) from /10.0.2.16 (port 50152) after 10000ms
10-01 10:54:11.808  2066  2066 D CrossAppTracking: ðŸ“± Ã‰vÃ©nement reÃ§u: 2048 - com.android.systemui
10-01 10:54:11.808  2066  2066 D CrossAppTracking: âœ… App ciblÃ©e dÃ©tectÃ©e: com.android.systemui
10-01 10:54:12.312  2066  2066 D AndroidTracking: Event tracked: ADD_TO_CART - {app=com.android.systemui, packageName=com.android.systemui, productInfo={cartAction=T-Mobile, three bars., productName=T-Mobile, three bars., allTexts=[T-Mobile, three bars.]}, eventType=cross_app_cart_update}
10-01 10:54:12.313  2066  2066 D CrossAppTracking: ðŸ›’ Produit envoyÃ©: T-Mobile, three bars. - Prix: N/A
10-01 10:54:22.331  2066 11188 W AndroidTracking: Failed to send event to server: failed to connect to /10.0.2.2 (port 3001) from /10.0.2.16 (port 36612) after 10000ms
10-01 10:54:41.797  2066  2066 D CrossAppTracking: ðŸ“± Ã‰vÃ©nement reÃ§u: 2048 - com.android.systemui
10-01 10:54:41.797  2066  2066 D CrossAppTracking: âœ… App ciblÃ©e dÃ©tectÃ©e: com.android.systemui
10-01 10:54:42.299  2066  2066 D AndroidTracking: Event tracked: ADD_TO_CART - {app=com.android.systemui, packageName=com.android.systemui, productInfo={cartAction=T-Mobile, two bars., productName=T-Mobile, two bars., allTexts=[T-Mobile, two bars.]}, eventType=cross_app_cart_update}
10-01 10:54:42.302  2066  2066 D CrossAppTracking: ðŸ›’ Produit envoyÃ©: T-Mobile, two bars. - Prix: N/A
10-01 10:54:52.322  2066 11188 W AndroidTracking: Failed to send event to server: failed to connect to /10.0.2.2 (port 3001) from /10.0.2.16 (port 55432) after 10000ms
10-01 10:55:00.134  2066  2066 D CrossAppTracking: ðŸ“± Ã‰vÃ©nement reÃ§u: 2048 - com.android.systemui
10-01 10:55:00.134  2066  2066 D CrossAppTracking: âœ… App ciblÃ©e dÃ©tectÃ©e: com.android.systemui
10-01 10:55:00.238  2066  2066 D CrossAppTracking: ðŸ“± Ã‰vÃ©nement reÃ§u: 2048 - com.android.systemui
10-01 10:55:00.238  2066  2066 D CrossAppTracking: âœ… App ciblÃ©e dÃ©tectÃ©e: com.android.systemui
10-01 10:55:00.640  2066  2066 D AndroidTracking: Event tracked: ADD_TO_CART - {app=com.android.systemui, packageName=com.android.systemui, productInfo={productName=10:55â€¯AM, allTexts=[10:55, 10:55â€¯AM]}, eventType=cross_app_cart_update}
10-01 10:55:00.641  2066  2066 D CrossAppTracking: ðŸ›’ Produit envoyÃ©: 10:55â€¯AM - Prix: N/A
10-01 10:55:00.743  2066  2066 D AndroidTracking: Event tracked: ADD_TO_CART - {app=com.android.systemui, packageName=com.android.systemui, productInfo={productName=10:55â€¯AM, allTexts=[10:55, 10:55â€¯AM]}, eventType=cross_app_cart_update}
10-01 10:55:00.744  2066  2066 D CrossAppTracking: ðŸ›’ Produit envoyÃ©: 10:55â€¯AM - Prix: N/A
10-01 10:55:01.808  2066  2066 D CrossAppTracking: ðŸ“± Ã‰vÃ©nement reÃ§u: 2048 - com.android.systemui
10-01 10:55:01.808  2066  2066 D CrossAppTracking: âœ… App ciblÃ©e dÃ©tectÃ©e: com.android.systemui
10-01 10:55:02.312  2066  2066 D AndroidTracking: Event tracked: ADD_TO_CART - {app=com.android.systemui, packageName=com.android.systemui, productInfo={cartAction=T-Mobile, one bar., productName=T-Mobile, one bar., allTexts=[T-Mobile, one bar.]}, eventType=cross_app_cart_update}
10-01 10:55:02.314  2066  2066 D CrossAppTracking: ðŸ›’ Produit envoyÃ©: T-Mobile, one bar. - Prix: N/A
10-01 10:55:10.656  2066 11188 W AndroidTracking: Failed to send event to server: failed to connect to /10.0.2.2 (port 3001) from /10.0.2.16 (port 57942) after 9999ms
10-01 10:55:10.758  2066 11229 W AndroidTracking: Failed to send event to server: failed to connect to /10.0.2.2 (port 3001) from /10.0.2.16 (port 57958) after 10000ms
10-01 10:55:12.332  2066 11243 W AndroidTracking: Failed to send event to server: failed to connect to /10.0.2.2 (port 3001) from /10.0.2.16 (port 57962) after 10000ms
10-01 10:56:05.721 11311 11311 D AndroidTracking: Event tracked: SESSION_START - {platform=android_native, sessionId=android_session_1759308965687_7446f108, deviceInfo={manufacturer=Google, model=sdk_gphone64_x86_64, version=16, sdk=36, screenDensity=2.625, screenWidth=1080, screenHeight=2337}}
10-01 10:56:05.838 11311 11311 D CrossAppTracking: Service de tracking cross-app dÃ©marrÃ©
10-01 10:56:05.917 11311 11311 D CrossAppTracking: ðŸš€ Accessibility Service connectÃ© !
10-01 10:56:05.943 11311 11311 D CrossAppTracking: Service d'accessibilitÃ© configurÃ© pour TOUTES les apps
10-01 10:56:05.943 11311 11311 D CrossAppTracking: ðŸ“‹ Event types: -1
10-01 10:56:05.943 11311 11311 D CrossAppTracking: ðŸ“‹ Flags: 80
10-01 10:56:15.961 11311 11325 W AndroidTracking: Failed to send event to server: failed to connect to /10.0.2.2 (port 3001) from /10.0.2.16 (port 39614) after 10000ms
10-01 10:56:21.798 11311 11311 D CrossAppTracking: ðŸ“± Ã‰vÃ©nement reÃ§u: 2048 - com.android.systemui
10-01 10:56:21.799 11311 11311 D CrossAppTracking: âœ… App ciblÃ©e dÃ©tectÃ©e: com.android.systemui
10-01 10:56:22.326 11311 11311 D AndroidTracking: Event tracked: ADD_TO_CART - {app=com.android.systemui, packageName=com.android.systemui, productInfo={cartAction=T-Mobile, signal full., productName=T-Mobile, signal full., allTexts=[T-Mobile, signal full.]}, eventType=cross_app_cart_update}
10-01 10:56:22.332 11311 11311 D CrossAppTracking: ðŸ›’ Produit envoyÃ©: T-Mobile, signal full. - Prix: N/A
