10-01 12:15:11.691 16673 16673 D AndroidTracking: ðŸ›’ Analyse vos interactions shopping (clics, ajouts panier) sur les apps e-commerce pour optimiser votre expÃ©rience d'achat. ðŸ”’ Aucune donnÃ©e personnelle ou sensible collectÃ©e. âœ… Traitement local uniquement., allTexts=[Bascule Cross-App Tracking, Navigate up, Bascule Cross-App Tracking, Use Bascule Cross-App Tracking, Options, Bascule Cross-App Tracking shortcut, Off, Shortcut settings, App info, ðŸ›’ Analyse vos interactions shopping (clics, ajouts panier) sur les apps e-commerce pour optimiser votre expÃ©rience d'achat. ðŸ”’ Aucune donnÃ©e personnelle ou sensible collectÃ©e. âœ… Traitement local uniquement.]}, eventType=cross_app_cart_update}
10-01 12:15:11.692 16673 16673 D CrossAppTracking: ðŸ›’ Produit envoyÃ©: About Bascule Cross-App Tracking
10-01 12:15:11.692 16673 16673 D CrossAppTracking: 
10-01 12:15:11.692 16673 16673 D CrossAppTracking: ðŸ›’ Analyse vos interactions shopping (clics, ajouts panier) sur les apps e-commerce pour optimiser votre expÃ©rience d'achat. ðŸ”’ Aucune donnÃ©e personnelle ou sensible collectÃ©e. âœ… Traitement local uniquement. - Prix: N/A
10-01 12:15:11.953 16673 16673 D CrossAppTracking: ðŸ“± Ã‰vÃ©nement reÃ§u: 2048 - com.android.systemui
10-01 12:15:11.953 16673 16673 D CrossAppTracking: âŒ App non ciblÃ©e: com.android.systemui
10-01 12:15:14.176 16673 16673 D CrossAppTracking: ðŸ“± Ã‰vÃ©nement reÃ§u: 2048 - com.carrefour.fid.android
10-01 12:15:14.176 16673 16673 D CrossAppTracking: âœ… App ciblÃ©e dÃ©tectÃ©e: com.carrefour.fid.android
10-01 12:15:14.758 16673 16673 D CrossAppTracking: ðŸ“± Ã‰vÃ©nement reÃ§u: 32 - com.carrefour.fid.android
10-01 12:15:14.758 16673 16673 D CrossAppTracking: âœ… App ciblÃ©e dÃ©tectÃ©e: com.carrefour.fid.android
10-01 12:15:15.198 16673 16673 D CrossAppTracking: ðŸ“± Ã‰vÃ©nement reÃ§u: 2048 - com.carrefour.fid.android
10-01 12:15:15.198 16673 16673 D CrossAppTracking: âœ… App ciblÃ©e dÃ©tectÃ©e: com.carrefour.fid.android
10-01 12:15:15.242 16673 16673 D CrossAppTracking: ðŸ“± Ã‰vÃ©nement reÃ§u: 2048 - com.carrefour.fid.android
10-01 12:15:15.242 16673 16673 D CrossAppTracking: âœ… App ciblÃ©e dÃ©tectÃ©e: com.carrefour.fid.android
10-01 12:15:15.421 16673 16673 D CrossAppTracking: ðŸ“± Ã‰vÃ©nement reÃ§u: 2048 - com.carrefour.fid.android
10-01 12:15:15.422 16673 16673 D CrossAppTracking: âœ… App ciblÃ©e dÃ©tectÃ©e: com.carrefour.fid.android
10-01 12:15:15.514 16673 16673 D CrossAppTracking: ðŸ“± Ã‰vÃ©nement reÃ§u: 2048 - com.carrefour.fid.android
10-01 12:15:15.519 16673 16673 D CrossAppTracking: âœ… App ciblÃ©e dÃ©tectÃ©e: com.carrefour.fid.android
10-01 12:15:15.595 16673 16673 D CrossAppTracking: ðŸ“± Ã‰vÃ©nement reÃ§u: 32 - com.carrefour.fid.android
10-01 12:15:15.600 16673 16673 D CrossAppTracking: âœ… App ciblÃ©e dÃ©tectÃ©e: com.carrefour.fid.android
10-01 12:15:15.862 16673 16673 D AndroidTracking: Event tracked: ADD_TO_CART - {app=Carrefour, packageName=com.carrefour.fid.android, productInfo={productName=Panier, 2 new notifications, allTexts=[Panier, Accueil, Rechercher, Mes produits, Promotions, Panier, 2 new notifications]}, eventType=cross_app_cart_update}
10-01 12:15:15.864 16673 16673 D CrossAppTracking: ðŸ›’ Produit envoyÃ©: Panier, 2 new notifications - Prix: N/A
10-01 12:15:15.869 16673 16673 D AndroidTracking: Event tracked: ADD_TO_CART - {app=Carrefour, packageName=com.carrefour.fid.android, productInfo={productName=Panier, 2 new notifications, allTexts=[Panier, Accueil, Rechercher, Mes produits, Promotions, Panier, 2 new notifications]}, eventType=cross_app_cart_update}
10-01 12:15:15.870 16673 16673 D CrossAppTracking: ðŸ›’ Produit envoyÃ©: Panier, 2 new notifications - Prix: N/A
10-01 12:15:15.870 16673 16673 D AndroidTracking: Event tracked: ADD_TO_CART - {app=Carrefour, packageName=com.carrefour.fid.android, productInfo={productName=Panier, allTexts=[Panier]}, eventType=cross_app_cart_update}
10-01 12:15:15.874 16673 16673 D CrossAppTracking: ðŸ›’ Produit envoyÃ©: Panier - Prix: N/A
10-01 12:15:15.922 16673 16673 D AndroidTracking: Event tracked: ADD_TO_CART - {app=Carrefour, packageName=com.carrefour.fid.android, productInfo={productName=Panier, allTexts=[Panier]}, eventType=cross_app_cart_update}
10-01 12:15:15.923 16673 16673 D CrossAppTracking: ðŸ›’ Produit envoyÃ©: Panier - Prix: N/A
10-01 12:15:16.017 16673 16673 D AndroidTracking: Event tracked: ADD_TO_CART - {app=Carrefour, packageName=com.carrefour.fid.android, productInfo={productName=Panier, allTexts=[Panier]}, eventType=cross_app_cart_update}
10-01 12:15:16.018 16673 16673 D CrossAppTracking: ðŸ›’ Produit envoyÃ©: Panier - Prix: N/A
10-01 12:15:16.105 16673 16673 D AndroidTracking: Event tracked: ADD_TO_CART - {app=Carrefour, packageName=com.carrefour.fid.android, productInfo={productName=Panier, allTexts=[Panier]}, eventType=cross_app_cart_update}
10-01 12:15:16.118 16673 16673 D CrossAppTracking: ðŸ›’ Produit envoyÃ©: Panier - Prix: N/A
10-01 12:15:16.364 16673 16673 D AndroidTracking: Event tracked: ADD_TO_CART - {app=Carrefour, packageName=com.carrefour.fid.android, productInfo={productName=Panier, 2 new notifications, allTexts=[Panier, Accueil, Rechercher, Mes produits, Promotions, Panier, 2 new notifications]}, eventType=cross_app_cart_update}
10-01 12:15:16.365 16673 16673 D CrossAppTracking: ðŸ›’ Produit envoyÃ©: Panier, 2 new notifications - Prix: N/A
10-01 12:15:16.501 16673 16673 D CrossAppTracking: ðŸ“± Ã‰vÃ©nement reÃ§u: 2048 - com.carrefour.fid.android
10-01 12:15:16.501 16673 16673 D CrossAppTracking: âœ… App ciblÃ©e dÃ©tectÃ©e: com.carrefour.fid.android
10-01 12:15:16.761 16673 16673 D CrossAppTracking: ðŸ“± Ã‰vÃ©nement reÃ§u: 2048 - com.carrefour.fid.android
10-01 12:15:16.761 16673 16673 D CrossAppTracking: âœ… App ciblÃ©e dÃ©tectÃ©e: com.carrefour.fid.android
10-01 12:15:16.794 16673 16673 D CrossAppTracking: ðŸ“± Ã‰vÃ©nement reÃ§u: 2048 - com.carrefour.fid.android
10-01 12:15:16.794 16673 16673 D CrossAppTracking: âœ… App ciblÃ©e dÃ©tectÃ©e: com.carrefour.fid.android
10-01 12:15:16.912 16673 16673 D CrossAppTracking: ðŸ“± Ã‰vÃ©nement reÃ§u: 2048 - com.carrefour.fid.android
10-01 12:15:16.912 16673 16673 D CrossAppTracking: âœ… App ciblÃ©e dÃ©tectÃ©e: com.carrefour.fid.android
10-01 12:15:16.918 16673 16673 D CrossAppTracking: ðŸ“± Ã‰vÃ©nement reÃ§u: 2048 - com.carrefour.fid.android
10-01 12:15:16.919 16673 16673 D CrossAppTracking: âœ… App ciblÃ©e dÃ©tectÃ©e: com.carrefour.fid.android
10-01 12:15:16.931 16673 16673 D CrossAppTracking: ðŸ“± Ã‰vÃ©nement reÃ§u: 2048 - com.carrefour.fid.android
10-01 12:15:16.931 16673 16673 D CrossAppTracking: âœ… App ciblÃ©e dÃ©tectÃ©e: com.carrefour.fid.android
10-01 12:15:16.946 16673 16673 D CrossAppTracking: ðŸ“± Ã‰vÃ©nement reÃ§u: 2048 - com.carrefour.fid.android
10-01 12:15:16.953 16673 16673 D CrossAppTracking: âœ… App ciblÃ©e dÃ©tectÃ©e: com.carrefour.fid.android
10-01 12:15:16.958 16673 16673 D CrossAppTracking: ðŸ“± Ã‰vÃ©nement reÃ§u: 2048 - com.carrefour.fid.android
10-01 12:15:16.959 16673 16673 D CrossAppTracking: âœ… App ciblÃ©e dÃ©tectÃ©e: com.carrefour.fid.android
10-01 12:15:16.978 16673 16673 D CrossAppTracking: ðŸ“± Ã‰vÃ©nement reÃ§u: 2048 - com.carrefour.fid.android
10-01 12:15:16.978 16673 16673 D CrossAppTracking: âœ… App ciblÃ©e dÃ©tectÃ©e: com.carrefour.fid.android
10-01 12:15:17.000 16673 16673 D CrossAppTracking: ðŸ“± Ã‰vÃ©nement reÃ§u: 2048 - com.carrefour.fid.android
10-01 12:15:17.001 16673 16673 D CrossAppTracking: âœ… App ciblÃ©e dÃ©tectÃ©e: com.carrefour.fid.android
10-01 12:15:17.020 16673 16673 D CrossAppTracking: ðŸ“± Ã‰vÃ©nement reÃ§u: 2048 - com.carrefour.fid.android
10-01 12:15:17.020 16673 16673 D CrossAppTracking: âœ… App ciblÃ©e dÃ©tectÃ©e: com.carrefour.fid.android
10-01 12:15:17.080 16673 16673 D CrossAppTracking: ðŸ“± Ã‰vÃ©nement reÃ§u: 2048 - com.carrefour.fid.android
10-01 12:15:17.080 16673 16673 D CrossAppTracking: âœ… App ciblÃ©e dÃ©tectÃ©e: com.carrefour.fid.android
10-01 12:15:17.088 16673 16673 D CrossAppTracking: ðŸ“± Ã‰vÃ©nement reÃ§u: 2048 - com.carrefour.fid.android
10-01 12:15:17.088 16673 16673 D CrossAppTracking: âœ… App ciblÃ©e dÃ©tectÃ©e: com.carrefour.fid.android
10-01 12:15:17.107 16673 16673 D CrossAppTracking: ðŸ“± Ã‰vÃ©nement reÃ§u: 2048 - com.carrefour.fid.android
10-01 12:15:17.108 16673 16673 D CrossAppTracking: âœ… App ciblÃ©e dÃ©tectÃ©e: com.carrefour.fid.android
10-01 12:15:17.110 16673 16673 D CrossAppTracking: ðŸ“± Ã‰vÃ©nement reÃ§u: 2048 - com.carrefour.fid.android
10-01 12:15:17.111 16673 16673 D CrossAppTracking: âœ… App ciblÃ©e dÃ©tectÃ©e: com.carrefour.fid.android
10-01 12:15:17.128 16673 16673 D CrossAppTracking: ðŸ“± Ã‰vÃ©nement reÃ§u: 2048 - com.carrefour.fid.android
10-01 12:15:17.129 16673 16673 D CrossAppTracking: âœ… App ciblÃ©e dÃ©tectÃ©e: com.carrefour.fid.android
10-01 12:15:17.141 16673 16673 D CrossAppTracking: ðŸ“± Ã‰vÃ©nement reÃ§u: 2048 - com.carrefour.fid.android
10-01 12:15:17.141 16673 16673 D CrossAppTracking: âœ… App ciblÃ©e dÃ©tectÃ©e: com.carrefour.fid.android
10-01 12:15:17.158 16673 16673 D CrossAppTracking: ðŸ“± Ã‰vÃ©nement reÃ§u: 2048 - com.carrefour.fid.android
10-01 12:15:17.159 16673 16673 D CrossAppTracking: âœ… App ciblÃ©e dÃ©tectÃ©e: com.carrefour.fid.android
10-01 12:15:17.282 16673 16673 D CrossAppTracking: ðŸ“± Ã‰vÃ©nement reÃ§u: 2048 - com.carrefour.fid.android
10-01 12:15:17.282 16673 16673 D CrossAppTracking: âœ… App ciblÃ©e dÃ©tectÃ©e: com.carrefour.fid.android
10-01 12:15:17.293 16673 16673 D CrossAppTracking: ðŸ“± Ã‰vÃ©nement reÃ§u: 2048 - com.carrefour.fid.android
10-01 12:15:17.294 16673 16673 D CrossAppTracking: âœ… App ciblÃ©e dÃ©tectÃ©e: com.carrefour.fid.android
10-01 12:15:17.304 16673 16673 D CrossAppTracking: ðŸ“± Ã‰vÃ©nement reÃ§u: 2048 - com.carrefour.fid.android
10-01 12:15:17.304 16673 16673 D CrossAppTracking: âœ… App ciblÃ©e dÃ©tectÃ©e: com.carrefour.fid.android
10-01 12:15:17.311 16673 16673 D CrossAppTracking: ðŸ“± Ã‰vÃ©nement reÃ§u: 2048 - com.carrefour.fid.android
10-01 12:15:17.313 16673 16673 D CrossAppTracking: âœ… App ciblÃ©e dÃ©tectÃ©e: com.carrefour.fid.android
10-01 12:15:17.335 16673 16673 D CrossAppTracking: ðŸ“± Ã‰vÃ©nement reÃ§u: 2048 - com.carrefour.fid.android
10-01 12:15:17.336 16673 16673 D CrossAppTracking: âœ… App ciblÃ©e dÃ©tectÃ©e: com.carrefour.fid.android
10-01 12:15:17.347 16673 16673 D CrossAppTracking: ðŸ“± Ã‰vÃ©nement reÃ§u: 2048 - com.carrefour.fid.android
10-01 12:15:17.347 16673 16673 D CrossAppTracking: âœ… App ciblÃ©e dÃ©tectÃ©e: com.carrefour.fid.android
10-01 12:15:17.365 16673 16673 D CrossAppTracking: ðŸ“± Ã‰vÃ©nement reÃ§u: 2048 - com.carrefour.fid.android
10-01 12:15:17.365 16673 16673 D CrossAppTracking: âœ… App ciblÃ©e dÃ©tectÃ©e: com.carrefour.fid.android
10-01 12:15:17.388 16673 16673 D CrossAppTracking: ðŸ“± Ã‰vÃ©nement reÃ§u: 2048 - com.carrefour.fid.android
10-01 12:15:17.388 16673 16673 D CrossAppTracking: âœ… App ciblÃ©e dÃ©tectÃ©e: com.carrefour.fid.android
10-01 12:15:17.405 16673 16673 D CrossAppTracking: ðŸ“± Ã‰vÃ©nement reÃ§u: 2048 - com.carrefour.fid.android
10-01 12:15:17.406 16673 16673 D CrossAppTracking: âœ… App ciblÃ©e dÃ©tectÃ©e: com.carrefour.fid.android
10-01 12:15:17.427 16673 16673 D CrossAppTracking: ðŸ“± Ã‰vÃ©nement reÃ§u: 2048 - com.carrefour.fid.android
10-01 12:15:17.427 16673 16673 D CrossAppTracking: âœ… App ciblÃ©e dÃ©tectÃ©e: com.carrefour.fid.android
10-01 12:15:17.431 16673 16673 D CrossAppTracking: ðŸ“± Ã‰vÃ©nement reÃ§u: 2048 - com.carrefour.fid.android
10-01 12:15:17.431 16673 16673 D CrossAppTracking: âœ… App ciblÃ©e dÃ©tectÃ©e: com.carrefour.fid.android
10-01 12:15:17.436 16673 16673 D CrossAppTracking: ðŸ“± Ã‰vÃ©nement reÃ§u: 2048 - com.carrefour.fid.android
10-01 12:15:17.436 16673 16673 D CrossAppTracking: âœ… App ciblÃ©e dÃ©tectÃ©e: com.carrefour.fid.android
10-01 12:15:17.457 16673 16673 D CrossAppTracking: ðŸ“± Ã‰vÃ©nement reÃ§u: 2048 - com.carrefour.fid.android
10-01 12:15:17.457 16673 16673 D CrossAppTracking: âœ… App ciblÃ©e dÃ©tectÃ©e: com.carrefour.fid.android
10-01 12:15:17.462 16673 16673 D CrossAppTracking: ðŸ“± Ã‰vÃ©nement reÃ§u: 2048 - com.carrefour.fid.android
10-01 12:15:17.464 16673 16673 D CrossAppTracking: âœ… App ciblÃ©e dÃ©tectÃ©e: com.carrefour.fid.android
10-01 12:15:17.475 16673 16673 D CrossAppTracking: ðŸ“± Ã‰vÃ©nement reÃ§u: 2048 - com.carrefour.fid.android
10-01 12:15:17.475 16673 16673 D CrossAppTracking: âœ… App ciblÃ©e dÃ©tectÃ©e: com.carrefour.fid.android
10-01 12:15:17.483 16673 16673 D CrossAppTracking: ðŸ“± Ã‰vÃ©nement reÃ§u: 2048 - com.carrefour.fid.android
10-01 12:15:17.484 16673 16673 D CrossAppTracking: âœ… App ciblÃ©e dÃ©tectÃ©e: com.carrefour.fid.android
10-01 12:15:17.585 16673 16673 D CrossAppTracking: ðŸ“± Ã‰vÃ©nement reÃ§u: 2048 - com.carrefour.fid.android
10-01 12:15:17.586 16673 16673 D CrossAppTracking: âœ… App ciblÃ©e dÃ©tectÃ©e: com.carrefour.fid.android
10-01 12:15:17.588 16673 16673 D CrossAppTracking: ðŸ“± Ã‰vÃ©nement reÃ§u: 2048 - com.carrefour.fid.android
10-01 12:15:17.588 16673 16673 D CrossAppTracking: âœ… App ciblÃ©e dÃ©tectÃ©e: com.carrefour.fid.android
10-01 12:15:17.602 16673 16673 D CrossAppTracking: ðŸ“± Ã‰vÃ©nement reÃ§u: 2048 - com.carrefour.fid.android
10-01 12:15:17.602 16673 16673 D CrossAppTracking: âœ… App ciblÃ©e dÃ©tectÃ©e: com.carrefour.fid.android
10-01 12:15:17.755 16673 16673 D CrossAppTracking: ðŸ“± Ã‰vÃ©nement reÃ§u: 2048 - com.carrefour.fid.android
10-01 12:15:17.755 16673 16673 D CrossAppTracking: âœ… App ciblÃ©e dÃ©tectÃ©e: com.carrefour.fid.android
10-01 12:15:17.762 16673 16673 D CrossAppTracking: ðŸ“± Ã‰vÃ©nement reÃ§u: 2048 - com.carrefour.fid.android
10-01 12:15:17.762 16673 16673 D CrossAppTracking: âœ… App ciblÃ©e dÃ©tectÃ©e: com.carrefour.fid.android
10-01 12:15:17.869 16673 16673 D CrossAppTracking: ðŸ“± Ã‰vÃ©nement reÃ§u: 2048 - com.carrefour.fid.android
10-01 12:15:17.869 16673 16673 D CrossAppTracking: âœ… App ciblÃ©e dÃ©tectÃ©e: com.carrefour.fid.android
10-01 12:15:17.879 16673 16673 D CrossAppTracking: ðŸ“± Ã‰vÃ©nement reÃ§u: 2048 - com.carrefour.fid.android
10-01 12:15:17.879 16673 16673 D CrossAppTracking: âœ… App ciblÃ©e dÃ©tectÃ©e: com.carrefour.fid.android
10-01 12:15:17.926 16673 16673 D CrossAppTracking: ðŸ“± Ã‰vÃ©nement reÃ§u: 2048 - com.carrefour.fid.android
10-01 12:15:17.926 16673 16673 D CrossAppTracking: âœ… App ciblÃ©e dÃ©tectÃ©e: com.carrefour.fid.android
10-01 12:15:17.966 16673 16673 D AndroidTracking: Event tracked: ADD_TO_CART - {app=Carrefour, packageName=com.carrefour.fid.android, productInfo={cartAction=Ajouter un produit dans le panier, productName=1 produits dÃ©jÃ  ajoutÃ©s au panier, allTexts=[Kiwi Hayward , la piÃ¨ce, FRANCE, 1,39, 1 euros et 39 centimes., â‚¬, Retirer un produit du panier, 1, 1 produits dÃ©jÃ  ajoutÃ©s au panier, Ajouter un produit dans le panier]}, eventType=cross_app_cart_update}
10-01 12:15:17.967 16673 16673 D CrossAppTracking: ðŸ›’ Produit envoyÃ©: 1 produits dÃ©jÃ  ajoutÃ©s au panier - Prix: N/A
10-01 12:15:17.967 16673 16673 D AndroidTracking: Event tracked: ADD_TO_CART - {app=Carrefour, packageName=com.carrefour.fid.android, productInfo={productName=Bouton de substitution, allTexts=[Bouton de substitution]}, eventType=cross_app_cart_update}
10-01 12:15:17.968 16673 16673 D CrossAppTracking: ðŸ›’ Produit envoyÃ©: Bouton de substitution - Prix: N/A
10-01 12:15:17.969 16673 16673 D AndroidTracking: Event tracked: ADD_TO_CART - {app=Carrefour, packageName=com.carrefour.fid.android, productInfo={price=Promotion: -10% Club. vous avez cagnottÃ©s0.0â‚¬. produits concernÃ©s: Kiwi Hayward ., cartAction=Vider tout le panier, productName=DÃ©couvrez nos meilleurs alternatives pour remplacer vos produits indisponibles., allTexts=[2 produits Ã  remplacer, DÃ©couvrez nos meilleurs alternatives pour remplacer vos produits indisponibles., Ananas en morceaux CARREFOUR LE MARCHE, Supprimer, Bouton de substitution, Poires CARREFOUR BIO, Supprimer, Bouton de substitution, Promotion: -10% Club. vous avez cagnottÃ©s0.0â‚¬. produits concernÃ©s: Bananes Bio Cavendish., -10% Club]}, eventType=cross_app_cart_update}
10-01 12:15:17.969 16673 16673 D CrossAppTracking: ðŸ›’ Produit envoyÃ©: DÃ©couvrez nos meilleurs alternatives pour remplacer vos produits indisponibles. - Prix: Promotion: -10% Club. vous avez cagnottÃ©s0.0â‚¬. produits concernÃ©s: Kiwi Hayward .
10-01 12:15:17.970 16673 16673 D AndroidTracking: Event tracked: ADD_TO_CART - {app=Carrefour, packageName=com.carrefour.fid.android, productInfo={productName=Rien oubliÃ© ?, allTexts=[Rien oubliÃ© ?]}, eventType=cross_app_cart_update}
10-01 12:15:17.973 16673 16673 D CrossAppTracking: ðŸ›’ Produit envoyÃ©: Rien oubliÃ© ? - Prix: N/A
10-01 12:15:17.987 16673 16673 D AndroidTracking: Event tracked: ADD_TO_CART - {app=Carrefour, packageName=com.carrefour.fid.android, productInfo={productName=DÃ©couvrez nos meilleurs alternatives pour remplacer vos produits indisponibles., allTexts=[DÃ©couvrez nos meilleurs alternatives pour remplacer vos produits indisponibles.]}, eventType=cross_app_cart_update}
10-01 12:15:17.997 16673 16673 D CrossAppTracking: ðŸ›’ Produit envoyÃ©: DÃ©couvrez nos meilleurs alternatives pour remplacer vos produits indisponibles. - Prix: N/A
10-01 12:15:18.000 16673 16673 D AndroidTracking: Event tracked: ADD_TO_CART - {app=Carrefour, packageName=com.carrefour.fid.android, productInfo={cartAction=Retirer un produit du panier, productName=Retirer un produit du panier, allTexts=[Retirer un produit du panier]}, eventType=cross_app_cart_update}
10-01 12:15:18.007 16673 16673 D CrossAppTracking: ðŸ›’ Produit envoyÃ©: Retirer un produit du panier - Prix: N/A
10-01 12:15:18.009 16673 16673 D AndroidTracking: Event tracked: ADD_TO_CART - {app=Carrefour, packageName=com.carrefour.fid.android, productInfo={productName=Bouton de substitution, allTexts=[Bouton de substitution]}, eventType=cross_app_cart_update}
10-01 12:15:18.010 16673 16673 D CrossAppTracking: ðŸ›’ Produit envoyÃ©: Bouton de substitution - Prix: N/A
10-01 12:15:18.010 16673 16673 D AndroidTracking: Event tracked: ADD_TO_CART - {app=Carrefour, packageName=com.carrefour.fid.android, productInfo={cartAction=Ajouter un produit dans le panier, productName=Ajouter un produit dans le panier, allTexts=[Ajouter un produit dans le panier]}, eventType=cross_app_cart_update}
10-01 12:15:18.011 16673 16673 D CrossAppTracking: ðŸ›’ Produit envoyÃ©: Ajouter un produit dans le panier - Prix: N/A
10-01 12:15:18.011 16673 16673 D AndroidTracking: Event tracked: ADD_TO_CART - {app=Carrefour, packageName=com.carrefour.fid.android, productInfo={cartAction=Ajouter un produit dans le panier, productName=1 produits dÃ©jÃ  ajoutÃ©s au panier, allTexts=[Bananes Bio Cavendish, le sachet de 5 fruits, PEROU, 1,99, 1 euros et 99 centimes., â‚¬, Retirer un produit du panier, 1, 1 produits dÃ©jÃ  ajoutÃ©s au panier, Ajouter un produit dans le panier]}, eventType=cross_app_cart_update}
10-01 12:15:18.018 16673 16673 D CrossAppTracking: ðŸ›’ Produit envoyÃ©: 1 produits dÃ©jÃ  ajoutÃ©s au panier - Prix: N/A
10-01 12:15:18.018 16673 16673 D AndroidTracking: Event tracked: ADD_TO_CART - {app=Carrefour, packageName=com.carrefour.fid.android, productInfo={cartAction=Ajouter un produit dans le panier, productName=Ajouter un produit dans le panier, allTexts=[Ajouter un produit dans le panier]}, eventType=cross_app_cart_update}
10-01 12:15:18.021 16673 16673 D CrossAppTracking: ðŸ›’ Produit envoyÃ©: Ajouter un produit dans le panier - Prix: N/A
10-01 12:15:18.022 16673 16673 D AndroidTracking: Event tracked: ADD_TO_CART - {app=Carrefour, packageName=com.carrefour.fid.android, productInfo={cartAction=Retirer un produit du panier, productName=Retirer un produit du panier, allTexts=[Retirer un produit du panier]}, eventType=cross_app_cart_update}
10-01 12:15:18.023 16673 16673 D CrossAppTracking: ðŸ›’ Produit envoyÃ©: Retirer un produit du panier - Prix: N/A
10-01 12:15:18.024 16673 16673 D AndroidTracking: Event tracked: CONTENT_CHANGED - {app=Carrefour, packageName=com.carrefour.fid.android, eventType=cross_app_content_change, timestamp=1759313717135}
10-01 12:15:18.025 16673 16673 D AndroidTracking: Event tracked: ADD_TO_CART - {app=Carrefour, packageName=com.carrefour.fid.android, productInfo={productName=Panier, allTexts=[Panier]}, eventType=cross_app_cart_update}
10-01 12:15:18.025 16673 16673 D CrossAppTracking: ðŸ›’ Produit envoyÃ©: Panier - Prix: N/A
10-01 12:15:18.026 16673 16673 D AndroidTracking: Event tracked: ADD_TO_CART - {app=Carrefour, packageName=com.carrefour.fid.android, productInfo={price=3,38â‚¬, cartAction=3,38â‚¬, productName=DÃ©couvrez nos meilleurs alternatives pour remplacer vos produits indisponibles., allTexts=[2 produits Ã  remplacer, DÃ©couvrez nos meilleurs alternatives pour remplacer vos produits indisponibles., Ananas en morceaux CARREFOUR LE MARCHE, Supprimer, Bouton de substitution, Poires CARREFOUR BIO, Supprimer, Bouton de substitution, Promotion: -10% Club. vous avez cagnottÃ©s0.0â‚¬. produits concernÃ©s: Bananes Bio Cavendish., -10% Club]}, eventType=cross_app_cart_update}
10-01 12:15:18.027 16673 16673 D CrossAppTracking: ðŸ›’ Produit envoyÃ©: DÃ©couvrez nos meilleurs alternatives pour remplacer vos produits indisponibles. - Prix: 3,38â‚¬
10-01 12:15:18.029 16673 16673 D AndroidTracking: Event tracked: ADD_TO_CART - {app=Carrefour, packageName=com.carrefour.fid.android, productInfo={productName=Poires CARREFOUR BIO, allTexts=[Poires CARREFOUR BIO]}, eventType=cross_app_cart_update}
10-01 12:15:18.030 16673 16673 D CrossAppTracking: ðŸ›’ Produit envoyÃ©: Poires CARREFOUR BIO - Prix: N/A
10-01 12:15:18.031 16673 16673 D AndroidTracking: Event tracked: ADD_TO_CART - {app=Carrefour, packageName=com.carrefour.fid.android, productInfo={productName=Supprimer, allTexts=[Supprimer]}, eventType=cross_app_cart_update}
10-01 12:15:18.032 16673 16673 D CrossAppTracking: ðŸ›’ Produit envoyÃ©: Supprimer - Prix: N/A
10-01 12:15:18.033 16673 16673 D AndroidTracking: Event tracked: ADD_TO_CART - {app=Carrefour, packageName=com.carrefour.fid.android, productInfo={productName=Panier, allTexts=[Panier]}, eventType=cross_app_cart_update}
10-01 12:15:18.033 16673 16673 D CrossAppTracking: ðŸ›’ Produit envoyÃ©: Panier - Prix: N/A
10-01 12:15:18.033 16673 16673 D AndroidTracking: Event tracked: ADD_TO_CART - {app=Carrefour, packageName=com.carrefour.fid.android, productInfo={price=Promotion: -10% Club. vous avez cagnottÃ©s0.0â‚¬. produits concernÃ©s: Bananes Bio Cavendish., cartAction=-10% Club, productName=-10% Club, allTexts=[Promotion: -10% Club. vous avez cagnottÃ©s0.0â‚¬. produits concernÃ©s: Bananes Bio Cavendish., -10% Club]}, eventType=cross_app_cart_update}
10-01 12:15:18.034 16673 16673 D CrossAppTracking: ðŸ›’ Produit envoyÃ©: -10% Club - Prix: Promotion: -10% Club. vous avez cagnottÃ©s0.0â‚¬. produits concernÃ©s: Bananes Bio Cavendish.
10-01 12:15:18.035 16673 16673 D AndroidTracking: Event tracked: ADD_TO_CART - {app=Carrefour, packageName=com.carrefour.fid.android, productInfo={productName=Ananas en morceaux CARREFOUR LE MARCHE, allTexts=[Ananas en morceaux CARREFOUR LE MARCHE]}, eventType=cross_app_cart_update}
10-01 12:15:18.037 16673 16673 D CrossAppTracking: ðŸ›’ Produit envoyÃ©: Ananas en morceaux CARREFOUR LE MARCHE - Prix: N/A
10-01 12:15:18.037 16673 16673 D AndroidTracking: Event tracked: ADD_TO_CART - {app=Carrefour, packageName=com.carrefour.fid.android, productInfo={productName=2 produits Ã  remplacer, allTexts=[2 produits Ã  remplacer]}, eventType=cross_app_cart_update}
10-01 12:15:18.038 16673 16673 D CrossAppTracking: ðŸ›’ Produit envoyÃ©: 2 produits Ã  remplacer - Prix: N/A
10-01 12:15:18.039 16673 16673 D AndroidTracking: Event tracked: ADD_TO_CART - {app=Carrefour, packageName=com.carrefour.fid.android, productInfo={cartAction=3,38â‚¬, price=3,38â‚¬, productName=Valider mon panier, allTexts=[Valider mon panier, 3,38â‚¬]}, eventType=cross_app_cart_update}
10-01 12:15:18.041 16673 16673 D CrossAppTracking: ðŸ›’ Produit envoyÃ©: Valider mon panier - Prix: 3,38â‚¬
10-01 12:15:18.042 16673 16673 D AndroidTracking: Event tracked: ADD_TO_CART - {app=Carrefour, packageName=com.carrefour.fid.android, productInfo={price=Promotion: -10% Club. vous avez cagnottÃ©s0.0â‚¬. produits concernÃ©s: Kiwi Hayward ., cartAction=-10% Club, productName=-10% Club, allTexts=[Promotion: -10% Club. vous avez cagnottÃ©s0.0â‚¬. produits concernÃ©s: Kiwi Hayward ., -10% Club]}, eventType=cross_app_cart_update}
10-01 12:15:18.042 16673 16673 D CrossAppTracking: ðŸ›’ Produit envoyÃ©: -10% Club - Prix: Promotion: -10% Club. vous avez cagnottÃ©s0.0â‚¬. produits concernÃ©s: Kiwi Hayward .
10-01 12:15:18.043 16673 16673 D AndroidTracking: Event tracked: ADD_TO_CART - {app=Carrefour, packageName=com.carrefour.fid.android, productInfo={productName=Supprimer, allTexts=[Supprimer]}, eventType=cross_app_cart_update}
10-01 12:15:18.044 16673 16673 D CrossAppTracking: ðŸ›’ Produit envoyÃ©: Supprimer - Prix: N/A
10-01 12:15:18.045 16673 16673 D AndroidTracking: Event tracked: ADD_TO_CART - {app=Carrefour, packageName=com.carrefour.fid.android, productInfo={cartAction=Vider tout le panier, productName=Vider tout le panier, allTexts=[Vider tout le panier, Vider tout le panier]}, eventType=cross_app_cart_update}
10-01 12:15:18.046 16673 16673 D CrossAppTracking: ðŸ›’ Produit envoyÃ©: Vider tout le panier - Prix: N/A
10-01 12:15:18.049 16673 16673 D AndroidTracking: Event tracked: ADD_TO_CART - {app=Carrefour, packageName=com.carrefour.fid.android, productInfo={productName=Voir tout, allTexts=[Voir tout]}, eventType=cross_app_cart_update}
10-01 12:15:18.050 16673 16673 D CrossAppTracking: ðŸ›’ Produit envoyÃ©: Voir tout - Prix: N/A
10-01 12:15:18.087 16673 16673 D AndroidTracking: Event tracked: ADD_TO_CART - {app=Carrefour, packageName=com.carrefour.fid.android, productInfo={price=Promotion: -10% Club. vous avez cagnottÃ©s0.0â‚¬. produits concernÃ©s: Kiwi Hayward ., cartAction=Vider tout le panier, productName=DÃ©couvrez nos meilleurs alternatives pour remplacer vos produits indisponibles., allTexts=[2 produits Ã  remplacer, DÃ©couvrez nos meilleurs alternatives pour remplacer vos produits indisponibles., Ananas en morceaux CARREFOUR LE MARCHE, Supprimer, Bouton de substitution, Poires CARREFOUR BIO, Supprimer, Bouton de substitution, Promotion: -10% Club. vous avez cagnottÃ©s0.0â‚¬. produits concernÃ©s: Bananes Bio Cavendish., -10% Club]}, eventType=cross_app_cart_update}
10-01 12:15:18.088 16673 16673 D CrossAppTracking: ðŸ›’ Produit envoyÃ©: DÃ©couvrez nos meilleurs alternatives pour remplacer vos produits indisponibles. - Prix: Promotion: -10% Club. vous avez cagnottÃ©s0.0â‚¬. produits concernÃ©s: Kiwi Hayward .
10-01 12:15:18.104 16673 16673 D AndroidTracking: Event tracked: CONTENT_CHANGED - {app=Carrefour, packageName=com.carrefour.fid.android, eventType=cross_app_content_change, timestamp=1759313717602}
10-01 12:15:18.255 16673 16673 D AndroidTracking: Event tracked: ADD_TO_CART - {app=Carrefour, packageName=com.carrefour.fid.android, productInfo={price=3,38â‚¬, cartAction=3,38â‚¬, productName=DÃ©couvrez nos meilleurs alternatives pour remplacer vos produits indisponibles., allTexts=[2 produits Ã  remplacer, DÃ©couvrez nos meilleurs alternatives pour remplacer vos produits indisponibles., Ananas en morceaux CARREFOUR LE MARCHE, Supprimer, Bouton de substitution, Poires CARREFOUR BIO, Supprimer, Bouton de substitution, Promotion: -10% Club. vous avez cagnottÃ©s0.0â‚¬. produits concernÃ©s: Bananes Bio Cavendish., -10% Club]}, eventType=cross_app_cart_update}
10-01 12:15:18.257 16673 16673 D CrossAppTracking: ðŸ›’ Produit envoyÃ©: DÃ©couvrez nos meilleurs alternatives pour remplacer vos produits indisponibles. - Prix: 3,38â‚¬
10-01 12:15:18.370 16673 16673 D AndroidTracking: Event tracked: ADD_TO_CART - {app=Carrefour, packageName=com.carrefour.fid.android, productInfo={price=Promotion: -10% Club. vous avez cagnottÃ©s0.0â‚¬. produits concernÃ©s: Kiwi Hayward ., cartAction=Vider tout le panier, productName=DÃ©couvrez nos meilleurs alternatives pour remplacer vos produits indisponibles., allTexts=[2 produits Ã  remplacer, DÃ©couvrez nos meilleurs alternatives pour remplacer vos produits indisponibles., Ananas en morceaux CARREFOUR LE MARCHE, Supprimer, Bouton de substitution, Poires CARREFOUR BIO, Supprimer, Bouton de substitution, Promotion: -10% Club. vous avez cagnottÃ©s0.0â‚¬. produits concernÃ©s: Bananes Bio Cavendish., -10% Club]}, eventType=cross_app_cart_update}
10-01 12:15:18.371 16673 16673 D CrossAppTracking: ðŸ›’ Produit envoyÃ©: DÃ©couvrez nos meilleurs alternatives pour remplacer vos produits indisponibles. - Prix: Promotion: -10% Club. vous avez cagnottÃ©s0.0â‚¬. produits concernÃ©s: Kiwi Hayward .
10-01 12:15:18.381 16673 16673 D AndroidTracking: Event tracked: CONTENT_CHANGED - {app=Carrefour, packageName=com.carrefour.fid.android, eventType=cross_app_content_change, timestamp=1759313717878}
10-01 12:15:18.427 16673 16673 D AndroidTracking: Event tracked: ADD_TO_CART - {app=Carrefour, packageName=com.carrefour.fid.android, productInfo={cartAction=Ajouter un produit dans le panier, productName=1 produits dÃ©jÃ  ajoutÃ©s au panier, allTexts=[Kiwi Hayward , la piÃ¨ce, FRANCE, 1,39, 1 euros et 39 centimes., â‚¬, Retirer un produit du panier, 1, 1 produits dÃ©jÃ  ajoutÃ©s au panier, Ajouter un produit dans le panier]}, eventType=cross_app_cart_update}
10-01 12:15:18.428 16673 16673 D CrossAppTracking: ðŸ›’ Produit envoyÃ©: 1 produits dÃ©jÃ  ajoutÃ©s au panier - Prix: N/A
10-01 12:15:18.468 16673 16673 D AndroidTracking: Event tracked: ADD_TO_CART - {app=Carrefour, packageName=com.carrefour.fid.android, productInfo={cartAction=Ajouter un produit dans le panier, productName=1 produits dÃ©jÃ  ajoutÃ©s au panier, allTexts=[Bananes Bio Cavendish, le sachet de 5 fruits, PEROU, 1,99, 1 euros et 99 centimes., â‚¬, Retirer un produit du panier, 1, 1 produits dÃ©jÃ  ajoutÃ©s au panier, Ajouter un produit dans le panier]}, eventType=cross_app_cart_update}
10-01 12:15:18.469 16673 16673 D CrossAppTracking: ðŸ›’ Produit envoyÃ©: 1 produits dÃ©jÃ  ajoutÃ©s au panier - Prix: N/A
10-01 12:15:19.519 16673 16785 W AndroidTracking: Failed to send event to server: failed to connect to /10.0.2.2 (port 3001) from /10.0.2.16 (port 34914) after 9999ms
10-01 12:15:19.534 16673 16786 W AndroidTracking: Failed to send event to server: failed to connect to /10.0.2.2 (port 3001) from /10.0.2.16 (port 34918) after 9998ms
10-01 12:15:19.549 16673 16787 W AndroidTracking: Failed to send event to server: failed to connect to /10.0.2.2 (port 3001) from /10.0.2.16 (port 34926) after 9999ms
10-01 12:15:19.564 16673 16788 W AndroidTracking: Failed to send event to server: failed to connect to /10.0.2.2 (port 3001) from /10.0.2.16 (port 34938) after 10000ms
10-01 12:15:19.977 16673 16790 W AndroidTracking: Failed to send event to server: failed to connect to /10.0.2.2 (port 3001) from /10.0.2.16 (port 34940) after 9999ms
10-01 12:15:29.534 16673 16774 W AndroidTracking: Failed to send event to server: failed to connect to /10.0.2.2 (port 3001) from /10.0.2.16 (port 60042) after 10000ms
10-01 12:15:29.552 16673 16785 W AndroidTracking: Failed to send event to server: failed to connect to /10.0.2.2 (port 3001) from /10.0.2.16 (port 60056) after 10000ms
10-01 12:15:29.564 16673 16786 W AndroidTracking: Failed to send event to server: failed to connect to /10.0.2.2 (port 3001) from /10.0.2.16 (port 60072) after 10000ms
10-01 12:15:29.576 16673 16787 W AndroidTracking: Failed to send event to server: failed to connect to /10.0.2.2 (port 3001) from /10.0.2.16 (port 60086) after 10000ms
10-01 12:15:29.999 16673 16788 W AndroidTracking: Failed to send event to server: failed to connect to /10.0.2.2 (port 3001) from /10.0.2.16 (port 60098) after 10000ms
10-01 12:15:39.542 16673 16790 W AndroidTracking: Failed to send event to server: failed to connect to /10.0.2.2 (port 3001) from /10.0.2.16 (port 35168) after 9999ms
10-01 12:15:39.575 16673 16774 W AndroidTracking: Failed to send event to server: failed to connect to /10.0.2.2 (port 3001) from /10.0.2.16 (port 35182) after 10000ms
10-01 12:15:39.579 16673 16785 W AndroidTracking: Failed to send event to server: failed to connect to /10.0.2.2 (port 3001) from /10.0.2.16 (port 35190) after 10000ms
10-01 12:15:39.589 16673 16786 W AndroidTracking: Failed to send event to server: failed to connect to /10.0.2.2 (port 3001) from /10.0.2.16 (port 35196) after 10000ms
10-01 12:15:39.726 16673 16788 D AndroidTracking: Event sent to server successfully
10-01 12:15:39.768 16673 16774 D AndroidTracking: Event sent to server successfully
10-01 12:15:39.773 16673 16790 D AndroidTracking: Event sent to server successfully
10-01 12:15:39.780 16673 16785 D AndroidTracking: Event sent to server successfully
10-01 12:15:39.782 16673 16786 D AndroidTracking: Event sent to server successfully
10-01 12:15:39.785 16673 16788 D AndroidTracking: Event sent to server successfully
10-01 12:15:39.789 16673 16774 D AndroidTracking: Event sent to server successfully
10-01 12:15:39.797 16673 16785 D AndroidTracking: Event sent to server successfully
10-01 12:15:39.805 16673 16790 D AndroidTracking: Event sent to server successfully
10-01 12:15:39.806 16673 16788 D AndroidTracking: Event sent to server successfully
10-01 12:15:39.810 16673 16786 D AndroidTracking: Event sent to server successfully
10-01 12:15:39.814 16673 16774 D AndroidTracking: Event sent to server successfully
10-01 12:15:39.829 16673 16785 D AndroidTracking: Event sent to server successfully
10-01 12:15:39.831 16673 16790 D AndroidTracking: Event sent to server successfully
10-01 12:15:39.831 16673 16788 D AndroidTracking: Event sent to server successfully
10-01 12:15:39.849 16673 16786 D AndroidTracking: Event sent to server successfully
10-01 12:15:39.865 16673 16930 D AndroidTracking: Event sent to server successfully
10-01 12:15:39.869 16673 16785 D AndroidTracking: Event sent to server successfully
10-01 12:15:39.871 16673 16774 D AndroidTracking: Event sent to server successfully
10-01 12:15:39.873 16673 16790 D AndroidTracking: Event sent to server successfully
10-01 12:15:39.876 16673 16786 D AndroidTracking: Event sent to server successfully
10-01 12:15:39.893 16673 16930 D AndroidTracking: Event sent to server successfully
10-01 12:15:39.916 16673 16785 D AndroidTracking: Event sent to server successfully
10-01 12:15:39.919 16673 16788 D AndroidTracking: Event sent to server successfully
10-01 12:15:39.921 16673 16786 D AndroidTracking: Event sent to server successfully
10-01 12:15:39.922 16673 16932 D AndroidTracking: Event sent to server successfully
10-01 12:15:39.943 16673 16785 D AndroidTracking: Event sent to server successfully
10-01 12:15:39.943 16673 16930 D AndroidTracking: Event sent to server successfully
10-01 12:15:39.948 16673 16932 D AndroidTracking: Event sent to server successfully
10-01 12:15:39.962 16673 16788 D AndroidTracking: Event sent to server successfully
10-01 12:15:39.971 16673 16786 D AndroidTracking: Event sent to server successfully
10-01 12:15:39.974 16673 16785 D AndroidTracking: Event sent to server successfully
10-01 12:15:40.021 16673 16787 W AndroidTracking: Failed to send event to server: failed to connect to /10.0.2.2 (port 3001) from /10.0.2.16 (port 35200) after 10000ms
10-01 12:15:41.967 16673 16673 D CrossAppTracking: ðŸ“± Ã‰vÃ©nement reÃ§u: 2048 - com.android.systemui
10-01 12:15:41.967 16673 16673 D CrossAppTracking: âŒ App non ciblÃ©e: com.android.systemui
10-01 12:16:00.199 16673 16673 D CrossAppTracking: ðŸ“± Ã‰vÃ©nement reÃ§u: 2048 - com.android.systemui
10-01 12:16:00.199 16673 16673 D CrossAppTracking: âŒ App non ciblÃ©e: com.android.systemui
10-01 12:16:00.301 16673 16673 D CrossAppTracking: ðŸ“± Ã‰vÃ©nement reÃ§u: 2048 - com.android.systemui
10-01 12:16:00.301 16673 16673 D CrossAppTracking: âŒ App non ciblÃ©e: com.android.systemui
10-01 12:16:01.940 16673 16673 D CrossAppTracking: ðŸ“± Ã‰vÃ©nement reÃ§u: 2048 - com.android.systemui
10-01 12:16:01.940 16673 16673 D CrossAppTracking: âŒ App non ciblÃ©e: com.android.systemui
10-01 12:16:12.728 16673 16673 D CrossAppTracking: ðŸ“± Ã‰vÃ©nement reÃ§u: 2048 - com.google.android.apps.nexuslauncher
10-01 12:16:12.728 16673 16673 D CrossAppTracking: âœ… App ciblÃ©e dÃ©tectÃ©e: com.google.android.apps.nexuslauncher
10-01 12:16:12.989 16673 16673 D CrossAppTracking: ðŸ“± Ã‰vÃ©nement reÃ§u: 2048 - com.google.android.apps.nexuslauncher
10-01 12:16:12.989 16673 16673 D CrossAppTracking: âœ… App ciblÃ©e dÃ©tectÃ©e: com.google.android.apps.nexuslauncher
10-01 12:16:13.188 16673 16673 D CrossAppTracking: ðŸ“± Ã‰vÃ©nement reÃ§u: 32 - com.google.android.apps.nexuslauncher
10-01 12:16:13.188 16673 16673 D CrossAppTracking: âœ… App ciblÃ©e dÃ©tectÃ©e: com.google.android.apps.nexuslauncher
10-01 12:16:13.216 16673 16673 D CrossAppTracking: ðŸ“± Ã‰vÃ©nement reÃ§u: 2048 - com.google.android.apps.nexuslauncher
10-01 12:16:13.216 16673 16673 D CrossAppTracking: âœ… App ciblÃ©e dÃ©tectÃ©e: com.google.android.apps.nexuslauncher
10-01 12:16:13.246 16673 16673 D CrossAppTracking: ðŸ“± Ã‰vÃ©nement reÃ§u: 2048 - com.google.android.apps.nexuslauncher
10-01 12:16:13.247 16673 16673 D CrossAppTracking: âœ… App ciblÃ©e dÃ©tectÃ©e: com.google.android.apps.nexuslauncher
10-01 12:16:13.488 16673 16673 D AndroidTracking: Event tracked: ADD_TO_CART - {app=com.google.android.apps.nexuslauncher, packageName=com.google.android.apps.nexuslauncher, productInfo={cartAction=Bascule Cross-App Tracking, productName=Predicted app: Bascule Cross-App Tracking, allTexts=[At a glance, Wed, Oct 1, Wed, Oct 1, Play Store, Play Store, Gmail, Gmail, Photos, Photos, YouTube]}, eventType=cross_app_cart_update}
10-01 12:16:13.494 16673 16673 D CrossAppTracking: ðŸ›’ Produit envoyÃ©: Predicted app: Bascule Cross-App Tracking - Prix: N/A
10-01 12:16:13.528 16673 16787 D AndroidTracking: Event sent to server successfully
10-01 12:16:13.690 16673 16673 D AndroidTracking: Event tracked: ADD_TO_CART - {app=com.google.android.apps.nexuslauncher, packageName=com.google.android.apps.nexuslauncher, productInfo={cartAction=Bascule Cross-App Tracking, productName=Predicted app: Bascule Cross-App Tracking, allTexts=[At a glance, Wed, Oct 1, Wed, Oct 1, Play Store, Play Store, Gmail, Gmail, Photos, Photos, YouTube]}, eventType=cross_app_cart_update}
10-01 12:16:13.695 16673 16673 D CrossAppTracking: ðŸ›’ Produit envoyÃ©: Predicted app: Bascule Cross-App Tracking - Prix: N/A
10-01 12:16:13.714 16673 16787 D AndroidTracking: Event sent to server successfully
10-01 12:16:13.717 16673 16673 D AndroidTracking: Event tracked: ADD_TO_CART - {app=com.google.android.apps.nexuslauncher, packageName=com.google.android.apps.nexuslauncher, productInfo={cartAction=Bascule Cross-App Tracking, productName=Predicted app: Bascule Cross-App Tracking, allTexts=[At a glance, Wed, Oct 1, Wed, Oct 1, Play Store, Play Store, Gmail, Gmail, Photos, Photos, YouTube]}, eventType=cross_app_cart_update}
10-01 12:16:13.720 16673 16673 D CrossAppTracking: ðŸ›’ Produit envoyÃ©: Predicted app: Bascule Cross-App Tracking - Prix: N/A
10-01 12:16:13.732 16673 16787 D AndroidTracking: Event sent to server successfully
10-01 12:16:13.749 16673 16673 D AndroidTracking: Event tracked: ADD_TO_CART - {app=com.google.android.apps.nexuslauncher, packageName=com.google.android.apps.nexuslauncher, productInfo={cartAction=Bascule Cross-App Tracking, productName=Predicted app: Bascule Cross-App Tracking, allTexts=[At a glance, Wed, Oct 1, Wed, Oct 1, Play Store, Play Store, Gmail, Gmail, Photos, Photos, YouTube]}, eventType=cross_app_cart_update}
10-01 12:16:13.750 16673 16673 D CrossAppTracking: ðŸ›’ Produit envoyÃ©: Predicted app: Bascule Cross-App Tracking - Prix: N/A
10-01 12:16:13.761 16673 16787 D AndroidTracking: Event sent to server successfully
10-01 12:16:13.785 16673 16673 D AndroidTracking: Event tracked: ADD_TO_CART - {app=com.google.android.apps.nexuslauncher, packageName=com.google.android.apps.nexuslauncher, productInfo={cartAction=Bascule Cross-App Tracking, productName=Predicted app: Bascule Cross-App Tracking, allTexts=[At a glance, Wed, Oct 1, Wed, Oct 1, Play Store, Play Store, Gmail, Gmail, Photos, Photos, YouTube]}, eventType=cross_app_cart_update}
10-01 12:16:13.786 16673 16673 D CrossAppTracking: ðŸ›’ Produit envoyÃ©: Predicted app: Bascule Cross-App Tracking - Prix: N/A
10-01 12:16:13.801 16673 16787 D AndroidTracking: Event sent to server successfully
10-01 12:16:14.424 16673 16673 D CrossAppTracking: ðŸ“± Ã‰vÃ©nement reÃ§u: 2048 - com.google.android.apps.nexuslauncher
10-01 12:16:14.424 16673 16673 D CrossAppTracking: âœ… App ciblÃ©e dÃ©tectÃ©e: com.google.android.apps.nexuslauncher
10-01 12:16:14.522 16673 16673 D CrossAppTracking: ðŸ“± Ã‰vÃ©nement reÃ§u: 2048 - com.google.android.apps.nexuslauncher
10-01 12:16:14.522 16673 16673 D CrossAppTracking: âœ… App ciblÃ©e dÃ©tectÃ©e: com.google.android.apps.nexuslauncher
10-01 12:16:14.558 16673 16673 D CrossAppTracking: ðŸ“± Ã‰vÃ©nement reÃ§u: 1 - com.google.android.apps.nexuslauncher
10-01 12:16:14.559 16673 16673 D CrossAppTracking: âœ… App ciblÃ©e dÃ©tectÃ©e: com.google.android.apps.nexuslauncher
10-01 12:16:14.590 16673 16673 D CrossAppTracking: ðŸ“± Ã‰vÃ©nement reÃ§u: 2048 - com.google.android.apps.nexuslauncher
10-01 12:16:14.590 16673 16673 D CrossAppTracking: âœ… App ciblÃ©e dÃ©tectÃ©e: com.google.android.apps.nexuslauncher
10-01 12:16:15.087 16673 16673 D CrossAppTracking: ðŸ“± Ã‰vÃ©nement reÃ§u: 2048 - com.google.android.apps.nexuslauncher
10-01 12:16:15.087 16673 16673 D CrossAppTracking: âœ… App ciblÃ©e dÃ©tectÃ©e: com.google.android.apps.nexuslauncher
10-01 12:16:15.094 16673 16673 D CrossAppTracking: ðŸ“± Ã‰vÃ©nement reÃ§u: 2048 - com.android.settings
10-01 12:16:15.097 16673 16673 D CrossAppTracking: âœ… App ciblÃ©e dÃ©tectÃ©e: com.android.settings
10-01 12:16:15.681 16673 16673 D CrossAppTracking: ðŸ“± Ã‰vÃ©nement reÃ§u: 2048 - com.google.android.apps.nexuslauncher
10-01 12:16:15.681 16673 16673 D CrossAppTracking: âœ… App ciblÃ©e dÃ©tectÃ©e: com.google.android.apps.nexuslauncher
10-01 12:16:15.684 16673 16673 D AndroidTracking: Event tracked: ADD_TO_CART - {app=com.google.android.apps.nexuslauncher, packageName=com.google.android.apps.nexuslauncher, productInfo={cartAction=Bascule Cross-App Tracking, productName=Predicted app: Bascule Cross-App Tracking, allTexts=[Bascule Cross-App Tracking, Predicted app: Bascule Cross-App Tracking]}, eventType=cross_app_cart_update}
10-01 12:16:15.686 16673 16673 D CrossAppTracking: ðŸ›’ Produit envoyÃ©: Predicted app: Bascule Cross-App Tracking - Prix: N/A
10-01 12:16:15.686 16673 16673 D AndroidTracking: Event tracked: ADD_TO_CART - {app=com.google.android.apps.nexuslauncher, packageName=com.google.android.apps.nexuslauncher, productInfo={cartAction=Bascule Cross-App Tracking, productName=Predicted app: Bascule Cross-App Tracking, allTexts=[Bascule Cross-App Tracking, Predicted app: Bascule Cross-App Tracking]}, eventType=cross_app_cart_update}
10-01 12:16:15.690 16673 16673 D CrossAppTracking: ðŸ›’ Produit envoyÃ©: Predicted app: Bascule Cross-App Tracking - Prix: N/A
10-01 12:16:15.691 16673 16673 D AndroidTracking: Event tracked: VIEW_CLICKED - {app=com.google.android.apps.nexuslauncher, packageName=com.google.android.apps.nexuslauncher, element={className=android.widget.TextView, contentDescription=Predicted app: Bascule Cross-App Tracking, text=Bascule Cross-App Tracking, resourceId=, clickable=true, bounds={left=824, top=1873, right=997, bottom=2068}}, eventType=cross_app_click, timestamp=1759313774560}
10-01 12:16:15.697 16673 16673 D CrossAppTracking: Click envoyÃ© dans com.google.android.apps.nexuslauncher: {className=android.widget.TextView, contentDescription=Predicted app: Bascule Cross-App Tracking, text=Bascule Cross-App Tracking, resourceId=, clickable=true, bounds={left=824, top=1873, right=997, bottom=2068}}
10-01 12:16:15.697 16673 16673 D AndroidTracking: Event tracked: ADD_TO_CART - {app=com.google.android.apps.nexuslauncher, packageName=com.google.android.apps.nexuslauncher, productInfo={productName=At a glance, allTexts=[At a glance, Wed, Oct 1, Wed, Oct 1, Play Store, Play Store, Gmail, Gmail, Photos, Photos, YouTube]}, eventType=cross_app_cart_update}
10-01 12:16:15.701 16673 16673 D CrossAppTracking: ðŸ›’ Produit envoyÃ©: At a glance - Prix: N/A
10-01 12:16:15.702 16673 16673 D CrossAppTracking: ðŸ“± Ã‰vÃ©nement reÃ§u: 2048 - com.google.android.apps.nexuslauncher
10-01 12:16:15.702 16673 16673 D CrossAppTracking: âœ… App ciblÃ©e dÃ©tectÃ©e: com.google.android.apps.nexuslauncher
10-01 12:16:15.703 16673 16673 D CrossAppTracking: ðŸ“± Ã‰vÃ©nement reÃ§u: 2048 - com.android.settings
10-01 12:16:15.703 16673 16673 D CrossAppTracking: âœ… App ciblÃ©e dÃ©tectÃ©e: com.android.settings
10-01 12:16:15.707 16673 16787 D AndroidTracking: Event sent to server successfully
10-01 12:16:15.742 16673 16785 D AndroidTracking: Event sent to server successfully
10-01 12:16:15.761 16673 16788 D AndroidTracking: Event sent to server successfully
10-01 12:16:15.789 16673 16673 D CrossAppTracking: ðŸ“± Ã‰vÃ©nement reÃ§u: 32 - com.android.settings
10-01 12:16:15.790 16673 16673 D CrossAppTracking: âœ… App ciblÃ©e dÃ©tectÃ©e: com.android.settings
10-01 12:16:15.806 16673 16786 D AndroidTracking: Event sent to server successfully
10-01 12:16:16.185 16673 16673 D AndroidTracking: Event tracked: ADD_TO_CART - {app=com.android.settings, packageName=com.android.settings, productInfo={cartAction=ðŸ›’ Analyse vos interactions shopping (clics, ajouts panier) sur les apps e-commerce pour optimiser votre expÃ©rience d'achat. ðŸ”’ Aucune donnÃ©e personnelle ou sensible collectÃ©e. âœ… Traitement local uniquement., productName=About Bascule Cross-App Tracking
10-01 12:16:16.185 16673 16673 D AndroidTracking: 
10-01 12:16:16.185 16673 16673 D AndroidTracking: ðŸ›’ Analyse vos interactions shopping (clics, ajouts panier) sur les apps e-commerce pour optimiser votre expÃ©rience d'achat. ðŸ”’ Aucune donnÃ©e personnelle ou sensible collectÃ©e. âœ… Traitement local uniquement., allTexts=[Bascule Cross-App Tracking, Navigate up, Bascule Cross-App Tracking, Use Bascule Cross-App Tracking, Options, Bascule Cross-App Tracking shortcut, Off, Shortcut settings, App info, ðŸ›’ Analyse vos interactions shopping (clics, ajouts panier) sur les apps e-commerce pour optimiser votre expÃ©rience d'achat. ðŸ”’ Aucune donnÃ©e personnelle ou sensible collectÃ©e. âœ… Traitement local uniquement.]}, eventType=cross_app_cart_update}
10-01 12:16:16.187 16673 16673 D CrossAppTracking: ðŸ›’ Produit envoyÃ©: About Bascule Cross-App Tracking
10-01 12:16:16.187 16673 16673 D CrossAppTracking: 
10-01 12:16:16.187 16673 16673 D CrossAppTracking: ðŸ›’ Analyse vos interactions shopping (clics, ajouts panier) sur les apps e-commerce pour optimiser votre expÃ©rience d'achat. ðŸ”’ Aucune donnÃ©e personnelle ou sensible collectÃ©e. âœ… Traitement local uniquement. - Prix: N/A
10-01 12:16:16.207 16673 16786 D AndroidTracking: Event sent to server successfully
10-01 12:16:16.292 16673 16673 D AndroidTracking: Event tracked: ADD_TO_CART - {app=com.android.settings, packageName=com.android.settings, productInfo={cartAction=ðŸ›’ Analyse vos interactions shopping (clics, ajouts panier) sur les apps e-commerce pour optimiser votre expÃ©rience d'achat. ðŸ”’ Aucune donnÃ©e personnelle ou sensible collectÃ©e. âœ… Traitement local uniquement., productName=About Bascule Cross-App Tracking
10-01 12:16:16.292 16673 16673 D AndroidTracking: 
10-01 12:16:16.292 16673 16673 D AndroidTracking: ðŸ›’ Analyse vos interactions shopping (clics, ajouts panier) sur les apps e-commerce pour optimiser votre expÃ©rience d'achat. ðŸ”’ Aucune donnÃ©e personnelle ou sensible collectÃ©e. âœ… Traitement local uniquement., allTexts=[Bascule Cross-App Tracking, Navigate up, Bascule Cross-App Tracking, Use Bascule Cross-App Tracking, Options, Bascule Cross-App Tracking shortcut, Off, Shortcut settings, App info, ðŸ›’ Analyse vos interactions shopping (clics, ajouts panier) sur les apps e-commerce pour optimiser votre expÃ©rience d'achat. ðŸ”’ Aucune donnÃ©e personnelle ou sensible collectÃ©e. âœ… Traitement local uniquement.]}, eventType=cross_app_cart_update}
10-01 12:16:16.296 16673 16673 D CrossAppTracking: ðŸ›’ Produit envoyÃ©: About Bascule Cross-App Tracking
10-01 12:16:16.296 16673 16673 D CrossAppTracking: 
10-01 12:16:16.296 16673 16673 D CrossAppTracking: ðŸ›’ Analyse vos interactions shopping (clics, ajouts panier) sur les apps e-commerce pour optimiser votre expÃ©rience d'achat. ðŸ”’ Aucune donnÃ©e personnelle ou sensible collectÃ©e. âœ… Traitement local uniquement. - Prix: N/A
10-01 12:16:16.326 16673 16786 D AndroidTracking: Event sent to server successfully
10-01 12:16:16.329 16673 16673 D AndroidTracking: Event tracked: ADD_TO_CART - {app=com.android.settings, packageName=com.android.settings, productInfo={cartAction=ðŸ›’ Analyse vos interactions shopping (clics, ajouts panier) sur les apps e-commerce pour optimiser votre expÃ©rience d'achat. ðŸ”’ Aucune donnÃ©e personnelle ou sensible collectÃ©e. âœ… Traitement local uniquement., productName=About Bascule Cross-App Tracking
10-01 12:16:16.329 16673 16673 D AndroidTracking: 
10-01 12:16:16.329 16673 16673 D AndroidTracking: ðŸ›’ Analyse vos interactions shopping (clics, ajouts panier) sur les apps e-commerce pour optimiser votre expÃ©rience d'achat. ðŸ”’ Aucune donnÃ©e personnelle ou sensible collectÃ©e. âœ… Traitement local uniquement., allTexts=[Bascule Cross-App Tracking, Navigate up, Bascule Cross-App Tracking, Use Bascule Cross-App Tracking, Options, Bascule Cross-App Tracking shortcut, Off, Shortcut settings, App info, ðŸ›’ Analyse vos interactions shopping (clics, ajouts panier) sur les apps e-commerce pour optimiser votre expÃ©rience d'achat. ðŸ”’ Aucune donnÃ©e personnelle ou sensible collectÃ©e. âœ… Traitement local uniquement.]}, eventType=cross_app_cart_update}
10-01 12:16:16.331 16673 16673 D CrossAppTracking: ðŸ›’ Produit envoyÃ©: About Bascule Cross-App Tracking
