10-01 12:16:30.679 16673 16673 D CrossAppTracking: â€¢ Amazon Shopping
10-01 12:16:30.679 16673 16673 D CrossAppTracking: â€¢ Cdiscount
10-01 12:16:30.679 16673 16673 D CrossAppTracking: â€¢ Monoprix
10-01 12:16:30.679 16673 16673 D CrossAppTracking: 
10-01 12:16:30.679 16673 16673 D CrossAppTracking: Vos donnÃ©es restent privÃ©es et anonymes. - Prix: N/A
10-01 12:16:30.679 16673 16673 D CrossAppTracking: ðŸ“± Ã‰vÃ©nement reÃ§u: 2048 - com.bascule.leclerctracking
10-01 12:16:30.679 16673 16673 D CrossAppTracking: âœ… App ciblÃ©e dÃ©tectÃ©e: com.bascule.leclerctracking
10-01 12:16:30.732 16673 16932 D AndroidTracking: Event sent to server successfully
10-01 12:16:30.734 16673 16673 D CrossAppTracking: ðŸ“± Ã‰vÃ©nement reÃ§u: 4096 - com.bascule.leclerctracking
10-01 12:16:30.734 16673 16673 D CrossAppTracking: âœ… App ciblÃ©e dÃ©tectÃ©e: com.bascule.leclerctracking
10-01 12:16:30.738 16673 16673 D AndroidTracking: Event tracked: SCROLL - {app=com.bascule.leclerctracking, packageName=com.bascule.leclerctracking, scrollX=0, scrollY=814, eventType=cross_app_scroll}
10-01 12:16:30.756 16673 16932 D AndroidTracking: Event sent to server successfully
10-01 12:16:30.777 16673 16673 D AndroidTracking: Event tracked: ADD_TO_CART - {app=com.bascule.leclerctracking, packageName=com.bascule.leclerctracking, productInfo={cartAction=En activant ce service, vous acceptez que Bascule analyse vos interactions dans les apps e-commerce pour amÃ©liorer l'expÃ©rience utilisateur. Aucune donnÃ©e personnelle n'est collectÃ©e., productName=Cette application peut analyser vos interactions sur les apps e-commerce 
10-01 12:16:30.777 16673 16673 D AndroidTracking: pour amÃ©liorer votre expÃ©rience d'achat.
10-01 12:16:30.777 16673 16673 D AndroidTracking: 
10-01 12:16:30.777 16673 16673 D AndroidTracking: Apps supportÃ©es:
10-01 12:16:30.777 16673 16673 D AndroidTracking: â€¢ E.Leclerc Drive
10-01 12:16:30.777 16673 16673 D AndroidTracking: â€¢ Carrefour
10-01 12:16:30.777 16673 16673 D AndroidTracking: â€¢ Auchan Drive  
10-01 12:16:30.777 16673 16673 D AndroidTracking: â€¢ Casino Drive
10-01 12:16:30.777 16673 16673 D AndroidTracking: â€¢ Amazon Shopping
10-01 12:16:30.777 16673 16673 D AndroidTracking: â€¢ Cdiscount
10-01 12:16:30.777 16673 16673 D AndroidTracking: â€¢ Monoprix
10-01 12:16:30.777 16673 16673 D AndroidTracking: 
10-01 12:16:30.777 16673 16673 D AndroidTracking: Vos donnÃ©es restent privÃ©es et anonymes., allTexts=[Bascule Cross-App Tracking, âœ… Service activÃ© - Tracking cross-app fonctionnel, ðŸ“± Tracking Cross-App, Cette application peut analyser vos interactions sur les apps e-commerce 
10-01 12:16:30.777 16673 16673 D AndroidTracking: pour amÃ©liorer votre expÃ©rience d'achat.
10-01 12:16:30.777 16673 16673 D AndroidTracking: 
10-01 12:16:30.777 16673 16673 D AndroidTracking: Apps supportÃ©es:
10-01 12:16:30.777 16673 16673 D AndroidTracking: â€¢ E.Leclerc Drive
10-01 12:16:30.777 16673 16673 D AndroidTracking: â€¢ Carrefour
10-01 12:16:30.777 16673 16673 D AndroidTracking: â€¢ Auchan Drive  
10-01 12:16:30.777 16673 16673 D AndroidTracking: â€¢ Casino Drive
10-01 12:16:30.777 16673 16673 D AndroidTracking: â€¢ Amazon Shopping
10-01 12:16:30.777 16673 16673 D AndroidTracking: â€¢ Cdiscount
10-01 12:16:30.777 16673 16673 D AndroidTracking: â€¢ Monoprix
10-01 12:16:30.777 16673 16673 D AndroidTracking: 
10-01 12:16:30.777 16673 16673 D AndroidTracking: Vos donnÃ©es restent privÃ©es et anonymes., ðŸ”’ ConfidentialitÃ© et Permissions, Permissions requises:
10-01 12:16:30.777 16673 16673 D AndroidTracking: 
10-01 12:16:30.777 16673 16673 D AndroidTracking: ðŸ” Service d'AccessibilitÃ©
10-01 12:16:30.777 16673 16673 D AndroidTracking: Permet de dÃ©tecter les interactions dans les autres apps
10-01 12:16:30.777 16673 16673 D AndroidTracking: 
10-01 12:16:30.777 16673 16673 D AndroidTracking: ðŸ”’ ConfidentialitÃ© Garantie
10-01 12:16:30.777 16673 16673 D AndroidTracking: â€¢ Aucune donnÃ©e personnelle collectÃ©e
10-01 12:16:30.777 16673 16673 D AndroidTracking: â€¢ Pas d'accÃ¨s aux mots de passe
10-01 12:16:30.777 16673 16673 D AndroidTracking: â€¢ Tracking anonyme uniquement
10-01 12:16:30.777 16673 16673 D AndroidTracking: â€¢ DonnÃ©es stockÃ©es localement, DÃ‰SACTIVER LE SERVICE, OUVRIR PARAMÃˆTRES D'ACCESSIBILITÃ‰, MODE INTRA-APP SEULEMENT, ðŸ§ª TEST AUTOMATIQUE CARREFOUR]}, eventType=cross_app_cart_update}
10-01 12:16:30.779 16673 16673 D CrossAppTracking: ðŸ›’ Produit envoyÃ©: Cette application peut analyser vos interactions sur les apps e-commerce 
10-01 12:16:30.779 16673 16673 D CrossAppTracking: pour amÃ©liorer votre expÃ©rience d'achat.
10-01 12:16:30.779 16673 16673 D CrossAppTracking: 
10-01 12:16:30.779 16673 16673 D CrossAppTracking: Apps supportÃ©es:
10-01 12:16:30.779 16673 16673 D CrossAppTracking: â€¢ E.Leclerc Drive
10-01 12:16:30.779 16673 16673 D CrossAppTracking: â€¢ Carrefour
10-01 12:16:30.779 16673 16673 D CrossAppTracking: â€¢ Auchan Drive  
10-01 12:16:30.779 16673 16673 D CrossAppTracking: â€¢ Casino Drive
10-01 12:16:30.779 16673 16673 D CrossAppTracking: â€¢ Amazon Shopping
10-01 12:16:30.779 16673 16673 D CrossAppTracking: â€¢ Cdiscount
10-01 12:16:30.779 16673 16673 D CrossAppTracking: â€¢ Monoprix
10-01 12:16:30.779 16673 16673 D CrossAppTracking: 
10-01 12:16:30.779 16673 16673 D CrossAppTracking: Vos donnÃ©es restent privÃ©es et anonymes. - Prix: N/A
10-01 12:16:30.793 16673 16932 D AndroidTracking: Event sent to server successfully
10-01 12:16:30.835 16673 16673 D AndroidTracking: Event tracked: ADD_TO_CART - {app=com.bascule.leclerctracking, packageName=com.bascule.leclerctracking, productInfo={cartAction=En activant ce service, vous acceptez que Bascule analyse vos interactions dans les apps e-commerce pour amÃ©liorer l'expÃ©rience utilisateur. Aucune donnÃ©e personnelle n'est collectÃ©e., productName=Cette application peut analyser vos interactions sur les apps e-commerce 
10-01 12:16:30.835 16673 16673 D AndroidTracking: pour amÃ©liorer votre expÃ©rience d'achat.
10-01 12:16:30.835 16673 16673 D AndroidTracking: 
10-01 12:16:30.835 16673 16673 D AndroidTracking: Apps supportÃ©es:
10-01 12:16:30.835 16673 16673 D AndroidTracking: â€¢ E.Leclerc Drive
10-01 12:16:30.835 16673 16673 D AndroidTracking: â€¢ Carrefour
10-01 12:16:30.835 16673 16673 D AndroidTracking: â€¢ Auchan Drive  
10-01 12:16:30.835 16673 16673 D AndroidTracking: â€¢ Casino Drive
10-01 12:16:30.835 16673 16673 D AndroidTracking: â€¢ Amazon Shopping
10-01 12:16:30.835 16673 16673 D AndroidTracking: â€¢ Cdiscount
10-01 12:16:30.835 16673 16673 D AndroidTracking: â€¢ Monoprix
10-01 12:16:30.835 16673 16673 D AndroidTracking: 
10-01 12:16:30.835 16673 16673 D AndroidTracking: Vos donnÃ©es restent privÃ©es et anonymes., allTexts=[Bascule Cross-App Tracking, âœ… Service activÃ© - Tracking cross-app fonctionnel, ðŸ“± Tracking Cross-App, Cette application peut analyser vos interactions sur les apps e-commerce 
10-01 12:16:30.835 16673 16673 D AndroidTracking: pour amÃ©liorer votre expÃ©rience d'achat.
10-01 12:16:30.835 16673 16673 D AndroidTracking: 
10-01 12:16:30.835 16673 16673 D AndroidTracking: Apps supportÃ©es:
10-01 12:16:30.835 16673 16673 D AndroidTracking: â€¢ E.Leclerc Drive
10-01 12:16:30.835 16673 16673 D AndroidTracking: â€¢ Carrefour
10-01 12:16:30.835 16673 16673 D AndroidTracking: â€¢ Auchan Drive  
10-01 12:16:30.835 16673 16673 D AndroidTracking: â€¢ Casino Drive
10-01 12:16:30.835 16673 16673 D AndroidTracking: â€¢ Amazon Shopping
10-01 12:16:30.835 16673 16673 D AndroidTracking: â€¢ Cdiscount
10-01 12:16:30.835 16673 16673 D AndroidTracking: â€¢ Monoprix
10-01 12:16:30.835 16673 16673 D AndroidTracking: 
10-01 12:16:30.835 16673 16673 D AndroidTracking: Vos donnÃ©es restent privÃ©es et anonymes., ðŸ”’ ConfidentialitÃ© et Permissions, Permissions requises:
10-01 12:16:30.835 16673 16673 D AndroidTracking: 
10-01 12:16:30.835 16673 16673 D AndroidTracking: ðŸ” Service d'AccessibilitÃ©
10-01 12:16:30.835 16673 16673 D AndroidTracking: Permet de dÃ©tecter les interactions dans les autres apps
10-01 12:16:30.835 16673 16673 D AndroidTracking: 
10-01 12:16:30.835 16673 16673 D AndroidTracking: ðŸ”’ ConfidentialitÃ© Garantie
10-01 12:16:30.835 16673 16673 D AndroidTracking: â€¢ Aucune donnÃ©e personnelle collectÃ©e
10-01 12:16:30.835 16673 16673 D AndroidTracking: â€¢ Pas d'accÃ¨s aux mots de passe
10-01 12:16:30.835 16673 16673 D AndroidTracking: â€¢ Tracking anonyme uniquement
10-01 12:16:30.835 16673 16673 D AndroidTracking: â€¢ DonnÃ©es stockÃ©es localement, DÃ‰SACTIVER LE SERVICE, OUVRIR PARAMÃˆTRES D'ACCESSIBILITÃ‰, MODE INTRA-APP SEULEMENT, ðŸ§ª TEST AUTOMATIQUE CARREFOUR]}, eventType=cross_app_cart_update}
10-01 12:16:30.840 16673 16673 D CrossAppTracking: ðŸ›’ Produit envoyÃ©: Cette application peut analyser vos interactions sur les apps e-commerce 
10-01 12:16:30.840 16673 16673 D CrossAppTracking: pour amÃ©liorer votre expÃ©rience d'achat.
10-01 12:16:30.840 16673 16673 D CrossAppTracking: 
10-01 12:16:30.840 16673 16673 D CrossAppTracking: Apps supportÃ©es:
10-01 12:16:30.840 16673 16673 D CrossAppTracking: â€¢ E.Leclerc Drive
10-01 12:16:30.840 16673 16673 D CrossAppTracking: â€¢ Carrefour
10-01 12:16:30.840 16673 16673 D CrossAppTracking: â€¢ Auchan Drive  
10-01 12:16:30.840 16673 16673 D CrossAppTracking: â€¢ Casino Drive
10-01 12:16:30.840 16673 16673 D CrossAppTracking: â€¢ Amazon Shopping
10-01 12:16:30.840 16673 16673 D CrossAppTracking: â€¢ Cdiscount
10-01 12:16:30.840 16673 16673 D CrossAppTracking: â€¢ Monoprix
10-01 12:16:30.840 16673 16673 D CrossAppTracking: 
10-01 12:16:30.840 16673 16673 D CrossAppTracking: Vos donnÃ©es restent privÃ©es et anonymes. - Prix: N/A
10-01 12:16:30.847 16673 16932 D AndroidTracking: Event sent to server successfully
10-01 12:16:30.977 16673 16673 D AndroidTracking: Event tracked: ADD_TO_CART - {app=com.bascule.leclerctracking, packageName=com.bascule.leclerctracking, productInfo={cartAction=En activant ce service, vous acceptez que Bascule analyse vos interactions dans les apps e-commerce pour amÃ©liorer l'expÃ©rience utilisateur. Aucune donnÃ©e personnelle n'est collectÃ©e., productName=Cette application peut analyser vos interactions sur les apps e-commerce 
10-01 12:16:30.977 16673 16673 D AndroidTracking: pour amÃ©liorer votre expÃ©rience d'achat.
10-01 12:16:30.977 16673 16673 D AndroidTracking: 
10-01 12:16:30.977 16673 16673 D AndroidTracking: Apps supportÃ©es:
10-01 12:16:30.977 16673 16673 D AndroidTracking: â€¢ E.Leclerc Drive
10-01 12:16:30.977 16673 16673 D AndroidTracking: â€¢ Carrefour
10-01 12:16:30.977 16673 16673 D AndroidTracking: â€¢ Auchan Drive  
10-01 12:16:30.977 16673 16673 D AndroidTracking: â€¢ Casino Drive
10-01 12:16:30.977 16673 16673 D AndroidTracking: â€¢ Amazon Shopping
10-01 12:16:30.977 16673 16673 D AndroidTracking: â€¢ Cdiscount
10-01 12:16:30.977 16673 16673 D AndroidTracking: â€¢ Monoprix
10-01 12:16:30.977 16673 16673 D AndroidTracking: 
10-01 12:16:30.977 16673 16673 D AndroidTracking: Vos donnÃ©es restent privÃ©es et anonymes., allTexts=[Bascule Cross-App Tracking, âœ… Service activÃ© - Tracking cross-app fonctionnel, ðŸ“± Tracking Cross-App, Cette application peut analyser vos interactions sur les apps e-commerce 
10-01 12:16:30.977 16673 16673 D AndroidTracking: pour amÃ©liorer votre expÃ©rience d'achat.
10-01 12:16:30.977 16673 16673 D AndroidTracking: 
10-01 12:16:30.977 16673 16673 D AndroidTracking: Apps supportÃ©es:
10-01 12:16:30.977 16673 16673 D AndroidTracking: â€¢ E.Leclerc Drive
10-01 12:16:30.977 16673 16673 D AndroidTracking: â€¢ Carrefour
10-01 12:16:30.977 16673 16673 D AndroidTracking: â€¢ Auchan Drive  
10-01 12:16:30.977 16673 16673 D AndroidTracking: â€¢ Casino Drive
10-01 12:16:30.977 16673 16673 D AndroidTracking: â€¢ Amazon Shopping
10-01 12:16:30.977 16673 16673 D AndroidTracking: â€¢ Cdiscount
10-01 12:16:30.977 16673 16673 D AndroidTracking: â€¢ Monoprix
10-01 12:16:30.977 16673 16673 D AndroidTracking: 
10-01 12:16:30.977 16673 16673 D AndroidTracking: Vos donnÃ©es restent privÃ©es et anonymes., ðŸ”’ ConfidentialitÃ© et Permissions, Permissions requises:
10-01 12:16:30.977 16673 16673 D AndroidTracking: 
10-01 12:16:30.977 16673 16673 D AndroidTracking: ðŸ” Service d'AccessibilitÃ©
10-01 12:16:30.977 16673 16673 D AndroidTracking: Permet de dÃ©tecter les interactions dans les autres apps
10-01 12:16:30.977 16673 16673 D AndroidTracking: 
10-01 12:16:30.977 16673 16673 D AndroidTracking: ðŸ”’ ConfidentialitÃ© Garantie
10-01 12:16:30.977 16673 16673 D AndroidTracking: â€¢ Aucune donnÃ©e personnelle collectÃ©e
10-01 12:16:30.977 16673 16673 D AndroidTracking: â€¢ Pas d'accÃ¨s aux mots de passe
10-01 12:16:30.977 16673 16673 D AndroidTracking: â€¢ Tracking anonyme uniquement
10-01 12:16:30.977 16673 16673 D AndroidTracking: â€¢ DonnÃ©es stockÃ©es localement, DÃ‰SACTIVER LE SERVICE, OUVRIR PARAMÃˆTRES D'ACCESSIBILITÃ‰, MODE INTRA-APP SEULEMENT, ðŸ§ª TEST AUTOMATIQUE CARREFOUR]}, eventType=cross_app_cart_update}
10-01 12:16:30.978 16673 16673 D CrossAppTracking: ðŸ›’ Produit envoyÃ©: Cette application peut analyser vos interactions sur les apps e-commerce 
10-01 12:16:30.978 16673 16673 D CrossAppTracking: pour amÃ©liorer votre expÃ©rience d'achat.
10-01 12:16:30.978 16673 16673 D CrossAppTracking: 
10-01 12:16:30.978 16673 16673 D CrossAppTracking: Apps supportÃ©es:
10-01 12:16:30.978 16673 16673 D CrossAppTracking: â€¢ E.Leclerc Drive
10-01 12:16:30.978 16673 16673 D CrossAppTracking: â€¢ Carrefour
10-01 12:16:30.978 16673 16673 D CrossAppTracking: â€¢ Auchan Drive  
10-01 12:16:30.978 16673 16673 D CrossAppTracking: â€¢ Casino Drive
10-01 12:16:30.978 16673 16673 D CrossAppTracking: â€¢ Amazon Shopping
10-01 12:16:30.978 16673 16673 D CrossAppTracking: â€¢ Cdiscount
10-01 12:16:30.978 16673 16673 D CrossAppTracking: â€¢ Monoprix
10-01 12:16:30.978 16673 16673 D CrossAppTracking: 
10-01 12:16:30.978 16673 16673 D CrossAppTracking: Vos donnÃ©es restent privÃ©es et anonymes. - Prix: N/A
10-01 12:16:30.998 16673 16932 D AndroidTracking: Event sent to server successfully
10-01 12:16:31.110 16673 16673 D AndroidTracking: Event tracked: ADD_TO_CART - {app=com.bascule.leclerctracking, packageName=com.bascule.leclerctracking, productInfo={cartAction=En activant ce service, vous acceptez que Bascule analyse vos interactions dans les apps e-commerce pour amÃ©liorer l'expÃ©rience utilisateur. Aucune donnÃ©e personnelle n'est collectÃ©e., productName=Cette application peut analyser vos interactions sur les apps e-commerce 
10-01 12:16:31.110 16673 16673 D AndroidTracking: pour amÃ©liorer votre expÃ©rience d'achat.
10-01 12:16:31.110 16673 16673 D AndroidTracking: 
10-01 12:16:31.110 16673 16673 D AndroidTracking: Apps supportÃ©es:
10-01 12:16:31.110 16673 16673 D AndroidTracking: â€¢ E.Leclerc Drive
10-01 12:16:31.110 16673 16673 D AndroidTracking: â€¢ Carrefour
10-01 12:16:31.110 16673 16673 D AndroidTracking: â€¢ Auchan Drive  
10-01 12:16:31.110 16673 16673 D AndroidTracking: â€¢ Casino Drive
10-01 12:16:31.110 16673 16673 D AndroidTracking: â€¢ Amazon Shopping
10-01 12:16:31.110 16673 16673 D AndroidTracking: â€¢ Cdiscount
10-01 12:16:31.110 16673 16673 D AndroidTracking: â€¢ Monoprix
10-01 12:16:31.110 16673 16673 D AndroidTracking: 
10-01 12:16:31.110 16673 16673 D AndroidTracking: Vos donnÃ©es restent privÃ©es et anonymes., allTexts=[Bascule Cross-App Tracking, âœ… Service activÃ© - Tracking cross-app fonctionnel, ðŸ“± Tracking Cross-App, Cette application peut analyser vos interactions sur les apps e-commerce 
10-01 12:16:31.110 16673 16673 D AndroidTracking: pour amÃ©liorer votre expÃ©rience d'achat.
10-01 12:16:31.110 16673 16673 D AndroidTracking: 
10-01 12:16:31.110 16673 16673 D AndroidTracking: Apps supportÃ©es:
10-01 12:16:31.110 16673 16673 D AndroidTracking: â€¢ E.Leclerc Drive
10-01 12:16:31.110 16673 16673 D AndroidTracking: â€¢ Carrefour
10-01 12:16:31.110 16673 16673 D AndroidTracking: â€¢ Auchan Drive  
10-01 12:16:31.110 16673 16673 D AndroidTracking: â€¢ Casino Drive
10-01 12:16:31.110 16673 16673 D AndroidTracking: â€¢ Amazon Shopping
10-01 12:16:31.110 16673 16673 D AndroidTracking: â€¢ Cdiscount
10-01 12:16:31.110 16673 16673 D AndroidTracking: â€¢ Monoprix
10-01 12:16:31.110 16673 16673 D AndroidTracking: 
10-01 12:16:31.110 16673 16673 D AndroidTracking: Vos donnÃ©es restent privÃ©es et anonymes., ðŸ”’ ConfidentialitÃ© et Permissions, Permissions requises:
10-01 12:16:31.110 16673 16673 D AndroidTracking: 
10-01 12:16:31.110 16673 16673 D AndroidTracking: ðŸ” Service d'AccessibilitÃ©
10-01 12:16:31.110 16673 16673 D AndroidTracking: Permet de dÃ©tecter les interactions dans les autres apps
10-01 12:16:31.110 16673 16673 D AndroidTracking: 
10-01 12:16:31.110 16673 16673 D AndroidTracking: ðŸ”’ ConfidentialitÃ© Garantie
10-01 12:16:31.110 16673 16673 D AndroidTracking: â€¢ Aucune donnÃ©e personnelle collectÃ©e
10-01 12:16:31.110 16673 16673 D AndroidTracking: â€¢ Pas d'accÃ¨s aux mots de passe
10-01 12:16:31.110 16673 16673 D AndroidTracking: â€¢ Tracking anonyme uniquement
10-01 12:16:31.110 16673 16673 D AndroidTracking: â€¢ DonnÃ©es stockÃ©es localement, DÃ‰SACTIVER LE SERVICE, OUVRIR PARAMÃˆTRES D'ACCESSIBILITÃ‰, MODE INTRA-APP SEULEMENT, ðŸ§ª TEST AUTOMATIQUE CARREFOUR]}, eventType=cross_app_cart_update}
10-01 12:16:31.111 16673 16673 D CrossAppTracking: ðŸ›’ Produit envoyÃ©: Cette application peut analyser vos interactions sur les apps e-commerce 
10-01 12:16:31.111 16673 16673 D CrossAppTracking: pour amÃ©liorer votre expÃ©rience d'achat.
10-01 12:16:31.111 16673 16673 D CrossAppTracking: 
10-01 12:16:31.111 16673 16673 D CrossAppTracking: Apps supportÃ©es:
10-01 12:16:31.111 16673 16673 D CrossAppTracking: â€¢ E.Leclerc Drive
10-01 12:16:31.111 16673 16673 D CrossAppTracking: â€¢ Carrefour
10-01 12:16:31.111 16673 16673 D CrossAppTracking: â€¢ Auchan Drive  
10-01 12:16:31.111 16673 16673 D CrossAppTracking: â€¢ Casino Drive
10-01 12:16:31.111 16673 16673 D CrossAppTracking: â€¢ Amazon Shopping
10-01 12:16:31.111 16673 16673 D CrossAppTracking: â€¢ Cdiscount
10-01 12:16:31.111 16673 16673 D CrossAppTracking: â€¢ Monoprix
10-01 12:16:31.111 16673 16673 D CrossAppTracking: 
10-01 12:16:31.111 16673 16673 D CrossAppTracking: Vos donnÃ©es restent privÃ©es et anonymes. - Prix: N/A
10-01 12:16:31.124 16673 16932 D AndroidTracking: Event sent to server successfully
10-01 12:16:31.165 16673 16673 D AndroidTracking: Event tracked: ADD_TO_CART - {app=com.bascule.leclerctracking, packageName=com.bascule.leclerctracking, productInfo={cartAction=En activant ce service, vous acceptez que Bascule analyse vos interactions dans les apps e-commerce pour amÃ©liorer l'expÃ©rience utilisateur. Aucune donnÃ©e personnelle n'est collectÃ©e., productName=Cette application peut analyser vos interactions sur les apps e-commerce 
10-01 12:16:31.165 16673 16673 D AndroidTracking: pour amÃ©liorer votre expÃ©rience d'achat.
10-01 12:16:31.165 16673 16673 D AndroidTracking: 
10-01 12:16:31.165 16673 16673 D AndroidTracking: Apps supportÃ©es:
10-01 12:16:31.165 16673 16673 D AndroidTracking: â€¢ E.Leclerc Drive
10-01 12:16:31.165 16673 16673 D AndroidTracking: â€¢ Carrefour
10-01 12:16:31.165 16673 16673 D AndroidTracking: â€¢ Auchan Drive  
10-01 12:16:31.165 16673 16673 D AndroidTracking: â€¢ Casino Drive
10-01 12:16:31.165 16673 16673 D AndroidTracking: â€¢ Amazon Shopping
10-01 12:16:31.165 16673 16673 D AndroidTracking: â€¢ Cdiscount
10-01 12:16:31.165 16673 16673 D AndroidTracking: â€¢ Monoprix
10-01 12:16:31.165 16673 16673 D AndroidTracking: 
10-01 12:16:31.165 16673 16673 D AndroidTracking: Vos donnÃ©es restent privÃ©es et anonymes., allTexts=[Bascule Cross-App Tracking, âœ… Service activÃ© - Tracking cross-app fonctionnel, ðŸ“± Tracking Cross-App, Cette application peut analyser vos interactions sur les apps e-commerce 
10-01 12:16:31.165 16673 16673 D AndroidTracking: pour amÃ©liorer votre expÃ©rience d'achat.
10-01 12:16:31.165 16673 16673 D AndroidTracking: 
10-01 12:16:31.165 16673 16673 D AndroidTracking: Apps supportÃ©es:
10-01 12:16:31.165 16673 16673 D AndroidTracking: â€¢ E.Leclerc Drive
10-01 12:16:31.165 16673 16673 D AndroidTracking: â€¢ Carrefour
10-01 12:16:31.165 16673 16673 D AndroidTracking: â€¢ Auchan Drive  
10-01 12:16:31.165 16673 16673 D AndroidTracking: â€¢ Casino Drive
10-01 12:16:31.165 16673 16673 D AndroidTracking: â€¢ Amazon Shopping
10-01 12:16:31.165 16673 16673 D AndroidTracking: â€¢ Cdiscount
10-01 12:16:31.165 16673 16673 D AndroidTracking: â€¢ Monoprix
10-01 12:16:31.165 16673 16673 D AndroidTracking: 
10-01 12:16:31.165 16673 16673 D AndroidTracking: Vos donnÃ©es restent privÃ©es et anonymes., ðŸ”’ ConfidentialitÃ© et Permissions, Permissions requises:
10-01 12:16:31.165 16673 16673 D AndroidTracking: 
10-01 12:16:31.165 16673 16673 D AndroidTracking: ðŸ” Service d'AccessibilitÃ©
10-01 12:16:31.165 16673 16673 D AndroidTracking: Permet de dÃ©tecter les interactions dans les autres apps
10-01 12:16:31.165 16673 16673 D AndroidTracking: 
10-01 12:16:31.165 16673 16673 D AndroidTracking: ðŸ”’ ConfidentialitÃ© Garantie
10-01 12:16:31.165 16673 16673 D AndroidTracking: â€¢ Aucune donnÃ©e personnelle collectÃ©e
10-01 12:16:31.165 16673 16673 D AndroidTracking: â€¢ Pas d'accÃ¨s aux mots de passe
10-01 12:16:31.165 16673 16673 D AndroidTracking: â€¢ Tracking anonyme uniquement
10-01 12:16:31.165 16673 16673 D AndroidTracking: â€¢ DonnÃ©es stockÃ©es localement, DÃ‰SACTIVER LE SERVICE, OUVRIR PARAMÃˆTRES D'ACCESSIBILITÃ‰, MODE INTRA-APP SEULEMENT, ðŸ§ª TEST AUTOMATIQUE CARREFOUR]}, eventType=cross_app_cart_update}
10-01 12:16:31.167 16673 16673 D CrossAppTracking: ðŸ›’ Produit envoyÃ©: Cette application peut analyser vos interactions sur les apps e-commerce 
10-01 12:16:31.167 16673 16673 D CrossAppTracking: pour amÃ©liorer votre expÃ©rience d'achat.
10-01 12:16:31.167 16673 16673 D CrossAppTracking: 
10-01 12:16:31.167 16673 16673 D CrossAppTracking: Apps supportÃ©es:
10-01 12:16:31.167 16673 16673 D CrossAppTracking: â€¢ E.Leclerc Drive
10-01 12:16:31.167 16673 16673 D CrossAppTracking: â€¢ Carrefour
10-01 12:16:31.167 16673 16673 D CrossAppTracking: â€¢ Auchan Drive  
10-01 12:16:31.167 16673 16673 D CrossAppTracking: â€¢ Casino Drive
10-01 12:16:31.167 16673 16673 D CrossAppTracking: â€¢ Amazon Shopping
10-01 12:16:31.167 16673 16673 D CrossAppTracking: â€¢ Cdiscount
10-01 12:16:31.167 16673 16673 D CrossAppTracking: â€¢ Monoprix
10-01 12:16:31.167 16673 16673 D CrossAppTracking: 
10-01 12:16:31.167 16673 16673 D CrossAppTracking: Vos donnÃ©es restent privÃ©es et anonymes. - Prix: N/A
10-01 12:16:31.199 16673 16932 D AndroidTracking: Event sent to server successfully
10-01 12:16:31.223 16673 16673 D AndroidTracking: Event tracked: ADD_TO_CART - {app=com.bascule.leclerctracking, packageName=com.bascule.leclerctracking, productInfo={cartAction=En activant ce service, vous acceptez que Bascule analyse vos interactions dans les apps e-commerce pour amÃ©liorer l'expÃ©rience utilisateur. Aucune donnÃ©e personnelle n'est collectÃ©e., productName=Cette application peut analyser vos interactions sur les apps e-commerce 
10-01 12:16:31.223 16673 16673 D AndroidTracking: pour amÃ©liorer votre expÃ©rience d'achat.
10-01 12:16:31.223 16673 16673 D AndroidTracking: 
10-01 12:16:31.223 16673 16673 D AndroidTracking: Apps supportÃ©es:
10-01 12:16:31.223 16673 16673 D AndroidTracking: â€¢ E.Leclerc Drive
10-01 12:16:31.223 16673 16673 D AndroidTracking: â€¢ Carrefour
10-01 12:16:31.223 16673 16673 D AndroidTracking: â€¢ Auchan Drive  
10-01 12:16:31.223 16673 16673 D AndroidTracking: â€¢ Casino Drive
10-01 12:16:31.223 16673 16673 D AndroidTracking: â€¢ Amazon Shopping
10-01 12:16:31.223 16673 16673 D AndroidTracking: â€¢ Cdiscount
10-01 12:16:31.223 16673 16673 D AndroidTracking: â€¢ Monoprix
10-01 12:16:31.223 16673 16673 D AndroidTracking: 
10-01 12:16:31.223 16673 16673 D AndroidTracking: Vos donnÃ©es restent privÃ©es et anonymes., allTexts=[Bascule Cross-App Tracking, âœ… Service activÃ© - Tracking cross-app fonctionnel, ðŸ“± Tracking Cross-App, Cette application peut analyser vos interactions sur les apps e-commerce 
10-01 12:16:31.223 16673 16673 D AndroidTracking: pour amÃ©liorer votre expÃ©rience d'achat.
10-01 12:16:31.223 16673 16673 D AndroidTracking: 
10-01 12:16:31.223 16673 16673 D AndroidTracking: Apps supportÃ©es:
10-01 12:16:31.223 16673 16673 D AndroidTracking: â€¢ E.Leclerc Drive
10-01 12:16:31.223 16673 16673 D AndroidTracking: â€¢ Carrefour
10-01 12:16:31.223 16673 16673 D AndroidTracking: â€¢ Auchan Drive  
10-01 12:16:31.223 16673 16673 D AndroidTracking: â€¢ Casino Drive
10-01 12:16:31.223 16673 16673 D AndroidTracking: â€¢ Amazon Shopping
10-01 12:16:31.223 16673 16673 D AndroidTracking: â€¢ Cdiscount
10-01 12:16:31.223 16673 16673 D AndroidTracking: â€¢ Monoprix
10-01 12:16:31.223 16673 16673 D AndroidTracking: 
10-01 12:16:31.223 16673 16673 D AndroidTracking: Vos donnÃ©es restent privÃ©es et anonymes., ðŸ”’ ConfidentialitÃ© et Permissions, Permissions requises:
10-01 12:16:31.223 16673 16673 D AndroidTracking: 
10-01 12:16:31.223 16673 16673 D AndroidTracking: ðŸ” Service d'AccessibilitÃ©
10-01 12:16:31.223 16673 16673 D AndroidTracking: Permet de dÃ©tecter les interactions dans les autres apps
10-01 12:16:31.223 16673 16673 D AndroidTracking: 
10-01 12:16:31.223 16673 16673 D AndroidTracking: ðŸ”’ ConfidentialitÃ© Garantie
10-01 12:16:31.223 16673 16673 D AndroidTracking: â€¢ Aucune donnÃ©e personnelle collectÃ©e
10-01 12:16:31.223 16673 16673 D AndroidTracking: â€¢ Pas d'accÃ¨s aux mots de passe
10-01 12:16:31.223 16673 16673 D AndroidTracking: â€¢ Tracking anonyme uniquement
10-01 12:16:31.223 16673 16673 D AndroidTracking: â€¢ DonnÃ©es stockÃ©es localement, DÃ‰SACTIVER LE SERVICE, OUVRIR PARAMÃˆTRES D'ACCESSIBILITÃ‰, MODE INTRA-APP SEULEMENT, ðŸ§ª TEST AUTOMATIQUE CARREFOUR]}, eventType=cross_app_cart_update}
10-01 12:16:31.226 16673 16673 D CrossAppTracking: ðŸ›’ Produit envoyÃ©: Cette application peut analyser vos interactions sur les apps e-commerce 
10-01 12:16:31.226 16673 16673 D CrossAppTracking: pour amÃ©liorer votre expÃ©rience d'achat.
10-01 12:16:31.226 16673 16673 D CrossAppTracking: 
10-01 12:16:31.226 16673 16673 D CrossAppTracking: Apps supportÃ©es:
10-01 12:16:31.226 16673 16673 D CrossAppTracking: â€¢ E.Leclerc Drive
10-01 12:16:31.226 16673 16673 D CrossAppTracking: â€¢ Carrefour
10-01 12:16:31.226 16673 16673 D CrossAppTracking: â€¢ Auchan Drive  
10-01 12:16:31.226 16673 16673 D CrossAppTracking: â€¢ Casino Drive
10-01 12:16:31.226 16673 16673 D CrossAppTracking: â€¢ Amazon Shopping
10-01 12:16:31.226 16673 16673 D CrossAppTracking: â€¢ Cdiscount
10-01 12:16:31.226 16673 16673 D CrossAppTracking: â€¢ Monoprix
10-01 12:16:31.226 16673 16673 D CrossAppTracking: 
10-01 12:16:31.226 16673 16673 D CrossAppTracking: Vos donnÃ©es restent privÃ©es et anonymes. - Prix: N/A
10-01 12:16:31.242 16673 16932 D AndroidTracking: Event sent to server successfully
10-01 12:16:34.116 16673 16673 D CrossAppTracking: ðŸ“± Ã‰vÃ©nement reÃ§u: 1 - com.bascule.leclerctracking
10-01 12:16:34.116 16673 16673 D CrossAppTracking: âœ… App ciblÃ©e dÃ©tectÃ©e: com.bascule.leclerctracking
10-01 12:16:34.159 16673 16673 D CrossAppTracking: ðŸ“± Ã‰vÃ©nement reÃ§u: 2048 - com.bascule.leclerctracking
10-01 12:16:34.159 16673 16673 D CrossAppTracking: âœ… App ciblÃ©e dÃ©tectÃ©e: com.bascule.leclerctracking
10-01 12:16:34.354 16673 16673 D CrossAppTracking: ðŸ“± Ã‰vÃ©nement reÃ§u: 32 - com.bascule.leclerctracking
10-01 12:16:34.354 16673 16673 D CrossAppTracking: âœ… App ciblÃ©e dÃ©tectÃ©e: com.bascule.leclerctracking
10-01 12:16:34.651 16673 16673 D AndroidTracking: Event tracked: VIEW_CLICKED - {app=com.bascule.leclerctracking, packageName=com.bascule.leclerctracking, element={}, eventType=cross_app_click, timestamp=1759313794135}
10-01 12:16:34.654 16673 16673 D CrossAppTracking: Click envoyÃ© dans com.bascule.leclerctracking: {}
10-01 12:16:34.662 16673 16932 D AndroidTracking: Event sent to server successfully
10-01 12:16:34.689 16673 16673 D AndroidTracking: Event tracked: ADD_TO_CART - {app=com.bascule.leclerctracking, packageName=com.bascule.leclerctracking, productInfo={productName=Ce test va lancer Carrefour et observer les Ã©vÃ©nements capturÃ©s par le service d'accessibilitÃ©., allTexts=[Test Automatique Carrefour, Ce test va lancer Carrefour et observer les Ã©vÃ©nements capturÃ©s par le service d'accessibilitÃ©., ðŸš€ DÃ‰MARRER LE TEST, Logs du test :, PrÃªt Ã  dÃ©marrer le test...]}, eventType=cross_app_cart_update}
10-01 12:16:34.690 16673 16673 D CrossAppTracking: ðŸ›’ Produit envoyÃ©: Ce test va lancer Carrefour et observer les Ã©vÃ©nements capturÃ©s par le service d'accessibilitÃ©. - Prix: N/A
10-01 12:16:34.701 16673 16932 D AndroidTracking: Event sent to server successfully
10-01 12:16:34.886 16673 16673 D AndroidTracking: Event tracked: ADD_TO_CART - {app=com.bascule.leclerctracking, packageName=com.bascule.leclerctracking, productInfo={productName=Ce test va lancer Carrefour et observer les Ã©vÃ©nements capturÃ©s par le service d'accessibilitÃ©., allTexts=[Test Automatique Carrefour, Ce test va lancer Carrefour et observer les Ã©vÃ©nements capturÃ©s par le service d'accessibilitÃ©., ðŸš€ DÃ‰MARRER LE TEST, Logs du test :, PrÃªt Ã  dÃ©marrer le test...]}, eventType=cross_app_cart_update}
10-01 12:16:34.888 16673 16673 D CrossAppTracking: ðŸ›’ Produit envoyÃ©: Ce test va lancer Carrefour et observer les Ã©vÃ©nements capturÃ©s par le service d'accessibilitÃ©. - Prix: N/A
10-01 12:16:34.901 16673 16932 D AndroidTracking: Event sent to server successfully
10-01 12:16:37.161 16673 16673 D CrossAppTracking: ðŸ“± Ã‰vÃ©nement reÃ§u: 1 - com.bascule.leclerctracking
10-01 12:16:37.161 16673 16673 D CrossAppTracking: âœ… App ciblÃ©e dÃ©tectÃ©e: com.bascule.leclerctracking
10-01 12:16:37.205 16673 16673 D CrossAppTracking: ðŸ“± Ã‰vÃ©nement reÃ§u: 2048 - com.bascule.leclerctracking
10-01 12:16:37.245 16673 16673 D CrossAppTracking: âœ… App ciblÃ©e dÃ©tectÃ©e: com.bascule.leclerctracking
10-01 12:16:37.315 16673 16673 D CrossAppTracking: ðŸ“± Ã‰vÃ©nement reÃ§u: 2048 - com.bascule.leclerctracking
10-01 12:16:37.316 16673 16673 D CrossAppTracking: âœ… App ciblÃ©e dÃ©tectÃ©e: com.bascule.leclerctracking
10-01 12:16:37.707 16673 16673 D AndroidTracking: Event tracked: VIEW_CLICKED - {app=com.bascule.leclerctracking, packageName=com.bascule.leclerctracking, element={className=android.widget.Button, contentDescription=, text=ðŸš€ DÃ‰MARRER LE TEST, resourceId=com.bascule.leclerctracking:id/startTestButton, clickable=true, bounds={left=42, top=368, right=1038, bottom=545}}, eventType=cross_app_click, timestamp=1759313797180}
10-01 12:16:37.709 16673 16673 D CrossAppTracking: Click envoyÃ© dans com.bascule.leclerctracking: {className=android.widget.Button, contentDescription=, text=ðŸš€ DÃ‰MARRER LE TEST, resourceId=com.bascule.leclerctracking:id/startTestButton, clickable=true, bounds={left=42, top=368, right=1038, bottom=545}}
10-01 12:16:37.719 16673 16932 D AndroidTracking: Event sent to server successfully
10-01 12:16:37.797 16673 16673 D AndroidTracking: Event tracked: ADD_TO_CART - {app=com.bascule.leclerctracking, packageName=com.bascule.leclerctracking, productInfo={productName=12:16:36 ðŸš€ DÃ©marrage du test automatique Carrefour
10-01 12:16:37.797 16673 16673 D AndroidTracking: 12:16:36 ðŸ“± Lancement de Carrefour...
10-01 12:16:37.797 16673 16673 D AndroidTracking: 12:16:37 âœ… Carrefour lancÃ©
10-01 12:16:37.797 16673 16673 D AndroidTracking: , allTexts=[12:16:36 ðŸš€ DÃ©marrage du test automatique Carrefour
10-01 12:16:37.797 16673 16673 D AndroidTracking: 12:16:36 ðŸ“± Lancement de Carrefour...
10-01 12:16:37.797 16673 16673 D AndroidTracking: 12:16:37 âœ… Carrefour lancÃ©
10-01 12:16:37.797 16673 16673 D AndroidTracking: ]}, eventType=cross_app_cart_update}
10-01 12:16:37.802 16673 16673 D CrossAppTracking: ðŸ›’ Produit envoyÃ©: 12:16:36 ðŸš€ DÃ©marrage du test automatique Carrefour
10-01 12:16:37.802 16673 16673 D CrossAppTracking: 12:16:36 ðŸ“± Lancement de Carrefour...
10-01 12:16:37.802 16673 16673 D CrossAppTracking: 12:16:37 âœ… Carrefour lancÃ©
10-01 12:16:37.802 16673 16673 D CrossAppTracking:  - Prix: N/A
10-01 12:16:37.826 16673 16932 D AndroidTracking: Event sent to server successfully
10-01 12:16:37.986 16673 16673 D AndroidTracking: Event tracked: ADD_TO_CART - {app=com.bascule.leclerctracking, packageName=com.bascule.leclerctracking, productInfo={productName=12:16:36 ðŸš€ DÃ©marrage du test automatique Carrefour
10-01 12:16:37.986 16673 16673 D AndroidTracking: 12:16:36 ðŸ“± Lancement de Carrefour...
10-01 12:16:37.986 16673 16673 D AndroidTracking: 12:16:37 âœ… Carrefour lancÃ©
10-01 12:16:37.986 16673 16673 D AndroidTracking: , allTexts=[12:16:36 ðŸš€ DÃ©marrage du test automatique Carrefour
10-01 12:16:37.986 16673 16673 D AndroidTracking: 12:16:36 ðŸ“± Lancement de Carrefour...
10-01 12:16:37.986 16673 16673 D AndroidTracking: 12:16:37 âœ… Carrefour lancÃ©
10-01 12:16:37.986 16673 16673 D AndroidTracking: ]}, eventType=cross_app_cart_update}
10-01 12:16:37.987 16673 16673 D CrossAppTracking: ðŸ›’ Produit envoyÃ©: 12:16:36 ðŸš€ DÃ©marrage du test automatique Carrefour
10-01 12:16:37.987 16673 16673 D CrossAppTracking: 12:16:36 ðŸ“± Lancement de Carrefour...
10-01 12:16:37.987 16673 16673 D CrossAppTracking: 12:16:37 âœ… Carrefour lancÃ©
10-01 12:16:37.987 16673 16673 D CrossAppTracking:  - Prix: N/A
10-01 12:16:37.988 16673 16673 D CrossAppTracking: ðŸ“± Ã‰vÃ©nement reÃ§u: 2048 - com.carrefour.fid.android
10-01 12:16:37.988 16673 16673 D CrossAppTracking: âœ… App ciblÃ©e dÃ©tectÃ©e: com.carrefour.fid.android
10-01 12:16:38.025 16673 16932 D AndroidTracking: Event sent to server successfully
10-01 12:16:38.207 16673 16673 D CrossAppTracking: ðŸ“± Ã‰vÃ©nement reÃ§u: 2048 - com.carrefour.fid.android
10-01 12:16:38.217 16673 16673 D CrossAppTracking: âœ… App ciblÃ©e dÃ©tectÃ©e: com.carrefour.fid.android
10-01 12:16:38.361 16673 16673 D CrossAppTracking: ðŸ“± Ã‰vÃ©nement reÃ§u: 2048 - com.carrefour.fid.android
10-01 12:16:38.362 16673 16673 D CrossAppTracking: âœ… App ciblÃ©e dÃ©tectÃ©e: com.carrefour.fid.android
10-01 12:16:38.732 16673 16673 D CrossAppTracking: ðŸ“± Ã‰vÃ©nement reÃ§u: 2048 - com.carrefour.fid.android
10-01 12:16:38.732 16673 16673 D CrossAppTracking: âœ… App ciblÃ©e dÃ©tectÃ©e: com.carrefour.fid.android
10-01 12:16:38.907 16673 16673 D CrossAppTracking: ðŸ“± Ã‰vÃ©nement reÃ§u: 2048 - com.carrefour.fid.android
10-01 12:16:38.908 16673 16673 D CrossAppTracking: âœ… App ciblÃ©e dÃ©tectÃ©e: com.carrefour.fid.android
10-01 12:16:38.954 16673 16673 D CrossAppTracking: ðŸ“± Ã‰vÃ©nement reÃ§u: 2048 - com.carrefour.fid.android
10-01 12:16:38.954 16673 16673 D CrossAppTracking: âœ… App ciblÃ©e dÃ©tectÃ©e: com.carrefour.fid.android
10-01 12:16:39.022 16673 16673 D CrossAppTracking: ðŸ“± Ã‰vÃ©nement reÃ§u: 2048 - com.carrefour.fid.android
10-01 12:16:39.023 16673 16673 D CrossAppTracking: âœ… App ciblÃ©e dÃ©tectÃ©e: com.carrefour.fid.android
10-01 12:16:39.055 16673 16673 D CrossAppTracking: ðŸ“± Ã‰vÃ©nement reÃ§u: 2048 - com.carrefour.fid.android
10-01 12:16:39.055 16673 16673 D CrossAppTracking: âœ… App ciblÃ©e dÃ©tectÃ©e: com.carrefour.fid.android
10-01 12:16:39.113 16673 16673 D CrossAppTracking: ðŸ“± Ã‰vÃ©nement reÃ§u: 32 - com.carrefour.fid.android
10-01 12:16:39.120 16673 16673 D CrossAppTracking: âœ… App ciblÃ©e dÃ©tectÃ©e: com.carrefour.fid.android
10-01 12:16:39.359 16673 16673 D CrossAppTracking: ðŸ“± Ã‰vÃ©nement reÃ§u: 2048 - com.carrefour.fid.android
10-01 12:16:39.359 16673 16673 D CrossAppTracking: âœ… App ciblÃ©e dÃ©tectÃ©e: com.carrefour.fid.android
10-01 12:16:39.461 16673 16673 D AndroidTracking: Event tracked: CONTENT_CHANGED - {app=Carrefour, packageName=com.carrefour.fid.android, eventType=cross_app_content_change, timestamp=1759313798200}
10-01 12:16:39.462 16673 16673 D AndroidTracking: Event tracked: CONTENT_CHANGED - {app=Carrefour, packageName=com.carrefour.fid.android, eventType=cross_app_content_change, timestamp=1759313798333}
10-01 12:16:39.481 16673 16673 D AndroidTracking: Event tracked: CONTENT_CHANGED - {app=Carrefour, packageName=com.carrefour.fid.android, eventType=cross_app_content_change, timestamp=1759313798732}
10-01 12:16:39.510 16673 16673 D AndroidTracking: Event tracked: CONTENT_CHANGED - {app=Carrefour, packageName=com.carrefour.fid.android, eventType=cross_app_content_change, timestamp=1759313798900}
10-01 12:16:39.527 16673 16932 D AndroidTracking: Event sent to server successfully
10-01 12:16:39.544 16673 16673 D AndroidTracking: Event tracked: CONTENT_CHANGED - {app=Carrefour, packageName=com.carrefour.fid.android, eventType=cross_app_content_change, timestamp=1759313798953}
10-01 12:16:39.548 16673 16673 D AndroidTracking: Event tracked: CONTENT_CHANGED - {app=Carrefour, packageName=com.carrefour.fid.android, eventType=cross_app_content_change, timestamp=1759313799022}
10-01 12:16:39.558 16673 16673 D AndroidTracking: Event tracked: CONTENT_CHANGED - {app=Carrefour, packageName=com.carrefour.fid.android, eventType=cross_app_content_change, timestamp=1759313799054}
10-01 12:16:39.564 16673 16785 D AndroidTracking: Event sent to server successfully
10-01 12:16:39.589 16673 16673 D AndroidTracking: Event tracked: CONTENT_CHANGED - {app=Carrefour, packageName=com.carrefour.fid.android, eventType=cross_app_content_change, timestamp=1759313799084}
10-01 12:16:39.601 16673 16787 D AndroidTracking: Event sent to server successfully
10-01 12:16:39.613 16673 16932 D AndroidTracking: Event sent to server successfully
10-01 12:16:39.624 16673 16785 D AndroidTracking: Event sent to server successfully
10-01 12:16:39.638 16673 16930 D AndroidTracking: Event sent to server successfully
10-01 12:16:39.642 16673 16786 D AndroidTracking: Event sent to server successfully
10-01 12:16:39.844 16673 16673 D AndroidTracking: Event tracked: CONTENT_CHANGED - {app=Carrefour, packageName=com.carrefour.fid.android, eventType=cross_app_content_change, timestamp=1759313799339}
10-01 12:16:39.868 16673 16786 D AndroidTracking: Event sent to server successfully
10-01 12:16:39.969 16673 16673 D AndroidTracking: Event tracked: CONTENT_CHANGED - {app=Carrefour, packageName=com.carrefour.fid.android, eventType=cross_app_content_change, timestamp=1759313799445}
10-01 12:16:40.009 16673 16786 D AndroidTracking: Event sent to server successfully
10-01 12:16:41.092 16673 16673 D CrossAppTracking: ðŸ“± Ã‰vÃ©nement reÃ§u: 2048 - com.carrefour.fid.android
10-01 12:16:41.092 16673 16673 D CrossAppTracking: âœ… App ciblÃ©e dÃ©tectÃ©e: com.carrefour.fid.android
10-01 12:16:41.281 16673 16673 D CrossAppTracking: ðŸ“± Ã‰vÃ©nement reÃ§u: 2048 - com.carrefour.fid.android
10-01 12:16:41.291 16673 16673 D CrossAppTracking: âœ… App ciblÃ©e dÃ©tectÃ©e: com.carrefour.fid.android
10-01 12:16:41.424 16673 16673 D CrossAppTracking: ðŸ“± Ã‰vÃ©nement reÃ§u: 2048 - com.carrefour.fid.android
10-01 12:16:41.429 16673 16673 D CrossAppTracking: âœ… App ciblÃ©e dÃ©tectÃ©e: com.carrefour.fid.android
10-01 12:16:41.464 16673 16673 D CrossAppTracking: ðŸ“± Ã‰vÃ©nement reÃ§u: 2048 - com.carrefour.fid.android
10-01 12:16:41.464 16673 16673 D CrossAppTracking: âœ… App ciblÃ©e dÃ©tectÃ©e: com.carrefour.fid.android
10-01 12:16:41.494 16673 16673 D CrossAppTracking: ðŸ“± Ã‰vÃ©nement reÃ§u: 32 - com.carrefour.fid.android
10-01 12:16:41.494 16673 16673 D CrossAppTracking: âœ… App ciblÃ©e dÃ©tectÃ©e: com.carrefour.fid.android
10-01 12:16:41.576 16673 16673 D CrossAppTracking: ðŸ“± Ã‰vÃ©nement reÃ§u: 2048 - com.carrefour.fid.android
10-01 12:16:41.577 16673 16673 D CrossAppTracking: âœ… App ciblÃ©e dÃ©tectÃ©e: com.carrefour.fid.android
10-01 12:16:41.733 16673 16673 D AndroidTracking: Event tracked: ADD_TO_CART - {app=Carrefour, packageName=com.carrefour.fid.android, productInfo={productName=Panier, 2 new notifications, allTexts=[Panier, Accueil, Rechercher, Mes produits, Promotions, Panier, 2 new notifications]}, eventType=cross_app_cart_update}
10-01 12:16:41.734 16673 16673 D CrossAppTracking: ðŸ›’ Produit envoyÃ©: Panier, 2 new notifications - Prix: N/A
10-01 12:16:41.759 16673 16786 D AndroidTracking: Event sent to server successfully
10-01 12:16:41.926 16673 16673 D AndroidTracking: Event tracked: ADD_TO_CART - {app=Carrefour, packageName=com.carrefour.fid.android, productInfo={productName=Panier, allTexts=[Panier]}, eventType=cross_app_cart_update}
10-01 12:16:41.930 16673 16673 D CrossAppTracking: ðŸ›’ Produit envoyÃ©: Panier - Prix: N/A
10-01 12:16:41.942 16673 16786 D AndroidTracking: Event sent to server successfully
10-01 12:16:41.965 16673 16673 D AndroidTracking: Event tracked: ADD_TO_CART - {app=Carrefour, packageName=com.carrefour.fid.android, productInfo={productName=Panier, allTexts=[Panier]}, eventType=cross_app_cart_update}
10-01 12:16:41.969 16673 16673 D CrossAppTracking: ðŸ›’ Produit envoyÃ©: Panier - Prix: N/A
10-01 12:16:41.984 16673 16786 D AndroidTracking: Event sent to server successfully
10-01 12:16:42.001 16673 16673 D AndroidTracking: Event tracked: ADD_TO_CART - {app=Carrefour, packageName=com.carrefour.fid.android, productInfo={productName=Panier, allTexts=[Panier]}, eventType=cross_app_cart_update}
10-01 12:16:42.002 16673 16673 D CrossAppTracking: ðŸ›’ Produit envoyÃ©: Panier - Prix: N/A
10-01 12:16:42.020 16673 16786 D AndroidTracking: Event sent to server successfully
10-01 12:16:42.039 16673 16673 D CrossAppTracking: ðŸ“± Ã‰vÃ©nement reÃ§u: 2048 - com.android.systemui
10-01 12:16:42.044 16673 16673 D CrossAppTracking: âŒ App non ciblÃ©e: com.android.systemui
10-01 12:16:42.077 16673 16673 D AndroidTracking: Event tracked: ADD_TO_CART - {app=Carrefour, packageName=com.carrefour.fid.android, productInfo={productName=Panier, 2 new notifications, allTexts=[Panier, Accueil, Rechercher, Mes produits, Promotions, Panier, 2 new notifications]}, eventType=cross_app_cart_update}
10-01 12:16:42.081 16673 16673 D CrossAppTracking: ðŸ›’ Produit envoyÃ©: Panier, 2 new notifications - Prix: N/A
10-01 12:16:42.113 16673 16786 D AndroidTracking: Event sent to server successfully
10-01 12:16:42.157 16673 16673 D AndroidTracking: Event tracked: ADD_TO_CART - {app=Carrefour, packageName=com.carrefour.fid.android, productInfo={productName=Panier, allTexts=[Panier]}, eventType=cross_app_cart_update}
10-01 12:16:42.158 16673 16673 D CrossAppTracking: ðŸ›’ Produit envoyÃ©: Panier - Prix: N/A
10-01 12:16:42.167 16673 16786 D AndroidTracking: Event sent to server successfully
10-01 12:16:42.276 16673 16673 D CrossAppTracking: ðŸ“± Ã‰vÃ©nement reÃ§u: 2048 - com.carrefour.fid.android
10-01 12:16:42.277 16673 16673 D CrossAppTracking: âœ… App ciblÃ©e dÃ©tectÃ©e: com.carrefour.fid.android
10-01 12:16:42.443 16673 16673 D CrossAppTracking: ðŸ“± Ã‰vÃ©nement reÃ§u: 2048 - com.carrefour.fid.android
10-01 12:16:42.444 16673 16673 D CrossAppTracking: âœ… App ciblÃ©e dÃ©tectÃ©e: com.carrefour.fid.android
10-01 12:16:42.456 16673 16673 D CrossAppTracking: ðŸ“± Ã‰vÃ©nement reÃ§u: 2048 - com.carrefour.fid.android
10-01 12:16:42.457 16673 16673 D CrossAppTracking: âœ… App ciblÃ©e dÃ©tectÃ©e: com.carrefour.fid.android
10-01 12:16:42.520 16673 16673 D CrossAppTracking: ðŸ“± Ã‰vÃ©nement reÃ§u: 2048 - com.carrefour.fid.android
10-01 12:16:42.520 16673 16673 D CrossAppTracking: âœ… App ciblÃ©e dÃ©tectÃ©e: com.carrefour.fid.android
10-01 12:16:42.565 16673 16673 D CrossAppTracking: ðŸ“± Ã‰vÃ©nement reÃ§u: 2048 - com.carrefour.fid.android
10-01 12:16:42.565 16673 16673 D CrossAppTracking: âœ… App ciblÃ©e dÃ©tectÃ©e: com.carrefour.fid.android
10-01 12:16:42.575 16673 16673 D CrossAppTracking: ðŸ“± Ã‰vÃ©nement reÃ§u: 2048 - com.carrefour.fid.android
10-01 12:16:42.575 16673 16673 D CrossAppTracking: âœ… App ciblÃ©e dÃ©tectÃ©e: com.carrefour.fid.android
10-01 12:16:42.597 16673 16673 D CrossAppTracking: ðŸ“± Ã‰vÃ©nement reÃ§u: 2048 - com.carrefour.fid.android
10-01 12:16:42.597 16673 16673 D CrossAppTracking: âœ… App ciblÃ©e dÃ©tectÃ©e: com.carrefour.fid.android
10-01 12:16:42.602 16673 16673 D CrossAppTracking: ðŸ“± Ã‰vÃ©nement reÃ§u: 2048 - com.carrefour.fid.android
10-01 12:16:42.602 16673 16673 D CrossAppTracking: âœ… App ciblÃ©e dÃ©tectÃ©e: com.carrefour.fid.android
10-01 12:16:42.630 16673 16673 D CrossAppTracking: ðŸ“± Ã‰vÃ©nement reÃ§u: 2048 - com.carrefour.fid.android
10-01 12:16:42.630 16673 16673 D CrossAppTracking: âœ… App ciblÃ©e dÃ©tectÃ©e: com.carrefour.fid.android
10-01 12:16:42.642 16673 16673 D CrossAppTracking: ðŸ“± Ã‰vÃ©nement reÃ§u: 2048 - com.carrefour.fid.android
10-01 12:16:42.643 16673 16673 D CrossAppTracking: âœ… App ciblÃ©e dÃ©tectÃ©e: com.carrefour.fid.android
10-01 12:16:42.653 16673 16673 D CrossAppTracking: ðŸ“± Ã‰vÃ©nement reÃ§u: 2048 - com.carrefour.fid.android
10-01 12:16:42.653 16673 16673 D CrossAppTracking: âœ… App ciblÃ©e dÃ©tectÃ©e: com.carrefour.fid.android
10-01 12:16:42.681 16673 16673 D CrossAppTracking: ðŸ“± Ã‰vÃ©nement reÃ§u: 2048 - com.carrefour.fid.android
10-01 12:16:42.681 16673 16673 D CrossAppTracking: âœ… App ciblÃ©e dÃ©tectÃ©e: com.carrefour.fid.android
10-01 12:16:42.831 16673 16673 D CrossAppTracking: ðŸ“± Ã‰vÃ©nement reÃ§u: 2048 - com.carrefour.fid.android
10-01 12:16:42.832 16673 16673 D CrossAppTracking: âœ… App ciblÃ©e dÃ©tectÃ©e: com.carrefour.fid.android
10-01 12:16:42.853 16673 16673 D CrossAppTracking: ðŸ“± Ã‰vÃ©nement reÃ§u: 2048 - com.carrefour.fid.android
10-01 12:16:42.853 16673 16673 D CrossAppTracking: âœ… App ciblÃ©e dÃ©tectÃ©e: com.carrefour.fid.android
10-01 12:16:42.876 16673 16673 D CrossAppTracking: ðŸ“± Ã‰vÃ©nement reÃ§u: 2048 - com.carrefour.fid.android
10-01 12:16:42.877 16673 16673 D CrossAppTracking: âœ… App ciblÃ©e dÃ©tectÃ©e: com.carrefour.fid.android
10-01 12:16:42.899 16673 16673 D CrossAppTracking: ðŸ“± Ã‰vÃ©nement reÃ§u: 2048 - com.carrefour.fid.android
10-01 12:16:42.899 16673 16673 D CrossAppTracking: âœ… App ciblÃ©e dÃ©tectÃ©e: com.carrefour.fid.android
10-01 12:16:42.921 16673 16673 D CrossAppTracking: ðŸ“± Ã‰vÃ©nement reÃ§u: 2048 - com.carrefour.fid.android
10-01 12:16:42.921 16673 16673 D CrossAppTracking: âœ… App ciblÃ©e dÃ©tectÃ©e: com.carrefour.fid.android
10-01 12:16:42.941 16673 16673 D CrossAppTracking: ðŸ“± Ã‰vÃ©nement reÃ§u: 2048 - com.carrefour.fid.android
10-01 12:16:42.941 16673 16673 D CrossAppTracking: âœ… App ciblÃ©e dÃ©tectÃ©e: com.carrefour.fid.android
10-01 12:16:42.952 16673 16673 D CrossAppTracking: ðŸ“± Ã‰vÃ©nement reÃ§u: 2048 - com.carrefour.fid.android
10-01 12:16:42.953 16673 16673 D CrossAppTracking: âœ… App ciblÃ©e dÃ©tectÃ©e: com.carrefour.fid.android
10-01 12:16:42.964 16673 16673 D CrossAppTracking: ðŸ“± Ã‰vÃ©nement reÃ§u: 2048 - com.carrefour.fid.android
10-01 12:16:42.965 16673 16673 D CrossAppTracking: âœ… App ciblÃ©e dÃ©tectÃ©e: com.carrefour.fid.android
10-01 12:16:42.973 16673 16673 D CrossAppTracking: ðŸ“± Ã‰vÃ©nement reÃ§u: 2048 - com.carrefour.fid.android
10-01 12:16:42.973 16673 16673 D CrossAppTracking: âœ… App ciblÃ©e dÃ©tectÃ©e: com.carrefour.fid.android
10-01 12:16:42.997 16673 16673 D CrossAppTracking: ðŸ“± Ã‰vÃ©nement reÃ§u: 2048 - com.carrefour.fid.android
10-01 12:16:42.997 16673 16673 D CrossAppTracking: âœ… App ciblÃ©e dÃ©tectÃ©e: com.carrefour.fid.android
10-01 12:16:43.011 16673 16673 D CrossAppTracking: ðŸ“± Ã‰vÃ©nement reÃ§u: 2048 - com.carrefour.fid.android
10-01 12:16:43.014 16673 16673 D CrossAppTracking: âœ… App ciblÃ©e dÃ©tectÃ©e: com.carrefour.fid.android
10-01 12:16:43.038 16673 16673 D CrossAppTracking: ðŸ“± Ã‰vÃ©nement reÃ§u: 2048 - com.carrefour.fid.android
10-01 12:16:43.038 16673 16673 D CrossAppTracking: âœ… App ciblÃ©e dÃ©tectÃ©e: com.carrefour.fid.android
10-01 12:16:43.050 16673 16673 D CrossAppTracking: ðŸ“± Ã‰vÃ©nement reÃ§u: 2048 - com.carrefour.fid.android
10-01 12:16:43.052 16673 16673 D CrossAppTracking: âœ… App ciblÃ©e dÃ©tectÃ©e: com.carrefour.fid.android
10-01 12:16:43.057 16673 16673 D CrossAppTracking: ðŸ“± Ã‰vÃ©nement reÃ§u: 2048 - com.carrefour.fid.android
10-01 12:16:43.057 16673 16673 D CrossAppTracking: âœ… App ciblÃ©e dÃ©tectÃ©e: com.carrefour.fid.android
10-01 12:16:43.069 16673 16673 D CrossAppTracking: ðŸ“± Ã‰vÃ©nement reÃ§u: 2048 - com.carrefour.fid.android
10-01 12:16:43.070 16673 16673 D CrossAppTracking: âœ… App ciblÃ©e dÃ©tectÃ©e: com.carrefour.fid.android
10-01 12:16:43.101 16673 16673 D CrossAppTracking: ðŸ“± Ã‰vÃ©nement reÃ§u: 2048 - com.carrefour.fid.android
10-01 12:16:43.101 16673 16673 D CrossAppTracking: âœ… App ciblÃ©e dÃ©tectÃ©e: com.carrefour.fid.android
10-01 12:16:43.114 16673 16673 D CrossAppTracking: ðŸ“± Ã‰vÃ©nement reÃ§u: 2048 - com.carrefour.fid.android
10-01 12:16:43.114 16673 16673 D CrossAppTracking: âœ… App ciblÃ©e dÃ©tectÃ©e: com.carrefour.fid.android
10-01 12:16:43.125 16673 16673 D CrossAppTracking: ðŸ“± Ã‰vÃ©nement reÃ§u: 2048 - com.carrefour.fid.android
10-01 12:16:43.126 16673 16673 D CrossAppTracking: âœ… App ciblÃ©e dÃ©tectÃ©e: com.carrefour.fid.android
10-01 12:16:43.141 16673 16673 D CrossAppTracking: ðŸ“± Ã‰vÃ©nement reÃ§u: 2048 - com.carrefour.fid.android
10-01 12:16:43.141 16673 16673 D CrossAppTracking: âœ… App ciblÃ©e dÃ©tectÃ©e: com.carrefour.fid.android
10-01 12:16:43.154 16673 16673 D CrossAppTracking: ðŸ“± Ã‰vÃ©nement reÃ§u: 2048 - com.carrefour.fid.android
10-01 12:16:43.154 16673 16673 D CrossAppTracking: âœ… App ciblÃ©e dÃ©tectÃ©e: com.carrefour.fid.android
10-01 12:16:43.165 16673 16673 D CrossAppTracking: ðŸ“± Ã‰vÃ©nement reÃ§u: 2048 - com.carrefour.fid.android
10-01 12:16:43.166 16673 16673 D CrossAppTracking: âœ… App ciblÃ©e dÃ©tectÃ©e: com.carrefour.fid.android
10-01 12:16:43.174 16673 16673 D CrossAppTracking: ðŸ“± Ã‰vÃ©nement reÃ§u: 2048 - com.carrefour.fid.android
10-01 12:16:43.176 16673 16673 D CrossAppTracking: âœ… App ciblÃ©e dÃ©tectÃ©e: com.carrefour.fid.android
10-01 12:16:43.223 16673 16673 D CrossAppTracking: ðŸ“± Ã‰vÃ©nement reÃ§u: 2048 - com.carrefour.fid.android
10-01 12:16:43.223 16673 16673 D CrossAppTracking: âœ… App ciblÃ©e dÃ©tectÃ©e: com.carrefour.fid.android
