10-01 10:59:02.240 11357 11417 W AndroidTracking: Failed to send event to server: failed to connect to /10.0.2.2 (port 3001) from /10.0.2.16 (port 33016) after 10000ms
10-01 10:59:10.666 11357 11824 W AndroidTracking: Failed to send event to server: failed to connect to /10.0.2.2 (port 3001) from /10.0.2.16 (port 40254) after 10000ms
10-01 10:59:10.772 11357 11823 W AndroidTracking: Failed to send event to server: failed to connect to /10.0.2.2 (port 3001) from /10.0.2.16 (port 40256) after 9998ms
10-01 10:59:21.805 11357 11357 D CrossAppTracking: 📱 Événement reçu: 2048 - com.android.systemui
10-01 10:59:21.805 11357 11357 D CrossAppTracking: ✅ App ciblée détectée: com.android.systemui
10-01 10:59:22.308 11357 11357 D AndroidTracking: Event tracked: ADD_TO_CART - {app=com.android.systemui, packageName=com.android.systemui, productInfo={cartAction=T-Mobile, signal full., productName=T-Mobile, signal full., allTexts=[T-Mobile, signal full.]}, eventType=cross_app_cart_update}
10-01 10:59:22.309 11357 11357 D CrossAppTracking: 🛒 Produit envoyé: T-Mobile, signal full. - Prix: N/A
10-01 10:59:32.321 11357 11823 W AndroidTracking: Failed to send event to server: failed to connect to /10.0.2.2 (port 3001) from /10.0.2.16 (port 49348) after 9999ms
10-01 11:00:00.136 11357 11357 D CrossAppTracking: 📱 Événement reçu: 2048 - com.android.systemui
10-01 11:00:00.136 11357 11357 D CrossAppTracking: ✅ App ciblée détectée: com.android.systemui
10-01 11:00:00.236 11357 11357 D CrossAppTracking: 📱 Événement reçu: 2048 - com.android.systemui
10-01 11:00:00.236 11357 11357 D CrossAppTracking: ✅ App ciblée détectée: com.android.systemui
10-01 11:00:00.639 11357 11357 D AndroidTracking: Event tracked: ADD_TO_CART - {app=com.android.systemui, packageName=com.android.systemui, productInfo={productName=11:00 AM, allTexts=[11:00, 11:00 AM]}, eventType=cross_app_cart_update}
10-01 11:00:00.641 11357 11357 D CrossAppTracking: 🛒 Produit envoyé: 11:00 AM - Prix: N/A
10-01 11:00:00.739 11357 11357 D AndroidTracking: Event tracked: ADD_TO_CART - {app=com.android.systemui, packageName=com.android.systemui, productInfo={productName=11:00 AM, allTexts=[11:00, 11:00 AM]}, eventType=cross_app_cart_update}
10-01 11:00:00.742 11357 11357 D CrossAppTracking: 🛒 Produit envoyé: 11:00 AM - Prix: N/A
10-01 11:00:10.654 11357 11823 W AndroidTracking: Failed to send event to server: failed to connect to /10.0.2.2 (port 3001) from /10.0.2.16 (port 42550) after 10000ms
10-01 11:00:10.759 11357 11824 W AndroidTracking: Failed to send event to server: failed to connect to /10.0.2.2 (port 3001) from /10.0.2.16 (port 42564) after 10000ms
10-01 11:00:11.812 11357 11357 D CrossAppTracking: 📱 Événement reçu: 2048 - com.android.systemui
10-01 11:00:11.812 11357 11357 D CrossAppTracking: ✅ App ciblée détectée: com.android.systemui
10-01 11:00:12.316 11357 11357 D AndroidTracking: Event tracked: ADD_TO_CART - {app=com.android.systemui, packageName=com.android.systemui, productInfo={cartAction=T-Mobile, three bars., productName=T-Mobile, three bars., allTexts=[T-Mobile, three bars.]}, eventType=cross_app_cart_update}
10-01 11:00:12.322 11357 11357 D CrossAppTracking: 🛒 Produit envoyé: T-Mobile, three bars. - Prix: N/A
10-01 11:00:22.339 11357 11824 W AndroidTracking: Failed to send event to server: failed to connect to /10.0.2.2 (port 3001) from /10.0.2.16 (port 50362) after 9999ms
10-01 11:00:41.819 11357 11357 D CrossAppTracking: 📱 Événement reçu: 2048 - com.android.systemui
10-01 11:00:41.819 11357 11357 D CrossAppTracking: ✅ App ciblée détectée: com.android.systemui
10-01 11:00:42.322 11357 11357 D AndroidTracking: Event tracked: ADD_TO_CART - {app=com.android.systemui, packageName=com.android.systemui, productInfo={cartAction=T-Mobile, two bars., productName=T-Mobile, two bars., allTexts=[T-Mobile, two bars.]}, eventType=cross_app_cart_update}
10-01 11:00:42.323 11357 11357 D CrossAppTracking: 🛒 Produit envoyé: T-Mobile, two bars. - Prix: N/A
10-01 11:00:52.338 11357 11824 W AndroidTracking: Failed to send event to server: failed to connect to /10.0.2.2 (port 3001) from /10.0.2.16 (port 37570) after 10000ms
10-01 11:01:00.144 11357 11357 D CrossAppTracking: 📱 Événement reçu: 2048 - com.android.systemui
10-01 11:01:00.144 11357 11357 D CrossAppTracking: ✅ App ciblée détectée: com.android.systemui
10-01 11:01:00.249 11357 11357 D CrossAppTracking: 📱 Événement reçu: 2048 - com.android.systemui
10-01 11:01:00.249 11357 11357 D CrossAppTracking: ✅ App ciblée détectée: com.android.systemui
10-01 11:01:00.648 11357 11357 D AndroidTracking: Event tracked: ADD_TO_CART - {app=com.android.systemui, packageName=com.android.systemui, productInfo={productName=11:01 AM, allTexts=[11:01, 11:01 AM]}, eventType=cross_app_cart_update}
10-01 11:01:00.658 11357 11357 D CrossAppTracking: 🛒 Produit envoyé: 11:01 AM - Prix: N/A
10-01 11:01:00.753 11357 11357 D AndroidTracking: Event tracked: ADD_TO_CART - {app=com.android.systemui, packageName=com.android.systemui, productInfo={productName=11:01 AM, allTexts=[11:01, 11:01 AM]}, eventType=cross_app_cart_update}
10-01 11:01:00.755 11357 11357 D CrossAppTracking: 🛒 Produit envoyé: 11:01 AM - Prix: N/A
10-01 11:01:01.823 11357 11357 D CrossAppTracking: 📱 Événement reçu: 2048 - com.android.systemui
10-01 11:01:01.824 11357 11357 D CrossAppTracking: ✅ App ciblée détectée: com.android.systemui
10-01 11:01:02.329 11357 11357 D AndroidTracking: Event tracked: ADD_TO_CART - {app=com.android.systemui, packageName=com.android.systemui, productInfo={cartAction=T-Mobile, one bar., productName=T-Mobile, one bar., allTexts=[T-Mobile, one bar.]}, eventType=cross_app_cart_update}
10-01 11:01:02.338 11357 11357 D CrossAppTracking: 🛒 Produit envoyé: T-Mobile, one bar. - Prix: N/A
10-01 11:01:10.675 11357 11824 W AndroidTracking: Failed to send event to server: failed to connect to /10.0.2.2 (port 3001) from /10.0.2.16 (port 36108) after 10000ms
10-01 11:01:10.770 11357 11823 W AndroidTracking: Failed to send event to server: failed to connect to /10.0.2.2 (port 3001) from /10.0.2.16 (port 36124) after 10000ms
10-01 11:01:12.364 11357 11842 W AndroidTracking: Failed to send event to server: failed to connect to /10.0.2.2 (port 3001) from /10.0.2.16 (port 36138) after 10000ms
10-01 11:01:41.841 11357 11357 D CrossAppTracking: 📱 Événement reçu: 2048 - com.android.systemui
10-01 11:01:41.841 11357 11357 D CrossAppTracking: ✅ App ciblée détectée: com.android.systemui
10-01 11:01:42.348 11357 11357 D AndroidTracking: Event tracked: ADD_TO_CART - {app=com.android.systemui, packageName=com.android.systemui, productInfo={cartAction=T-Mobile, no signal., productName=T-Mobile, no signal., allTexts=[T-Mobile, no signal.]}, eventType=cross_app_cart_update}
10-01 11:01:42.353 11357 11357 D CrossAppTracking: 🛒 Produit envoyé: T-Mobile, no signal. - Prix: N/A
10-01 11:01:52.365 11357 11842 W AndroidTracking: Failed to send event to server: failed to connect to /10.0.2.2 (port 3001) from /10.0.2.16 (port 54524) after 10000ms
10-01 11:02:00.125 11357 11357 D CrossAppTracking: 📱 Événement reçu: 2048 - com.android.systemui
10-01 11:02:00.125 11357 11357 D CrossAppTracking: ✅ App ciblée détectée: com.android.systemui
10-01 11:02:00.225 11357 11357 D CrossAppTracking: 📱 Événement reçu: 2048 - com.android.systemui
10-01 11:02:00.225 11357 11357 D CrossAppTracking: ✅ App ciblée détectée: com.android.systemui
10-01 11:02:00.628 11357 11357 D AndroidTracking: Event tracked: ADD_TO_CART - {app=com.android.systemui, packageName=com.android.systemui, productInfo={productName=11:02 AM, allTexts=[11:02, 11:02 AM]}, eventType=cross_app_cart_update}
10-01 11:02:00.629 11357 11357 D CrossAppTracking: 🛒 Produit envoyé: 11:02 AM - Prix: N/A
10-01 11:02:00.727 11357 11357 D AndroidTracking: Event tracked: ADD_TO_CART - {app=com.android.systemui, packageName=com.android.systemui, productInfo={productName=11:02 AM, allTexts=[11:02, 11:02 AM]}, eventType=cross_app_cart_update}
10-01 11:02:00.729 11357 11357 D CrossAppTracking: 🛒 Produit envoyé: 11:02 AM - Prix: N/A
10-01 11:02:10.642 11357 11842 W AndroidTracking: Failed to send event to server: failed to connect to /10.0.2.2 (port 3001) from /10.0.2.16 (port 37558) after 10000ms
10-01 11:02:10.748 11357 11823 W AndroidTracking: Failed to send event to server: failed to connect to /10.0.2.2 (port 3001) from /10.0.2.16 (port 37574) after 10000ms
10-01 11:02:21.825 11357 11357 D CrossAppTracking: 📱 Événement reçu: 2048 - com.android.systemui
10-01 11:02:21.825 11357 11357 D CrossAppTracking: ✅ App ciblée détectée: com.android.systemui
10-01 11:02:22.329 11357 11357 D AndroidTracking: Event tracked: ADD_TO_CART - {app=com.android.systemui, packageName=com.android.systemui, productInfo={cartAction=T-Mobile, signal full., productName=T-Mobile, signal full., allTexts=[T-Mobile, signal full.]}, eventType=cross_app_cart_update}
10-01 11:02:22.337 11357 11357 D CrossAppTracking: 🛒 Produit envoyé: T-Mobile, signal full. - Prix: N/A
10-01 11:02:32.355 11357 11823 W AndroidTracking: Failed to send event to server: failed to connect to /10.0.2.2 (port 3001) from /10.0.2.16 (port 54962) after 10000ms
10-01 11:03:00.130 11357 11357 D CrossAppTracking: 📱 Événement reçu: 2048 - com.android.systemui
10-01 11:03:00.130 11357 11357 D CrossAppTracking: ✅ App ciblée détectée: com.android.systemui
10-01 11:03:00.232 11357 11357 D CrossAppTracking: 📱 Événement reçu: 2048 - com.android.systemui
10-01 11:03:00.232 11357 11357 D CrossAppTracking: ✅ App ciblée détectée: com.android.systemui
10-01 11:03:00.632 11357 11357 D AndroidTracking: Event tracked: ADD_TO_CART - {app=com.android.systemui, packageName=com.android.systemui, productInfo={productName=11:03 AM, allTexts=[11:03, 11:03 AM]}, eventType=cross_app_cart_update}
10-01 11:03:00.634 11357 11357 D CrossAppTracking: 🛒 Produit envoyé: 11:03 AM - Prix: N/A
10-01 11:03:00.736 11357 11357 D AndroidTracking: Event tracked: ADD_TO_CART - {app=com.android.systemui, packageName=com.android.systemui, productInfo={productName=11:03 AM, allTexts=[11:03, 11:03 AM]}, eventType=cross_app_cart_update}
10-01 11:03:00.737 11357 11357 D CrossAppTracking: 🛒 Produit envoyé: 11:03 AM - Prix: N/A
10-01 11:03:10.649 11357 11823 W AndroidTracking: Failed to send event to server: failed to connect to /10.0.2.2 (port 3001) from /10.0.2.16 (port 54296) after 9999ms
10-01 11:03:10.742 11357 11842 W AndroidTracking: Failed to send event to server: failed to connect to /10.0.2.2 (port 3001) from /10.0.2.16 (port 54308) after 10000ms
10-01 11:03:11.840 11357 11357 D CrossAppTracking: 📱 Événement reçu: 2048 - com.android.systemui
10-01 11:03:11.841 11357 11357 D CrossAppTracking: ✅ App ciblée détectée: com.android.systemui
10-01 11:03:12.344 11357 11357 D AndroidTracking: Event tracked: ADD_TO_CART - {app=com.android.systemui, packageName=com.android.systemui, productInfo={cartAction=T-Mobile, three bars., productName=T-Mobile, three bars., allTexts=[T-Mobile, three bars.]}, eventType=cross_app_cart_update}
10-01 11:03:12.345 11357 11357 D CrossAppTracking: 🛒 Produit envoyé: T-Mobile, three bars. - Prix: N/A
10-01 11:03:22.360 11357 11842 W AndroidTracking: Failed to send event to server: failed to connect to /10.0.2.2 (port 3001) from /10.0.2.16 (port 37996) after 10000ms
10-01 11:03:41.826 11357 11357 D CrossAppTracking: 📱 Événement reçu: 2048 - com.android.systemui
10-01 11:03:41.826 11357 11357 D CrossAppTracking: ✅ App ciblée détectée: com.android.systemui
10-01 11:03:42.329 11357 11357 D AndroidTracking: Event tracked: ADD_TO_CART - {app=com.android.systemui, packageName=com.android.systemui, productInfo={cartAction=T-Mobile, two bars., productName=T-Mobile, two bars., allTexts=[T-Mobile, two bars.]}, eventType=cross_app_cart_update}
10-01 11:03:42.333 11357 11357 D CrossAppTracking: 🛒 Produit envoyé: T-Mobile, two bars. - Prix: N/A
10-01 11:03:52.349 11357 11842 W AndroidTracking: Failed to send event to server: failed to connect to /10.0.2.2 (port 3001) from /10.0.2.16 (port 37840) after 10000ms
10-01 11:04:00.134 11357 11357 D CrossAppTracking: 📱 Événement reçu: 2048 - com.android.systemui
10-01 11:04:00.134 11357 11357 D CrossAppTracking: ✅ App ciblée détectée: com.android.systemui
10-01 11:04:00.242 11357 11357 D CrossAppTracking: 📱 Événement reçu: 2048 - com.android.systemui
10-01 11:04:00.243 11357 11357 D CrossAppTracking: ✅ App ciblée détectée: com.android.systemui
10-01 11:04:00.638 11357 11357 D AndroidTracking: Event tracked: ADD_TO_CART - {app=com.android.systemui, packageName=com.android.systemui, productInfo={productName=11:04 AM, allTexts=[11:04, 11:04 AM]}, eventType=cross_app_cart_update}
10-01 11:04:00.640 11357 11357 D CrossAppTracking: 🛒 Produit envoyé: 11:04 AM - Prix: N/A
10-01 11:04:00.752 11357 11357 D AndroidTracking: Event tracked: ADD_TO_CART - {app=com.android.systemui, packageName=com.android.systemui, productInfo={productName=11:04 AM, allTexts=[11:04, 11:04 AM]}, eventType=cross_app_cart_update}
10-01 11:04:00.755 11357 11357 D CrossAppTracking: 🛒 Produit envoyé: 11:04 AM - Prix: N/A
10-01 11:04:01.826 11357 11357 D CrossAppTracking: 📱 Événement reçu: 2048 - com.android.systemui
10-01 11:04:01.826 11357 11357 D CrossAppTracking: ✅ App ciblée détectée: com.android.systemui
10-01 11:04:02.332 11357 11357 D AndroidTracking: Event tracked: ADD_TO_CART - {app=com.android.systemui, packageName=com.android.systemui, productInfo={cartAction=T-Mobile, one bar., productName=T-Mobile, one bar., allTexts=[T-Mobile, one bar.]}, eventType=cross_app_cart_update}
10-01 11:04:02.334 11357 11357 D CrossAppTracking: 🛒 Produit envoyé: T-Mobile, one bar. - Prix: N/A
10-01 11:04:10.656 11357 11842 W AndroidTracking: Failed to send event to server: failed to connect to /10.0.2.2 (port 3001) from /10.0.2.16 (port 42494) after 10000ms
10-01 11:04:10.777 11357 11823 W AndroidTracking: Failed to send event to server: failed to connect to /10.0.2.2 (port 3001) from /10.0.2.16 (port 42498) after 10000ms
10-01 11:04:12.350 11357 11858 W AndroidTracking: Failed to send event to server: failed to connect to /10.0.2.2 (port 3001) from /10.0.2.16 (port 42500) after 10000ms
10-01 11:04:41.965 11357 11357 D CrossAppTracking: 📱 Événement reçu: 2048 - com.android.systemui
10-01 11:04:41.966 11357 11357 D CrossAppTracking: ✅ App ciblée détectée: com.android.systemui
10-01 11:04:42.490 11357 11357 D AndroidTracking: Event tracked: ADD_TO_CART - {app=com.android.systemui, packageName=com.android.systemui, productInfo={cartAction=T-Mobile, no signal., productName=T-Mobile, no signal., allTexts=[T-Mobile, no signal.]}, eventType=cross_app_cart_update}
10-01 11:04:42.500 11357 11357 D CrossAppTracking: 🛒 Produit envoyé: T-Mobile, no signal. - Prix: N/A
10-01 11:04:52.530 11357 11858 W AndroidTracking: Failed to send event to server: failed to connect to /10.0.2.2 (port 3001) from /10.0.2.16 (port 37754) after 10000ms
10-01 11:05:00.162 11357 11357 D CrossAppTracking: 📱 Événement reçu: 2048 - com.android.systemui
10-01 11:05:00.162 11357 11357 D CrossAppTracking: ✅ App ciblée détectée: com.android.systemui
10-01 11:05:00.267 11357 11357 D CrossAppTracking: 📱 Événement reçu: 2048 - com.android.systemui
10-01 11:05:00.267 11357 11357 D CrossAppTracking: ✅ App ciblée détectée: com.android.systemui
10-01 11:05:00.674 11357 11357 D AndroidTracking: Event tracked: ADD_TO_CART - {app=com.android.systemui, packageName=com.android.systemui, productInfo={productName=11:05 AM, allTexts=[11:05, 11:05 AM]}, eventType=cross_app_cart_update}
10-01 11:05:00.675 11357 11357 D CrossAppTracking: 🛒 Produit envoyé: 11:05 AM - Prix: N/A
10-01 11:05:00.771 11357 11357 D AndroidTracking: Event tracked: ADD_TO_CART - {app=com.android.systemui, packageName=com.android.systemui, productInfo={productName=11:05 AM, allTexts=[11:05, 11:05 AM]}, eventType=cross_app_cart_update}
10-01 11:05:00.778 11357 11357 D CrossAppTracking: 🛒 Produit envoyé: 11:05 AM - Prix: N/A
10-01 11:05:10.695 11357 11858 W AndroidTracking: Failed to send event to server: failed to connect to /10.0.2.2 (port 3001) from /10.0.2.16 (port 55054) after 10000ms
10-01 11:05:10.817 11357 11823 W AndroidTracking: Failed to send event to server: failed to connect to /10.0.2.2 (port 3001) from /10.0.2.16 (port 55070) after 9998ms
10-01 11:05:21.833 11357 11357 D CrossAppTracking: 📱 Événement reçu: 2048 - com.android.systemui
10-01 11:05:21.833 11357 11357 D CrossAppTracking: ✅ App ciblée détectée: com.android.systemui
10-01 11:05:22.336 11357 11357 D AndroidTracking: Event tracked: ADD_TO_CART - {app=com.android.systemui, packageName=com.android.systemui, productInfo={cartAction=T-Mobile, signal full., productName=T-Mobile, signal full., allTexts=[T-Mobile, signal full.]}, eventType=cross_app_cart_update}
10-01 11:05:22.341 11357 11357 D CrossAppTracking: 🛒 Produit envoyé: T-Mobile, signal full. - Prix: N/A
10-01 11:05:32.363 11357 11823 W AndroidTracking: Failed to send event to server: failed to connect to /10.0.2.2 (port 3001) from /10.0.2.16 (port 50156) after 10000ms
10-01 11:06:00.155 11357 11357 D CrossAppTracking: 📱 Événement reçu: 2048 - com.android.systemui
10-01 11:06:00.155 11357 11357 D CrossAppTracking: ✅ App ciblée détectée: com.android.systemui
10-01 11:06:00.258 11357 11357 D CrossAppTracking: 📱 Événement reçu: 2048 - com.android.systemui
10-01 11:06:00.258 11357 11357 D CrossAppTracking: ✅ App ciblée détectée: com.android.systemui
10-01 11:06:00.697 11357 11357 D AndroidTracking: Event tracked: ADD_TO_CART - {app=com.android.systemui, packageName=com.android.systemui, productInfo={productName=11:06 AM, allTexts=[11:06, 11:06 AM]}, eventType=cross_app_cart_update}
10-01 11:06:00.716 11357 11357 D CrossAppTracking: 🛒 Produit envoyé: 11:06 AM - Prix: N/A
10-01 11:06:00.818 11357 11357 D AndroidTracking: Event tracked: ADD_TO_CART - {app=com.android.systemui, packageName=com.android.systemui, productInfo={productName=11:06 AM, allTexts=[11:06, 11:06 AM]}, eventType=cross_app_cart_update}
10-01 11:06:00.832 11357 11357 D CrossAppTracking: 🛒 Produit envoyé: 11:06 AM - Prix: N/A
10-01 11:06:10.821 11357 11823 W AndroidTracking: Failed to send event to server: failed to connect to /10.0.2.2 (port 3001) from /10.0.2.16 (port 48166) after 10000ms
10-01 11:06:10.952 11357 11858 W AndroidTracking: Failed to send event to server: failed to connect to /10.0.2.2 (port 3001) from /10.0.2.16 (port 48182) after 10000ms
10-01 11:06:11.942 11357 11357 D CrossAppTracking: 📱 Événement reçu: 2048 - com.android.systemui
10-01 11:06:11.942 11357 11357 D CrossAppTracking: ✅ App ciblée détectée: com.android.systemui
10-01 11:06:12.447 11357 11357 D AndroidTracking: Event tracked: ADD_TO_CART - {app=com.android.systemui, packageName=com.android.systemui, productInfo={cartAction=T-Mobile, three bars., productName=T-Mobile, three bars., allTexts=[T-Mobile, three bars.]}, eventType=cross_app_cart_update}
10-01 11:06:12.451 11357 11357 D CrossAppTracking: 🛒 Produit envoyé: T-Mobile, three bars. - Prix: N/A
10-01 11:06:22.465 11357 11858 W AndroidTracking: Failed to send event to server: failed to connect to /10.0.2.2 (port 3001) from /10.0.2.16 (port 59422) after 10000ms
10-01 11:06:41.839 11357 11357 D CrossAppTracking: 📱 Événement reçu: 2048 - com.android.systemui
10-01 11:06:41.839 11357 11357 D CrossAppTracking: ✅ App ciblée détectée: com.android.systemui
10-01 11:06:42.343 11357 11357 D AndroidTracking: Event tracked: ADD_TO_CART - {app=com.android.systemui, packageName=com.android.systemui, productInfo={cartAction=T-Mobile, two bars., productName=T-Mobile, two bars., allTexts=[T-Mobile, two bars.]}, eventType=cross_app_cart_update}
10-01 11:06:42.344 11357 11357 D CrossAppTracking: 🛒 Produit envoyé: T-Mobile, two bars. - Prix: N/A
10-01 11:06:52.362 11357 11858 W AndroidTracking: Failed to send event to server: failed to connect to /10.0.2.2 (port 3001) from /10.0.2.16 (port 45048) after 10000ms
10-01 11:07:00.134 11357 11357 D CrossAppTracking: 📱 Événement reçu: 2048 - com.android.systemui
10-01 11:07:00.134 11357 11357 D CrossAppTracking: ✅ App ciblée détectée: com.android.systemui
10-01 11:07:00.236 11357 11357 D CrossAppTracking: 📱 Événement reçu: 2048 - com.android.systemui
10-01 11:07:00.236 11357 11357 D CrossAppTracking: ✅ App ciblée détectée: com.android.systemui
10-01 11:07:00.638 11357 11357 D AndroidTracking: Event tracked: ADD_TO_CART - {app=com.android.systemui, packageName=com.android.systemui, productInfo={productName=11:07 AM, allTexts=[11:07, 11:07 AM]}, eventType=cross_app_cart_update}
10-01 11:07:00.641 11357 11357 D CrossAppTracking: 🛒 Produit envoyé: 11:07 AM - Prix: N/A
10-01 11:07:00.740 11357 11357 D AndroidTracking: Event tracked: ADD_TO_CART - {app=com.android.systemui, packageName=com.android.systemui, productInfo={productName=11:07 AM, allTexts=[11:07, 11:07 AM]}, eventType=cross_app_cart_update}
10-01 11:07:00.741 11357 11357 D CrossAppTracking: 🛒 Produit envoyé: 11:07 AM - Prix: N/A
10-01 11:07:01.846 11357 11357 D CrossAppTracking: 📱 Événement reçu: 2048 - com.android.systemui
10-01 11:07:01.846 11357 11357 D CrossAppTracking: ✅ App ciblée détectée: com.android.systemui
10-01 11:07:02.352 11357 11357 D AndroidTracking: Event tracked: ADD_TO_CART - {app=com.android.systemui, packageName=com.android.systemui, productInfo={cartAction=T-Mobile, one bar., productName=T-Mobile, one bar., allTexts=[T-Mobile, one bar.]}, eventType=cross_app_cart_update}
10-01 11:07:02.354 11357 11357 D CrossAppTracking: 🛒 Produit envoyé: T-Mobile, one bar. - Prix: N/A
10-01 11:07:10.654 11357 11858 W AndroidTracking: Failed to send event to server: failed to connect to /10.0.2.2 (port 3001) from /10.0.2.16 (port 57424) after 10000ms
10-01 11:07:10.749 11357 11823 W AndroidTracking: Failed to send event to server: failed to connect to /10.0.2.2 (port 3001) from /10.0.2.16 (port 57440) after 9999ms
10-01 11:07:12.385 11357 11901 W AndroidTracking: Failed to send event to server: failed to connect to /10.0.2.2 (port 3001) from /10.0.2.16 (port 57444) after 9999ms
10-01 11:07:41.837 11357 11357 D CrossAppTracking: 📱 Événement reçu: 2048 - com.android.systemui
10-01 11:07:41.837 11357 11357 D CrossAppTracking: ✅ App ciblée détectée: com.android.systemui
10-01 11:07:42.339 11357 11357 D AndroidTracking: Event tracked: ADD_TO_CART - {app=com.android.systemui, packageName=com.android.systemui, productInfo={cartAction=T-Mobile, no signal., productName=T-Mobile, no signal., allTexts=[T-Mobile, no signal.]}, eventType=cross_app_cart_update}
10-01 11:07:42.341 11357 11357 D CrossAppTracking: 🛒 Produit envoyé: T-Mobile, no signal. - Prix: N/A
10-01 11:07:52.367 11357 11901 W AndroidTracking: Failed to send event to server: failed to connect to /10.0.2.2 (port 3001) from /10.0.2.16 (port 55078) after 10000ms
10-01 11:08:00.136 11357 11357 D CrossAppTracking: 📱 Événement reçu: 2048 - com.android.systemui
10-01 11:08:00.136 11357 11357 D CrossAppTracking: ✅ App ciblée détectée: com.android.systemui
10-01 11:08:00.236 11357 11357 D CrossAppTracking: 📱 Événement reçu: 2048 - com.android.systemui
10-01 11:08:00.236 11357 11357 D CrossAppTracking: ✅ App ciblée détectée: com.android.systemui
10-01 11:08:00.640 11357 11357 D AndroidTracking: Event tracked: ADD_TO_CART - {app=com.android.systemui, packageName=com.android.systemui, productInfo={productName=11:08 AM, allTexts=[11:08, 11:08 AM]}, eventType=cross_app_cart_update}
10-01 11:08:00.643 11357 11357 D CrossAppTracking: 🛒 Produit envoyé: 11:08 AM - Prix: N/A
10-01 11:08:00.742 11357 11357 D AndroidTracking: Event tracked: ADD_TO_CART - {app=com.android.systemui, packageName=com.android.systemui, productInfo={productName=11:08 AM, allTexts=[11:08, 11:08 AM]}, eventType=cross_app_cart_update}
10-01 11:08:00.761 11357 11357 D CrossAppTracking: 🛒 Produit envoyé: 11:08 AM - Prix: N/A
10-01 11:08:10.674 11357 11901 W AndroidTracking: Failed to send event to server: failed to connect to /10.0.2.2 (port 3001) from /10.0.2.16 (port 47964) after 10000ms
10-01 11:08:10.781 11357 11823 W AndroidTracking: Failed to send event to server: failed to connect to /10.0.2.2 (port 3001) from /10.0.2.16 (port 47972) after 10000ms
10-01 11:08:21.851 11357 11357 D CrossAppTracking: 📱 Événement reçu: 2048 - com.android.systemui
10-01 11:08:21.851 11357 11357 D CrossAppTracking: ✅ App ciblée détectée: com.android.systemui
10-01 11:08:22.355 11357 11357 D AndroidTracking: Event tracked: ADD_TO_CART - {app=com.android.systemui, packageName=com.android.systemui, productInfo={cartAction=T-Mobile, signal full., productName=T-Mobile, signal full., allTexts=[T-Mobile, signal full.]}, eventType=cross_app_cart_update}
10-01 11:08:22.360 11357 11357 D CrossAppTracking: 🛒 Produit envoyé: T-Mobile, signal full. - Prix: N/A
10-01 11:08:32.386 11357 11823 W AndroidTracking: Failed to send event to server: failed to connect to /10.0.2.2 (port 3001) from /10.0.2.16 (port 38368) after 10000ms
10-01 11:09:00.141 11357 11357 D CrossAppTracking: 📱 Événement reçu: 2048 - com.android.systemui
10-01 11:09:00.141 11357 11357 D CrossAppTracking: ✅ App ciblée détectée: com.android.systemui
10-01 11:09:00.245 11357 11357 D CrossAppTracking: 📱 Événement reçu: 2048 - com.android.systemui
10-01 11:09:00.245 11357 11357 D CrossAppTracking: ✅ App ciblée détectée: com.android.systemui
10-01 11:09:00.645 11357 11357 D AndroidTracking: Event tracked: ADD_TO_CART - {app=com.android.systemui, packageName=com.android.systemui, productInfo={productName=11:09 AM, allTexts=[11:09, 11:09 AM]}, eventType=cross_app_cart_update}
10-01 11:09:00.647 11357 11357 D CrossAppTracking: 🛒 Produit envoyé: 11:09 AM - Prix: N/A
10-01 11:09:00.749 11357 11357 D AndroidTracking: Event tracked: ADD_TO_CART - {app=com.android.systemui, packageName=com.android.systemui, productInfo={productName=11:09 AM, allTexts=[11:09, 11:09 AM]}, eventType=cross_app_cart_update}
10-01 11:09:00.752 11357 11357 D CrossAppTracking: 🛒 Produit envoyé: 11:09 AM - Prix: N/A
10-01 11:09:10.675 11357 11823 W AndroidTracking: Failed to send event to server: failed to connect to /10.0.2.2 (port 3001) from /10.0.2.16 (port 37122) after 10000ms
10-01 11:09:10.765 11357 11901 W AndroidTracking: Failed to send event to server: failed to connect to /10.0.2.2 (port 3001) from /10.0.2.16 (port 37132) after 10000ms
10-01 11:09:11.838 11357 11357 D CrossAppTracking: 📱 Événement reçu: 2048 - com.android.systemui
10-01 11:09:11.838 11357 11357 D CrossAppTracking: ✅ App ciblée détectée: com.android.systemui
10-01 11:09:12.341 11357 11357 D AndroidTracking: Event tracked: ADD_TO_CART - {app=com.android.systemui, packageName=com.android.systemui, productInfo={cartAction=T-Mobile, three bars., productName=T-Mobile, three bars., allTexts=[T-Mobile, three bars.]}, eventType=cross_app_cart_update}
10-01 11:09:12.343 11357 11357 D CrossAppTracking: 🛒 Produit envoyé: T-Mobile, three bars. - Prix: N/A
10-01 11:09:22.363 11357 11901 W AndroidTracking: Failed to send event to server: failed to connect to /10.0.2.2 (port 3001) from /10.0.2.16 (port 37986) after 9999ms
10-01 11:09:41.852 11357 11357 D CrossAppTracking: 📱 Événement reçu: 2048 - com.android.systemui
10-01 11:09:41.852 11357 11357 D CrossAppTracking: ✅ App ciblée détectée: com.android.systemui
10-01 11:09:42.354 11357 11357 D AndroidTracking: Event tracked: ADD_TO_CART - {app=com.android.systemui, packageName=com.android.systemui, productInfo={cartAction=T-Mobile, two bars., productName=T-Mobile, two bars., allTexts=[T-Mobile, two bars.]}, eventType=cross_app_cart_update}
10-01 11:09:42.355 11357 11357 D CrossAppTracking: 🛒 Produit envoyé: T-Mobile, two bars. - Prix: N/A
10-01 11:09:52.370 11357 11901 W AndroidTracking: Failed to send event to server: failed to connect to /10.0.2.2 (port 3001) from /10.0.2.16 (port 36244) after 10000ms
10-01 11:10:00.151 11357 11357 D CrossAppTracking: 📱 Événement reçu: 2048 - com.android.systemui
10-01 11:10:00.151 11357 11357 D CrossAppTracking: ✅ App ciblée détectée: com.android.systemui
10-01 11:10:00.249 11357 11357 D CrossAppTracking: 📱 Événement reçu: 2048 - com.android.systemui
10-01 11:10:00.249 11357 11357 D CrossAppTracking: ✅ App ciblée détectée: com.android.systemui
10-01 11:10:00.656 11357 11357 D AndroidTracking: Event tracked: ADD_TO_CART - {app=com.android.systemui, packageName=com.android.systemui, productInfo={productName=11:10 AM, allTexts=[11:10, 11:10 AM]}, eventType=cross_app_cart_update}
10-01 11:10:00.657 11357 11357 D CrossAppTracking: 🛒 Produit envoyé: 11:10 AM - Prix: N/A
10-01 11:10:00.754 11357 11357 D AndroidTracking: Event tracked: ADD_TO_CART - {app=com.android.systemui, packageName=com.android.systemui, productInfo={productName=11:10 AM, allTexts=[11:10, 11:10 AM]}, eventType=cross_app_cart_update}
10-01 11:10:00.755 11357 11357 D CrossAppTracking: 🛒 Produit envoyé: 11:10 AM - Prix: N/A
10-01 11:10:01.841 11357 11357 D CrossAppTracking: 📱 Événement reçu: 2048 - com.android.systemui
10-01 11:10:01.841 11357 11357 D CrossAppTracking: ✅ App ciblée détectée: com.android.systemui
10-01 11:10:02.345 11357 11357 D AndroidTracking: Event tracked: ADD_TO_CART - {app=com.android.systemui, packageName=com.android.systemui, productInfo={cartAction=T-Mobile, one bar., productName=T-Mobile, one bar., allTexts=[T-Mobile, one bar.]}, eventType=cross_app_cart_update}
10-01 11:10:02.349 11357 11357 D CrossAppTracking: 🛒 Produit envoyé: T-Mobile, one bar. - Prix: N/A
10-01 11:10:10.673 11357 11901 W AndroidTracking: Failed to send event to server: failed to connect to /10.0.2.2 (port 3001) from /10.0.2.16 (port 40112) after 10000ms
10-01 11:10:10.772 11357 11823 W AndroidTracking: Failed to send event to server: failed to connect to /10.0.2.2 (port 3001) from /10.0.2.16 (port 40114) after 9999ms
10-01 11:10:12.369 11357 11949 W AndroidTracking: Failed to send event to server: failed to connect to /10.0.2.2 (port 3001) from /10.0.2.16 (port 40118) after 10000ms
10-01 11:10:41.850 11357 11357 D CrossAppTracking: 📱 Événement reçu: 2048 - com.android.systemui
10-01 11:10:41.850 11357 11357 D CrossAppTracking: ✅ App ciblée détectée: com.android.systemui
10-01 11:10:42.355 11357 11357 D AndroidTracking: Event tracked: ADD_TO_CART - {app=com.android.systemui, packageName=com.android.systemui, productInfo={cartAction=T-Mobile, no signal., productName=T-Mobile, no signal., allTexts=[T-Mobile, no signal.]}, eventType=cross_app_cart_update}
10-01 11:10:42.356 11357 11357 D CrossAppTracking: 🛒 Produit envoyé: T-Mobile, no signal. - Prix: N/A
10-01 11:10:52.371 11357 11949 W AndroidTracking: Failed to send event to server: failed to connect to /10.0.2.2 (port 3001) from /10.0.2.16 (port 56208) after 10000ms
10-01 11:11:00.123 11357 11357 D CrossAppTracking: 📱 Événement reçu: 2048 - com.android.systemui
10-01 11:11:00.123 11357 11357 D CrossAppTracking: ✅ App ciblée détectée: com.android.systemui
10-01 11:11:00.225 11357 11357 D CrossAppTracking: 📱 Événement reçu: 2048 - com.android.systemui
10-01 11:11:00.225 11357 11357 D CrossAppTracking: ✅ App ciblée détectée: com.android.systemui
10-01 11:11:00.628 11357 11357 D AndroidTracking: Event tracked: ADD_TO_CART - {app=com.android.systemui, packageName=com.android.systemui, productInfo={productName=11:11 AM, allTexts=[11:11, 11:11 AM]}, eventType=cross_app_cart_update}
10-01 11:11:00.629 11357 11357 D CrossAppTracking: 🛒 Produit envoyé: 11:11 AM - Prix: N/A
10-01 11:11:00.729 11357 11357 D AndroidTracking: Event tracked: ADD_TO_CART - {app=com.android.systemui, packageName=com.android.systemui, productInfo={productName=11:11 AM, allTexts=[11:11, 11:11 AM]}, eventType=cross_app_cart_update}
10-01 11:11:00.731 11357 11357 D CrossAppTracking: 🛒 Produit envoyé: 11:11 AM - Prix: N/A
10-01 11:11:10.645 11357 11949 W AndroidTracking: Failed to send event to server: failed to connect to /10.0.2.2 (port 3001) from /10.0.2.16 (port 52944) after 10000ms
10-01 11:11:10.748 11357 11823 W AndroidTracking: Failed to send event to server: failed to connect to /10.0.2.2 (port 3001) from /10.0.2.16 (port 52946) after 10000ms
10-01 11:11:21.833 11357 11357 D CrossAppTracking: 📱 Événement reçu: 2048 - com.android.systemui
10-01 11:11:21.833 11357 11357 D CrossAppTracking: ✅ App ciblée détectée: com.android.systemui
10-01 11:11:22.338 11357 11357 D AndroidTracking: Event tracked: ADD_TO_CART - {app=com.android.systemui, packageName=com.android.systemui, productInfo={cartAction=T-Mobile, signal full., productName=T-Mobile, signal full., allTexts=[T-Mobile, signal full.]}, eventType=cross_app_cart_update}
10-01 11:11:22.339 11357 11357 D CrossAppTracking: 🛒 Produit envoyé: T-Mobile, signal full. - Prix: N/A
10-01 11:11:32.354 11357 11823 W AndroidTracking: Failed to send event to server: failed to connect to /10.0.2.2 (port 3001) from /10.0.2.16 (port 54350) after 10000ms
10-01 11:12:00.132 11357 11357 D CrossAppTracking: 📱 Événement reçu: 2048 - com.android.systemui
10-01 11:12:00.132 11357 11357 D CrossAppTracking: ✅ App ciblée détectée: com.android.systemui
10-01 11:12:00.235 11357 11357 D CrossAppTracking: 📱 Événement reçu: 2048 - com.android.systemui
10-01 11:12:00.235 11357 11357 D CrossAppTracking: ✅ App ciblée détectée: com.android.systemui
10-01 11:12:00.635 11357 11357 D AndroidTracking: Event tracked: ADD_TO_CART - {app=com.android.systemui, packageName=com.android.systemui, productInfo={productName=11:12 AM, allTexts=[11:12, 11:12 AM]}, eventType=cross_app_cart_update}
10-01 11:12:00.642 11357 11357 D CrossAppTracking: 🛒 Produit envoyé: 11:12 AM - Prix: N/A
10-01 11:12:00.739 11357 11357 D AndroidTracking: Event tracked: ADD_TO_CART - {app=com.android.systemui, packageName=com.android.systemui, productInfo={productName=11:12 AM, allTexts=[11:12, 11:12 AM]}, eventType=cross_app_cart_update}
10-01 11:12:00.742 11357 11357 D CrossAppTracking: 🛒 Produit envoyé: 11:12 AM - Prix: N/A
10-01 11:12:10.666 11357 11823 W AndroidTracking: Failed to send event to server: failed to connect to /10.0.2.2 (port 3001) from /10.0.2.16 (port 53270) after 10000ms
10-01 11:12:10.765 11357 11949 W AndroidTracking: Failed to send event to server: failed to connect to /10.0.2.2 (port 3001) from /10.0.2.16 (port 53282) after 10000ms
10-01 11:12:11.843 11357 11357 D CrossAppTracking: 📱 Événement reçu: 2048 - com.android.systemui
10-01 11:12:11.843 11357 11357 D CrossAppTracking: ✅ App ciblée détectée: com.android.systemui
10-01 11:12:12.348 11357 11357 D AndroidTracking: Event tracked: ADD_TO_CART - {app=com.android.systemui, packageName=com.android.systemui, productInfo={cartAction=T-Mobile, three bars., productName=T-Mobile, three bars., allTexts=[T-Mobile, three bars.]}, eventType=cross_app_cart_update}
10-01 11:12:12.349 11357 11357 D CrossAppTracking: 🛒 Produit envoyé: T-Mobile, three bars. - Prix: N/A
10-01 11:12:22.363 11357 11949 W AndroidTracking: Failed to send event to server: failed to connect to /10.0.2.2 (port 3001) from /10.0.2.16 (port 33200) after 10000ms
10-01 11:12:41.845 11357 11357 D CrossAppTracking: 📱 Événement reçu: 2048 - com.android.systemui
10-01 11:12:41.846 11357 11357 D CrossAppTracking: ✅ App ciblée détectée: com.android.systemui
10-01 11:12:42.350 11357 11357 D AndroidTracking: Event tracked: ADD_TO_CART - {app=com.android.systemui, packageName=com.android.systemui, productInfo={cartAction=T-Mobile, two bars., productName=T-Mobile, two bars., allTexts=[T-Mobile, two bars.]}, eventType=cross_app_cart_update}
10-01 11:12:42.353 11357 11357 D CrossAppTracking: 🛒 Produit envoyé: T-Mobile, two bars. - Prix: N/A
10-01 11:12:52.366 11357 11949 W AndroidTracking: Failed to send event to server: failed to connect to /10.0.2.2 (port 3001) from /10.0.2.16 (port 47220) after 10000ms
10-01 11:13:00.143 11357 11357 D CrossAppTracking: 📱 Événement reçu: 2048 - com.android.systemui
10-01 11:13:00.143 11357 11357 D CrossAppTracking: ✅ App ciblée détectée: com.android.systemui
10-01 11:13:00.244 11357 11357 D CrossAppTracking: 📱 Événement reçu: 2048 - com.android.systemui
10-01 11:13:00.244 11357 11357 D CrossAppTracking: ✅ App ciblée détectée: com.android.systemui
10-01 11:13:00.649 11357 11357 D AndroidTracking: Event tracked: ADD_TO_CART - {app=com.android.systemui, packageName=com.android.systemui, productInfo={productName=11:13 AM, allTexts=[11:13, 11:13 AM]}, eventType=cross_app_cart_update}
10-01 11:13:00.652 11357 11357 D CrossAppTracking: 🛒 Produit envoyé: 11:13 AM - Prix: N/A
10-01 11:13:00.750 11357 11357 D AndroidTracking: Event tracked: ADD_TO_CART - {app=com.android.systemui, packageName=com.android.systemui, productInfo={productName=11:13 AM, allTexts=[11:13, 11:13 AM]}, eventType=cross_app_cart_update}
10-01 11:13:00.771 11357 11357 D CrossAppTracking: 🛒 Produit envoyé: 11:13 AM - Prix: N/A
10-01 11:13:01.840 11357 11357 D CrossAppTracking: 📱 Événement reçu: 2048 - com.android.systemui
10-01 11:13:01.840 11357 11357 D CrossAppTracking: ✅ App ciblée détectée: com.android.systemui
10-01 11:13:02.344 11357 11357 D AndroidTracking: Event tracked: ADD_TO_CART - {app=com.android.systemui, packageName=com.android.systemui, productInfo={cartAction=T-Mobile, one bar., productName=T-Mobile, one bar., allTexts=[T-Mobile, one bar.]}, eventType=cross_app_cart_update}
10-01 11:13:02.355 11357 11357 D CrossAppTracking: 🛒 Produit envoyé: T-Mobile, one bar. - Prix: N/A
10-01 11:13:10.667 11357 11949 W AndroidTracking: Failed to send event to server: failed to connect to /10.0.2.2 (port 3001) from /10.0.2.16 (port 35874) after 10000ms
10-01 11:13:10.782 11357 11823 W AndroidTracking: Failed to send event to server: failed to connect to /10.0.2.2 (port 3001) from /10.0.2.16 (port 35882) after 9999ms
10-01 11:13:12.382 11357 11971 W AndroidTracking: Failed to send event to server: failed to connect to /10.0.2.2 (port 3001) from /10.0.2.16 (port 35890) after 10000ms
10-01 11:13:41.842 11357 11357 D CrossAppTracking: 📱 Événement reçu: 2048 - com.android.systemui
10-01 11:13:41.842 11357 11357 D CrossAppTracking: ✅ App ciblée détectée: com.android.systemui
10-01 11:13:42.348 11357 11357 D AndroidTracking: Event tracked: ADD_TO_CART - {app=com.android.systemui, packageName=com.android.systemui, productInfo={cartAction=T-Mobile, no signal., productName=T-Mobile, no signal., allTexts=[T-Mobile, no signal.]}, eventType=cross_app_cart_update}
10-01 11:13:42.352 11357 11357 D CrossAppTracking: 🛒 Produit envoyé: T-Mobile, no signal. - Prix: N/A
10-01 11:13:52.365 11357 11971 W AndroidTracking: Failed to send event to server: failed to connect to /10.0.2.2 (port 3001) from /10.0.2.16 (port 53528) after 10000ms
10-01 11:14:00.131 11357 11357 D CrossAppTracking: 📱 Événement reçu: 2048 - com.android.systemui
10-01 11:14:00.131 11357 11357 D CrossAppTracking: ✅ App ciblée détectée: com.android.systemui
10-01 11:14:00.236 11357 11357 D CrossAppTracking: 📱 Événement reçu: 2048 - com.android.systemui
10-01 11:14:00.236 11357 11357 D CrossAppTracking: ✅ App ciblée détectée: com.android.systemui
10-01 11:14:00.635 11357 11357 D AndroidTracking: Event tracked: ADD_TO_CART - {app=com.android.systemui, packageName=com.android.systemui, productInfo={productName=11:14 AM, allTexts=[11:14, 11:14 AM]}, eventType=cross_app_cart_update}
10-01 11:14:00.637 11357 11357 D CrossAppTracking: 🛒 Produit envoyé: 11:14 AM - Prix: N/A
10-01 11:14:00.740 11357 11357 D AndroidTracking: Event tracked: ADD_TO_CART - {app=com.android.systemui, packageName=com.android.systemui, productInfo={productName=11:14 AM, allTexts=[11:14, 11:14 AM]}, eventType=cross_app_cart_update}
10-01 11:14:00.743 11357 11357 D CrossAppTracking: 🛒 Produit envoyé: 11:14 AM - Prix: N/A
10-01 11:14:10.654 11357 11971 W AndroidTracking: Failed to send event to server: failed to connect to /10.0.2.2 (port 3001) from /10.0.2.16 (port 59792) after 9999ms
10-01 11:14:10.766 11357 11823 W AndroidTracking: Failed to send event to server: failed to connect to /10.0.2.2 (port 3001) from /10.0.2.16 (port 59802) after 9999ms
10-01 11:14:21.838 11357 11357 D CrossAppTracking: 📱 Événement reçu: 2048 - com.android.systemui
10-01 11:14:21.839 11357 11357 D CrossAppTracking: ✅ App ciblée détectée: com.android.systemui
10-01 11:14:22.344 11357 11357 D AndroidTracking: Event tracked: ADD_TO_CART - {app=com.android.systemui, packageName=com.android.systemui, productInfo={cartAction=T-Mobile, signal full., productName=T-Mobile, signal full., allTexts=[T-Mobile, signal full.]}, eventType=cross_app_cart_update}
10-01 11:14:22.364 11357 11357 D CrossAppTracking: 🛒 Produit envoyé: T-Mobile, signal full. - Prix: N/A
10-01 11:14:32.399 11357 11823 W AndroidTracking: Failed to send event to server: failed to connect to /10.0.2.2 (port 3001) from /10.0.2.16 (port 47260) after 9999ms
10-01 11:15:00.151 11357 11357 D CrossAppTracking: 📱 Événement reçu: 2048 - com.android.systemui
10-01 11:15:00.153 11357 11357 D CrossAppTracking: ✅ App ciblée détectée: com.android.systemui
10-01 11:15:00.256 11357 11357 D CrossAppTracking: 📱 Événement reçu: 2048 - com.android.systemui
10-01 11:15:00.257 11357 11357 D CrossAppTracking: ✅ App ciblée détectée: com.android.systemui
10-01 11:15:00.658 11357 11357 D AndroidTracking: Event tracked: ADD_TO_CART - {app=com.android.systemui, packageName=com.android.systemui, productInfo={productName=11:15 AM, allTexts=[11:15, 11:15 AM]}, eventType=cross_app_cart_update}
10-01 11:15:00.660 11357 11357 D CrossAppTracking: 🛒 Produit envoyé: 11:15 AM - Prix: N/A
10-01 11:15:00.772 11357 11357 D AndroidTracking: Event tracked: ADD_TO_CART - {app=com.android.systemui, packageName=com.android.systemui, productInfo={productName=11:15 AM, allTexts=[11:15, 11:15 AM]}, eventType=cross_app_cart_update}
10-01 11:15:00.773 11357 11357 D CrossAppTracking: 🛒 Produit envoyé: 11:15 AM - Prix: N/A
10-01 11:15:10.671 11357 11823 W AndroidTracking: Failed to send event to server: failed to connect to /10.0.2.2 (port 3001) from /10.0.2.16 (port 47942) after 10000ms
10-01 11:15:10.791 11357 11971 W AndroidTracking: Failed to send event to server: failed to connect to /10.0.2.2 (port 3001) from /10.0.2.16 (port 47946) after 10000ms
10-01 11:15:11.857 11357 11357 D CrossAppTracking: 📱 Événement reçu: 2048 - com.android.systemui
10-01 11:15:11.857 11357 11357 D CrossAppTracking: ✅ App ciblée détectée: com.android.systemui
10-01 11:15:12.362 11357 11357 D AndroidTracking: Event tracked: ADD_TO_CART - {app=com.android.systemui, packageName=com.android.systemui, productInfo={cartAction=T-Mobile, three bars., productName=T-Mobile, three bars., allTexts=[T-Mobile, three bars.]}, eventType=cross_app_cart_update}
10-01 11:15:12.367 11357 11357 D CrossAppTracking: 🛒 Produit envoyé: T-Mobile, three bars. - Prix: N/A
10-01 11:15:22.382 11357 11971 W AndroidTracking: Failed to send event to server: failed to connect to /10.0.2.2 (port 3001) from /10.0.2.16 (port 47018) after 10000ms
10-01 11:15:41.843 11357 11357 D CrossAppTracking: 📱 Événement reçu: 2048 - com.android.systemui
10-01 11:15:41.843 11357 11357 D CrossAppTracking: ✅ App ciblée détectée: com.android.systemui
10-01 11:15:42.347 11357 11357 D AndroidTracking: Event tracked: ADD_TO_CART - {app=com.android.systemui, packageName=com.android.systemui, productInfo={cartAction=T-Mobile, two bars., productName=T-Mobile, two bars., allTexts=[T-Mobile, two bars.]}, eventType=cross_app_cart_update}
10-01 11:15:42.348 11357 11357 D CrossAppTracking: 🛒 Produit envoyé: T-Mobile, two bars. - Prix: N/A
10-01 11:15:52.361 11357 11971 W AndroidTracking: Failed to send event to server: failed to connect to /10.0.2.2 (port 3001) from /10.0.2.16 (port 39408) after 9999ms
10-01 11:16:00.120 11357 11357 D CrossAppTracking: 📱 Événement reçu: 2048 - com.android.systemui
10-01 11:16:00.120 11357 11357 D CrossAppTracking: ✅ App ciblée détectée: com.android.systemui
10-01 11:16:00.217 11357 11357 D CrossAppTracking: 📱 Événement reçu: 2048 - com.android.systemui
10-01 11:16:00.217 11357 11357 D CrossAppTracking: ✅ App ciblée détectée: com.android.systemui
10-01 11:16:00.623 11357 11357 D AndroidTracking: Event tracked: ADD_TO_CART - {app=com.android.systemui, packageName=com.android.systemui, productInfo={productName=11:16 AM, allTexts=[11:16, 11:16 AM]}, eventType=cross_app_cart_update}
10-01 11:16:00.626 11357 11357 D CrossAppTracking: 🛒 Produit envoyé: 11:16 AM - Prix: N/A
10-01 11:16:00.720 11357 11357 D AndroidTracking: Event tracked: ADD_TO_CART - {app=com.android.systemui, packageName=com.android.systemui, productInfo={productName=11:16 AM, allTexts=[11:16, 11:16 AM]}, eventType=cross_app_cart_update}
10-01 11:16:00.723 11357 11357 D CrossAppTracking: 🛒 Produit envoyé: 11:16 AM - Prix: N/A
10-01 11:16:01.859 11357 11357 D CrossAppTracking: 📱 Événement reçu: 2048 - com.android.systemui
10-01 11:16:01.859 11357 11357 D CrossAppTracking: ✅ App ciblée détectée: com.android.systemui
10-01 11:16:02.363 11357 11357 D AndroidTracking: Event tracked: ADD_TO_CART - {app=com.android.systemui, packageName=com.android.systemui, productInfo={cartAction=T-Mobile, one bar., productName=T-Mobile, one bar., allTexts=[T-Mobile, one bar.]}, eventType=cross_app_cart_update}
10-01 11:16:02.373 11357 11357 D CrossAppTracking: 🛒 Produit envoyé: T-Mobile, one bar. - Prix: N/A
10-01 11:16:10.655 11357 11971 W AndroidTracking: Failed to send event to server: failed to connect to /10.0.2.2 (port 3001) from /10.0.2.16 (port 39646) after 10000ms
10-01 11:16:10.750 11357 11823 W AndroidTracking: Failed to send event to server: failed to connect to /10.0.2.2 (port 3001) from /10.0.2.16 (port 39650) after 10000ms
10-01 11:16:12.393 11357 12001 W AndroidTracking: Failed to send event to server: failed to connect to /10.0.2.2 (port 3001) from /10.0.2.16 (port 39652) after 9999ms
10-01 11:16:41.852 11357 11357 D CrossAppTracking: 📱 Événement reçu: 2048 - com.android.systemui
10-01 11:16:41.852 11357 11357 D CrossAppTracking: ✅ App ciblée détectée: com.android.systemui
10-01 11:16:42.355 11357 11357 D AndroidTracking: Event tracked: ADD_TO_CART - {app=com.android.systemui, packageName=com.android.systemui, productInfo={cartAction=T-Mobile, no signal., productName=T-Mobile, no signal., allTexts=[T-Mobile, no signal.]}, eventType=cross_app_cart_update}
10-01 11:16:42.358 11357 11357 D CrossAppTracking: 🛒 Produit envoyé: T-Mobile, no signal. - Prix: N/A
10-01 11:16:52.394 11357 12001 W AndroidTracking: Failed to send event to server: failed to connect to /10.0.2.2 (port 3001) from /10.0.2.16 (port 33988) after 10000ms
10-01 11:17:00.127 11357 11357 D CrossAppTracking: 📱 Événement reçu: 2048 - com.android.systemui
10-01 11:17:00.127 11357 11357 D CrossAppTracking: ✅ App ciblée détectée: com.android.systemui
10-01 11:17:00.231 11357 11357 D CrossAppTracking: 📱 Événement reçu: 2048 - com.android.systemui
10-01 11:17:00.231 11357 11357 D CrossAppTracking: ✅ App ciblée détectée: com.android.systemui
10-01 11:17:00.633 11357 11357 D AndroidTracking: Event tracked: ADD_TO_CART - {app=com.android.systemui, packageName=com.android.systemui, productInfo={productName=11:17 AM, allTexts=[11:17, 11:17 AM]}, eventType=cross_app_cart_update}
10-01 11:17:00.634 11357 11357 D CrossAppTracking: 🛒 Produit envoyé: 11:17 AM - Prix: N/A
10-01 11:17:00.740 11357 11357 D AndroidTracking: Event tracked: ADD_TO_CART - {app=com.android.systemui, packageName=com.android.systemui, productInfo={productName=11:17 AM, allTexts=[11:17, 11:17 AM]}, eventType=cross_app_cart_update}
10-01 11:17:00.741 11357 11357 D CrossAppTracking: 🛒 Produit envoyé: 11:17 AM - Prix: N/A
10-01 11:17:10.649 11357 12001 W AndroidTracking: Failed to send event to server: failed to connect to /10.0.2.2 (port 3001) from /10.0.2.16 (port 54362) after 10000ms
10-01 11:17:10.761 11357 11823 W AndroidTracking: Failed to send event to server: failed to connect to /10.0.2.2 (port 3001) from /10.0.2.16 (port 54374) after 10000ms
10-01 11:17:21.849 11357 11357 D CrossAppTracking: 📱 Événement reçu: 2048 - com.android.systemui
10-01 11:17:21.850 11357 11357 D CrossAppTracking: ✅ App ciblée détectée: com.android.systemui
10-01 11:17:22.352 11357 11357 D AndroidTracking: Event tracked: ADD_TO_CART - {app=com.android.systemui, packageName=com.android.systemui, productInfo={cartAction=T-Mobile, signal full., productName=T-Mobile, signal full., allTexts=[T-Mobile, signal full.]}, eventType=cross_app_cart_update}
10-01 11:17:22.354 11357 11357 D CrossAppTracking: 🛒 Produit envoyé: T-Mobile, signal full. - Prix: N/A
10-01 11:17:32.370 11357 11823 W AndroidTracking: Failed to send event to server: failed to connect to /10.0.2.2 (port 3001) from /10.0.2.16 (port 35892) after 10000ms
10-01 11:18:00.129 11357 11357 D CrossAppTracking: 📱 Événement reçu: 2048 - com.android.systemui
10-01 11:18:00.129 11357 11357 D CrossAppTracking: ✅ App ciblée détectée: com.android.systemui
10-01 11:18:00.238 11357 11357 D CrossAppTracking: 📱 Événement reçu: 2048 - com.android.systemui
10-01 11:18:00.238 11357 11357 D CrossAppTracking: ✅ App ciblée détectée: com.android.systemui
10-01 11:18:00.639 11357 11357 D AndroidTracking: Event tracked: ADD_TO_CART - {app=com.android.systemui, packageName=com.android.systemui, productInfo={productName=11:18 AM, allTexts=[11:18, 11:18 AM]}, eventType=cross_app_cart_update}
10-01 11:18:00.644 11357 11357 D CrossAppTracking: 🛒 Produit envoyé: 11:18 AM - Prix: N/A
10-01 11:18:00.752 11357 11357 D AndroidTracking: Event tracked: ADD_TO_CART - {app=com.android.systemui, packageName=com.android.systemui, productInfo={productName=11:18 AM, allTexts=[11:18, 11:18 AM]}, eventType=cross_app_cart_update}
10-01 11:18:00.753 11357 11357 D CrossAppTracking: 🛒 Produit envoyé: 11:18 AM - Prix: N/A
10-01 11:18:10.675 11357 11823 W AndroidTracking: Failed to send event to server: failed to connect to /10.0.2.2 (port 3001) from /10.0.2.16 (port 38308) after 10000ms
10-01 11:18:10.771 11357 12001 W AndroidTracking: Failed to send event to server: failed to connect to /10.0.2.2 (port 3001) from /10.0.2.16 (port 38324) after 10000ms
10-01 11:18:11.845 11357 11357 D CrossAppTracking: 📱 Événement reçu: 2048 - com.android.systemui
