10-01 12:21:17.190 17392 17392 D CrossAppTracking: pour améliorer votre expérience d'achat.
10-01 12:21:17.190 17392 17392 D CrossAppTracking: 
10-01 12:21:17.190 17392 17392 D CrossAppTracking: Apps supportées:
10-01 12:21:17.190 17392 17392 D CrossAppTracking: • E.Leclerc Drive
10-01 12:21:17.190 17392 17392 D CrossAppTracking: • Carrefour
10-01 12:21:17.190 17392 17392 D CrossAppTracking: • Auchan Drive  
10-01 12:21:17.190 17392 17392 D CrossAppTracking: • Casino Drive
10-01 12:21:17.190 17392 17392 D CrossAppTracking: • Amazon Shopping
10-01 12:21:17.190 17392 17392 D CrossAppTracking: • Cdiscount
10-01 12:21:17.190 17392 17392 D CrossAppTracking: • Monoprix
10-01 12:21:17.190 17392 17392 D CrossAppTracking: 
10-01 12:21:17.190 17392 17392 D CrossAppTracking: Vos données restent privées et anonymes. - Prix: N/A
10-01 12:21:17.200 17392 17407 D AndroidTracking: Event sent to server successfully
10-01 12:21:17.292 17392 17392 D AndroidTracking: Event tracked: ADD_TO_CART - {app=com.bascule.leclerctracking, packageName=com.bascule.leclerctracking, productInfo={cartAction=En activant ce service, vous acceptez que Bascule analyse vos interactions dans les apps e-commerce pour améliorer l'expérience utilisateur. Aucune donnée personnelle n'est collectée., productName=Cette application peut analyser vos interactions sur les apps e-commerce 
10-01 12:21:17.292 17392 17392 D AndroidTracking: pour améliorer votre expérience d'achat.
10-01 12:21:17.292 17392 17392 D AndroidTracking: 
10-01 12:21:17.292 17392 17392 D AndroidTracking: Apps supportées:
10-01 12:21:17.292 17392 17392 D AndroidTracking: • E.Leclerc Drive
10-01 12:21:17.292 17392 17392 D AndroidTracking: • Carrefour
10-01 12:21:17.292 17392 17392 D AndroidTracking: • Auchan Drive  
10-01 12:21:17.292 17392 17392 D AndroidTracking: • Casino Drive
10-01 12:21:17.292 17392 17392 D AndroidTracking: • Amazon Shopping
10-01 12:21:17.292 17392 17392 D AndroidTracking: • Cdiscount
10-01 12:21:17.292 17392 17392 D AndroidTracking: • Monoprix
10-01 12:21:17.292 17392 17392 D AndroidTracking: 
10-01 12:21:17.292 17392 17392 D AndroidTracking: Vos données restent privées et anonymes., allTexts=[Bascule Cross-App Tracking, ✅ Service activé - Tracking cross-app fonctionnel, 📱 Tracking Cross-App, Cette application peut analyser vos interactions sur les apps e-commerce 
10-01 12:21:17.292 17392 17392 D AndroidTracking: pour améliorer votre expérience d'achat.
10-01 12:21:17.292 17392 17392 D AndroidTracking: 
10-01 12:21:17.292 17392 17392 D AndroidTracking: Apps supportées:
10-01 12:21:17.292 17392 17392 D AndroidTracking: • E.Leclerc Drive
10-01 12:21:17.292 17392 17392 D AndroidTracking: • Carrefour
10-01 12:21:17.292 17392 17392 D AndroidTracking: • Auchan Drive  
10-01 12:21:17.292 17392 17392 D AndroidTracking: • Casino Drive
10-01 12:21:17.292 17392 17392 D AndroidTracking: • Amazon Shopping
10-01 12:21:17.292 17392 17392 D AndroidTracking: • Cdiscount
10-01 12:21:17.292 17392 17392 D AndroidTracking: • Monoprix
10-01 12:21:17.292 17392 17392 D AndroidTracking: 
10-01 12:21:17.292 17392 17392 D AndroidTracking: Vos données restent privées et anonymes., 🔒 Confidentialité et Permissions, Permissions requises:
10-01 12:21:17.292 17392 17392 D AndroidTracking: 
10-01 12:21:17.292 17392 17392 D AndroidTracking: 🔍 Service d'Accessibilité
10-01 12:21:17.292 17392 17392 D AndroidTracking: Permet de détecter les interactions dans les autres apps
10-01 12:21:17.292 17392 17392 D AndroidTracking: 
10-01 12:21:17.292 17392 17392 D AndroidTracking: 🔒 Confidentialité Garantie
10-01 12:21:17.292 17392 17392 D AndroidTracking: • Aucune donnée personnelle collectée
10-01 12:21:17.292 17392 17392 D AndroidTracking: • Pas d'accès aux mots de passe
10-01 12:21:17.292 17392 17392 D AndroidTracking: • Tracking anonyme uniquement
10-01 12:21:17.292 17392 17392 D AndroidTracking: • Données stockées localement, DÉSACTIVER LE SERVICE, OUVRIR PARAMÈTRES D'ACCESSIBILITÉ, MODE INTRA-APP SEULEMENT, 🧪 TEST AUTOMATIQUE CARREFOUR]}, eventType=cross_app_cart_update}
10-01 12:21:17.294 17392 17392 D CrossAppTracking: 🛒 Produit envoyé: Cette application peut analyser vos interactions sur les apps e-commerce 
10-01 12:21:17.294 17392 17392 D CrossAppTracking: pour améliorer votre expérience d'achat.
10-01 12:21:17.294 17392 17392 D CrossAppTracking: 
10-01 12:21:17.294 17392 17392 D CrossAppTracking: Apps supportées:
10-01 12:21:17.294 17392 17392 D CrossAppTracking: • E.Leclerc Drive
10-01 12:21:17.294 17392 17392 D CrossAppTracking: • Carrefour
10-01 12:21:17.294 17392 17392 D CrossAppTracking: • Auchan Drive  
10-01 12:21:17.294 17392 17392 D CrossAppTracking: • Casino Drive
10-01 12:21:17.294 17392 17392 D CrossAppTracking: • Amazon Shopping
10-01 12:21:17.294 17392 17392 D CrossAppTracking: • Cdiscount
10-01 12:21:17.294 17392 17392 D CrossAppTracking: • Monoprix
10-01 12:21:17.294 17392 17392 D CrossAppTracking: 
10-01 12:21:17.294 17392 17392 D CrossAppTracking: Vos données restent privées et anonymes. - Prix: N/A
10-01 12:21:17.313 17392 17407 D AndroidTracking: Event sent to server successfully
10-01 12:21:17.349 17392 17392 D CrossAppTracking: 📱 Événement reçu: 64 - com.bascule.leclerctracking
10-01 12:21:17.349 17392 17392 D CrossAppTracking: ✅ App ciblée détectée: com.bascule.leclerctracking
10-01 12:21:17.420 17392 17392 D AndroidTracking: Event tracked: ADD_TO_CART - {app=com.bascule.leclerctracking, packageName=com.bascule.leclerctracking, productInfo={cartAction=En activant ce service, vous acceptez que Bascule analyse vos interactions dans les apps e-commerce pour améliorer l'expérience utilisateur. Aucune donnée personnelle n'est collectée., productName=Cette application peut analyser vos interactions sur les apps e-commerce 
10-01 12:21:17.420 17392 17392 D AndroidTracking: pour améliorer votre expérience d'achat.
10-01 12:21:17.420 17392 17392 D AndroidTracking: 
10-01 12:21:17.420 17392 17392 D AndroidTracking: Apps supportées:
10-01 12:21:17.420 17392 17392 D AndroidTracking: • E.Leclerc Drive
10-01 12:21:17.420 17392 17392 D AndroidTracking: • Carrefour
10-01 12:21:17.420 17392 17392 D AndroidTracking: • Auchan Drive  
10-01 12:21:17.420 17392 17392 D AndroidTracking: • Casino Drive
10-01 12:21:17.420 17392 17392 D AndroidTracking: • Amazon Shopping
10-01 12:21:17.420 17392 17392 D AndroidTracking: • Cdiscount
10-01 12:21:17.420 17392 17392 D AndroidTracking: • Monoprix
10-01 12:21:17.420 17392 17392 D AndroidTracking: 
10-01 12:21:17.420 17392 17392 D AndroidTracking: Vos données restent privées et anonymes., allTexts=[Bascule Cross-App Tracking, ✅ Service activé - Tracking cross-app fonctionnel, 📱 Tracking Cross-App, Cette application peut analyser vos interactions sur les apps e-commerce 
10-01 12:21:17.420 17392 17392 D AndroidTracking: pour améliorer votre expérience d'achat.
10-01 12:21:17.420 17392 17392 D AndroidTracking: 
10-01 12:21:17.420 17392 17392 D AndroidTracking: Apps supportées:
10-01 12:21:17.420 17392 17392 D AndroidTracking: • E.Leclerc Drive
10-01 12:21:17.420 17392 17392 D AndroidTracking: • Carrefour
10-01 12:21:17.420 17392 17392 D AndroidTracking: • Auchan Drive  
10-01 12:21:17.420 17392 17392 D AndroidTracking: • Casino Drive
10-01 12:21:17.420 17392 17392 D AndroidTracking: • Amazon Shopping
10-01 12:21:17.420 17392 17392 D AndroidTracking: • Cdiscount
10-01 12:21:17.420 17392 17392 D AndroidTracking: • Monoprix
10-01 12:21:17.420 17392 17392 D AndroidTracking: 
10-01 12:21:17.420 17392 17392 D AndroidTracking: Vos données restent privées et anonymes., 🔒 Confidentialité et Permissions, Permissions requises:
10-01 12:21:17.420 17392 17392 D AndroidTracking: 
10-01 12:21:17.420 17392 17392 D AndroidTracking: 🔍 Service d'Accessibilité
10-01 12:21:17.420 17392 17392 D AndroidTracking: Permet de détecter les interactions dans les autres apps
10-01 12:21:17.420 17392 17392 D AndroidTracking: 
10-01 12:21:17.420 17392 17392 D AndroidTracking: 🔒 Confidentialité Garantie
10-01 12:21:17.420 17392 17392 D AndroidTracking: • Aucune donnée personnelle collectée
10-01 12:21:17.420 17392 17392 D AndroidTracking: • Pas d'accès aux mots de passe
10-01 12:21:17.420 17392 17392 D AndroidTracking: • Tracking anonyme uniquement
10-01 12:21:17.420 17392 17392 D AndroidTracking: • Données stockées localement, DÉSACTIVER LE SERVICE, OUVRIR PARAMÈTRES D'ACCESSIBILITÉ, MODE INTRA-APP SEULEMENT, 🧪 TEST AUTOMATIQUE CARREFOUR]}, eventType=cross_app_cart_update}
10-01 12:21:17.422 17392 17392 D CrossAppTracking: 🛒 Produit envoyé: Cette application peut analyser vos interactions sur les apps e-commerce 
10-01 12:21:17.422 17392 17392 D CrossAppTracking: pour améliorer votre expérience d'achat.
10-01 12:21:17.422 17392 17392 D CrossAppTracking: 
10-01 12:21:17.422 17392 17392 D CrossAppTracking: Apps supportées:
10-01 12:21:17.422 17392 17392 D CrossAppTracking: • E.Leclerc Drive
10-01 12:21:17.422 17392 17392 D CrossAppTracking: • Carrefour
10-01 12:21:17.422 17392 17392 D CrossAppTracking: • Auchan Drive  
10-01 12:21:17.422 17392 17392 D CrossAppTracking: • Casino Drive
10-01 12:21:17.422 17392 17392 D CrossAppTracking: • Amazon Shopping
10-01 12:21:17.422 17392 17392 D CrossAppTracking: • Cdiscount
10-01 12:21:17.422 17392 17392 D CrossAppTracking: • Monoprix
10-01 12:21:17.422 17392 17392 D CrossAppTracking: 
10-01 12:21:17.422 17392 17392 D CrossAppTracking: Vos données restent privées et anonymes. - Prix: N/A
10-01 12:21:17.447 17392 17407 D AndroidTracking: Event sent to server successfully
10-01 12:21:17.477 17392 17392 D AndroidTracking: Event tracked: ADD_TO_CART - {app=com.bascule.leclerctracking, packageName=com.bascule.leclerctracking, productInfo={cartAction=En activant ce service, vous acceptez que Bascule analyse vos interactions dans les apps e-commerce pour améliorer l'expérience utilisateur. Aucune donnée personnelle n'est collectée., productName=Cette application peut analyser vos interactions sur les apps e-commerce 
10-01 12:21:17.477 17392 17392 D AndroidTracking: pour améliorer votre expérience d'achat.
10-01 12:21:17.477 17392 17392 D AndroidTracking: 
10-01 12:21:17.477 17392 17392 D AndroidTracking: Apps supportées:
10-01 12:21:17.477 17392 17392 D AndroidTracking: • E.Leclerc Drive
10-01 12:21:17.477 17392 17392 D AndroidTracking: • Carrefour
10-01 12:21:17.477 17392 17392 D AndroidTracking: • Auchan Drive  
10-01 12:21:17.477 17392 17392 D AndroidTracking: • Casino Drive
10-01 12:21:17.477 17392 17392 D AndroidTracking: • Amazon Shopping
10-01 12:21:17.477 17392 17392 D AndroidTracking: • Cdiscount
10-01 12:21:17.477 17392 17392 D AndroidTracking: • Monoprix
10-01 12:21:17.477 17392 17392 D AndroidTracking: 
10-01 12:21:17.477 17392 17392 D AndroidTracking: Vos données restent privées et anonymes., allTexts=[Bascule Cross-App Tracking, ✅ Service activé - Tracking cross-app fonctionnel, 📱 Tracking Cross-App, Cette application peut analyser vos interactions sur les apps e-commerce 
10-01 12:21:17.477 17392 17392 D AndroidTracking: pour améliorer votre expérience d'achat.
10-01 12:21:17.477 17392 17392 D AndroidTracking: 
10-01 12:21:17.477 17392 17392 D AndroidTracking: Apps supportées:
10-01 12:21:17.477 17392 17392 D AndroidTracking: • E.Leclerc Drive
10-01 12:21:17.477 17392 17392 D AndroidTracking: • Carrefour
10-01 12:21:17.477 17392 17392 D AndroidTracking: • Auchan Drive  
10-01 12:21:17.477 17392 17392 D AndroidTracking: • Casino Drive
10-01 12:21:17.477 17392 17392 D AndroidTracking: • Amazon Shopping
10-01 12:21:17.477 17392 17392 D AndroidTracking: • Cdiscount
10-01 12:21:17.477 17392 17392 D AndroidTracking: • Monoprix
10-01 12:21:17.477 17392 17392 D AndroidTracking: 
10-01 12:21:17.477 17392 17392 D AndroidTracking: Vos données restent privées et anonymes., 🔒 Confidentialité et Permissions, Permissions requises:
10-01 12:21:17.477 17392 17392 D AndroidTracking: 
10-01 12:21:17.477 17392 17392 D AndroidTracking: 🔍 Service d'Accessibilité
10-01 12:21:17.477 17392 17392 D AndroidTracking: Permet de détecter les interactions dans les autres apps
10-01 12:21:17.477 17392 17392 D AndroidTracking: 
10-01 12:21:17.477 17392 17392 D AndroidTracking: 🔒 Confidentialité Garantie
10-01 12:21:17.477 17392 17392 D AndroidTracking: • Aucune donnée personnelle collectée
10-01 12:21:17.477 17392 17392 D AndroidTracking: • Pas d'accès aux mots de passe
10-01 12:21:17.477 17392 17392 D AndroidTracking: • Tracking anonyme uniquement
10-01 12:21:17.477 17392 17392 D AndroidTracking: • Données stockées localement, DÉSACTIVER LE SERVICE, OUVRIR PARAMÈTRES D'ACCESSIBILITÉ, MODE INTRA-APP SEULEMENT, 🧪 TEST AUTOMATIQUE CARREFOUR]}, eventType=cross_app_cart_update}
10-01 12:21:17.481 17392 17392 D CrossAppTracking: 🛒 Produit envoyé: Cette application peut analyser vos interactions sur les apps e-commerce 
10-01 12:21:17.481 17392 17392 D CrossAppTracking: pour améliorer votre expérience d'achat.
10-01 12:21:17.481 17392 17392 D CrossAppTracking: 
10-01 12:21:17.481 17392 17392 D CrossAppTracking: Apps supportées:
10-01 12:21:17.481 17392 17392 D CrossAppTracking: • E.Leclerc Drive
10-01 12:21:17.481 17392 17392 D CrossAppTracking: • Carrefour
10-01 12:21:17.481 17392 17392 D CrossAppTracking: • Auchan Drive  
10-01 12:21:17.481 17392 17392 D CrossAppTracking: • Casino Drive
10-01 12:21:17.481 17392 17392 D CrossAppTracking: • Amazon Shopping
10-01 12:21:17.481 17392 17392 D CrossAppTracking: • Cdiscount
10-01 12:21:17.481 17392 17392 D CrossAppTracking: • Monoprix
10-01 12:21:17.481 17392 17392 D CrossAppTracking: 
10-01 12:21:17.481 17392 17392 D CrossAppTracking: Vos données restent privées et anonymes. - Prix: N/A
10-01 12:21:17.498 17392 17407 D AndroidTracking: Event sent to server successfully
10-01 12:21:18.065 17392 17392 D CrossAppTracking: 📱 Événement reçu: 2048 - com.android.systemui
10-01 12:21:18.065 17392 17392 D CrossAppTracking: ❌ App non ciblée: com.android.systemui
10-01 12:21:18.166 17392 17392 D CrossAppTracking: 📱 Événement reçu: 2048 - com.android.systemui
10-01 12:21:18.166 17392 17392 D CrossAppTracking: ❌ App non ciblée: com.android.systemui
10-01 12:21:18.288 17392 17392 D CrossAppTracking: 📱 Événement reçu: 2048 - com.android.systemui
10-01 12:21:18.289 17392 17392 D CrossAppTracking: ❌ App non ciblée: com.android.systemui
10-01 12:21:18.388 17392 17392 D CrossAppTracking: 📱 Événement reçu: 2048 - com.android.systemui
10-01 12:21:18.388 17392 17392 D CrossAppTracking: ❌ App non ciblée: com.android.systemui
10-01 12:21:19.132 17392 17392 D CrossAppTracking: 📱 Événement reçu: 1 - com.bascule.leclerctracking
10-01 12:21:19.133 17392 17392 D CrossAppTracking: ✅ App ciblée détectée: com.bascule.leclerctracking
10-01 12:21:19.161 17392 17392 D CrossAppTracking: 📱 Événement reçu: 2048 - com.bascule.leclerctracking
10-01 12:21:19.161 17392 17392 D CrossAppTracking: ✅ App ciblée détectée: com.bascule.leclerctracking
10-01 12:21:19.356 17392 17392 D CrossAppTracking: 📱 Événement reçu: 32 - com.bascule.leclerctracking
10-01 12:21:19.356 17392 17392 D CrossAppTracking: ✅ App ciblée détectée: com.bascule.leclerctracking
10-01 12:21:19.669 17392 17392 D AndroidTracking: Event tracked: VIEW_CLICKED - {app=com.bascule.leclerctracking, packageName=com.bascule.leclerctracking, element={}, eventType=cross_app_click, timestamp=1759314079151}
10-01 12:21:19.669 17392 17392 D CrossAppTracking: Click envoyé dans com.bascule.leclerctracking: {}
10-01 12:21:19.685 17392 17392 D AndroidTracking: Event tracked: ADD_TO_CART - {app=com.bascule.leclerctracking, packageName=com.bascule.leclerctracking, productInfo={productName=Ce test va lancer Carrefour et observer les événements capturés par le service d'accessibilité., allTexts=[Test Automatique Carrefour, Ce test va lancer Carrefour et observer les événements capturés par le service d'accessibilité., 🚀 DÉMARRER LE TEST, Logs du test :, Prêt à démarrer le test...]}, eventType=cross_app_cart_update}
10-01 12:21:19.686 17392 17407 D AndroidTracking: Event sent to server successfully
10-01 12:21:19.686 17392 17392 D CrossAppTracking: 🛒 Produit envoyé: Ce test va lancer Carrefour et observer les événements capturés par le service d'accessibilité. - Prix: N/A
10-01 12:21:19.699 17392 17440 D AndroidTracking: Event sent to server successfully
10-01 12:21:19.883 17392 17392 D AndroidTracking: Event tracked: ADD_TO_CART - {app=com.bascule.leclerctracking, packageName=com.bascule.leclerctracking, productInfo={productName=Ce test va lancer Carrefour et observer les événements capturés par le service d'accessibilité., allTexts=[Test Automatique Carrefour, Ce test va lancer Carrefour et observer les événements capturés par le service d'accessibilité., 🚀 DÉMARRER LE TEST, Logs du test :, Prêt à démarrer le test...]}, eventType=cross_app_cart_update}
10-01 12:21:19.886 17392 17392 D CrossAppTracking: 🛒 Produit envoyé: Ce test va lancer Carrefour et observer les événements capturés par le service d'accessibilité. - Prix: N/A
10-01 12:21:19.898 17392 17440 D AndroidTracking: Event sent to server successfully
10-01 12:21:24.859 17392 17392 D CrossAppTracking: 📱 Événement reçu: 2048 - com.google.android.apps.nexuslauncher
10-01 12:21:24.861 17392 17392 D CrossAppTracking: ✅ App ciblée détectée: com.google.android.apps.nexuslauncher
10-01 12:21:25.279 17392 17392 D CrossAppTracking: 📱 Événement reçu: 2048 - com.google.android.apps.nexuslauncher
10-01 12:21:25.280 17392 17392 D CrossAppTracking: ✅ App ciblée détectée: com.google.android.apps.nexuslauncher
10-01 12:21:25.310 17392 17392 D CrossAppTracking: 📱 Événement reçu: 2048 - com.google.android.apps.nexuslauncher
10-01 12:21:25.311 17392 17392 D CrossAppTracking: ✅ App ciblée détectée: com.google.android.apps.nexuslauncher
10-01 12:21:25.351 17392 17392 D CrossAppTracking: 📱 Événement reçu: 2048 - com.google.android.apps.nexuslauncher
10-01 12:21:25.351 17392 17392 D CrossAppTracking: ✅ App ciblée détectée: com.google.android.apps.nexuslauncher
10-01 12:21:25.395 17392 17392 D CrossAppTracking: 📱 Événement reçu: 32 - com.google.android.apps.nexuslauncher
10-01 12:21:25.395 17392 17392 D CrossAppTracking: ✅ App ciblée détectée: com.google.android.apps.nexuslauncher
10-01 12:21:25.421 17392 17392 D CrossAppTracking: 📱 Événement reçu: 2048 - com.google.android.apps.nexuslauncher
10-01 12:21:25.421 17392 17392 D CrossAppTracking: ✅ App ciblée détectée: com.google.android.apps.nexuslauncher
10-01 12:21:25.462 17392 17392 D CrossAppTracking: 📱 Événement reçu: 2048 - com.google.android.apps.nexuslauncher
10-01 12:21:25.462 17392 17392 D CrossAppTracking: ✅ App ciblée détectée: com.google.android.apps.nexuslauncher
10-01 12:21:25.490 17392 17392 D CrossAppTracking: 📱 Événement reçu: 2048 - com.google.android.apps.nexuslauncher
10-01 12:21:25.490 17392 17392 D CrossAppTracking: ✅ App ciblée détectée: com.google.android.apps.nexuslauncher
10-01 12:21:25.560 17392 17392 D CrossAppTracking: 📱 Événement reçu: 2048 - com.google.android.apps.nexuslauncher
10-01 12:21:25.560 17392 17392 D CrossAppTracking: ✅ App ciblée détectée: com.google.android.apps.nexuslauncher
10-01 12:21:25.646 17392 17392 D CrossAppTracking: 📱 Événement reçu: 2048 - com.google.android.apps.nexuslauncher
10-01 12:21:25.647 17392 17392 D CrossAppTracking: ✅ App ciblée détectée: com.google.android.apps.nexuslauncher
10-01 12:21:25.778 17392 17392 D AndroidTracking: Event tracked: ADD_TO_CART - {app=com.google.android.apps.nexuslauncher, packageName=com.google.android.apps.nexuslauncher, productInfo={cartAction=Bascule Cross-App Tracking, productName=Bascule Cross-App Tracking has 1 notification, allTexts=[At a glance, Wed, Oct 1, Wed, Oct 1, Play Store, Play Store, Gmail, Gmail, Photos, Photos, YouTube]}, eventType=cross_app_cart_update}
10-01 12:21:25.781 17392 17392 D CrossAppTracking: 🛒 Produit envoyé: Bascule Cross-App Tracking has 1 notification - Prix: N/A
10-01 12:21:25.791 17392 17392 D CrossAppTracking: 📱 Événement reçu: 2048 - com.google.android.apps.nexuslauncher
10-01 12:21:25.791 17392 17392 D CrossAppTracking: ✅ App ciblée détectée: com.google.android.apps.nexuslauncher
10-01 12:21:25.793 17392 17440 D AndroidTracking: Event sent to server successfully
10-01 12:21:25.849 17392 17392 D AndroidTracking: Event tracked: ADD_TO_CART - {app=com.google.android.apps.nexuslauncher, packageName=com.google.android.apps.nexuslauncher, productInfo={cartAction=Bascule Cross-App Tracking, productName=Bascule Cross-App Tracking has 1 notification, allTexts=[Bascule Cross-App Tracking, Bascule Cross-App Tracking has 1 notification]}, eventType=cross_app_cart_update}
10-01 12:21:25.850 17392 17392 D CrossAppTracking: 🛒 Produit envoyé: Bascule Cross-App Tracking has 1 notification - Prix: N/A
10-01 12:21:25.850 17392 17392 D AndroidTracking: Event tracked: ADD_TO_CART - {app=com.google.android.apps.nexuslauncher, packageName=com.google.android.apps.nexuslauncher, productInfo={cartAction=Bascule Cross-App Tracking, productName=Bascule Cross-App Tracking has 1 notification, allTexts=[At a glance, Wed, Oct 1, Wed, Oct 1, Play Store, Play Store, Gmail, Gmail, Photos, Photos, YouTube]}, eventType=cross_app_cart_update}
10-01 12:21:25.852 17392 17392 D CrossAppTracking: 🛒 Produit envoyé: Bascule Cross-App Tracking has 1 notification - Prix: N/A
10-01 12:21:25.869 17392 17407 D AndroidTracking: Event sent to server successfully
10-01 12:21:25.907 17392 17392 D AndroidTracking: Event tracked: ADD_TO_CART - {app=com.google.android.apps.nexuslauncher, packageName=com.google.android.apps.nexuslauncher, productInfo={cartAction=Bascule Cross-App Tracking, productName=Bascule Cross-App Tracking has 1 notification, allTexts=[At a glance, Wed, Oct 1, Wed, Oct 1, Play Store, Play Store, Gmail, Gmail, Photos, Photos, YouTube]}, eventType=cross_app_cart_update}
10-01 12:21:25.910 17392 17440 D AndroidTracking: Event sent to server successfully
10-01 12:21:25.911 17392 17392 D CrossAppTracking: 🛒 Produit envoyé: Bascule Cross-App Tracking has 1 notification - Prix: N/A
10-01 12:21:25.929 17392 17407 D AndroidTracking: Event sent to server successfully
10-01 12:21:25.996 17392 17392 D CrossAppTracking: 📱 Événement reçu: 2048 - com.google.android.apps.nexuslauncher
10-01 12:21:25.996 17392 17392 D CrossAppTracking: ✅ App ciblée détectée: com.google.android.apps.nexuslauncher
10-01 12:21:26.060 17392 17392 D AndroidTracking: Event tracked: ADD_TO_CART - {app=com.google.android.apps.nexuslauncher, packageName=com.google.android.apps.nexuslauncher, productInfo={cartAction=Bascule Cross-App Tracking, productName=Bascule Cross-App Tracking has 1 notification, allTexts=[At a glance, Wed, Oct 1, Wed, Oct 1, Play Store, Play Store, Gmail, Gmail, Photos, Photos, YouTube]}, eventType=cross_app_cart_update}
10-01 12:21:26.062 17392 17392 D CrossAppTracking: 🛒 Produit envoyé: Bascule Cross-App Tracking has 1 notification - Prix: N/A
10-01 12:21:26.078 17392 17392 D AndroidTracking: Event tracked: ADD_TO_CART - {app=com.google.android.apps.nexuslauncher, packageName=com.google.android.apps.nexuslauncher, productInfo={cartAction=Bascule Cross-App Tracking, productName=Bascule Cross-App Tracking has 1 notification, allTexts=[At a glance, Wed, Oct 1, Wed, Oct 1, Play Store, Play Store, Gmail, Gmail, Photos, Photos, YouTube]}, eventType=cross_app_cart_update}
10-01 12:21:26.090 17392 17392 D CrossAppTracking: 🛒 Produit envoyé: Bascule Cross-App Tracking has 1 notification - Prix: N/A
10-01 12:21:26.093 17392 17392 D AndroidTracking: Event tracked: ADD_TO_CART - {app=com.google.android.apps.nexuslauncher, packageName=com.google.android.apps.nexuslauncher, productInfo={cartAction=Bascule Cross-App Tracking, productName=Bascule Cross-App Tracking has 1 notification, allTexts=[At a glance, Wed, Oct 1, Wed, Oct 1, Play Store, Play Store, Gmail, Gmail, Photos, Photos, YouTube]}, eventType=cross_app_cart_update}
10-01 12:21:26.102 17392 17392 D CrossAppTracking: 🛒 Produit envoyé: Bascule Cross-App Tracking has 1 notification - Prix: N/A
10-01 12:21:26.106 17392 17392 D AndroidTracking: Event tracked: ADD_TO_CART - {app=com.google.android.apps.nexuslauncher, packageName=com.google.android.apps.nexuslauncher, productInfo={cartAction=Bascule Cross-App Tracking, productName=Bascule Cross-App Tracking has 1 notification, allTexts=[At a glance, Wed, Oct 1, Wed, Oct 1, Play Store, Play Store, Gmail, Gmail, Photos, Photos, YouTube]}, eventType=cross_app_cart_update}
10-01 12:21:26.109 17392 17407 D AndroidTracking: Event sent to server successfully
10-01 12:21:26.121 17392 17392 D CrossAppTracking: 🛒 Produit envoyé: Bascule Cross-App Tracking has 1 notification - Prix: N/A
10-01 12:21:26.152 17392 17449 D AndroidTracking: Event sent to server successfully
10-01 12:21:26.158 17392 17440 D AndroidTracking: Event sent to server successfully
10-01 12:21:26.191 17392 17450 D AndroidTracking: Event sent to server successfully
10-01 12:21:26.209 17392 17392 D AndroidTracking: Event tracked: ADD_TO_CART - {app=com.google.android.apps.nexuslauncher, packageName=com.google.android.apps.nexuslauncher, productInfo={cartAction=Bascule Cross-App Tracking, productName=Bascule Cross-App Tracking has 1 notification, allTexts=[At a glance, Wed, Oct 1, Wed, Oct 1, Play Store, Play Store, Gmail, Gmail, Photos, Photos, YouTube]}, eventType=cross_app_cart_update}
10-01 12:21:26.220 17392 17392 D CrossAppTracking: 🛒 Produit envoyé: Bascule Cross-App Tracking has 1 notification - Prix: N/A
10-01 12:21:26.223 17392 17392 D AndroidTracking: Event tracked: ADD_TO_CART - {app=com.google.android.apps.nexuslauncher, packageName=com.google.android.apps.nexuslauncher, productInfo={cartAction=Bascule Cross-App Tracking, productName=Bascule Cross-App Tracking has 1 notification, allTexts=[At a glance, Wed, Oct 1, Wed, Oct 1, Play Store, Play Store, Gmail, Gmail, Photos, Photos, YouTube]}, eventType=cross_app_cart_update}
10-01 12:21:26.225 17392 17392 D CrossAppTracking: 🛒 Produit envoyé: Bascule Cross-App Tracking has 1 notification - Prix: N/A
10-01 12:21:26.227 17392 17392 D CrossAppTracking: 📱 Événement reçu: 2048 - com.google.android.apps.nexuslauncher
10-01 12:21:26.227 17392 17392 D CrossAppTracking: ✅ App ciblée détectée: com.google.android.apps.nexuslauncher
10-01 12:21:26.241 17392 17449 D AndroidTracking: Event sent to server successfully
10-01 12:21:26.252 17392 17450 D AndroidTracking: Event sent to server successfully
10-01 12:21:26.349 17392 17392 D AndroidTracking: Event tracked: ADD_TO_CART - {app=com.google.android.apps.nexuslauncher, packageName=com.google.android.apps.nexuslauncher, productInfo={cartAction=Bascule Cross-App Tracking, productName=Bascule Cross-App Tracking has 1 notification, allTexts=[At a glance, Wed, Oct 1, Wed, Oct 1, Play Store, Play Store, Gmail, Gmail, Photos, Photos, YouTube]}, eventType=cross_app_cart_update}
10-01 12:21:26.350 17392 17392 D CrossAppTracking: 🛒 Produit envoyé: Bascule Cross-App Tracking has 1 notification - Prix: N/A
10-01 12:21:26.359 17392 17450 D AndroidTracking: Event sent to server successfully
10-01 12:21:26.562 17392 17392 D AndroidTracking: Event tracked: ADD_TO_CART - {app=com.google.android.apps.nexuslauncher, packageName=com.google.android.apps.nexuslauncher, productInfo={cartAction=Bascule Cross-App Tracking, productName=Bascule Cross-App Tracking has 1 notification, allTexts=[At a glance, Wed, Oct 1, Wed, Oct 1, Play Store, Play Store, Gmail, Gmail, Photos, Photos, YouTube]}, eventType=cross_app_cart_update}
10-01 12:21:26.563 17392 17392 D CrossAppTracking: 🛒 Produit envoyé: Bascule Cross-App Tracking has 1 notification - Prix: N/A
10-01 12:21:26.577 17392 17450 D AndroidTracking: Event sent to server successfully
10-01 12:21:26.777 17392 17392 D AndroidTracking: Event tracked: ADD_TO_CART - {app=com.google.android.apps.nexuslauncher, packageName=com.google.android.apps.nexuslauncher, productInfo={cartAction=Bascule Cross-App Tracking, productName=Bascule Cross-App Tracking has 1 notification, allTexts=[At a glance, Wed, Oct 1, Wed, Oct 1, Play Store, Play Store, Gmail, Gmail, Photos, Photos, YouTube]}, eventType=cross_app_cart_update}
10-01 12:21:26.778 17392 17392 D CrossAppTracking: 🛒 Produit envoyé: Bascule Cross-App Tracking has 1 notification - Prix: N/A
10-01 12:21:26.788 17392 17450 D AndroidTracking: Event sent to server successfully
10-01 12:21:27.744 17392 17392 D CrossAppTracking: 📱 Événement reçu: 32 - com.bascule.leclerctracking
10-01 12:21:27.744 17392 17392 D CrossAppTracking: ✅ App ciblée détectée: com.bascule.leclerctracking
10-01 12:21:28.278 17392 17392 D AndroidTracking: Event tracked: ADD_TO_CART - {app=com.bascule.leclerctracking, packageName=com.bascule.leclerctracking, productInfo={productName=Ce test va lancer Carrefour et observer les événements capturés par le service d'accessibilité., allTexts=[Test Automatique Carrefour, Ce test va lancer Carrefour et observer les événements capturés par le service d'accessibilité., 🚀 DÉMARRER LE TEST, Logs du test :, Prêt à démarrer le test...]}, eventType=cross_app_cart_update}
10-01 12:21:28.279 17392 17392 D CrossAppTracking: 🛒 Produit envoyé: Ce test va lancer Carrefour et observer les événements capturés par le service d'accessibilité. - Prix: N/A
10-01 12:21:28.289 17392 17450 D AndroidTracking: Event sent to server successfully
10-01 12:21:31.276 17392 17392 D CrossAppTracking: 📱 Événement reçu: 2048 - com.carrefour.fid.android
10-01 12:21:31.277 17392 17392 D CrossAppTracking: ✅ App ciblée détectée: com.carrefour.fid.android
10-01 12:21:32.328 17392 17392 D CrossAppTracking: 📱 Événement reçu: 32 - com.carrefour.fid.android
10-01 12:21:32.328 17392 17392 D CrossAppTracking: ✅ App ciblée détectée: com.carrefour.fid.android
10-01 12:21:32.915 17392 17392 D CrossAppTracking: 📱 Événement reçu: 2048 - com.carrefour.fid.android
10-01 12:21:32.920 17392 17392 D CrossAppTracking: ✅ App ciblée détectée: com.carrefour.fid.android
10-01 12:21:32.980 17392 17392 D CrossAppTracking: 📱 Événement reçu: 2048 - com.carrefour.fid.android
10-01 12:21:32.982 17392 17392 D CrossAppTracking: ✅ App ciblée détectée: com.carrefour.fid.android
10-01 12:21:33.023 17392 17392 D CrossAppTracking: 📱 Événement reçu: 2048 - com.carrefour.fid.android
10-01 12:21:33.023 17392 17392 D CrossAppTracking: ✅ App ciblée détectée: com.carrefour.fid.android
10-01 12:21:33.050 17392 17392 D CrossAppTracking: 📱 Événement reçu: 2048 - com.carrefour.fid.android
10-01 12:21:33.050 17392 17392 D CrossAppTracking: ✅ App ciblée détectée: com.carrefour.fid.android
10-01 12:21:33.198 17392 17392 D CrossAppTracking: 📱 Événement reçu: 32 - com.carrefour.fid.android
10-01 12:21:33.198 17392 17392 D CrossAppTracking: ✅ App ciblée détectée: com.carrefour.fid.android
10-01 12:21:33.254 17392 17392 D AndroidTracking: Event tracked: ADD_TO_CART - {app=Carrefour, packageName=com.carrefour.fid.android, productInfo={productName=Panier, 2 new notifications, allTexts=[Panier, Accueil, Rechercher, Mes produits, Promotions, Panier, 2 new notifications]}, eventType=cross_app_cart_update}
10-01 12:21:33.255 17392 17392 D CrossAppTracking: 🛒 Produit envoyé: Panier, 2 new notifications - Prix: N/A
10-01 12:21:33.278 17392 17450 D AndroidTracking: Event sent to server successfully
10-01 12:21:33.417 17392 17392 D AndroidTracking: Event tracked: ADD_TO_CART - {app=Carrefour, packageName=com.carrefour.fid.android, productInfo={productName=Panier, 2 new notifications, allTexts=[Panier, Accueil, Rechercher, Mes produits, Promotions, Panier, 2 new notifications]}, eventType=cross_app_cart_update}
10-01 12:21:33.418 17392 17392 D CrossAppTracking: 🛒 Produit envoyé: Panier, 2 new notifications - Prix: N/A
10-01 12:21:33.431 17392 17450 D AndroidTracking: Event sent to server successfully
10-01 12:21:33.480 17392 17392 D AndroidTracking: Event tracked: ADD_TO_CART - {app=Carrefour, packageName=com.carrefour.fid.android, productInfo={productName=Panier, allTexts=[Panier]}, eventType=cross_app_cart_update}
10-01 12:21:33.484 17392 17392 D CrossAppTracking: 🛒 Produit envoyé: Panier - Prix: N/A
10-01 12:21:33.504 17392 17450 D AndroidTracking: Event sent to server successfully
10-01 12:21:33.524 17392 17392 D AndroidTracking: Event tracked: ADD_TO_CART - {app=Carrefour, packageName=com.carrefour.fid.android, productInfo={productName=Panier, allTexts=[Panier]}, eventType=cross_app_cart_update}
10-01 12:21:33.525 17392 17392 D CrossAppTracking: 🛒 Produit envoyé: Panier - Prix: N/A
10-01 12:21:33.537 17392 17450 D AndroidTracking: Event sent to server successfully
10-01 12:21:33.553 17392 17392 D AndroidTracking: Event tracked: ADD_TO_CART - {app=Carrefour, packageName=com.carrefour.fid.android, productInfo={productName=Panier, allTexts=[Panier]}, eventType=cross_app_cart_update}
10-01 12:21:33.556 17392 17392 D CrossAppTracking: 🛒 Produit envoyé: Panier - Prix: N/A
10-01 12:21:33.565 17392 17450 D AndroidTracking: Event sent to server successfully
10-01 12:21:33.700 17392 17392 D AndroidTracking: Event tracked: ADD_TO_CART - {app=Carrefour, packageName=com.carrefour.fid.android, productInfo={productName=Panier, allTexts=[Panier]}, eventType=cross_app_cart_update}
10-01 12:21:33.701 17392 17392 D CrossAppTracking: 🛒 Produit envoyé: Panier - Prix: N/A
10-01 12:21:33.725 17392 17450 D AndroidTracking: Event sent to server successfully
10-01 12:21:33.745 17392 17392 D AndroidTracking: Event tracked: ADD_TO_CART - {app=Carrefour, packageName=com.carrefour.fid.android, productInfo={productName=Panier, 2 new notifications, allTexts=[Panier, Accueil, Rechercher, Mes produits, Promotions, Panier, 2 new notifications]}, eventType=cross_app_cart_update}
10-01 12:21:33.746 17392 17392 D CrossAppTracking: 🛒 Produit envoyé: Panier, 2 new notifications - Prix: N/A
10-01 12:21:33.764 17392 17450 D AndroidTracking: Event sent to server successfully
10-01 12:21:34.004 17392 17392 D CrossAppTracking: 📱 Événement reçu: 2048 - com.carrefour.fid.android
10-01 12:21:34.004 17392 17392 D CrossAppTracking: ✅ App ciblée détectée: com.carrefour.fid.android
10-01 12:21:34.050 17392 17392 D CrossAppTracking: 📱 Événement reçu: 2048 - com.carrefour.fid.android
10-01 12:21:34.052 17392 17392 D CrossAppTracking: ✅ App ciblée détectée: com.carrefour.fid.android
10-01 12:21:34.156 17392 17392 D CrossAppTracking: 📱 Événement reçu: 2048 - com.carrefour.fid.android
10-01 12:21:34.157 17392 17392 D CrossAppTracking: ✅ App ciblée détectée: com.carrefour.fid.android
10-01 12:21:34.188 17392 17392 D CrossAppTracking: 📱 Événement reçu: 2048 - com.carrefour.fid.android
10-01 12:21:34.189 17392 17392 D CrossAppTracking: ✅ App ciblée détectée: com.carrefour.fid.android
10-01 12:21:34.215 17392 17392 D CrossAppTracking: 📱 Événement reçu: 2048 - com.carrefour.fid.android
10-01 12:21:34.215 17392 17392 D CrossAppTracking: ✅ App ciblée détectée: com.carrefour.fid.android
10-01 12:21:34.231 17392 17392 D CrossAppTracking: 📱 Événement reçu: 2048 - com.carrefour.fid.android
10-01 12:21:34.231 17392 17392 D CrossAppTracking: ✅ App ciblée détectée: com.carrefour.fid.android
10-01 12:21:34.251 17392 17392 D CrossAppTracking: 📱 Événement reçu: 2048 - com.carrefour.fid.android
10-01 12:21:34.255 17392 17392 D CrossAppTracking: ✅ App ciblée détectée: com.carrefour.fid.android
10-01 12:21:34.398 17392 17392 D CrossAppTracking: 📱 Événement reçu: 2048 - com.carrefour.fid.android
10-01 12:21:34.398 17392 17392 D CrossAppTracking: ✅ App ciblée détectée: com.carrefour.fid.android
10-01 12:21:34.430 17392 17392 D CrossAppTracking: 📱 Événement reçu: 2048 - com.carrefour.fid.android
10-01 12:21:34.430 17392 17392 D CrossAppTracking: ✅ App ciblée détectée: com.carrefour.fid.android
10-01 12:21:34.544 17392 17392 D CrossAppTracking: 📱 Événement reçu: 2048 - com.carrefour.fid.android
10-01 12:21:34.545 17392 17392 D CrossAppTracking: ✅ App ciblée détectée: com.carrefour.fid.android
10-01 12:21:34.552 17392 17392 D CrossAppTracking: 📱 Événement reçu: 2048 - com.carrefour.fid.android
10-01 12:21:34.553 17392 17392 D CrossAppTracking: ✅ App ciblée détectée: com.carrefour.fid.android
10-01 12:21:34.562 17392 17392 D CrossAppTracking: 📱 Événement reçu: 2048 - com.carrefour.fid.android
10-01 12:21:34.562 17392 17392 D CrossAppTracking: ✅ App ciblée détectée: com.carrefour.fid.android
10-01 12:21:34.586 17392 17392 D CrossAppTracking: 📱 Événement reçu: 2048 - com.carrefour.fid.android
10-01 12:21:34.586 17392 17392 D CrossAppTracking: ✅ App ciblée détectée: com.carrefour.fid.android
10-01 12:21:34.596 17392 17392 D CrossAppTracking: 📱 Événement reçu: 2048 - com.carrefour.fid.android
10-01 12:21:34.597 17392 17392 D CrossAppTracking: ✅ App ciblée détectée: com.carrefour.fid.android
10-01 12:21:34.604 17392 17392 D CrossAppTracking: 📱 Événement reçu: 2048 - com.carrefour.fid.android
10-01 12:21:34.605 17392 17392 D CrossAppTracking: ✅ App ciblée détectée: com.carrefour.fid.android
10-01 12:21:34.629 17392 17392 D CrossAppTracking: 📱 Événement reçu: 2048 - com.carrefour.fid.android
10-01 12:21:34.630 17392 17392 D CrossAppTracking: ✅ App ciblée détectée: com.carrefour.fid.android
10-01 12:21:34.635 17392 17392 D CrossAppTracking: 📱 Événement reçu: 2048 - com.carrefour.fid.android
10-01 12:21:34.635 17392 17392 D CrossAppTracking: ✅ App ciblée détectée: com.carrefour.fid.android
10-01 12:21:34.655 17392 17392 D CrossAppTracking: 📱 Événement reçu: 2048 - com.carrefour.fid.android
10-01 12:21:34.656 17392 17392 D CrossAppTracking: ✅ App ciblée détectée: com.carrefour.fid.android
10-01 12:21:34.670 17392 17392 D CrossAppTracking: 📱 Événement reçu: 2048 - com.carrefour.fid.android
10-01 12:21:34.670 17392 17392 D CrossAppTracking: ✅ App ciblée détectée: com.carrefour.fid.android
10-01 12:21:34.672 17392 17392 D CrossAppTracking: 📱 Événement reçu: 2048 - com.carrefour.fid.android
10-01 12:21:34.672 17392 17392 D CrossAppTracking: ✅ App ciblée détectée: com.carrefour.fid.android
10-01 12:21:34.696 17392 17392 D CrossAppTracking: 📱 Événement reçu: 2048 - com.carrefour.fid.android
10-01 12:21:34.697 17392 17392 D CrossAppTracking: ✅ App ciblée détectée: com.carrefour.fid.android
10-01 12:21:34.707 17392 17392 D CrossAppTracking: 📱 Événement reçu: 2048 - com.carrefour.fid.android
10-01 12:21:34.707 17392 17392 D CrossAppTracking: ✅ App ciblée détectée: com.carrefour.fid.android
10-01 12:21:34.721 17392 17392 D CrossAppTracking: 📱 Événement reçu: 2048 - com.carrefour.fid.android
10-01 12:21:34.721 17392 17392 D CrossAppTracking: ✅ App ciblée détectée: com.carrefour.fid.android
10-01 12:21:34.742 17392 17392 D CrossAppTracking: 📱 Événement reçu: 2048 - com.carrefour.fid.android
10-01 12:21:34.742 17392 17392 D CrossAppTracking: ✅ App ciblée détectée: com.carrefour.fid.android
10-01 12:21:34.750 17392 17392 D CrossAppTracking: 📱 Événement reçu: 2048 - com.carrefour.fid.android
10-01 12:21:34.750 17392 17392 D CrossAppTracking: ✅ App ciblée détectée: com.carrefour.fid.android
10-01 12:21:34.756 17392 17392 D CrossAppTracking: 📱 Événement reçu: 2048 - com.carrefour.fid.android
10-01 12:21:34.756 17392 17392 D CrossAppTracking: ✅ App ciblée détectée: com.carrefour.fid.android
10-01 12:21:34.785 17392 17392 D CrossAppTracking: 📱 Événement reçu: 2048 - com.carrefour.fid.android
10-01 12:21:34.785 17392 17392 D CrossAppTracking: ✅ App ciblée détectée: com.carrefour.fid.android
10-01 12:21:34.795 17392 17392 D CrossAppTracking: 📱 Événement reçu: 2048 - com.carrefour.fid.android
10-01 12:21:34.796 17392 17392 D CrossAppTracking: ✅ App ciblée détectée: com.carrefour.fid.android
10-01 12:21:34.805 17392 17392 D CrossAppTracking: 📱 Événement reçu: 2048 - com.carrefour.fid.android
10-01 12:21:34.805 17392 17392 D CrossAppTracking: ✅ App ciblée détectée: com.carrefour.fid.android
10-01 12:21:34.822 17392 17392 D CrossAppTracking: 📱 Événement reçu: 2048 - com.carrefour.fid.android
10-01 12:21:34.823 17392 17392 D CrossAppTracking: ✅ App ciblée détectée: com.carrefour.fid.android
10-01 12:21:34.829 17392 17392 D CrossAppTracking: 📱 Événement reçu: 2048 - com.carrefour.fid.android
10-01 12:21:34.830 17392 17392 D CrossAppTracking: ✅ App ciblée détectée: com.carrefour.fid.android
10-01 12:21:34.843 17392 17392 D CrossAppTracking: 📱 Événement reçu: 2048 - com.carrefour.fid.android
10-01 12:21:34.860 17392 17392 D CrossAppTracking: ✅ App ciblée détectée: com.carrefour.fid.android
10-01 12:21:34.874 17392 17392 D CrossAppTracking: 📱 Événement reçu: 2048 - com.carrefour.fid.android
10-01 12:21:34.875 17392 17392 D CrossAppTracking: ✅ App ciblée détectée: com.carrefour.fid.android
10-01 12:21:34.889 17392 17392 D CrossAppTracking: 📱 Événement reçu: 2048 - com.carrefour.fid.android
10-01 12:21:34.889 17392 17392 D CrossAppTracking: ✅ App ciblée détectée: com.carrefour.fid.android
10-01 12:21:34.989 17392 17392 D CrossAppTracking: 📱 Événement reçu: 2048 - com.carrefour.fid.android
10-01 12:21:34.989 17392 17392 D CrossAppTracking: ✅ App ciblée détectée: com.carrefour.fid.android
10-01 12:21:34.995 17392 17392 D CrossAppTracking: 📱 Événement reçu: 2048 - com.carrefour.fid.android
10-01 12:21:34.996 17392 17392 D CrossAppTracking: ✅ App ciblée détectée: com.carrefour.fid.android
10-01 12:21:35.023 17392 17392 D CrossAppTracking: 📱 Événement reçu: 2048 - com.carrefour.fid.android
10-01 12:21:35.023 17392 17392 D CrossAppTracking: ✅ App ciblée détectée: com.carrefour.fid.android
10-01 12:21:35.029 17392 17392 D CrossAppTracking: 📱 Événement reçu: 2048 - com.carrefour.fid.android
10-01 12:21:35.029 17392 17392 D CrossAppTracking: ✅ App ciblée détectée: com.carrefour.fid.android
10-01 12:21:35.046 17392 17392 D CrossAppTracking: 📱 Événement reçu: 2048 - com.carrefour.fid.android
10-01 12:21:35.046 17392 17392 D CrossAppTracking: ✅ App ciblée détectée: com.carrefour.fid.android
10-01 12:21:35.139 17392 17392 D CrossAppTracking: 📱 Événement reçu: 2048 - com.carrefour.fid.android
10-01 12:21:35.145 17392 17392 D CrossAppTracking: ✅ App ciblée détectée: com.carrefour.fid.android
10-01 12:21:35.189 17392 17392 D CrossAppTracking: 📱 Événement reçu: 2048 - com.carrefour.fid.android
10-01 12:21:35.189 17392 17392 D CrossAppTracking: ✅ App ciblée détectée: com.carrefour.fid.android
10-01 12:21:35.196 17392 17392 D AndroidTracking: Event tracked: ADD_TO_CART - {app=Carrefour, packageName=com.carrefour.fid.android, productInfo={cartAction=Ajouter un produit dans le panier, productName=1 produits déjà ajoutés au panier, allTexts=[Kiwi Hayward , la pièce, FRANCE, 1,39, 1 euros et 39 centimes., €, Retirer un produit du panier, 1, 1 produits déjà ajoutés au panier, Ajouter un produit dans le panier]}, eventType=cross_app_cart_update}
10-01 12:21:35.199 17392 17392 D CrossAppTracking: 🛒 Produit envoyé: 1 produits déjà ajoutés au panier - Prix: N/A
10-01 12:21:35.199 17392 17392 D AndroidTracking: Event tracked: ADD_TO_CART - {app=Carrefour, packageName=com.carrefour.fid.android, productInfo={cartAction=Ajouter un produit dans le panier, productName=Ajouter un produit dans le panier, allTexts=[Ajouter un produit dans le panier]}, eventType=cross_app_cart_update}
10-01 12:21:35.202 17392 17392 D CrossAppTracking: 🛒 Produit envoyé: Ajouter un produit dans le panier - Prix: N/A
10-01 12:21:35.203 17392 17392 D AndroidTracking: Event tracked: ADD_TO_CART - {app=Carrefour, packageName=com.carrefour.fid.android, productInfo={cartAction=Retirer un produit du panier, productName=Retirer un produit du panier, allTexts=[Retirer un produit du panier]}, eventType=cross_app_cart_update}
10-01 12:21:35.205 17392 17392 D CrossAppTracking: 🛒 Produit envoyé: Retirer un produit du panier - Prix: N/A
10-01 12:21:35.210 17392 17392 D AndroidTracking: Event tracked: ADD_TO_CART - {app=Carrefour, packageName=com.carrefour.fid.android, productInfo={productName=Panier, allTexts=[Panier]}, eventType=cross_app_cart_update}
10-01 12:21:35.213 17392 17449 D AndroidTracking: Event sent to server successfully
10-01 12:21:35.214 17392 17392 D CrossAppTracking: 🛒 Produit envoyé: Panier - Prix: N/A
10-01 12:21:35.214 17392 17392 D AndroidTracking: Event tracked: ADD_TO_CART - {app=Carrefour, packageName=com.carrefour.fid.android, productInfo={productName=Bouton de substitution, allTexts=[Bouton de substitution]}, eventType=cross_app_cart_update}
10-01 12:21:35.216 17392 17392 D CrossAppTracking: 🛒 Produit envoyé: Bouton de substitution - Prix: N/A
10-01 12:21:35.217 17392 17392 D AndroidTracking: Event tracked: ADD_TO_CART - {app=Carrefour, packageName=com.carrefour.fid.android, productInfo={price=3,38€, cartAction=3,38€, productName=Découvrez nos meilleurs alternatives pour remplacer vos produits indisponibles., allTexts=[2 produits à remplacer, Découvrez nos meilleurs alternatives pour remplacer vos produits indisponibles., Ananas en morceaux CARREFOUR LE MARCHE, Supprimer, Bouton de substitution, Poires CARREFOUR BIO, Supprimer, Bouton de substitution, Promotion: -10% Club. vous avez cagnottés0.0€. produits concernés: Bananes Bio Cavendish., -10% Club]}, eventType=cross_app_cart_update}
10-01 12:21:35.218 17392 17392 D CrossAppTracking: 🛒 Produit envoyé: Découvrez nos meilleurs alternatives pour remplacer vos produits indisponibles. - Prix: 3,38€
10-01 12:21:35.218 17392 17392 D AndroidTracking: Event tracked: ADD_TO_CART - {app=Carrefour, packageName=com.carrefour.fid.android, productInfo={cartAction=Ajouter un produit dans le panier, productName=Ajouter un produit dans le panier, allTexts=[Ajouter un produit dans le panier]}, eventType=cross_app_cart_update}
10-01 12:21:35.219 17392 17392 D CrossAppTracking: 🛒 Produit envoyé: Ajouter un produit dans le panier - Prix: N/A
10-01 12:21:35.220 17392 17392 D AndroidTracking: Event tracked: ADD_TO_CART - {app=Carrefour, packageName=com.carrefour.fid.android, productInfo={price=Promotion: -10% Club. vous avez cagnottés0.0€. produits concernés: Kiwi Hayward ., cartAction=Vider tout le panier, productName=Découvrez nos meilleurs alternatives pour remplacer vos produits indisponibles., allTexts=[2 produits à remplacer, Découvrez nos meilleurs alternatives pour remplacer vos produits indisponibles., Ananas en morceaux CARREFOUR LE MARCHE, Supprimer, Bouton de substitution, Poires CARREFOUR BIO, Supprimer, Bouton de substitution, Promotion: -10% Club. vous avez cagnottés0.0€. produits concernés: Bananes Bio Cavendish., -10% Club]}, eventType=cross_app_cart_update}
10-01 12:21:35.220 17392 17392 D CrossAppTracking: 🛒 Produit envoyé: Découvrez nos meilleurs alternatives pour remplacer vos produits indisponibles. - Prix: Promotion: -10% Club. vous avez cagnottés0.0€. produits concernés: Kiwi Hayward .
10-01 12:21:35.220 17392 17392 D AndroidTracking: Event tracked: ADD_TO_CART - {app=Carrefour, packageName=com.carrefour.fid.android, productInfo={productName=Poires CARREFOUR BIO, allTexts=[Poires CARREFOUR BIO]}, eventType=cross_app_cart_update}
10-01 12:21:35.221 17392 17407 D AndroidTracking: Event sent to server successfully
10-01 12:21:35.224 17392 17392 D CrossAppTracking: 🛒 Produit envoyé: Poires CARREFOUR BIO - Prix: N/A
10-01 12:21:35.225 17392 17392 D AndroidTracking: Event tracked: ADD_TO_CART - {app=Carrefour, packageName=com.carrefour.fid.android, productInfo={cartAction=Ajouter un produit dans le panier, productName=1 produits déjà ajoutés au panier, allTexts=[Bananes Bio Cavendish, le sachet de 5 fruits, PEROU, 1,99, 1 euros et 99 centimes., €, Retirer un produit du panier, 1, 1 produits déjà ajoutés au panier, Ajouter un produit dans le panier]}, eventType=cross_app_cart_update}
10-01 12:21:35.245 17392 17392 D CrossAppTracking: 🛒 Produit envoyé: 1 produits déjà ajoutés au panier - Prix: N/A
10-01 12:21:35.258 17392 17392 D AndroidTracking: Event tracked: CONTENT_CHANGED - {app=Carrefour, packageName=com.carrefour.fid.android, eventType=cross_app_content_change, timestamp=1759314094592}
10-01 12:21:35.269 17392 17392 D AndroidTracking: Event tracked: ADD_TO_CART - {app=Carrefour, packageName=com.carrefour.fid.android, productInfo={cartAction=Vider tout le panier, productName=Vider tout le panier, allTexts=[Vider tout le panier, Vider tout le panier]}, eventType=cross_app_cart_update}
10-01 12:21:35.278 17392 17582 D AndroidTracking: Event sent to server successfully
10-01 12:21:35.283 17392 17392 D CrossAppTracking: 🛒 Produit envoyé: Vider tout le panier - Prix: N/A
10-01 12:21:35.284 17392 17449 D AndroidTracking: Event sent to server successfully
10-01 12:21:35.290 17392 17392 D AndroidTracking: Event tracked: ADD_TO_CART - {app=Carrefour, packageName=com.carrefour.fid.android, productInfo={productName=2 produits à remplacer, allTexts=[2 produits à remplacer]}, eventType=cross_app_cart_update}
10-01 12:21:35.290 17392 17440 D AndroidTracking: Event sent to server successfully
10-01 12:21:35.298 17392 17392 D CrossAppTracking: 🛒 Produit envoyé: 2 produits à remplacer - Prix: N/A
10-01 12:21:35.302 17392 17392 D AndroidTracking: Event tracked: ADD_TO_CART - {app=Carrefour, packageName=com.carrefour.fid.android, productInfo={cartAction=Retirer un produit du panier, productName=Retirer un produit du panier, allTexts=[Retirer un produit du panier]}, eventType=cross_app_cart_update}
10-01 12:21:35.303 17392 17392 D CrossAppTracking: 🛒 Produit envoyé: Retirer un produit du panier - Prix: N/A
10-01 12:21:35.305 17392 17392 D AndroidTracking: Event tracked: ADD_TO_CART - {app=Carrefour, packageName=com.carrefour.fid.android, productInfo={price=Promotion: -10% Club. vous avez cagnottés0.0€. produits concernés: Bananes Bio Cavendish., cartAction=-10% Club, productName=-10% Club, allTexts=[Promotion: -10% Club. vous avez cagnottés0.0€. produits concernés: Bananes Bio Cavendish., -10% Club]}, eventType=cross_app_cart_update}
10-01 12:21:35.308 17392 17392 D CrossAppTracking: 🛒 Produit envoyé: -10% Club - Prix: Promotion: -10% Club. vous avez cagnottés0.0€. produits concernés: Bananes Bio Cavendish.
10-01 12:21:35.308 17392 17581 D AndroidTracking: Event sent to server successfully
