10-01 12:21:35.312 17392 17392 D AndroidTracking: Event tracked: ADD_TO_CART - {app=Carrefour, packageName=com.carrefour.fid.android, productInfo={price=Promotion: -10% Club. vous avez cagnottés0.0€. produits concernés: Kiwi Hayward ., cartAction=-10% Club, productName=-10% Club, allTexts=[Promotion: -10% Club. vous avez cagnottés0.0€. produits concernés: Kiwi Hayward ., -10% Club]}, eventType=cross_app_cart_update}
10-01 12:21:35.316 17392 17392 D CrossAppTracking: 🛒 Produit envoyé: -10% Club - Prix: Promotion: -10% Club. vous avez cagnottés0.0€. produits concernés: Kiwi Hayward .
10-01 12:21:35.317 17392 17392 D AndroidTracking: Event tracked: ADD_TO_CART - {app=Carrefour, packageName=com.carrefour.fid.android, productInfo={productName=Supprimer, allTexts=[Supprimer]}, eventType=cross_app_cart_update}
10-01 12:21:35.325 17392 17407 D AndroidTracking: Event sent to server successfully
10-01 12:21:35.327 17392 17440 D AndroidTracking: Event sent to server successfully
10-01 12:21:35.329 17392 17392 D CrossAppTracking: 🛒 Produit envoyé: Supprimer - Prix: N/A
10-01 12:21:35.330 17392 17392 D AndroidTracking: Event tracked: ADD_TO_CART - {app=Carrefour, packageName=com.carrefour.fid.android, productInfo={productName=Bouton de substitution, allTexts=[Bouton de substitution]}, eventType=cross_app_cart_update}
10-01 12:21:35.334 17392 17392 D CrossAppTracking: 🛒 Produit envoyé: Bouton de substitution - Prix: N/A
10-01 12:21:35.338 17392 17392 D AndroidTracking: Event tracked: ADD_TO_CART - {app=Carrefour, packageName=com.carrefour.fid.android, productInfo={cartAction=3,38€, price=3,38€, productName=Valider mon panier, allTexts=[Valider mon panier, 3,38€]}, eventType=cross_app_cart_update}
10-01 12:21:35.341 17392 17392 D CrossAppTracking: 🛒 Produit envoyé: Valider mon panier - Prix: 3,38€
10-01 12:21:35.343 17392 17392 D AndroidTracking: Event tracked: ADD_TO_CART - {app=Carrefour, packageName=com.carrefour.fid.android, productInfo={productName=Ananas en morceaux CARREFOUR LE MARCHE, allTexts=[Ananas en morceaux CARREFOUR LE MARCHE]}, eventType=cross_app_cart_update}
10-01 12:21:35.343 17392 17450 D AndroidTracking: Event sent to server successfully
10-01 12:21:35.344 17392 17407 D AndroidTracking: Event sent to server successfully
10-01 12:21:35.349 17392 17582 D AndroidTracking: Event sent to server successfully
10-01 12:21:35.358 17392 17449 D AndroidTracking: Event sent to server successfully
10-01 12:21:35.366 17392 17450 D AndroidTracking: Event sent to server successfully
10-01 12:21:35.369 17392 17392 D CrossAppTracking: 🛒 Produit envoyé: Ananas en morceaux CARREFOUR LE MARCHE - Prix: N/A
10-01 12:21:35.370 17392 17392 D AndroidTracking: Event tracked: ADD_TO_CART - {app=Carrefour, packageName=com.carrefour.fid.android, productInfo={productName=Voir tout, allTexts=[Voir tout]}, eventType=cross_app_cart_update}
10-01 12:21:35.377 17392 17392 D CrossAppTracking: 🛒 Produit envoyé: Voir tout - Prix: N/A
10-01 12:21:35.378 17392 17392 D AndroidTracking: Event tracked: ADD_TO_CART - {app=Carrefour, packageName=com.carrefour.fid.android, productInfo={productName=Rien oublié ?, allTexts=[Rien oublié ?]}, eventType=cross_app_cart_update}
10-01 12:21:35.379 17392 17392 D CrossAppTracking: 🛒 Produit envoyé: Rien oublié ? - Prix: N/A
10-01 12:21:35.379 17392 17392 D AndroidTracking: Event tracked: ADD_TO_CART - {app=Carrefour, packageName=com.carrefour.fid.android, productInfo={productName=Panier, allTexts=[Panier]}, eventType=cross_app_cart_update}
10-01 12:21:35.382 17392 17581 D AndroidTracking: Event sent to server successfully
10-01 12:21:35.382 17392 17440 D AndroidTracking: Event sent to server successfully
10-01 12:21:35.382 17392 17583 D AndroidTracking: Event sent to server successfully
10-01 12:21:35.383 17392 17449 D AndroidTracking: Event sent to server successfully
10-01 12:21:35.385 17392 17392 D CrossAppTracking: 🛒 Produit envoyé: Panier - Prix: N/A
10-01 12:21:35.389 17392 17392 D AndroidTracking: Event tracked: ADD_TO_CART - {app=Carrefour, packageName=com.carrefour.fid.android, productInfo={productName=Découvrez nos meilleurs alternatives pour remplacer vos produits indisponibles., allTexts=[Découvrez nos meilleurs alternatives pour remplacer vos produits indisponibles.]}, eventType=cross_app_cart_update}
10-01 12:21:35.392 17392 17407 D AndroidTracking: Event sent to server successfully
10-01 12:21:35.397 17392 17392 D CrossAppTracking: 🛒 Produit envoyé: Découvrez nos meilleurs alternatives pour remplacer vos produits indisponibles. - Prix: N/A
10-01 12:21:35.398 17392 17392 D AndroidTracking: Event tracked: ADD_TO_CART - {app=Carrefour, packageName=com.carrefour.fid.android, productInfo={productName=Supprimer, allTexts=[Supprimer]}, eventType=cross_app_cart_update}
10-01 12:21:35.400 17392 17392 D CrossAppTracking: 🛒 Produit envoyé: Supprimer - Prix: N/A
10-01 12:21:35.409 17392 17583 D AndroidTracking: Event sent to server successfully
10-01 12:21:35.412 17392 17450 D AndroidTracking: Event sent to server successfully
10-01 12:21:35.414 17392 17440 D AndroidTracking: Event sent to server successfully
10-01 12:21:35.421 17392 17582 D AndroidTracking: Event sent to server successfully
10-01 12:21:35.428 17392 17449 D AndroidTracking: Event sent to server successfully
10-01 12:21:35.429 17392 17407 D AndroidTracking: Event sent to server successfully
10-01 12:21:35.430 17392 17583 D AndroidTracking: Event sent to server successfully
10-01 12:21:35.491 17392 17392 D AndroidTracking: Event tracked: ADD_TO_CART - {app=Carrefour, packageName=com.carrefour.fid.android, productInfo={price=Promotion: -10% Club. vous avez cagnottés0.0€. produits concernés: Kiwi Hayward ., cartAction=Vider tout le panier, productName=Découvrez nos meilleurs alternatives pour remplacer vos produits indisponibles., allTexts=[2 produits à remplacer, Découvrez nos meilleurs alternatives pour remplacer vos produits indisponibles., Ananas en morceaux CARREFOUR LE MARCHE, Supprimer, Bouton de substitution, Poires CARREFOUR BIO, Supprimer, Bouton de substitution, Promotion: -10% Club. vous avez cagnottés0.0€. produits concernés: Bananes Bio Cavendish., -10% Club]}, eventType=cross_app_cart_update}
10-01 12:21:35.497 17392 17392 D CrossAppTracking: 🛒 Produit envoyé: Découvrez nos meilleurs alternatives pour remplacer vos produits indisponibles. - Prix: Promotion: -10% Club. vous avez cagnottés0.0€. produits concernés: Kiwi Hayward .
10-01 12:21:35.508 17392 17583 D AndroidTracking: Event sent to server successfully
10-01 12:21:35.526 17392 17392 D AndroidTracking: Event tracked: ADD_TO_CART - {app=Carrefour, packageName=com.carrefour.fid.android, productInfo={cartAction=Ajouter un produit dans le panier, productName=1 produits déjà ajoutés au panier, allTexts=[Bananes Bio Cavendish, le sachet de 5 fruits, PEROU, 1,99, 1 euros et 99 centimes., €, Retirer un produit du panier, 1, 1 produits déjà ajoutés au panier, Ajouter un produit dans le panier]}, eventType=cross_app_cart_update}
10-01 12:21:35.527 17392 17392 D CrossAppTracking: 🛒 Produit envoyé: 1 produits déjà ajoutés au panier - Prix: N/A
10-01 12:21:35.532 17392 17392 D AndroidTracking: Event tracked: CONTENT_CHANGED - {app=Carrefour, packageName=com.carrefour.fid.android, eventType=cross_app_content_change, timestamp=1759314095028}
10-01 12:21:35.537 17392 17583 D AndroidTracking: Event sent to server successfully
10-01 12:21:35.546 17392 17407 D AndroidTracking: Event sent to server successfully
10-01 12:21:35.642 17392 17392 D AndroidTracking: Event tracked: ADD_TO_CART - {app=Carrefour, packageName=com.carrefour.fid.android, productInfo={price=3,38€, cartAction=3,38€, productName=Découvrez nos meilleurs alternatives pour remplacer vos produits indisponibles., allTexts=[2 produits à remplacer, Découvrez nos meilleurs alternatives pour remplacer vos produits indisponibles., Ananas en morceaux CARREFOUR LE MARCHE, Supprimer, Bouton de substitution, Poires CARREFOUR BIO, Supprimer, Bouton de substitution, Promotion: -10% Club. vous avez cagnottés0.0€. produits concernés: Bananes Bio Cavendish., -10% Club]}, eventType=cross_app_cart_update}
10-01 12:21:35.644 17392 17392 D CrossAppTracking: 🛒 Produit envoyé: Découvrez nos meilleurs alternatives pour remplacer vos produits indisponibles. - Prix: 3,38€
10-01 12:21:35.664 17392 17407 D AndroidTracking: Event sent to server successfully
10-01 12:21:35.691 17392 17392 D AndroidTracking: Event tracked: ADD_TO_CART - {app=Carrefour, packageName=com.carrefour.fid.android, productInfo={cartAction=Ajouter un produit dans le panier, productName=1 produits déjà ajoutés au panier, allTexts=[Kiwi Hayward , la pièce, FRANCE, 1,39, 1 euros et 39 centimes., €, Retirer un produit du panier, 1, 1 produits déjà ajoutés au panier, Ajouter un produit dans le panier]}, eventType=cross_app_cart_update}
10-01 12:21:35.694 17392 17392 D CrossAppTracking: 🛒 Produit envoyé: 1 produits déjà ajoutés au panier - Prix: N/A
10-01 12:21:35.700 17392 17392 D AndroidTracking: Event tracked: CONTENT_CHANGED - {app=Carrefour, packageName=com.carrefour.fid.android, eventType=cross_app_content_change, timestamp=1759314095194}
10-01 12:21:35.705 17392 17407 D AndroidTracking: Event sent to server successfully
10-01 12:21:35.711 17392 17583 D AndroidTracking: Event sent to server successfully
10-01 12:21:42.003 17392 17392 D CrossAppTracking: 📱 Événement reçu: 2048 - com.android.systemui
10-01 12:21:42.005 17392 17392 D CrossAppTracking: ❌ App non ciblée: com.android.systemui
10-01 12:22:00.149 17392 17392 D CrossAppTracking: 📱 Événement reçu: 2048 - com.android.systemui
10-01 12:22:00.149 17392 17392 D CrossAppTracking: ❌ App non ciblée: com.android.systemui
10-01 12:22:00.249 17392 17392 D CrossAppTracking: 📱 Événement reçu: 2048 - com.android.systemui
10-01 12:22:00.250 17392 17392 D CrossAppTracking: ❌ App non ciblée: com.android.systemui
10-01 12:22:01.952 17392 17392 D CrossAppTracking: 📱 Événement reçu: 2048 - com.android.systemui
10-01 12:22:01.952 17392 17392 D CrossAppTracking: ❌ App non ciblée: com.android.systemui
10-01 12:22:41.942 17392 17392 D CrossAppTracking: 📱 Événement reçu: 2048 - com.android.systemui
10-01 12:22:41.942 17392 17392 D CrossAppTracking: ❌ App non ciblée: com.android.systemui
10-01 12:23:00.143 17392 17392 D CrossAppTracking: 📱 Événement reçu: 2048 - com.android.systemui
10-01 12:23:00.143 17392 17392 D CrossAppTracking: ❌ App non ciblée: com.android.systemui
10-01 12:23:00.244 17392 17392 D CrossAppTracking: 📱 Événement reçu: 2048 - com.android.systemui
10-01 12:23:00.244 17392 17392 D CrossAppTracking: ❌ App non ciblée: com.android.systemui
10-01 12:23:21.972 17392 17392 D CrossAppTracking: 📱 Événement reçu: 2048 - com.android.systemui
10-01 12:23:21.972 17392 17392 D CrossAppTracking: ❌ App non ciblée: com.android.systemui
10-01 12:23:24.341 17392 17392 D CrossAppTracking: 📱 Événement reçu: 32 - com.bascule.leclerctracking
10-01 12:23:24.341 17392 17392 D CrossAppTracking: ✅ App ciblée détectée: com.bascule.leclerctracking
10-01 12:23:24.937 17392 17392 D AndroidTracking: Event tracked: ADD_TO_CART - {app=com.bascule.leclerctracking, packageName=com.bascule.leclerctracking, productInfo={cartAction=En activant ce service, vous acceptez que Bascule analyse vos interactions dans les apps e-commerce pour améliorer l'expérience utilisateur. Aucune donnée personnelle n'est collectée., productName=Cette application peut analyser vos interactions sur les apps e-commerce 
10-01 12:23:24.937 17392 17392 D AndroidTracking: pour améliorer votre expérience d'achat.
10-01 12:23:24.937 17392 17392 D AndroidTracking: 
10-01 12:23:24.937 17392 17392 D AndroidTracking: Apps supportées:
10-01 12:23:24.937 17392 17392 D AndroidTracking: • E.Leclerc Drive
10-01 12:23:24.937 17392 17392 D AndroidTracking: • Carrefour
10-01 12:23:24.937 17392 17392 D AndroidTracking: • Auchan Drive  
10-01 12:23:24.937 17392 17392 D AndroidTracking: • Casino Drive
10-01 12:23:24.937 17392 17392 D AndroidTracking: • Amazon Shopping
10-01 12:23:24.937 17392 17392 D AndroidTracking: • Cdiscount
10-01 12:23:24.937 17392 17392 D AndroidTracking: • Monoprix
10-01 12:23:24.937 17392 17392 D AndroidTracking: 
10-01 12:23:24.937 17392 17392 D AndroidTracking: Vos données restent privées et anonymes., allTexts=[Bascule Cross-App Tracking, ✅ Service activé - Tracking cross-app fonctionnel, 📱 Tracking Cross-App, Cette application peut analyser vos interactions sur les apps e-commerce 
10-01 12:23:24.937 17392 17392 D AndroidTracking: pour améliorer votre expérience d'achat.
10-01 12:23:24.937 17392 17392 D AndroidTracking: 
10-01 12:23:24.937 17392 17392 D AndroidTracking: Apps supportées:
10-01 12:23:24.937 17392 17392 D AndroidTracking: • E.Leclerc Drive
10-01 12:23:24.937 17392 17392 D AndroidTracking: • Carrefour
10-01 12:23:24.937 17392 17392 D AndroidTracking: • Auchan Drive  
10-01 12:23:24.937 17392 17392 D AndroidTracking: • Casino Drive
10-01 12:23:24.937 17392 17392 D AndroidTracking: • Amazon Shopping
10-01 12:23:24.937 17392 17392 D AndroidTracking: • Cdiscount
10-01 12:23:24.937 17392 17392 D AndroidTracking: • Monoprix
10-01 12:23:24.937 17392 17392 D AndroidTracking: 
10-01 12:23:24.937 17392 17392 D AndroidTracking: Vos données restent privées et anonymes., 🔒 Confidentialité et Permissions, Permissions requises:
10-01 12:23:24.937 17392 17392 D AndroidTracking: 
10-01 12:23:24.937 17392 17392 D AndroidTracking: 🔍 Service d'Accessibilité
10-01 12:23:24.937 17392 17392 D AndroidTracking: Permet de détecter les interactions dans les autres apps
10-01 12:23:24.937 17392 17392 D AndroidTracking: 
10-01 12:23:24.937 17392 17392 D AndroidTracking: 🔒 Confidentialité Garantie
10-01 12:23:24.937 17392 17392 D AndroidTracking: • Aucune donnée personnelle collectée
10-01 12:23:24.937 17392 17392 D AndroidTracking: • Pas d'accès aux mots de passe
10-01 12:23:24.937 17392 17392 D AndroidTracking: • Tracking anonyme uniquement
10-01 12:23:24.937 17392 17392 D AndroidTracking: • Données stockées localement, DÉSACTIVER LE SERVICE, OUVRIR PARAMÈTRES D'ACCESSIBILITÉ, MODE INTRA-APP SEULEMENT, 🧪 TEST AUTOMATIQUE CARREFOUR]}, eventType=cross_app_cart_update}
10-01 12:23:24.939 17392 17392 D CrossAppTracking: 🛒 Produit envoyé: Cette application peut analyser vos interactions sur les apps e-commerce 
10-01 12:23:24.939 17392 17392 D CrossAppTracking: pour améliorer votre expérience d'achat.
10-01 12:23:24.939 17392 17392 D CrossAppTracking: 
10-01 12:23:24.939 17392 17392 D CrossAppTracking: Apps supportées:
10-01 12:23:24.939 17392 17392 D CrossAppTracking: • E.Leclerc Drive
10-01 12:23:24.939 17392 17392 D CrossAppTracking: • Carrefour
10-01 12:23:24.939 17392 17392 D CrossAppTracking: • Auchan Drive  
10-01 12:23:24.939 17392 17392 D CrossAppTracking: • Casino Drive
10-01 12:23:24.939 17392 17392 D CrossAppTracking: • Amazon Shopping
10-01 12:23:24.939 17392 17392 D CrossAppTracking: • Cdiscount
10-01 12:23:24.939 17392 17392 D CrossAppTracking: • Monoprix
10-01 12:23:24.939 17392 17392 D CrossAppTracking: 
10-01 12:23:24.939 17392 17392 D CrossAppTracking: Vos données restent privées et anonymes. - Prix: N/A
10-01 12:23:24.974 17392 17641 D AndroidTracking: Event sent to server successfully
10-01 12:24:00.145 17392 17392 D CrossAppTracking: 📱 Événement reçu: 2048 - com.android.systemui
10-01 12:24:00.145 17392 17392 D CrossAppTracking: ❌ App non ciblée: com.android.systemui
10-01 12:24:00.248 17392 17392 D CrossAppTracking: 📱 Événement reçu: 2048 - com.android.systemui
10-01 12:24:00.248 17392 17392 D CrossAppTracking: ❌ App non ciblée: com.android.systemui
10-01 12:24:11.950 17392 17392 D CrossAppTracking: 📱 Événement reçu: 2048 - com.android.systemui
10-01 12:24:11.950 17392 17392 D CrossAppTracking: ❌ App non ciblée: com.android.systemui
10-01 12:24:22.762 17392 17392 D CrossAppTracking: 📱 Événement reçu: 2048 - com.bascule.leclerctracking
10-01 12:24:22.762 17392 17392 D CrossAppTracking: ✅ App ciblée détectée: com.bascule.leclerctracking
10-01 12:24:22.872 17392 17392 D CrossAppTracking: 📱 Événement reçu: 2048 - com.bascule.leclerctracking
10-01 12:24:22.873 17392 17392 D CrossAppTracking: ✅ App ciblée détectée: com.bascule.leclerctracking
10-01 12:24:22.914 17392 17392 D CrossAppTracking: 📱 Événement reçu: 4096 - com.bascule.leclerctracking
10-01 12:24:22.914 17392 17392 D CrossAppTracking: ✅ App ciblée détectée: com.bascule.leclerctracking
10-01 12:24:22.915 17392 17392 D AndroidTracking: Event tracked: SCROLL - {app=com.bascule.leclerctracking, packageName=com.bascule.leclerctracking, scrollX=0, scrollY=472, eventType=cross_app_scroll}
10-01 12:24:23.007 17392 17392 D CrossAppTracking: 📱 Événement reçu: 2048 - com.bascule.leclerctracking
10-01 12:24:23.007 17392 17392 D CrossAppTracking: ✅ App ciblée détectée: com.bascule.leclerctracking
10-01 12:24:23.033 17392 17641 D AndroidTracking: Event sent to server successfully
10-01 12:24:23.069 17392 17392 D CrossAppTracking: 📱 Événement reçu: 2048 - com.bascule.leclerctracking
10-01 12:24:23.069 17392 17392 D CrossAppTracking: ✅ App ciblée détectée: com.bascule.leclerctracking
10-01 12:24:23.119 17392 17392 D CrossAppTracking: 📱 Événement reçu: 4096 - com.bascule.leclerctracking
10-01 12:24:23.120 17392 17392 D CrossAppTracking: ✅ App ciblée détectée: com.bascule.leclerctracking
10-01 12:24:23.120 17392 17392 D AndroidTracking: Event tracked: SCROLL - {app=com.bascule.leclerctracking, packageName=com.bascule.leclerctracking, scrollX=0, scrollY=814, eventType=cross_app_scroll}
10-01 12:24:23.135 17392 17641 D AndroidTracking: Event sent to server successfully
10-01 12:24:23.354 17392 17392 D AndroidTracking: Event tracked: ADD_TO_CART - {app=com.bascule.leclerctracking, packageName=com.bascule.leclerctracking, productInfo={cartAction=En activant ce service, vous acceptez que Bascule analyse vos interactions dans les apps e-commerce pour améliorer l'expérience utilisateur. Aucune donnée personnelle n'est collectée., productName=Cette application peut analyser vos interactions sur les apps e-commerce 
10-01 12:24:23.354 17392 17392 D AndroidTracking: pour améliorer votre expérience d'achat.
10-01 12:24:23.354 17392 17392 D AndroidTracking: 
10-01 12:24:23.354 17392 17392 D AndroidTracking: Apps supportées:
10-01 12:24:23.354 17392 17392 D AndroidTracking: • E.Leclerc Drive
10-01 12:24:23.354 17392 17392 D AndroidTracking: • Carrefour
10-01 12:24:23.354 17392 17392 D AndroidTracking: • Auchan Drive  
10-01 12:24:23.354 17392 17392 D AndroidTracking: • Casino Drive
10-01 12:24:23.354 17392 17392 D AndroidTracking: • Amazon Shopping
10-01 12:24:23.354 17392 17392 D AndroidTracking: • Cdiscount
10-01 12:24:23.354 17392 17392 D AndroidTracking: • Monoprix
10-01 12:24:23.354 17392 17392 D AndroidTracking: 
10-01 12:24:23.354 17392 17392 D AndroidTracking: Vos données restent privées et anonymes., allTexts=[Bascule Cross-App Tracking, ✅ Service activé - Tracking cross-app fonctionnel, 📱 Tracking Cross-App, Cette application peut analyser vos interactions sur les apps e-commerce 
10-01 12:24:23.354 17392 17392 D AndroidTracking: pour améliorer votre expérience d'achat.
10-01 12:24:23.354 17392 17392 D AndroidTracking: 
10-01 12:24:23.354 17392 17392 D AndroidTracking: Apps supportées:
10-01 12:24:23.354 17392 17392 D AndroidTracking: • E.Leclerc Drive
10-01 12:24:23.354 17392 17392 D AndroidTracking: • Carrefour
10-01 12:24:23.354 17392 17392 D AndroidTracking: • Auchan Drive  
10-01 12:24:23.354 17392 17392 D AndroidTracking: • Casino Drive
10-01 12:24:23.354 17392 17392 D AndroidTracking: • Amazon Shopping
10-01 12:24:23.354 17392 17392 D AndroidTracking: • Cdiscount
10-01 12:24:23.354 17392 17392 D AndroidTracking: • Monoprix
10-01 12:24:23.354 17392 17392 D AndroidTracking: 
10-01 12:24:23.354 17392 17392 D AndroidTracking: Vos données restent privées et anonymes., 🔒 Confidentialité et Permissions, Permissions requises:
10-01 12:24:23.354 17392 17392 D AndroidTracking: 
10-01 12:24:23.354 17392 17392 D AndroidTracking: 🔍 Service d'Accessibilité
10-01 12:24:23.354 17392 17392 D AndroidTracking: Permet de détecter les interactions dans les autres apps
10-01 12:24:23.354 17392 17392 D AndroidTracking: 
10-01 12:24:23.354 17392 17392 D AndroidTracking: 🔒 Confidentialité Garantie
10-01 12:24:23.354 17392 17392 D AndroidTracking: • Aucune donnée personnelle collectée
10-01 12:24:23.354 17392 17392 D AndroidTracking: • Pas d'accès aux mots de passe
10-01 12:24:23.354 17392 17392 D AndroidTracking: • Tracking anonyme uniquement
10-01 12:24:23.354 17392 17392 D AndroidTracking: • Données stockées localement, DÉSACTIVER LE SERVICE, OUVRIR PARAMÈTRES D'ACCESSIBILITÉ, MODE INTRA-APP SEULEMENT, 🧪 TEST AUTOMATIQUE CARREFOUR]}, eventType=cross_app_cart_update}
10-01 12:24:23.355 17392 17392 D CrossAppTracking: 🛒 Produit envoyé: Cette application peut analyser vos interactions sur les apps e-commerce 
10-01 12:24:23.355 17392 17392 D CrossAppTracking: pour améliorer votre expérience d'achat.
10-01 12:24:23.355 17392 17392 D CrossAppTracking: 
10-01 12:24:23.355 17392 17392 D CrossAppTracking: Apps supportées:
10-01 12:24:23.355 17392 17392 D CrossAppTracking: • E.Leclerc Drive
10-01 12:24:23.355 17392 17392 D CrossAppTracking: • Carrefour
10-01 12:24:23.355 17392 17392 D CrossAppTracking: • Auchan Drive  
10-01 12:24:23.355 17392 17392 D CrossAppTracking: • Casino Drive
10-01 12:24:23.355 17392 17392 D CrossAppTracking: • Amazon Shopping
10-01 12:24:23.355 17392 17392 D CrossAppTracking: • Cdiscount
10-01 12:24:23.355 17392 17392 D CrossAppTracking: • Monoprix
10-01 12:24:23.355 17392 17392 D CrossAppTracking: 
10-01 12:24:23.355 17392 17392 D CrossAppTracking: Vos données restent privées et anonymes. - Prix: N/A
10-01 12:24:23.371 17392 17641 D AndroidTracking: Event sent to server successfully
10-01 12:24:23.423 17392 17392 D AndroidTracking: Event tracked: ADD_TO_CART - {app=com.bascule.leclerctracking, packageName=com.bascule.leclerctracking, productInfo={cartAction=En activant ce service, vous acceptez que Bascule analyse vos interactions dans les apps e-commerce pour améliorer l'expérience utilisateur. Aucune donnée personnelle n'est collectée., productName=Cette application peut analyser vos interactions sur les apps e-commerce 
10-01 12:24:23.423 17392 17392 D AndroidTracking: pour améliorer votre expérience d'achat.
10-01 12:24:23.423 17392 17392 D AndroidTracking: 
10-01 12:24:23.423 17392 17392 D AndroidTracking: Apps supportées:
10-01 12:24:23.423 17392 17392 D AndroidTracking: • E.Leclerc Drive
10-01 12:24:23.423 17392 17392 D AndroidTracking: • Carrefour
10-01 12:24:23.423 17392 17392 D AndroidTracking: • Auchan Drive  
10-01 12:24:23.423 17392 17392 D AndroidTracking: • Casino Drive
10-01 12:24:23.423 17392 17392 D AndroidTracking: • Amazon Shopping
10-01 12:24:23.423 17392 17392 D AndroidTracking: • Cdiscount
10-01 12:24:23.423 17392 17392 D AndroidTracking: • Monoprix
10-01 12:24:23.423 17392 17392 D AndroidTracking: 
10-01 12:24:23.423 17392 17392 D AndroidTracking: Vos données restent privées et anonymes., allTexts=[Bascule Cross-App Tracking, ✅ Service activé - Tracking cross-app fonctionnel, 📱 Tracking Cross-App, Cette application peut analyser vos interactions sur les apps e-commerce 
10-01 12:24:23.423 17392 17392 D AndroidTracking: pour améliorer votre expérience d'achat.
10-01 12:24:23.423 17392 17392 D AndroidTracking: 
10-01 12:24:23.423 17392 17392 D AndroidTracking: Apps supportées:
10-01 12:24:23.423 17392 17392 D AndroidTracking: • E.Leclerc Drive
10-01 12:24:23.423 17392 17392 D AndroidTracking: • Carrefour
10-01 12:24:23.423 17392 17392 D AndroidTracking: • Auchan Drive  
10-01 12:24:23.423 17392 17392 D AndroidTracking: • Casino Drive
10-01 12:24:23.423 17392 17392 D AndroidTracking: • Amazon Shopping
10-01 12:24:23.423 17392 17392 D AndroidTracking: • Cdiscount
10-01 12:24:23.423 17392 17392 D AndroidTracking: • Monoprix
10-01 12:24:23.423 17392 17392 D AndroidTracking: 
10-01 12:24:23.423 17392 17392 D AndroidTracking: Vos données restent privées et anonymes., 🔒 Confidentialité et Permissions, Permissions requises:
10-01 12:24:23.423 17392 17392 D AndroidTracking: 
10-01 12:24:23.423 17392 17392 D AndroidTracking: 🔍 Service d'Accessibilité
10-01 12:24:23.423 17392 17392 D AndroidTracking: Permet de détecter les interactions dans les autres apps
10-01 12:24:23.423 17392 17392 D AndroidTracking: 
10-01 12:24:23.423 17392 17392 D AndroidTracking: 🔒 Confidentialité Garantie
10-01 12:24:23.423 17392 17392 D AndroidTracking: • Aucune donnée personnelle collectée
10-01 12:24:23.423 17392 17392 D AndroidTracking: • Pas d'accès aux mots de passe
10-01 12:24:23.423 17392 17392 D AndroidTracking: • Tracking anonyme uniquement
10-01 12:24:23.423 17392 17392 D AndroidTracking: • Données stockées localement, DÉSACTIVER LE SERVICE, OUVRIR PARAMÈTRES D'ACCESSIBILITÉ, MODE INTRA-APP SEULEMENT, 🧪 TEST AUTOMATIQUE CARREFOUR]}, eventType=cross_app_cart_update}
10-01 12:24:23.425 17392 17392 D CrossAppTracking: 🛒 Produit envoyé: Cette application peut analyser vos interactions sur les apps e-commerce 
10-01 12:24:23.425 17392 17392 D CrossAppTracking: pour améliorer votre expérience d'achat.
10-01 12:24:23.425 17392 17392 D CrossAppTracking: 
10-01 12:24:23.425 17392 17392 D CrossAppTracking: Apps supportées:
10-01 12:24:23.425 17392 17392 D CrossAppTracking: • E.Leclerc Drive
10-01 12:24:23.425 17392 17392 D CrossAppTracking: • Carrefour
10-01 12:24:23.425 17392 17392 D CrossAppTracking: • Auchan Drive  
10-01 12:24:23.425 17392 17392 D CrossAppTracking: • Casino Drive
10-01 12:24:23.425 17392 17392 D CrossAppTracking: • Amazon Shopping
10-01 12:24:23.425 17392 17392 D CrossAppTracking: • Cdiscount
10-01 12:24:23.425 17392 17392 D CrossAppTracking: • Monoprix
10-01 12:24:23.425 17392 17392 D CrossAppTracking: 
10-01 12:24:23.425 17392 17392 D CrossAppTracking: Vos données restent privées et anonymes. - Prix: N/A
10-01 12:24:23.438 17392 17641 D AndroidTracking: Event sent to server successfully
10-01 12:24:23.594 17392 17392 D AndroidTracking: Event tracked: ADD_TO_CART - {app=com.bascule.leclerctracking, packageName=com.bascule.leclerctracking, productInfo={cartAction=En activant ce service, vous acceptez que Bascule analyse vos interactions dans les apps e-commerce pour améliorer l'expérience utilisateur. Aucune donnée personnelle n'est collectée., productName=Cette application peut analyser vos interactions sur les apps e-commerce 
10-01 12:24:23.594 17392 17392 D AndroidTracking: pour améliorer votre expérience d'achat.
10-01 12:24:23.594 17392 17392 D AndroidTracking: 
10-01 12:24:23.594 17392 17392 D AndroidTracking: Apps supportées:
10-01 12:24:23.594 17392 17392 D AndroidTracking: • E.Leclerc Drive
10-01 12:24:23.594 17392 17392 D AndroidTracking: • Carrefour
10-01 12:24:23.594 17392 17392 D AndroidTracking: • Auchan Drive  
10-01 12:24:23.594 17392 17392 D AndroidTracking: • Casino Drive
10-01 12:24:23.594 17392 17392 D AndroidTracking: • Amazon Shopping
10-01 12:24:23.594 17392 17392 D AndroidTracking: • Cdiscount
10-01 12:24:23.594 17392 17392 D AndroidTracking: • Monoprix
10-01 12:24:23.594 17392 17392 D AndroidTracking: 
10-01 12:24:23.594 17392 17392 D AndroidTracking: Vos données restent privées et anonymes., allTexts=[Bascule Cross-App Tracking, ✅ Service activé - Tracking cross-app fonctionnel, 📱 Tracking Cross-App, Cette application peut analyser vos interactions sur les apps e-commerce 
10-01 12:24:23.594 17392 17392 D AndroidTracking: pour améliorer votre expérience d'achat.
10-01 12:24:23.594 17392 17392 D AndroidTracking: 
10-01 12:24:23.594 17392 17392 D AndroidTracking: Apps supportées:
10-01 12:24:23.594 17392 17392 D AndroidTracking: • E.Leclerc Drive
10-01 12:24:23.594 17392 17392 D AndroidTracking: • Carrefour
10-01 12:24:23.594 17392 17392 D AndroidTracking: • Auchan Drive  
10-01 12:24:23.594 17392 17392 D AndroidTracking: • Casino Drive
10-01 12:24:23.594 17392 17392 D AndroidTracking: • Amazon Shopping
10-01 12:24:23.594 17392 17392 D AndroidTracking: • Cdiscount
10-01 12:24:23.594 17392 17392 D AndroidTracking: • Monoprix
10-01 12:24:23.594 17392 17392 D AndroidTracking: 
10-01 12:24:23.594 17392 17392 D AndroidTracking: Vos données restent privées et anonymes., 🔒 Confidentialité et Permissions, Permissions requises:
10-01 12:24:23.594 17392 17392 D AndroidTracking: 
10-01 12:24:23.594 17392 17392 D AndroidTracking: 🔍 Service d'Accessibilité
10-01 12:24:23.594 17392 17392 D AndroidTracking: Permet de détecter les interactions dans les autres apps
10-01 12:24:23.594 17392 17392 D AndroidTracking: 
10-01 12:24:23.594 17392 17392 D AndroidTracking: 🔒 Confidentialité Garantie
10-01 12:24:23.594 17392 17392 D AndroidTracking: • Aucune donnée personnelle collectée
10-01 12:24:23.594 17392 17392 D AndroidTracking: • Pas d'accès aux mots de passe
10-01 12:24:23.594 17392 17392 D AndroidTracking: • Tracking anonyme uniquement
10-01 12:24:23.594 17392 17392 D AndroidTracking: • Données stockées localement, DÉSACTIVER LE SERVICE, OUVRIR PARAMÈTRES D'ACCESSIBILITÉ, MODE INTRA-APP SEULEMENT, 🧪 TEST AUTOMATIQUE CARREFOUR]}, eventType=cross_app_cart_update}
10-01 12:24:23.595 17392 17392 D CrossAppTracking: 🛒 Produit envoyé: Cette application peut analyser vos interactions sur les apps e-commerce 
10-01 12:24:23.595 17392 17392 D CrossAppTracking: pour améliorer votre expérience d'achat.
10-01 12:24:23.595 17392 17392 D CrossAppTracking: 
10-01 12:24:23.595 17392 17392 D CrossAppTracking: Apps supportées:
10-01 12:24:23.595 17392 17392 D CrossAppTracking: • E.Leclerc Drive
10-01 12:24:23.595 17392 17392 D CrossAppTracking: • Carrefour
10-01 12:24:23.595 17392 17392 D CrossAppTracking: • Auchan Drive  
10-01 12:24:23.595 17392 17392 D CrossAppTracking: • Casino Drive
10-01 12:24:23.595 17392 17392 D CrossAppTracking: • Amazon Shopping
10-01 12:24:23.595 17392 17392 D CrossAppTracking: • Cdiscount
10-01 12:24:23.595 17392 17392 D CrossAppTracking: • Monoprix
10-01 12:24:23.595 17392 17392 D CrossAppTracking: 
10-01 12:24:23.595 17392 17392 D CrossAppTracking: Vos données restent privées et anonymes. - Prix: N/A
10-01 12:24:23.614 17392 17641 D AndroidTracking: Event sent to server successfully
10-01 12:24:23.664 17392 17392 D AndroidTracking: Event tracked: ADD_TO_CART - {app=com.bascule.leclerctracking, packageName=com.bascule.leclerctracking, productInfo={cartAction=En activant ce service, vous acceptez que Bascule analyse vos interactions dans les apps e-commerce pour améliorer l'expérience utilisateur. Aucune donnée personnelle n'est collectée., productName=Cette application peut analyser vos interactions sur les apps e-commerce 
10-01 12:24:23.664 17392 17392 D AndroidTracking: pour améliorer votre expérience d'achat.
10-01 12:24:23.664 17392 17392 D AndroidTracking: 
10-01 12:24:23.664 17392 17392 D AndroidTracking: Apps supportées:
10-01 12:24:23.664 17392 17392 D AndroidTracking: • E.Leclerc Drive
10-01 12:24:23.664 17392 17392 D AndroidTracking: • Carrefour
10-01 12:24:23.664 17392 17392 D AndroidTracking: • Auchan Drive  
10-01 12:24:23.664 17392 17392 D AndroidTracking: • Casino Drive
10-01 12:24:23.664 17392 17392 D AndroidTracking: • Amazon Shopping
10-01 12:24:23.664 17392 17392 D AndroidTracking: • Cdiscount
10-01 12:24:23.664 17392 17392 D AndroidTracking: • Monoprix
10-01 12:24:23.664 17392 17392 D AndroidTracking: 
10-01 12:24:23.664 17392 17392 D AndroidTracking: Vos données restent privées et anonymes., allTexts=[Bascule Cross-App Tracking, ✅ Service activé - Tracking cross-app fonctionnel, 📱 Tracking Cross-App, Cette application peut analyser vos interactions sur les apps e-commerce 
10-01 12:24:23.664 17392 17392 D AndroidTracking: pour améliorer votre expérience d'achat.
10-01 12:24:23.664 17392 17392 D AndroidTracking: 
10-01 12:24:23.664 17392 17392 D AndroidTracking: Apps supportées:
10-01 12:24:23.664 17392 17392 D AndroidTracking: • E.Leclerc Drive
10-01 12:24:23.664 17392 17392 D AndroidTracking: • Carrefour
10-01 12:24:23.664 17392 17392 D AndroidTracking: • Auchan Drive  
10-01 12:24:23.664 17392 17392 D AndroidTracking: • Casino Drive
10-01 12:24:23.664 17392 17392 D AndroidTracking: • Amazon Shopping
10-01 12:24:23.664 17392 17392 D AndroidTracking: • Cdiscount
10-01 12:24:23.664 17392 17392 D AndroidTracking: • Monoprix
10-01 12:24:23.664 17392 17392 D AndroidTracking: 
10-01 12:24:23.664 17392 17392 D AndroidTracking: Vos données restent privées et anonymes., 🔒 Confidentialité et Permissions, Permissions requises:
10-01 12:24:23.664 17392 17392 D AndroidTracking: 
10-01 12:24:23.664 17392 17392 D AndroidTracking: 🔍 Service d'Accessibilité
10-01 12:24:23.664 17392 17392 D AndroidTracking: Permet de détecter les interactions dans les autres apps
10-01 12:24:23.664 17392 17392 D AndroidTracking: 
10-01 12:24:23.664 17392 17392 D AndroidTracking: 🔒 Confidentialité Garantie
10-01 12:24:23.664 17392 17392 D AndroidTracking: • Aucune donnée personnelle collectée
10-01 12:24:23.664 17392 17392 D AndroidTracking: • Pas d'accès aux mots de passe
10-01 12:24:23.664 17392 17392 D AndroidTracking: • Tracking anonyme uniquement
10-01 12:24:23.664 17392 17392 D AndroidTracking: • Données stockées localement, DÉSACTIVER LE SERVICE, OUVRIR PARAMÈTRES D'ACCESSIBILITÉ, MODE INTRA-APP SEULEMENT, 🧪 TEST AUTOMATIQUE CARREFOUR]}, eventType=cross_app_cart_update}
10-01 12:24:23.667 17392 17392 D CrossAppTracking: 🛒 Produit envoyé: Cette application peut analyser vos interactions sur les apps e-commerce 
10-01 12:24:23.667 17392 17392 D CrossAppTracking: pour améliorer votre expérience d'achat.
10-01 12:24:23.667 17392 17392 D CrossAppTracking: 
10-01 12:24:23.667 17392 17392 D CrossAppTracking: Apps supportées:
10-01 12:24:23.667 17392 17392 D CrossAppTracking: • E.Leclerc Drive
10-01 12:24:23.667 17392 17392 D CrossAppTracking: • Carrefour
10-01 12:24:23.667 17392 17392 D CrossAppTracking: • Auchan Drive  
10-01 12:24:23.667 17392 17392 D CrossAppTracking: • Casino Drive
10-01 12:24:23.667 17392 17392 D CrossAppTracking: • Amazon Shopping
10-01 12:24:23.667 17392 17392 D CrossAppTracking: • Cdiscount
10-01 12:24:23.667 17392 17392 D CrossAppTracking: • Monoprix
10-01 12:24:23.667 17392 17392 D CrossAppTracking: 
10-01 12:24:23.667 17392 17392 D CrossAppTracking: Vos données restent privées et anonymes. - Prix: N/A
10-01 12:24:23.688 17392 17641 D AndroidTracking: Event sent to server successfully
10-01 12:24:26.062 17392 17392 D CrossAppTracking: 📱 Événement reçu: 1 - com.bascule.leclerctracking
10-01 12:24:26.062 17392 17392 D CrossAppTracking: ✅ App ciblée détectée: com.bascule.leclerctracking
10-01 12:24:26.153 17392 17392 D CrossAppTracking: 📱 Événement reçu: 2048 - com.bascule.leclerctracking
10-01 12:24:26.153 17392 17392 D CrossAppTracking: ✅ App ciblée détectée: com.bascule.leclerctracking
10-01 12:24:26.385 17392 17392 D CrossAppTracking: 📱 Événement reçu: 32 - com.bascule.leclerctracking
10-01 12:24:26.385 17392 17392 D CrossAppTracking: ✅ App ciblée détectée: com.bascule.leclerctracking
10-01 12:24:26.635 17392 17392 D AndroidTracking: Event tracked: VIEW_CLICKED - {app=com.bascule.leclerctracking, packageName=com.bascule.leclerctracking, element={}, eventType=cross_app_click, timestamp=1759314266097}
10-01 12:24:26.637 17392 17392 D CrossAppTracking: Click envoyé dans com.bascule.leclerctracking: {}
10-01 12:24:26.650 17392 17641 D AndroidTracking: Event sent to server successfully
10-01 12:24:26.711 17392 17392 D AndroidTracking: Event tracked: ADD_TO_CART - {app=com.bascule.leclerctracking, packageName=com.bascule.leclerctracking, productInfo={productName=Ce test va lancer Carrefour et observer les événements capturés par le service d'accessibilité., allTexts=[Test Automatique Carrefour, Ce test va lancer Carrefour et observer les événements capturés par le service d'accessibilité., 🚀 DÉMARRER LE TEST, Logs du test :, Prêt à démarrer le test...]}, eventType=cross_app_cart_update}
10-01 12:24:26.716 17392 17392 D CrossAppTracking: 🛒 Produit envoyé: Ce test va lancer Carrefour et observer les événements capturés par le service d'accessibilité. - Prix: N/A
10-01 12:24:26.733 17392 17641 D AndroidTracking: Event sent to server successfully
10-01 12:24:26.920 17392 17392 D AndroidTracking: Event tracked: ADD_TO_CART - {app=com.bascule.leclerctracking, packageName=com.bascule.leclerctracking, productInfo={productName=Ce test va lancer Carrefour et observer les événements capturés par le service d'accessibilité., allTexts=[Test Automatique Carrefour, Ce test va lancer Carrefour et observer les événements capturés par le service d'accessibilité., 🚀 DÉMARRER LE TEST, Logs du test :, Prêt à démarrer le test...]}, eventType=cross_app_cart_update}
10-01 12:24:26.922 17392 17392 D CrossAppTracking: 🛒 Produit envoyé: Ce test va lancer Carrefour et observer les événements capturés par le service d'accessibilité. - Prix: N/A
10-01 12:24:26.937 17392 17641 D AndroidTracking: Event sent to server successfully
10-01 12:24:28.183 17392 17392 D CrossAppTracking: 📱 Événement reçu: 1 - com.bascule.leclerctracking
10-01 12:24:28.183 17392 17392 D CrossAppTracking: ✅ App ciblée détectée: com.bascule.leclerctracking
10-01 12:24:28.258 17392 17392 D CrossAppTracking: 📱 Événement reçu: 2048 - com.bascule.leclerctracking
10-01 12:24:28.259 17392 17392 D CrossAppTracking: ✅ App ciblée détectée: com.bascule.leclerctracking
10-01 12:24:28.423 17392 17392 D CrossAppTracking: 📱 Événement reçu: 2048 - com.bascule.leclerctracking
10-01 12:24:28.423 17392 17392 D CrossAppTracking: ✅ App ciblée détectée: com.bascule.leclerctracking
10-01 12:24:28.824 17392 17392 D AndroidTracking: Event tracked: VIEW_CLICKED - {app=com.bascule.leclerctracking, packageName=com.bascule.leclerctracking, element={className=android.widget.Button, contentDescription=, text=🚀 DÉMARRER LE TEST, resourceId=com.bascule.leclerctracking:id/startTestButton, clickable=true, bounds={left=42, top=368, right=1038, bottom=545}}, eventType=cross_app_click, timestamp=1759314268212}
10-01 12:24:28.825 17392 17392 D CrossAppTracking: Click envoyé dans com.bascule.leclerctracking: {className=android.widget.Button, contentDescription=, text=🚀 DÉMARRER LE TEST, resourceId=com.bascule.leclerctracking:id/startTestButton, clickable=true, bounds={left=42, top=368, right=1038, bottom=545}}
10-01 12:24:28.826 17392 17392 D AndroidTracking: Event tracked: ADD_TO_CART - {app=com.bascule.leclerctracking, packageName=com.bascule.leclerctracking, productInfo={productName=12:24:27 🚀 Démarrage du test automatique Carrefour
10-01 12:24:28.826 17392 17392 D AndroidTracking: 12:24:28 📱 Lancement de Carrefour...
10-01 12:24:28.826 17392 17392 D AndroidTracking: 12:24:28 ✅ Carrefour lancé
10-01 12:24:28.826 17392 17392 D AndroidTracking: , allTexts=[12:24:27 🚀 Démarrage du test automatique Carrefour
10-01 12:24:28.826 17392 17392 D AndroidTracking: 12:24:28 📱 Lancement de Carrefour...
10-01 12:24:28.826 17392 17392 D AndroidTracking: 12:24:28 ✅ Carrefour lancé
10-01 12:24:28.826 17392 17392 D AndroidTracking: ]}, eventType=cross_app_cart_update}
10-01 12:24:28.826 17392 17392 D CrossAppTracking: 🛒 Produit envoyé: 12:24:27 🚀 Démarrage du test automatique Carrefour
10-01 12:24:28.826 17392 17392 D CrossAppTracking: 12:24:28 📱 Lancement de Carrefour...
10-01 12:24:28.826 17392 17392 D CrossAppTracking: 12:24:28 ✅ Carrefour lancé
10-01 12:24:28.826 17392 17392 D CrossAppTracking:  - Prix: N/A
10-01 12:24:28.857 17392 17695 D AndroidTracking: Event sent to server successfully
10-01 12:24:28.933 17392 17392 D CrossAppTracking: 📱 Événement reçu: 2048 - com.carrefour.fid.android
10-01 12:24:28.933 17392 17392 D CrossAppTracking: ✅ App ciblée détectée: com.carrefour.fid.android
10-01 12:24:28.936 17392 17641 D AndroidTracking: Event sent to server successfully
10-01 12:24:29.698 17392 17392 D CrossAppTracking: 📱 Événement reçu: 2048 - com.carrefour.fid.android
10-01 12:24:29.698 17392 17392 D CrossAppTracking: ✅ App ciblée détectée: com.carrefour.fid.android
10-01 12:24:29.898 17392 17392 D AndroidTracking: Event tracked: ADD_TO_CART - {app=com.bascule.leclerctracking, packageName=com.bascule.leclerctracking, productInfo={productName=12:24:27 🚀 Démarrage du test automatique Carrefour
10-01 12:24:29.898 17392 17392 D AndroidTracking: 12:24:28 📱 Lancement de Carrefour...
10-01 12:24:29.898 17392 17392 D AndroidTracking: 12:24:28 ✅ Carrefour lancé
10-01 12:24:29.898 17392 17392 D AndroidTracking: , allTexts=[12:24:27 🚀 Démarrage du test automatique Carrefour
10-01 12:24:29.898 17392 17392 D AndroidTracking: 12:24:28 📱 Lancement de Carrefour...
10-01 12:24:29.898 17392 17392 D AndroidTracking: 12:24:28 ✅ Carrefour lancé
10-01 12:24:29.898 17392 17392 D AndroidTracking: ]}, eventType=cross_app_cart_update}
10-01 12:24:29.921 17392 17392 D CrossAppTracking: 🛒 Produit envoyé: 12:24:27 🚀 Démarrage du test automatique Carrefour
10-01 12:24:29.921 17392 17392 D CrossAppTracking: 12:24:28 📱 Lancement de Carrefour...
10-01 12:24:29.921 17392 17392 D CrossAppTracking: 12:24:28 ✅ Carrefour lancé
10-01 12:24:29.921 17392 17392 D CrossAppTracking:  - Prix: N/A
10-01 12:24:29.945 17392 17641 D AndroidTracking: Event sent to server successfully
10-01 12:24:29.959 17392 17392 D CrossAppTracking: 📱 Événement reçu: 2048 - com.carrefour.fid.android
10-01 12:24:29.986 17392 17392 D CrossAppTracking: ✅ App ciblée détectée: com.carrefour.fid.android
10-01 12:24:30.393 17392 17392 D CrossAppTracking: 📱 Événement reçu: 2048 - com.carrefour.fid.android
10-01 12:24:30.393 17392 17392 D CrossAppTracking: ✅ App ciblée détectée: com.carrefour.fid.android
10-01 12:24:30.473 17392 17392 D CrossAppTracking: 📱 Événement reçu: 2048 - com.carrefour.fid.android
10-01 12:24:30.502 17392 17392 D CrossAppTracking: ✅ App ciblée détectée: com.carrefour.fid.android
10-01 12:24:30.650 17392 17392 D CrossAppTracking: 📱 Événement reçu: 2048 - com.carrefour.fid.android
10-01 12:24:30.651 17392 17392 D CrossAppTracking: ✅ App ciblée détectée: com.carrefour.fid.android
10-01 12:24:30.806 17392 17392 D CrossAppTracking: 📱 Événement reçu: 2048 - com.carrefour.fid.android
10-01 12:24:30.806 17392 17392 D CrossAppTracking: ✅ App ciblée détectée: com.carrefour.fid.android
10-01 12:24:30.868 17392 17392 D CrossAppTracking: 📱 Événement reçu: 2048 - com.carrefour.fid.android
10-01 12:24:30.868 17392 17392 D CrossAppTracking: ✅ App ciblée détectée: com.carrefour.fid.android
10-01 12:24:30.934 17392 17392 D CrossAppTracking: 📱 Événement reçu: 32 - com.carrefour.fid.android
10-01 12:24:30.934 17392 17392 D CrossAppTracking: ✅ App ciblée détectée: com.carrefour.fid.android
10-01 12:24:31.011 17392 17392 D CrossAppTracking: 📱 Événement reçu: 2048 - com.carrefour.fid.android
10-01 12:24:31.011 17392 17392 D CrossAppTracking: ✅ App ciblée détectée: com.carrefour.fid.android
10-01 12:24:31.107 17392 17392 D AndroidTracking: Event tracked: CONTENT_CHANGED - {app=Carrefour, packageName=com.carrefour.fid.android, eventType=cross_app_content_change, timestamp=1759314269697}
10-01 12:24:31.113 17392 17392 D AndroidTracking: Event tracked: CONTENT_CHANGED - {app=Carrefour, packageName=com.carrefour.fid.android, eventType=cross_app_content_change, timestamp=1759314269782}
10-01 12:24:31.114 17392 17392 D AndroidTracking: Event tracked: CONTENT_CHANGED - {app=Carrefour, packageName=com.carrefour.fid.android, eventType=cross_app_content_change, timestamp=1759314270383}
10-01 12:24:31.132 17392 17392 D AndroidTracking: Event tracked: CONTENT_CHANGED - {app=Carrefour, packageName=com.carrefour.fid.android, eventType=cross_app_content_change, timestamp=1759314270467}
10-01 12:24:31.143 17392 17767 D AndroidTracking: Event sent to server successfully
10-01 12:24:31.174 17392 17695 D AndroidTracking: Event sent to server successfully
10-01 12:24:31.189 17392 17392 D AndroidTracking: Event tracked: CONTENT_CHANGED - {app=Carrefour, packageName=com.carrefour.fid.android, eventType=cross_app_content_change, timestamp=1759314270645}
10-01 12:24:31.195 17392 17641 D AndroidTracking: Event sent to server successfully
10-01 12:24:31.205 17392 17695 D AndroidTracking: Event sent to server successfully
10-01 12:24:31.218 17392 17767 D AndroidTracking: Event sent to server successfully
10-01 12:24:31.308 17392 17392 D AndroidTracking: Event tracked: CONTENT_CHANGED - {app=Carrefour, packageName=com.carrefour.fid.android, eventType=cross_app_content_change, timestamp=1759314270805}
10-01 12:24:31.331 17392 17695 D AndroidTracking: Event sent to server successfully
10-01 12:24:31.369 17392 17392 D AndroidTracking: Event tracked: CONTENT_CHANGED - {app=Carrefour, packageName=com.carrefour.fid.android, eventType=cross_app_content_change, timestamp=1759314270867}
10-01 12:24:31.401 17392 17695 D AndroidTracking: Event sent to server successfully
10-01 12:24:31.442 17392 17392 D AndroidTracking: Event tracked: CONTENT_CHANGED - {app=Carrefour, packageName=com.carrefour.fid.android, eventType=cross_app_content_change, timestamp=1759314270934}
10-01 12:24:31.461 17392 17695 D AndroidTracking: Event sent to server successfully
10-01 12:24:31.514 17392 17392 D AndroidTracking: Event tracked: CONTENT_CHANGED - {app=Carrefour, packageName=com.carrefour.fid.android, eventType=cross_app_content_change, timestamp=1759314271011}
10-01 12:24:31.551 17392 17695 D AndroidTracking: Event sent to server successfully
10-01 12:24:31.586 17392 17392 D AndroidTracking: Event tracked: CONTENT_CHANGED - {app=Carrefour, packageName=com.carrefour.fid.android, eventType=cross_app_content_change, timestamp=1759314271084}
10-01 12:24:31.614 17392 17695 D AndroidTracking: Event sent to server successfully
10-01 12:24:32.952 17392 17392 D CrossAppTracking: 📱 Événement reçu: 2048 - com.carrefour.fid.android
10-01 12:24:32.953 17392 17392 D CrossAppTracking: ✅ App ciblée détectée: com.carrefour.fid.android
10-01 12:24:33.583 17392 17392 D CrossAppTracking: 📱 Événement reçu: 32 - com.carrefour.fid.android
10-01 12:24:33.584 17392 17392 D CrossAppTracking: ✅ App ciblée détectée: com.carrefour.fid.android
10-01 12:24:33.641 17392 17392 D CrossAppTracking: 📱 Événement reçu: 2048 - com.carrefour.fid.android
10-01 12:24:33.641 17392 17392 D CrossAppTracking: ✅ App ciblée détectée: com.carrefour.fid.android
10-01 12:24:33.678 17392 17392 D CrossAppTracking: 📱 Événement reçu: 2048 - com.carrefour.fid.android
10-01 12:24:33.679 17392 17392 D CrossAppTracking: ✅ App ciblée détectée: com.carrefour.fid.android
10-01 12:24:33.766 17392 17392 D CrossAppTracking: 📱 Événement reçu: 2048 - com.carrefour.fid.android
10-01 12:24:33.766 17392 17392 D CrossAppTracking: ✅ App ciblée détectée: com.carrefour.fid.android
10-01 12:24:33.793 17392 17392 D CrossAppTracking: 📱 Événement reçu: 32 - com.carrefour.fid.android
10-01 12:24:33.793 17392 17392 D CrossAppTracking: ✅ App ciblée détectée: com.carrefour.fid.android
10-01 12:24:33.853 17392 17392 D CrossAppTracking: 📱 Événement reçu: 2048 - com.carrefour.fid.android
10-01 12:24:33.853 17392 17392 D CrossAppTracking: ✅ App ciblée détectée: com.carrefour.fid.android
10-01 12:24:34.086 17392 17392 D AndroidTracking: Event tracked: ADD_TO_CART - {app=Carrefour, packageName=com.carrefour.fid.android, productInfo={productName=Panier, 2 new notifications, allTexts=[Panier, Accueil, Rechercher, Mes produits, Promotions, Panier, 2 new notifications]}, eventType=cross_app_cart_update}
10-01 12:24:34.088 17392 17392 D CrossAppTracking: 🛒 Produit envoyé: Panier, 2 new notifications - Prix: N/A
10-01 12:24:34.107 17392 17695 D AndroidTracking: Event sent to server successfully
10-01 12:24:34.116 17392 17392 D CrossAppTracking: 📱 Événement reçu: 2048 - com.carrefour.fid.android
10-01 12:24:34.116 17392 17392 D CrossAppTracking: ✅ App ciblée détectée: com.carrefour.fid.android
10-01 12:24:34.166 17392 17392 D CrossAppTracking: 📱 Événement reçu: 2048 - com.carrefour.fid.android
10-01 12:24:34.166 17392 17392 D CrossAppTracking: ✅ App ciblée détectée: com.carrefour.fid.android
10-01 12:24:34.186 17392 17392 D CrossAppTracking: 📱 Événement reçu: 2048 - com.carrefour.fid.android
10-01 12:24:34.189 17392 17392 D CrossAppTracking: ✅ App ciblée détectée: com.carrefour.fid.android
10-01 12:24:34.374 17392 17392 D CrossAppTracking: 📱 Événement reçu: 2048 - com.carrefour.fid.android
10-01 12:24:34.374 17392 17392 D CrossAppTracking: ✅ App ciblée détectée: com.carrefour.fid.android
10-01 12:24:34.617 17392 17392 D CrossAppTracking: 📱 Événement reçu: 2048 - com.carrefour.fid.android
10-01 12:24:34.617 17392 17392 D CrossAppTracking: ✅ App ciblée détectée: com.carrefour.fid.android
10-01 12:24:34.642 17392 17392 D CrossAppTracking: 📱 Événement reçu: 2048 - com.carrefour.fid.android
10-01 12:24:34.642 17392 17392 D CrossAppTracking: ✅ App ciblée détectée: com.carrefour.fid.android
10-01 12:24:34.723 17392 17392 D CrossAppTracking: 📱 Événement reçu: 2048 - com.carrefour.fid.android
10-01 12:24:34.723 17392 17392 D CrossAppTracking: ✅ App ciblée détectée: com.carrefour.fid.android
10-01 12:24:34.728 17392 17392 D CrossAppTracking: 📱 Événement reçu: 2048 - com.carrefour.fid.android
10-01 12:24:34.730 17392 17392 D CrossAppTracking: ✅ App ciblée détectée: com.carrefour.fid.android
10-01 12:24:34.742 17392 17392 D CrossAppTracking: 📱 Événement reçu: 2048 - com.carrefour.fid.android
10-01 12:24:34.743 17392 17392 D CrossAppTracking: ✅ App ciblée détectée: com.carrefour.fid.android
10-01 12:24:34.785 17392 17392 D CrossAppTracking: 📱 Événement reçu: 2048 - com.carrefour.fid.android
10-01 12:24:34.785 17392 17392 D CrossAppTracking: ✅ App ciblée détectée: com.carrefour.fid.android
10-01 12:24:34.795 17392 17392 D CrossAppTracking: 📱 Événement reçu: 2048 - com.carrefour.fid.android
10-01 12:24:34.798 17392 17392 D CrossAppTracking: ✅ App ciblée détectée: com.carrefour.fid.android
10-01 12:24:34.812 17392 17392 D CrossAppTracking: 📱 Événement reçu: 2048 - com.carrefour.fid.android
10-01 12:24:34.812 17392 17392 D CrossAppTracking: ✅ App ciblée détectée: com.carrefour.fid.android
