10-01 11:06:00.818 11357 11357 D AndroidTracking: Event tracked: ADD_TO_CART - {app=com.android.systemui, packageName=com.android.systemui, productInfo={productName=11:06â€¯AM, allTexts=[11:06, 11:06â€¯AM]}, eventType=cross_app_cart_update}
10-01 11:06:00.832 11357 11357 D CrossAppTracking: ðŸ›’ Produit envoyÃ©: 11:06â€¯AM - Prix: N/A
10-01 11:06:10.821 11357 11823 W AndroidTracking: Failed to send event to server: failed to connect to /10.0.2.2 (port 3001) from /10.0.2.16 (port 48166) after 10000ms
10-01 11:06:10.952 11357 11858 W AndroidTracking: Failed to send event to server: failed to connect to /10.0.2.2 (port 3001) from /10.0.2.16 (port 48182) after 10000ms
10-01 11:06:11.942 11357 11357 D CrossAppTracking: ðŸ“± Ã‰vÃ©nement reÃ§u: 2048 - com.android.systemui
10-01 11:06:11.942 11357 11357 D CrossAppTracking: âœ… App ciblÃ©e dÃ©tectÃ©e: com.android.systemui
10-01 11:06:12.447 11357 11357 D AndroidTracking: Event tracked: ADD_TO_CART - {app=com.android.systemui, packageName=com.android.systemui, productInfo={cartAction=T-Mobile, three bars., productName=T-Mobile, three bars., allTexts=[T-Mobile, three bars.]}, eventType=cross_app_cart_update}
10-01 11:06:12.451 11357 11357 D CrossAppTracking: ðŸ›’ Produit envoyÃ©: T-Mobile, three bars. - Prix: N/A
10-01 11:06:22.465 11357 11858 W AndroidTracking: Failed to send event to server: failed to connect to /10.0.2.2 (port 3001) from /10.0.2.16 (port 59422) after 10000ms
10-01 11:06:41.839 11357 11357 D CrossAppTracking: ðŸ“± Ã‰vÃ©nement reÃ§u: 2048 - com.android.systemui
10-01 11:06:41.839 11357 11357 D CrossAppTracking: âœ… App ciblÃ©e dÃ©tectÃ©e: com.android.systemui
10-01 11:06:42.343 11357 11357 D AndroidTracking: Event tracked: ADD_TO_CART - {app=com.android.systemui, packageName=com.android.systemui, productInfo={cartAction=T-Mobile, two bars., productName=T-Mobile, two bars., allTexts=[T-Mobile, two bars.]}, eventType=cross_app_cart_update}
10-01 11:06:42.344 11357 11357 D CrossAppTracking: ðŸ›’ Produit envoyÃ©: T-Mobile, two bars. - Prix: N/A
10-01 11:06:52.362 11357 11858 W AndroidTracking: Failed to send event to server: failed to connect to /10.0.2.2 (port 3001) from /10.0.2.16 (port 45048) after 10000ms
10-01 11:07:00.134 11357 11357 D CrossAppTracking: ðŸ“± Ã‰vÃ©nement reÃ§u: 2048 - com.android.systemui
10-01 11:07:00.134 11357 11357 D CrossAppTracking: âœ… App ciblÃ©e dÃ©tectÃ©e: com.android.systemui
10-01 11:07:00.236 11357 11357 D CrossAppTracking: ðŸ“± Ã‰vÃ©nement reÃ§u: 2048 - com.android.systemui
10-01 11:07:00.236 11357 11357 D CrossAppTracking: âœ… App ciblÃ©e dÃ©tectÃ©e: com.android.systemui
10-01 11:07:00.638 11357 11357 D AndroidTracking: Event tracked: ADD_TO_CART - {app=com.android.systemui, packageName=com.android.systemui, productInfo={productName=11:07â€¯AM, allTexts=[11:07, 11:07â€¯AM]}, eventType=cross_app_cart_update}
10-01 11:07:00.641 11357 11357 D CrossAppTracking: ðŸ›’ Produit envoyÃ©: 11:07â€¯AM - Prix: N/A
10-01 11:07:00.740 11357 11357 D AndroidTracking: Event tracked: ADD_TO_CART - {app=com.android.systemui, packageName=com.android.systemui, productInfo={productName=11:07â€¯AM, allTexts=[11:07, 11:07â€¯AM]}, eventType=cross_app_cart_update}
10-01 11:07:00.741 11357 11357 D CrossAppTracking: ðŸ›’ Produit envoyÃ©: 11:07â€¯AM - Prix: N/A
10-01 11:07:01.846 11357 11357 D CrossAppTracking: ðŸ“± Ã‰vÃ©nement reÃ§u: 2048 - com.android.systemui
10-01 11:07:01.846 11357 11357 D CrossAppTracking: âœ… App ciblÃ©e dÃ©tectÃ©e: com.android.systemui
10-01 11:07:02.352 11357 11357 D AndroidTracking: Event tracked: ADD_TO_CART - {app=com.android.systemui, packageName=com.android.systemui, productInfo={cartAction=T-Mobile, one bar., productName=T-Mobile, one bar., allTexts=[T-Mobile, one bar.]}, eventType=cross_app_cart_update}
10-01 11:07:02.354 11357 11357 D CrossAppTracking: ðŸ›’ Produit envoyÃ©: T-Mobile, one bar. - Prix: N/A
10-01 11:07:10.654 11357 11858 W AndroidTracking: Failed to send event to server: failed to connect to /10.0.2.2 (port 3001) from /10.0.2.16 (port 57424) after 10000ms
10-01 11:07:10.749 11357 11823 W AndroidTracking: Failed to send event to server: failed to connect to /10.0.2.2 (port 3001) from /10.0.2.16 (port 57440) after 9999ms
10-01 11:07:12.385 11357 11901 W AndroidTracking: Failed to send event to server: failed to connect to /10.0.2.2 (port 3001) from /10.0.2.16 (port 57444) after 9999ms
10-01 11:07:41.837 11357 11357 D CrossAppTracking: ðŸ“± Ã‰vÃ©nement reÃ§u: 2048 - com.android.systemui
10-01 11:07:41.837 11357 11357 D CrossAppTracking: âœ… App ciblÃ©e dÃ©tectÃ©e: com.android.systemui
10-01 11:07:42.339 11357 11357 D AndroidTracking: Event tracked: ADD_TO_CART - {app=com.android.systemui, packageName=com.android.systemui, productInfo={cartAction=T-Mobile, no signal., productName=T-Mobile, no signal., allTexts=[T-Mobile, no signal.]}, eventType=cross_app_cart_update}
10-01 11:07:42.341 11357 11357 D CrossAppTracking: ðŸ›’ Produit envoyÃ©: T-Mobile, no signal. - Prix: N/A
10-01 11:07:52.367 11357 11901 W AndroidTracking: Failed to send event to server: failed to connect to /10.0.2.2 (port 3001) from /10.0.2.16 (port 55078) after 10000ms
10-01 11:08:00.136 11357 11357 D CrossAppTracking: ðŸ“± Ã‰vÃ©nement reÃ§u: 2048 - com.android.systemui
10-01 11:08:00.136 11357 11357 D CrossAppTracking: âœ… App ciblÃ©e dÃ©tectÃ©e: com.android.systemui
10-01 11:08:00.236 11357 11357 D CrossAppTracking: ðŸ“± Ã‰vÃ©nement reÃ§u: 2048 - com.android.systemui
10-01 11:08:00.236 11357 11357 D CrossAppTracking: âœ… App ciblÃ©e dÃ©tectÃ©e: com.android.systemui
10-01 11:08:00.640 11357 11357 D AndroidTracking: Event tracked: ADD_TO_CART - {app=com.android.systemui, packageName=com.android.systemui, productInfo={productName=11:08â€¯AM, allTexts=[11:08, 11:08â€¯AM]}, eventType=cross_app_cart_update}
10-01 11:08:00.643 11357 11357 D CrossAppTracking: ðŸ›’ Produit envoyÃ©: 11:08â€¯AM - Prix: N/A
10-01 11:08:00.742 11357 11357 D AndroidTracking: Event tracked: ADD_TO_CART - {app=com.android.systemui, packageName=com.android.systemui, productInfo={productName=11:08â€¯AM, allTexts=[11:08, 11:08â€¯AM]}, eventType=cross_app_cart_update}
10-01 11:08:00.761 11357 11357 D CrossAppTracking: ðŸ›’ Produit envoyÃ©: 11:08â€¯AM - Prix: N/A
10-01 11:08:10.674 11357 11901 W AndroidTracking: Failed to send event to server: failed to connect to /10.0.2.2 (port 3001) from /10.0.2.16 (port 47964) after 10000ms
10-01 11:08:10.781 11357 11823 W AndroidTracking: Failed to send event to server: failed to connect to /10.0.2.2 (port 3001) from /10.0.2.16 (port 47972) after 10000ms
10-01 11:08:21.851 11357 11357 D CrossAppTracking: ðŸ“± Ã‰vÃ©nement reÃ§u: 2048 - com.android.systemui
10-01 11:08:21.851 11357 11357 D CrossAppTracking: âœ… App ciblÃ©e dÃ©tectÃ©e: com.android.systemui
10-01 11:08:22.355 11357 11357 D AndroidTracking: Event tracked: ADD_TO_CART - {app=com.android.systemui, packageName=com.android.systemui, productInfo={cartAction=T-Mobile, signal full., productName=T-Mobile, signal full., allTexts=[T-Mobile, signal full.]}, eventType=cross_app_cart_update}
10-01 11:08:22.360 11357 11357 D CrossAppTracking: ðŸ›’ Produit envoyÃ©: T-Mobile, signal full. - Prix: N/A
10-01 11:08:32.386 11357 11823 W AndroidTracking: Failed to send event to server: failed to connect to /10.0.2.2 (port 3001) from /10.0.2.16 (port 38368) after 10000ms
10-01 11:09:00.141 11357 11357 D CrossAppTracking: ðŸ“± Ã‰vÃ©nement reÃ§u: 2048 - com.android.systemui
10-01 11:09:00.141 11357 11357 D CrossAppTracking: âœ… App ciblÃ©e dÃ©tectÃ©e: com.android.systemui
10-01 11:09:00.245 11357 11357 D CrossAppTracking: ðŸ“± Ã‰vÃ©nement reÃ§u: 2048 - com.android.systemui
10-01 11:09:00.245 11357 11357 D CrossAppTracking: âœ… App ciblÃ©e dÃ©tectÃ©e: com.android.systemui
10-01 11:09:00.645 11357 11357 D AndroidTracking: Event tracked: ADD_TO_CART - {app=com.android.systemui, packageName=com.android.systemui, productInfo={productName=11:09â€¯AM, allTexts=[11:09, 11:09â€¯AM]}, eventType=cross_app_cart_update}
10-01 11:09:00.647 11357 11357 D CrossAppTracking: ðŸ›’ Produit envoyÃ©: 11:09â€¯AM - Prix: N/A
10-01 11:09:00.749 11357 11357 D AndroidTracking: Event tracked: ADD_TO_CART - {app=com.android.systemui, packageName=com.android.systemui, productInfo={productName=11:09â€¯AM, allTexts=[11:09, 11:09â€¯AM]}, eventType=cross_app_cart_update}
10-01 11:09:00.752 11357 11357 D CrossAppTracking: ðŸ›’ Produit envoyÃ©: 11:09â€¯AM - Prix: N/A
10-01 11:09:10.675 11357 11823 W AndroidTracking: Failed to send event to server: failed to connect to /10.0.2.2 (port 3001) from /10.0.2.16 (port 37122) after 10000ms
10-01 11:09:10.765 11357 11901 W AndroidTracking: Failed to send event to server: failed to connect to /10.0.2.2 (port 3001) from /10.0.2.16 (port 37132) after 10000ms
10-01 11:09:11.838 11357 11357 D CrossAppTracking: ðŸ“± Ã‰vÃ©nement reÃ§u: 2048 - com.android.systemui
10-01 11:09:11.838 11357 11357 D CrossAppTracking: âœ… App ciblÃ©e dÃ©tectÃ©e: com.android.systemui
10-01 11:09:12.341 11357 11357 D AndroidTracking: Event tracked: ADD_TO_CART - {app=com.android.systemui, packageName=com.android.systemui, productInfo={cartAction=T-Mobile, three bars., productName=T-Mobile, three bars., allTexts=[T-Mobile, three bars.]}, eventType=cross_app_cart_update}
10-01 11:09:12.343 11357 11357 D CrossAppTracking: ðŸ›’ Produit envoyÃ©: T-Mobile, three bars. - Prix: N/A
10-01 11:09:22.363 11357 11901 W AndroidTracking: Failed to send event to server: failed to connect to /10.0.2.2 (port 3001) from /10.0.2.16 (port 37986) after 9999ms
10-01 11:09:41.852 11357 11357 D CrossAppTracking: ðŸ“± Ã‰vÃ©nement reÃ§u: 2048 - com.android.systemui
10-01 11:09:41.852 11357 11357 D CrossAppTracking: âœ… App ciblÃ©e dÃ©tectÃ©e: com.android.systemui
10-01 11:09:42.354 11357 11357 D AndroidTracking: Event tracked: ADD_TO_CART - {app=com.android.systemui, packageName=com.android.systemui, productInfo={cartAction=T-Mobile, two bars., productName=T-Mobile, two bars., allTexts=[T-Mobile, two bars.]}, eventType=cross_app_cart_update}
10-01 11:09:42.355 11357 11357 D CrossAppTracking: ðŸ›’ Produit envoyÃ©: T-Mobile, two bars. - Prix: N/A
10-01 11:09:52.370 11357 11901 W AndroidTracking: Failed to send event to server: failed to connect to /10.0.2.2 (port 3001) from /10.0.2.16 (port 36244) after 10000ms
10-01 11:10:00.151 11357 11357 D CrossAppTracking: ðŸ“± Ã‰vÃ©nement reÃ§u: 2048 - com.android.systemui
10-01 11:10:00.151 11357 11357 D CrossAppTracking: âœ… App ciblÃ©e dÃ©tectÃ©e: com.android.systemui
10-01 11:10:00.249 11357 11357 D CrossAppTracking: ðŸ“± Ã‰vÃ©nement reÃ§u: 2048 - com.android.systemui
10-01 11:10:00.249 11357 11357 D CrossAppTracking: âœ… App ciblÃ©e dÃ©tectÃ©e: com.android.systemui
10-01 11:10:00.656 11357 11357 D AndroidTracking: Event tracked: ADD_TO_CART - {app=com.android.systemui, packageName=com.android.systemui, productInfo={productName=11:10â€¯AM, allTexts=[11:10, 11:10â€¯AM]}, eventType=cross_app_cart_update}
10-01 11:10:00.657 11357 11357 D CrossAppTracking: ðŸ›’ Produit envoyÃ©: 11:10â€¯AM - Prix: N/A
10-01 11:10:00.754 11357 11357 D AndroidTracking: Event tracked: ADD_TO_CART - {app=com.android.systemui, packageName=com.android.systemui, productInfo={productName=11:10â€¯AM, allTexts=[11:10, 11:10â€¯AM]}, eventType=cross_app_cart_update}
10-01 11:10:00.755 11357 11357 D CrossAppTracking: ðŸ›’ Produit envoyÃ©: 11:10â€¯AM - Prix: N/A
10-01 11:10:01.841 11357 11357 D CrossAppTracking: ðŸ“± Ã‰vÃ©nement reÃ§u: 2048 - com.android.systemui
10-01 11:10:01.841 11357 11357 D CrossAppTracking: âœ… App ciblÃ©e dÃ©tectÃ©e: com.android.systemui
10-01 11:10:02.345 11357 11357 D AndroidTracking: Event tracked: ADD_TO_CART - {app=com.android.systemui, packageName=com.android.systemui, productInfo={cartAction=T-Mobile, one bar., productName=T-Mobile, one bar., allTexts=[T-Mobile, one bar.]}, eventType=cross_app_cart_update}
10-01 11:10:02.349 11357 11357 D CrossAppTracking: ðŸ›’ Produit envoyÃ©: T-Mobile, one bar. - Prix: N/A
10-01 11:10:10.673 11357 11901 W AndroidTracking: Failed to send event to server: failed to connect to /10.0.2.2 (port 3001) from /10.0.2.16 (port 40112) after 10000ms
10-01 11:10:10.772 11357 11823 W AndroidTracking: Failed to send event to server: failed to connect to /10.0.2.2 (port 3001) from /10.0.2.16 (port 40114) after 9999ms
10-01 11:10:12.369 11357 11949 W AndroidTracking: Failed to send event to server: failed to connect to /10.0.2.2 (port 3001) from /10.0.2.16 (port 40118) after 10000ms
10-01 11:10:41.850 11357 11357 D CrossAppTracking: ðŸ“± Ã‰vÃ©nement reÃ§u: 2048 - com.android.systemui
10-01 11:10:41.850 11357 11357 D CrossAppTracking: âœ… App ciblÃ©e dÃ©tectÃ©e: com.android.systemui
10-01 11:10:42.355 11357 11357 D AndroidTracking: Event tracked: ADD_TO_CART - {app=com.android.systemui, packageName=com.android.systemui, productInfo={cartAction=T-Mobile, no signal., productName=T-Mobile, no signal., allTexts=[T-Mobile, no signal.]}, eventType=cross_app_cart_update}
10-01 11:10:42.356 11357 11357 D CrossAppTracking: ðŸ›’ Produit envoyÃ©: T-Mobile, no signal. - Prix: N/A
10-01 11:10:52.371 11357 11949 W AndroidTracking: Failed to send event to server: failed to connect to /10.0.2.2 (port 3001) from /10.0.2.16 (port 56208) after 10000ms
10-01 11:11:00.123 11357 11357 D CrossAppTracking: ðŸ“± Ã‰vÃ©nement reÃ§u: 2048 - com.android.systemui
10-01 11:11:00.123 11357 11357 D CrossAppTracking: âœ… App ciblÃ©e dÃ©tectÃ©e: com.android.systemui
10-01 11:11:00.225 11357 11357 D CrossAppTracking: ðŸ“± Ã‰vÃ©nement reÃ§u: 2048 - com.android.systemui
10-01 11:11:00.225 11357 11357 D CrossAppTracking: âœ… App ciblÃ©e dÃ©tectÃ©e: com.android.systemui
10-01 11:11:00.628 11357 11357 D AndroidTracking: Event tracked: ADD_TO_CART - {app=com.android.systemui, packageName=com.android.systemui, productInfo={productName=11:11â€¯AM, allTexts=[11:11, 11:11â€¯AM]}, eventType=cross_app_cart_update}
10-01 11:11:00.629 11357 11357 D CrossAppTracking: ðŸ›’ Produit envoyÃ©: 11:11â€¯AM - Prix: N/A
10-01 11:11:00.729 11357 11357 D AndroidTracking: Event tracked: ADD_TO_CART - {app=com.android.systemui, packageName=com.android.systemui, productInfo={productName=11:11â€¯AM, allTexts=[11:11, 11:11â€¯AM]}, eventType=cross_app_cart_update}
10-01 11:11:00.731 11357 11357 D CrossAppTracking: ðŸ›’ Produit envoyÃ©: 11:11â€¯AM - Prix: N/A
10-01 11:11:10.645 11357 11949 W AndroidTracking: Failed to send event to server: failed to connect to /10.0.2.2 (port 3001) from /10.0.2.16 (port 52944) after 10000ms
10-01 11:11:10.748 11357 11823 W AndroidTracking: Failed to send event to server: failed to connect to /10.0.2.2 (port 3001) from /10.0.2.16 (port 52946) after 10000ms
10-01 11:11:21.833 11357 11357 D CrossAppTracking: ðŸ“± Ã‰vÃ©nement reÃ§u: 2048 - com.android.systemui
10-01 11:11:21.833 11357 11357 D CrossAppTracking: âœ… App ciblÃ©e dÃ©tectÃ©e: com.android.systemui
10-01 11:11:22.338 11357 11357 D AndroidTracking: Event tracked: ADD_TO_CART - {app=com.android.systemui, packageName=com.android.systemui, productInfo={cartAction=T-Mobile, signal full., productName=T-Mobile, signal full., allTexts=[T-Mobile, signal full.]}, eventType=cross_app_cart_update}
10-01 11:11:22.339 11357 11357 D CrossAppTracking: ðŸ›’ Produit envoyÃ©: T-Mobile, signal full. - Prix: N/A
10-01 11:11:32.354 11357 11823 W AndroidTracking: Failed to send event to server: failed to connect to /10.0.2.2 (port 3001) from /10.0.2.16 (port 54350) after 10000ms
10-01 11:12:00.132 11357 11357 D CrossAppTracking: ðŸ“± Ã‰vÃ©nement reÃ§u: 2048 - com.android.systemui
10-01 11:12:00.132 11357 11357 D CrossAppTracking: âœ… App ciblÃ©e dÃ©tectÃ©e: com.android.systemui
10-01 11:12:00.235 11357 11357 D CrossAppTracking: ðŸ“± Ã‰vÃ©nement reÃ§u: 2048 - com.android.systemui
10-01 11:12:00.235 11357 11357 D CrossAppTracking: âœ… App ciblÃ©e dÃ©tectÃ©e: com.android.systemui
10-01 11:12:00.635 11357 11357 D AndroidTracking: Event tracked: ADD_TO_CART - {app=com.android.systemui, packageName=com.android.systemui, productInfo={productName=11:12â€¯AM, allTexts=[11:12, 11:12â€¯AM]}, eventType=cross_app_cart_update}
10-01 11:12:00.642 11357 11357 D CrossAppTracking: ðŸ›’ Produit envoyÃ©: 11:12â€¯AM - Prix: N/A
10-01 11:12:00.739 11357 11357 D AndroidTracking: Event tracked: ADD_TO_CART - {app=com.android.systemui, packageName=com.android.systemui, productInfo={productName=11:12â€¯AM, allTexts=[11:12, 11:12â€¯AM]}, eventType=cross_app_cart_update}
10-01 11:12:00.742 11357 11357 D CrossAppTracking: ðŸ›’ Produit envoyÃ©: 11:12â€¯AM - Prix: N/A
10-01 11:12:10.666 11357 11823 W AndroidTracking: Failed to send event to server: failed to connect to /10.0.2.2 (port 3001) from /10.0.2.16 (port 53270) after 10000ms
10-01 11:12:10.765 11357 11949 W AndroidTracking: Failed to send event to server: failed to connect to /10.0.2.2 (port 3001) from /10.0.2.16 (port 53282) after 10000ms
10-01 11:12:11.843 11357 11357 D CrossAppTracking: ðŸ“± Ã‰vÃ©nement reÃ§u: 2048 - com.android.systemui
10-01 11:12:11.843 11357 11357 D CrossAppTracking: âœ… App ciblÃ©e dÃ©tectÃ©e: com.android.systemui
10-01 11:12:12.348 11357 11357 D AndroidTracking: Event tracked: ADD_TO_CART - {app=com.android.systemui, packageName=com.android.systemui, productInfo={cartAction=T-Mobile, three bars., productName=T-Mobile, three bars., allTexts=[T-Mobile, three bars.]}, eventType=cross_app_cart_update}
10-01 11:12:12.349 11357 11357 D CrossAppTracking: ðŸ›’ Produit envoyÃ©: T-Mobile, three bars. - Prix: N/A
10-01 11:12:22.363 11357 11949 W AndroidTracking: Failed to send event to server: failed to connect to /10.0.2.2 (port 3001) from /10.0.2.16 (port 33200) after 10000ms
10-01 11:12:41.845 11357 11357 D CrossAppTracking: ðŸ“± Ã‰vÃ©nement reÃ§u: 2048 - com.android.systemui
10-01 11:12:41.846 11357 11357 D CrossAppTracking: âœ… App ciblÃ©e dÃ©tectÃ©e: com.android.systemui
10-01 11:12:42.350 11357 11357 D AndroidTracking: Event tracked: ADD_TO_CART - {app=com.android.systemui, packageName=com.android.systemui, productInfo={cartAction=T-Mobile, two bars., productName=T-Mobile, two bars., allTexts=[T-Mobile, two bars.]}, eventType=cross_app_cart_update}
10-01 11:12:42.353 11357 11357 D CrossAppTracking: ðŸ›’ Produit envoyÃ©: T-Mobile, two bars. - Prix: N/A
10-01 11:12:52.366 11357 11949 W AndroidTracking: Failed to send event to server: failed to connect to /10.0.2.2 (port 3001) from /10.0.2.16 (port 47220) after 10000ms
10-01 11:13:00.143 11357 11357 D CrossAppTracking: ðŸ“± Ã‰vÃ©nement reÃ§u: 2048 - com.android.systemui
10-01 11:13:00.143 11357 11357 D CrossAppTracking: âœ… App ciblÃ©e dÃ©tectÃ©e: com.android.systemui
10-01 11:13:00.244 11357 11357 D CrossAppTracking: ðŸ“± Ã‰vÃ©nement reÃ§u: 2048 - com.android.systemui
10-01 11:13:00.244 11357 11357 D CrossAppTracking: âœ… App ciblÃ©e dÃ©tectÃ©e: com.android.systemui
10-01 11:13:00.649 11357 11357 D AndroidTracking: Event tracked: ADD_TO_CART - {app=com.android.systemui, packageName=com.android.systemui, productInfo={productName=11:13â€¯AM, allTexts=[11:13, 11:13â€¯AM]}, eventType=cross_app_cart_update}
10-01 11:13:00.652 11357 11357 D CrossAppTracking: ðŸ›’ Produit envoyÃ©: 11:13â€¯AM - Prix: N/A
10-01 11:13:00.750 11357 11357 D AndroidTracking: Event tracked: ADD_TO_CART - {app=com.android.systemui, packageName=com.android.systemui, productInfo={productName=11:13â€¯AM, allTexts=[11:13, 11:13â€¯AM]}, eventType=cross_app_cart_update}
10-01 11:13:00.771 11357 11357 D CrossAppTracking: ðŸ›’ Produit envoyÃ©: 11:13â€¯AM - Prix: N/A
10-01 11:13:01.840 11357 11357 D CrossAppTracking: ðŸ“± Ã‰vÃ©nement reÃ§u: 2048 - com.android.systemui
10-01 11:13:01.840 11357 11357 D CrossAppTracking: âœ… App ciblÃ©e dÃ©tectÃ©e: com.android.systemui
10-01 11:13:02.344 11357 11357 D AndroidTracking: Event tracked: ADD_TO_CART - {app=com.android.systemui, packageName=com.android.systemui, productInfo={cartAction=T-Mobile, one bar., productName=T-Mobile, one bar., allTexts=[T-Mobile, one bar.]}, eventType=cross_app_cart_update}
10-01 11:13:02.355 11357 11357 D CrossAppTracking: ðŸ›’ Produit envoyÃ©: T-Mobile, one bar. - Prix: N/A
10-01 11:13:10.667 11357 11949 W AndroidTracking: Failed to send event to server: failed to connect to /10.0.2.2 (port 3001) from /10.0.2.16 (port 35874) after 10000ms
10-01 11:13:10.782 11357 11823 W AndroidTracking: Failed to send event to server: failed to connect to /10.0.2.2 (port 3001) from /10.0.2.16 (port 35882) after 9999ms
10-01 11:13:12.382 11357 11971 W AndroidTracking: Failed to send event to server: failed to connect to /10.0.2.2 (port 3001) from /10.0.2.16 (port 35890) after 10000ms
10-01 11:13:41.842 11357 11357 D CrossAppTracking: ðŸ“± Ã‰vÃ©nement reÃ§u: 2048 - com.android.systemui
10-01 11:13:41.842 11357 11357 D CrossAppTracking: âœ… App ciblÃ©e dÃ©tectÃ©e: com.android.systemui
10-01 11:13:42.348 11357 11357 D AndroidTracking: Event tracked: ADD_TO_CART - {app=com.android.systemui, packageName=com.android.systemui, productInfo={cartAction=T-Mobile, no signal., productName=T-Mobile, no signal., allTexts=[T-Mobile, no signal.]}, eventType=cross_app_cart_update}
10-01 11:13:42.352 11357 11357 D CrossAppTracking: ðŸ›’ Produit envoyÃ©: T-Mobile, no signal. - Prix: N/A
10-01 11:13:52.365 11357 11971 W AndroidTracking: Failed to send event to server: failed to connect to /10.0.2.2 (port 3001) from /10.0.2.16 (port 53528) after 10000ms
10-01 11:14:00.131 11357 11357 D CrossAppTracking: ðŸ“± Ã‰vÃ©nement reÃ§u: 2048 - com.android.systemui
10-01 11:14:00.131 11357 11357 D CrossAppTracking: âœ… App ciblÃ©e dÃ©tectÃ©e: com.android.systemui
10-01 11:14:00.236 11357 11357 D CrossAppTracking: ðŸ“± Ã‰vÃ©nement reÃ§u: 2048 - com.android.systemui
10-01 11:14:00.236 11357 11357 D CrossAppTracking: âœ… App ciblÃ©e dÃ©tectÃ©e: com.android.systemui
10-01 11:14:00.635 11357 11357 D AndroidTracking: Event tracked: ADD_TO_CART - {app=com.android.systemui, packageName=com.android.systemui, productInfo={productName=11:14â€¯AM, allTexts=[11:14, 11:14â€¯AM]}, eventType=cross_app_cart_update}
10-01 11:14:00.637 11357 11357 D CrossAppTracking: ðŸ›’ Produit envoyÃ©: 11:14â€¯AM - Prix: N/A
10-01 11:14:00.740 11357 11357 D AndroidTracking: Event tracked: ADD_TO_CART - {app=com.android.systemui, packageName=com.android.systemui, productInfo={productName=11:14â€¯AM, allTexts=[11:14, 11:14â€¯AM]}, eventType=cross_app_cart_update}
10-01 11:14:00.743 11357 11357 D CrossAppTracking: ðŸ›’ Produit envoyÃ©: 11:14â€¯AM - Prix: N/A
10-01 11:14:10.654 11357 11971 W AndroidTracking: Failed to send event to server: failed to connect to /10.0.2.2 (port 3001) from /10.0.2.16 (port 59792) after 9999ms
10-01 11:14:10.766 11357 11823 W AndroidTracking: Failed to send event to server: failed to connect to /10.0.2.2 (port 3001) from /10.0.2.16 (port 59802) after 9999ms
10-01 11:14:21.838 11357 11357 D CrossAppTracking: ðŸ“± Ã‰vÃ©nement reÃ§u: 2048 - com.android.systemui
10-01 11:14:21.839 11357 11357 D CrossAppTracking: âœ… App ciblÃ©e dÃ©tectÃ©e: com.android.systemui
10-01 11:14:22.344 11357 11357 D AndroidTracking: Event tracked: ADD_TO_CART - {app=com.android.systemui, packageName=com.android.systemui, productInfo={cartAction=T-Mobile, signal full., productName=T-Mobile, signal full., allTexts=[T-Mobile, signal full.]}, eventType=cross_app_cart_update}
10-01 11:14:22.364 11357 11357 D CrossAppTracking: ðŸ›’ Produit envoyÃ©: T-Mobile, signal full. - Prix: N/A
10-01 11:14:32.399 11357 11823 W AndroidTracking: Failed to send event to server: failed to connect to /10.0.2.2 (port 3001) from /10.0.2.16 (port 47260) after 9999ms
10-01 11:15:00.151 11357 11357 D CrossAppTracking: ðŸ“± Ã‰vÃ©nement reÃ§u: 2048 - com.android.systemui
10-01 11:15:00.153 11357 11357 D CrossAppTracking: âœ… App ciblÃ©e dÃ©tectÃ©e: com.android.systemui
10-01 11:15:00.256 11357 11357 D CrossAppTracking: ðŸ“± Ã‰vÃ©nement reÃ§u: 2048 - com.android.systemui
10-01 11:15:00.257 11357 11357 D CrossAppTracking: âœ… App ciblÃ©e dÃ©tectÃ©e: com.android.systemui
10-01 11:15:00.658 11357 11357 D AndroidTracking: Event tracked: ADD_TO_CART - {app=com.android.systemui, packageName=com.android.systemui, productInfo={productName=11:15â€¯AM, allTexts=[11:15, 11:15â€¯AM]}, eventType=cross_app_cart_update}
10-01 11:15:00.660 11357 11357 D CrossAppTracking: ðŸ›’ Produit envoyÃ©: 11:15â€¯AM - Prix: N/A
10-01 11:15:00.772 11357 11357 D AndroidTracking: Event tracked: ADD_TO_CART - {app=com.android.systemui, packageName=com.android.systemui, productInfo={productName=11:15â€¯AM, allTexts=[11:15, 11:15â€¯AM]}, eventType=cross_app_cart_update}
10-01 11:15:00.773 11357 11357 D CrossAppTracking: ðŸ›’ Produit envoyÃ©: 11:15â€¯AM - Prix: N/A
10-01 11:15:10.671 11357 11823 W AndroidTracking: Failed to send event to server: failed to connect to /10.0.2.2 (port 3001) from /10.0.2.16 (port 47942) after 10000ms
10-01 11:15:10.791 11357 11971 W AndroidTracking: Failed to send event to server: failed to connect to /10.0.2.2 (port 3001) from /10.0.2.16 (port 47946) after 10000ms
10-01 11:15:11.857 11357 11357 D CrossAppTracking: ðŸ“± Ã‰vÃ©nement reÃ§u: 2048 - com.android.systemui
10-01 11:15:11.857 11357 11357 D CrossAppTracking: âœ… App ciblÃ©e dÃ©tectÃ©e: com.android.systemui
10-01 11:15:12.362 11357 11357 D AndroidTracking: Event tracked: ADD_TO_CART - {app=com.android.systemui, packageName=com.android.systemui, productInfo={cartAction=T-Mobile, three bars., productName=T-Mobile, three bars., allTexts=[T-Mobile, three bars.]}, eventType=cross_app_cart_update}
10-01 11:15:12.367 11357 11357 D CrossAppTracking: ðŸ›’ Produit envoyÃ©: T-Mobile, three bars. - Prix: N/A
10-01 11:15:22.382 11357 11971 W AndroidTracking: Failed to send event to server: failed to connect to /10.0.2.2 (port 3001) from /10.0.2.16 (port 47018) after 10000ms
10-01 11:15:41.843 11357 11357 D CrossAppTracking: ðŸ“± Ã‰vÃ©nement reÃ§u: 2048 - com.android.systemui
10-01 11:15:41.843 11357 11357 D CrossAppTracking: âœ… App ciblÃ©e dÃ©tectÃ©e: com.android.systemui
10-01 11:15:42.347 11357 11357 D AndroidTracking: Event tracked: ADD_TO_CART - {app=com.android.systemui, packageName=com.android.systemui, productInfo={cartAction=T-Mobile, two bars., productName=T-Mobile, two bars., allTexts=[T-Mobile, two bars.]}, eventType=cross_app_cart_update}
10-01 11:15:42.348 11357 11357 D CrossAppTracking: ðŸ›’ Produit envoyÃ©: T-Mobile, two bars. - Prix: N/A
10-01 11:15:52.361 11357 11971 W AndroidTracking: Failed to send event to server: failed to connect to /10.0.2.2 (port 3001) from /10.0.2.16 (port 39408) after 9999ms
10-01 11:16:00.120 11357 11357 D CrossAppTracking: ðŸ“± Ã‰vÃ©nement reÃ§u: 2048 - com.android.systemui
10-01 11:16:00.120 11357 11357 D CrossAppTracking: âœ… App ciblÃ©e dÃ©tectÃ©e: com.android.systemui
10-01 11:16:00.217 11357 11357 D CrossAppTracking: ðŸ“± Ã‰vÃ©nement reÃ§u: 2048 - com.android.systemui
10-01 11:16:00.217 11357 11357 D CrossAppTracking: âœ… App ciblÃ©e dÃ©tectÃ©e: com.android.systemui
10-01 11:16:00.623 11357 11357 D AndroidTracking: Event tracked: ADD_TO_CART - {app=com.android.systemui, packageName=com.android.systemui, productInfo={productName=11:16â€¯AM, allTexts=[11:16, 11:16â€¯AM]}, eventType=cross_app_cart_update}
10-01 11:16:00.626 11357 11357 D CrossAppTracking: ðŸ›’ Produit envoyÃ©: 11:16â€¯AM - Prix: N/A
10-01 11:16:00.720 11357 11357 D AndroidTracking: Event tracked: ADD_TO_CART - {app=com.android.systemui, packageName=com.android.systemui, productInfo={productName=11:16â€¯AM, allTexts=[11:16, 11:16â€¯AM]}, eventType=cross_app_cart_update}
10-01 11:16:00.723 11357 11357 D CrossAppTracking: ðŸ›’ Produit envoyÃ©: 11:16â€¯AM - Prix: N/A
10-01 11:16:01.859 11357 11357 D CrossAppTracking: ðŸ“± Ã‰vÃ©nement reÃ§u: 2048 - com.android.systemui
10-01 11:16:01.859 11357 11357 D CrossAppTracking: âœ… App ciblÃ©e dÃ©tectÃ©e: com.android.systemui
10-01 11:16:02.363 11357 11357 D AndroidTracking: Event tracked: ADD_TO_CART - {app=com.android.systemui, packageName=com.android.systemui, productInfo={cartAction=T-Mobile, one bar., productName=T-Mobile, one bar., allTexts=[T-Mobile, one bar.]}, eventType=cross_app_cart_update}
10-01 11:16:02.373 11357 11357 D CrossAppTracking: ðŸ›’ Produit envoyÃ©: T-Mobile, one bar. - Prix: N/A
10-01 11:16:10.655 11357 11971 W AndroidTracking: Failed to send event to server: failed to connect to /10.0.2.2 (port 3001) from /10.0.2.16 (port 39646) after 10000ms
10-01 11:16:10.750 11357 11823 W AndroidTracking: Failed to send event to server: failed to connect to /10.0.2.2 (port 3001) from /10.0.2.16 (port 39650) after 10000ms
10-01 11:16:12.393 11357 12001 W AndroidTracking: Failed to send event to server: failed to connect to /10.0.2.2 (port 3001) from /10.0.2.16 (port 39652) after 9999ms
10-01 11:16:41.852 11357 11357 D CrossAppTracking: ðŸ“± Ã‰vÃ©nement reÃ§u: 2048 - com.android.systemui
10-01 11:16:41.852 11357 11357 D CrossAppTracking: âœ… App ciblÃ©e dÃ©tectÃ©e: com.android.systemui
10-01 11:16:42.355 11357 11357 D AndroidTracking: Event tracked: ADD_TO_CART - {app=com.android.systemui, packageName=com.android.systemui, productInfo={cartAction=T-Mobile, no signal., productName=T-Mobile, no signal., allTexts=[T-Mobile, no signal.]}, eventType=cross_app_cart_update}
10-01 11:16:42.358 11357 11357 D CrossAppTracking: ðŸ›’ Produit envoyÃ©: T-Mobile, no signal. - Prix: N/A
10-01 11:16:52.394 11357 12001 W AndroidTracking: Failed to send event to server: failed to connect to /10.0.2.2 (port 3001) from /10.0.2.16 (port 33988) after 10000ms
10-01 11:17:00.127 11357 11357 D CrossAppTracking: ðŸ“± Ã‰vÃ©nement reÃ§u: 2048 - com.android.systemui
10-01 11:17:00.127 11357 11357 D CrossAppTracking: âœ… App ciblÃ©e dÃ©tectÃ©e: com.android.systemui
10-01 11:17:00.231 11357 11357 D CrossAppTracking: ðŸ“± Ã‰vÃ©nement reÃ§u: 2048 - com.android.systemui
10-01 11:17:00.231 11357 11357 D CrossAppTracking: âœ… App ciblÃ©e dÃ©tectÃ©e: com.android.systemui
10-01 11:17:00.633 11357 11357 D AndroidTracking: Event tracked: ADD_TO_CART - {app=com.android.systemui, packageName=com.android.systemui, productInfo={productName=11:17â€¯AM, allTexts=[11:17, 11:17â€¯AM]}, eventType=cross_app_cart_update}
10-01 11:17:00.634 11357 11357 D CrossAppTracking: ðŸ›’ Produit envoyÃ©: 11:17â€¯AM - Prix: N/A
10-01 11:17:00.740 11357 11357 D AndroidTracking: Event tracked: ADD_TO_CART - {app=com.android.systemui, packageName=com.android.systemui, productInfo={productName=11:17â€¯AM, allTexts=[11:17, 11:17â€¯AM]}, eventType=cross_app_cart_update}
10-01 11:17:00.741 11357 11357 D CrossAppTracking: ðŸ›’ Produit envoyÃ©: 11:17â€¯AM - Prix: N/A
10-01 11:17:10.649 11357 12001 W AndroidTracking: Failed to send event to server: failed to connect to /10.0.2.2 (port 3001) from /10.0.2.16 (port 54362) after 10000ms
10-01 11:17:10.761 11357 11823 W AndroidTracking: Failed to send event to server: failed to connect to /10.0.2.2 (port 3001) from /10.0.2.16 (port 54374) after 10000ms
10-01 11:17:21.849 11357 11357 D CrossAppTracking: ðŸ“± Ã‰vÃ©nement reÃ§u: 2048 - com.android.systemui
10-01 11:17:21.850 11357 11357 D CrossAppTracking: âœ… App ciblÃ©e dÃ©tectÃ©e: com.android.systemui
10-01 11:17:22.352 11357 11357 D AndroidTracking: Event tracked: ADD_TO_CART - {app=com.android.systemui, packageName=com.android.systemui, productInfo={cartAction=T-Mobile, signal full., productName=T-Mobile, signal full., allTexts=[T-Mobile, signal full.]}, eventType=cross_app_cart_update}
10-01 11:17:22.354 11357 11357 D CrossAppTracking: ðŸ›’ Produit envoyÃ©: T-Mobile, signal full. - Prix: N/A
10-01 11:17:32.370 11357 11823 W AndroidTracking: Failed to send event to server: failed to connect to /10.0.2.2 (port 3001) from /10.0.2.16 (port 35892) after 10000ms
10-01 11:18:00.129 11357 11357 D CrossAppTracking: ðŸ“± Ã‰vÃ©nement reÃ§u: 2048 - com.android.systemui
10-01 11:18:00.129 11357 11357 D CrossAppTracking: âœ… App ciblÃ©e dÃ©tectÃ©e: com.android.systemui
10-01 11:18:00.238 11357 11357 D CrossAppTracking: ðŸ“± Ã‰vÃ©nement reÃ§u: 2048 - com.android.systemui
10-01 11:18:00.238 11357 11357 D CrossAppTracking: âœ… App ciblÃ©e dÃ©tectÃ©e: com.android.systemui
10-01 11:18:00.639 11357 11357 D AndroidTracking: Event tracked: ADD_TO_CART - {app=com.android.systemui, packageName=com.android.systemui, productInfo={productName=11:18â€¯AM, allTexts=[11:18, 11:18â€¯AM]}, eventType=cross_app_cart_update}
10-01 11:18:00.644 11357 11357 D CrossAppTracking: ðŸ›’ Produit envoyÃ©: 11:18â€¯AM - Prix: N/A
10-01 11:18:00.752 11357 11357 D AndroidTracking: Event tracked: ADD_TO_CART - {app=com.android.systemui, packageName=com.android.systemui, productInfo={productName=11:18â€¯AM, allTexts=[11:18, 11:18â€¯AM]}, eventType=cross_app_cart_update}
10-01 11:18:00.753 11357 11357 D CrossAppTracking: ðŸ›’ Produit envoyÃ©: 11:18â€¯AM - Prix: N/A
10-01 11:18:10.675 11357 11823 W AndroidTracking: Failed to send event to server: failed to connect to /10.0.2.2 (port 3001) from /10.0.2.16 (port 38308) after 10000ms
10-01 11:18:10.771 11357 12001 W AndroidTracking: Failed to send event to server: failed to connect to /10.0.2.2 (port 3001) from /10.0.2.16 (port 38324) after 10000ms
10-01 11:18:11.845 11357 11357 D CrossAppTracking: ðŸ“± Ã‰vÃ©nement reÃ§u: 2048 - com.android.systemui
10-01 11:18:11.845 11357 11357 D CrossAppTracking: âœ… App ciblÃ©e dÃ©tectÃ©e: com.android.systemui
10-01 11:18:12.351 11357 11357 D AndroidTracking: Event tracked: ADD_TO_CART - {app=com.android.systemui, packageName=com.android.systemui, productInfo={cartAction=T-Mobile, three bars., productName=T-Mobile, three bars., allTexts=[T-Mobile, three bars.]}, eventType=cross_app_cart_update}
10-01 11:18:12.357 11357 11357 D CrossAppTracking: ðŸ›’ Produit envoyÃ©: T-Mobile, three bars. - Prix: N/A
10-01 11:18:22.382 11357 12001 W AndroidTracking: Failed to send event to server: failed to connect to /10.0.2.2 (port 3001) from /10.0.2.16 (port 51512) after 10000ms
10-01 11:18:41.854 11357 11357 D CrossAppTracking: ðŸ“± Ã‰vÃ©nement reÃ§u: 2048 - com.android.systemui
10-01 11:18:41.854 11357 11357 D CrossAppTracking: âœ… App ciblÃ©e dÃ©tectÃ©e: com.android.systemui
10-01 11:18:42.357 11357 11357 D AndroidTracking: Event tracked: ADD_TO_CART - {app=com.android.systemui, packageName=com.android.systemui, productInfo={cartAction=T-Mobile, two bars., productName=T-Mobile, two bars., allTexts=[T-Mobile, two bars.]}, eventType=cross_app_cart_update}
10-01 11:18:42.360 11357 11357 D CrossAppTracking: ðŸ›’ Produit envoyÃ©: T-Mobile, two bars. - Prix: N/A
10-01 11:18:52.365 11357 12001 W AndroidTracking: Failed to send event to server: failed to connect to /10.0.2.2 (port 3001) from /10.0.2.16 (port 49786) after 9999ms
10-01 11:19:00.129 11357 11357 D CrossAppTracking: ðŸ“± Ã‰vÃ©nement reÃ§u: 2048 - com.android.systemui
10-01 11:19:00.130 11357 11357 D CrossAppTracking: âœ… App ciblÃ©e dÃ©tectÃ©e: com.android.systemui
10-01 11:19:00.225 11357 11357 D CrossAppTracking: ðŸ“± Ã‰vÃ©nement reÃ§u: 2048 - com.android.systemui
10-01 11:19:00.225 11357 11357 D CrossAppTracking: âœ… App ciblÃ©e dÃ©tectÃ©e: com.android.systemui
10-01 11:19:00.635 11357 11357 D AndroidTracking: Event tracked: ADD_TO_CART - {app=com.android.systemui, packageName=com.android.systemui, productInfo={productName=11:19â€¯AM, allTexts=[11:19, 11:19â€¯AM]}, eventType=cross_app_cart_update}
10-01 11:19:00.639 11357 11357 D CrossAppTracking: ðŸ›’ Produit envoyÃ©: 11:19â€¯AM - Prix: N/A
10-01 11:19:00.731 11357 11357 D AndroidTracking: Event tracked: ADD_TO_CART - {app=com.android.systemui, packageName=com.android.systemui, productInfo={productName=11:19â€¯AM, allTexts=[11:19, 11:19â€¯AM]}, eventType=cross_app_cart_update}
10-01 11:19:00.732 11357 11357 D CrossAppTracking: ðŸ›’ Produit envoyÃ©: 11:19â€¯AM - Prix: N/A
10-01 11:19:01.847 11357 11357 D CrossAppTracking: ðŸ“± Ã‰vÃ©nement reÃ§u: 2048 - com.android.systemui
10-01 11:19:01.848 11357 11357 D CrossAppTracking: âœ… App ciblÃ©e dÃ©tectÃ©e: com.android.systemui
10-01 11:19:02.353 11357 11357 D AndroidTracking: Event tracked: ADD_TO_CART - {app=com.android.systemui, packageName=com.android.systemui, productInfo={cartAction=T-Mobile, one bar., productName=T-Mobile, one bar., allTexts=[T-Mobile, one bar.]}, eventType=cross_app_cart_update}
10-01 11:19:02.359 11357 11357 D CrossAppTracking: ðŸ›’ Produit envoyÃ©: T-Mobile, one bar. - Prix: N/A
10-01 11:19:10.654 11357 12001 W AndroidTracking: Failed to send event to server: failed to connect to /10.0.2.2 (port 3001) from /10.0.2.16 (port 50354) after 9999ms
10-01 11:19:10.746 11357 11823 W AndroidTracking: Failed to send event to server: failed to connect to /10.0.2.2 (port 3001) from /10.0.2.16 (port 50360) after 10000ms
10-01 11:19:12.381 11357 12026 W AndroidTracking: Failed to send event to server: failed to connect to /10.0.2.2 (port 3001) from /10.0.2.16 (port 50374) after 10000ms
10-01 11:19:21.222 12068 12068 D AndroidTracking: Event tracked: SESSION_START - {platform=android_native, sessionId=android_session_1759310361152_c4404f61, deviceInfo={manufacturer=Google, model=sdk_gphone64_x86_64, version=16, sdk=36, screenDensity=2.625, screenWidth=1080, screenHeight=2337}}
10-01 11:19:21.354 12068 12068 D CrossAppTracking: Service de tracking cross-app dÃ©marrÃ©
10-01 11:19:21.557 12068 12068 D CrossAppTracking: ðŸš€ Accessibility Service connectÃ© !
10-01 11:19:21.575 12068 12068 D CrossAppTracking: Service d'accessibilitÃ© configurÃ© pour TOUTES les apps
10-01 11:19:21.578 12068 12068 D CrossAppTracking: ðŸ“‹ Event types: -1
10-01 11:19:21.579 12068 12068 D CrossAppTracking: ðŸ“‹ Flags: 80
10-01 11:19:31.521 12068 12129 W AndroidTracking: Failed to send event to server: failed to connect to /10.0.2.2 (port 3001) from /10.0.2.16 (port 49878) after 10000ms
10-01 11:19:42.296 12068 12068 D CrossAppTracking: ðŸ“± Ã‰vÃ©nement reÃ§u: 2048 - com.android.systemui
10-01 11:19:42.299 12068 12068 D CrossAppTracking: âŒ App non ciblÃ©e: com.android.systemui
10-01 11:20:12.361 12202 12202 D AndroidTracking: Event tracked: SESSION_START - {platform=android_native, sessionId=android_session_1759310412092_7ad30342, deviceInfo={manufacturer=Google, model=sdk_gphone64_x86_64, version=16, sdk=36, screenDensity=2.625, screenWidth=1080, screenHeight=2337}}
10-01 11:20:12.559 12202 12202 D CrossAppTracking: Service de tracking cross-app dÃ©marrÃ©
10-01 11:20:12.725 12202 12202 D CrossAppTracking: ðŸš€ Accessibility Service connectÃ© !
10-01 11:20:12.791 12202 12202 D CrossAppTracking: Service d'accessibilitÃ© configurÃ© pour TOUTES les apps
10-01 11:20:12.794 12202 12202 D CrossAppTracking: ðŸ“‹ Event types: -1
10-01 11:20:12.794 12202 12202 D CrossAppTracking: ðŸ“‹ Flags: 80
10-01 11:20:15.543 12202 12202 D CrossAppTracking: ðŸ“± Ã‰vÃ©nement reÃ§u: 2048 - com.android.settings
10-01 11:20:15.543 12202 12202 D CrossAppTracking: âœ… App ciblÃ©e dÃ©tectÃ©e: com.android.settings
10-01 11:20:15.779 12202 12202 D CrossAppTracking: ðŸ“± Ã‰vÃ©nement reÃ§u: 2048 - com.android.settings
10-01 11:20:15.779 12202 12202 D CrossAppTracking: âœ… App ciblÃ©e dÃ©tectÃ©e: com.android.settings
10-01 11:20:16.334 12202 12202 D CrossAppTracking: ðŸ“± Ã‰vÃ©nement reÃ§u: 32 - com.android.settings
10-01 11:20:16.335 12202 12202 D CrossAppTracking: âœ… App ciblÃ©e dÃ©tectÃ©e: com.android.settings
10-01 11:20:16.787 12202 12202 D AndroidTracking: Event tracked: ADD_TO_CART - {app=com.android.settings, packageName=com.android.settings, productInfo={cartAction=ðŸ›’ Analyse vos interactions shopping (clics, ajouts panier) sur les apps e-commerce pour optimiser votre expÃ©rience d'achat. ðŸ”’ Aucune donnÃ©e personnelle ou sensible collectÃ©e. âœ… Traitement local uniquement., productName=About Bascule Cross-App Tracking
10-01 11:20:16.787 12202 12202 D AndroidTracking: 
10-01 11:20:16.787 12202 12202 D AndroidTracking: ðŸ›’ Analyse vos interactions shopping (clics, ajouts panier) sur les apps e-commerce pour optimiser votre expÃ©rience d'achat. ðŸ”’ Aucune donnÃ©e personnelle ou sensible collectÃ©e. âœ… Traitement local uniquement., allTexts=[Bascule Cross-App Tracking, Navigate up, Bascule Cross-App Tracking, Use Bascule Cross-App Tracking, Options, Bascule Cross-App Tracking shortcut, Off, Shortcut settings, App info, ðŸ›’ Analyse vos interactions shopping (clics, ajouts panier) sur les apps e-commerce pour optimiser votre expÃ©rience d'achat. ðŸ”’ Aucune donnÃ©e personnelle ou sensible collectÃ©e. âœ… Traitement local uniquement.]}, eventType=cross_app_cart_update}
10-01 11:20:16.799 12202 12202 D CrossAppTracking: ðŸ›’ Produit envoyÃ©: About Bascule Cross-App Tracking
10-01 11:20:16.799 12202 12202 D CrossAppTracking: 
10-01 11:20:16.799 12202 12202 D CrossAppTracking: ðŸ›’ Analyse vos interactions shopping (clics, ajouts panier) sur les apps e-commerce pour optimiser votre expÃ©rience d'achat. ðŸ”’ Aucune donnÃ©e personnelle ou sensible collectÃ©e. âœ… Traitement local uniquement. - Prix: N/A
10-01 11:20:16.891 12202 12202 D AndroidTracking: Event tracked: ADD_TO_CART - {app=com.android.settings, packageName=com.android.settings, productInfo={cartAction=ðŸ›’ Analyse vos interactions shopping (clics, ajouts panier) sur les apps e-commerce pour optimiser votre expÃ©rience d'achat. ðŸ”’ Aucune donnÃ©e personnelle ou sensible collectÃ©e. âœ… Traitement local uniquement., productName=About Bascule Cross-App Tracking
10-01 11:20:16.891 12202 12202 D AndroidTracking: 
10-01 11:20:16.891 12202 12202 D AndroidTracking: ðŸ›’ Analyse vos interactions shopping (clics, ajouts panier) sur les apps e-commerce pour optimiser votre expÃ©rience d'achat. ðŸ”’ Aucune donnÃ©e personnelle ou sensible collectÃ©e. âœ… Traitement local uniquement., allTexts=[Bascule Cross-App Tracking, Navigate up, Bascule Cross-App Tracking, Use Bascule Cross-App Tracking, Options, Bascule Cross-App Tracking shortcut, Off, Shortcut settings, App info, ðŸ›’ Analyse vos interactions shopping (clics, ajouts panier) sur les apps e-commerce pour optimiser votre expÃ©rience d'achat. ðŸ”’ Aucune donnÃ©e personnelle ou sensible collectÃ©e. âœ… Traitement local uniquement.]}, eventType=cross_app_cart_update}
10-01 11:20:16.894 12202 12202 D CrossAppTracking: ðŸ›’ Produit envoyÃ©: About Bascule Cross-App Tracking
10-01 11:20:16.894 12202 12202 D CrossAppTracking: 
10-01 11:20:16.894 12202 12202 D CrossAppTracking: ðŸ›’ Analyse vos interactions shopping (clics, ajouts panier) sur les apps e-commerce pour optimiser votre expÃ©rience d'achat. ðŸ”’ Aucune donnÃ©e personnelle ou sensible collectÃ©e. âœ… Traitement local uniquement. - Prix: N/A
10-01 11:20:19.390 12202 12202 D CrossAppTracking: ðŸ“± Ã‰vÃ©nement reÃ§u: 2048 - com.carrefour.fid.android
10-01 11:20:19.390 12202 12202 D CrossAppTracking: âœ… App ciblÃ©e dÃ©tectÃ©e: com.carrefour.fid.android
10-01 11:20:20.054 12202 12202 D CrossAppTracking: ðŸ“± Ã‰vÃ©nement reÃ§u: 32 - com.carrefour.fid.android
10-01 11:20:20.061 12202 12202 D CrossAppTracking: âœ… App ciblÃ©e dÃ©tectÃ©e: com.carrefour.fid.android
10-01 11:20:20.727 12202 12202 D CrossAppTracking: ðŸ“± Ã‰vÃ©nement reÃ§u: 32 - com.carrefour.fid.android
10-01 11:20:20.729 12202 12202 D CrossAppTracking: âœ… App ciblÃ©e dÃ©tectÃ©e: com.carrefour.fid.android
10-01 11:20:20.822 12202 12202 D AndroidTracking: Event tracked: ADD_TO_CART - {app=Carrefour, packageName=com.carrefour.fid.android, productInfo={productName=Panier, 7 new notifications, allTexts=[Panier, Accueil, Rechercher, Mes produits, Promotions, Panier, 7 new notifications]}, eventType=cross_app_cart_update}
10-01 11:20:20.833 12202 12202 D CrossAppTracking: ðŸ›’ Produit envoyÃ©: Panier, 7 new notifications - Prix: N/A
10-01 11:20:21.228 12202 12202 D AndroidTracking: Event tracked: ADD_TO_CART - {app=Carrefour, packageName=com.carrefour.fid.android, productInfo={productName=Panier, 7 new notifications, allTexts=[Panier, Accueil, Rechercher, Mes produits, Promotions, Panier, 7 new notifications]}, eventType=cross_app_cart_update}
10-01 11:20:21.229 12202 12202 D CrossAppTracking: ðŸ›’ Produit envoyÃ©: Panier, 7 new notifications - Prix: N/A
10-01 11:20:21.330 12202 12202 D AndroidTracking: Event tracked: ADD_TO_CART - {app=Carrefour, packageName=com.carrefour.fid.android, productInfo={productName=Panier, 7 new notifications, allTexts=[Panier, Accueil, Rechercher, Mes produits, Promotions, Panier, 7 new notifications]}, eventType=cross_app_cart_update}
10-01 11:20:21.331 12202 12202 D CrossAppTracking: ðŸ›’ Produit envoyÃ©: Panier, 7 new notifications - Prix: N/A
10-01 11:20:21.934 12202 12202 D CrossAppTracking: ðŸ“± Ã‰vÃ©nement reÃ§u: 2048 - com.android.systemui
10-01 11:20:21.934 12202 12202 D CrossAppTracking: âŒ App non ciblÃ©e: com.android.systemui
10-01 11:20:22.689 12202 12231 W AndroidTracking: Failed to send event to server: failed to connect to /10.0.2.2 (port 3001) from /10.0.2.16 (port 35740) after 10000ms
10-01 11:20:26.822 12202 12246 W AndroidTracking: Failed to send event to server: failed to connect to /10.0.2.2 (port 3001) from /10.0.2.16 (port 35748) after 10000ms
10-01 11:20:26.912 12202 12248 W AndroidTracking: Failed to send event to server: failed to connect to /10.0.2.2 (port 3001) from /10.0.2.16 (port 35762) after 10000ms
10-01 11:20:30.857 12202 12305 W AndroidTracking: Failed to send event to server: failed to connect to /10.0.2.2 (port 3001) from /10.0.2.16 (port 34662) after 9999ms
10-01 11:20:31.245 12202 12309 W AndroidTracking: Failed to send event to server: failed to connect to /10.0.2.2 (port 3001) from /10.0.2.16 (port 34676) after 10000ms
10-01 11:20:32.707 12202 12349 W AndroidTracking: Failed to send event to server: failed to connect to /10.0.2.2 (port 3001) from /10.0.2.16 (port 34686) after 10000ms
10-01 11:21:00.124 12202 12202 D CrossAppTracking: ðŸ“± Ã‰vÃ©nement reÃ§u: 2048 - com.android.systemui
10-01 11:21:00.124 12202 12202 D CrossAppTracking: âŒ App non ciblÃ©e: com.android.systemui
10-01 11:21:00.223 12202 12202 D CrossAppTracking: ðŸ“± Ã‰vÃ©nement reÃ§u: 2048 - com.android.systemui
10-01 11:21:00.223 12202 12202 D CrossAppTracking: âŒ App non ciblÃ©e: com.android.systemui
10-01 11:21:11.846 12202 12202 D CrossAppTracking: ðŸ“± Ã‰vÃ©nement reÃ§u: 2048 - com.android.systemui
10-01 11:21:11.846 12202 12202 D CrossAppTracking: âŒ App non ciblÃ©e: com.android.systemui
10-01 11:21:41.852 12202 12202 D CrossAppTracking: ðŸ“± Ã‰vÃ©nement reÃ§u: 2048 - com.android.systemui
10-01 11:21:41.852 12202 12202 D CrossAppTracking: âŒ App non ciblÃ©e: com.android.systemui
10-01 11:22:11.842 12202 12202 D AndroidTracking: Event tracked: SESSION_START - {platform=android_native, sessionId=android_session_1759310531842_8eff7a4d, deviceInfo={manufacturer=Google, model=sdk_gphone64_x86_64, version=16, sdk=36, screenDensity=2.625, screenWidth=1080, screenHeight=2337}}
10-01 11:22:11.846 12202 12202 D CrossAppTracking: Service de tracking cross-app dÃ©marrÃ©
10-01 11:22:11.938 12202 12202 D CrossAppTracking: ðŸš€ Accessibility Service connectÃ© !
10-01 11:22:11.960 12202 12202 D CrossAppTracking: Service d'accessibilitÃ© configurÃ© pour TOUTES les apps
10-01 11:22:11.960 12202 12202 D CrossAppTracking: ðŸ“‹ Event types: -1
10-01 11:22:11.960 12202 12202 D CrossAppTracking: ðŸ“‹ Flags: 80
10-01 11:22:21.869 12202 12614 W AndroidTracking: Failed to send event to server: failed to connect to /10.0.2.2 (port 3001) from /10.0.2.16 (port 48522) after 10000ms
10-01 11:22:41.850 12202 12202 D CrossAppTracking: ðŸ“± Ã‰vÃ©nement reÃ§u: 2048 - com.android.systemui
10-01 11:22:41.850 12202 12202 D CrossAppTracking: âŒ App non ciblÃ©e: com.android.systemui
10-01 11:23:00.128 12202 12202 D CrossAppTracking: ðŸ“± Ã‰vÃ©nement reÃ§u: 2048 - com.android.systemui
10-01 11:23:00.128 12202 12202 D CrossAppTracking: âŒ App non ciblÃ©e: com.android.systemui
10-01 11:23:00.233 12202 12202 D CrossAppTracking: ðŸ“± Ã‰vÃ©nement reÃ§u: 2048 - com.android.systemui
10-01 11:23:00.233 12202 12202 D CrossAppTracking: âŒ App non ciblÃ©e: com.android.systemui
10-01 11:23:05.368 12202 12202 D CrossAppTracking: ðŸ“± Ã‰vÃ©nement reÃ§u: 2048 - com.carrefour.fid.android
10-01 11:23:05.369 12202 12202 D CrossAppTracking: âœ… App ciblÃ©e dÃ©tectÃ©e: com.carrefour.fid.android
10-01 11:23:06.050 12202 12202 D AndroidTracking: Event tracked: ADD_TO_CART - {app=Carrefour, packageName=com.carrefour.fid.android, productInfo={price=13,93â‚¬, cartAction=13,93â‚¬, productName=DÃ©couvrez nos meilleurs alternatives pour remplacer vos produits indisponibles., allTexts=[1 produit Ã  remplacer, DÃ©couvrez nos meilleurs alternatives pour remplacer vos produits indisponibles., Ananas en morceaux CARREFOUR LE MARCHE, Supprimer, Bouton de substitution, Promotion: -10% Club. vous avez cagnottÃ©s0.0â‚¬. produits concernÃ©s: Bananes Bio Cavendish., -10% Club, Bananes Bio Cavendish, le sachet de 5 fruits, PEROU]}, eventType=cross_app_cart_update}
10-01 11:23:06.054 12202 12202 D CrossAppTracking: ðŸ›’ Produit envoyÃ©: DÃ©couvrez nos meilleurs alternatives pour remplacer vos produits indisponibles. - Prix: 13,93â‚¬
10-01 11:23:06.371 12202 12202 D CrossAppTracking: ðŸ“± Ã‰vÃ©nement reÃ§u: 16384 - com.carrefour.fid.android
10-01 11:23:06.372 12202 12202 D CrossAppTracking: âœ… App ciblÃ©e dÃ©tectÃ©e: com.carrefour.fid.android
10-01 11:23:07.347 12202 12202 D CrossAppTracking: ðŸ“± Ã‰vÃ©nement reÃ§u: 16384 - com.carrefour.fid.android
10-01 11:23:07.352 12202 12202 D CrossAppTracking: âœ… App ciblÃ©e dÃ©tectÃ©e: com.carrefour.fid.android
10-01 11:23:09.234 12202 12202 D CrossAppTracking: ðŸ“± Ã‰vÃ©nement reÃ§u: 16384 - com.carrefour.fid.android
10-01 11:23:09.234 12202 12202 D CrossAppTracking: âœ… App ciblÃ©e dÃ©tectÃ©e: com.carrefour.fid.android
10-01 11:23:10.183 12202 12202 D CrossAppTracking: ðŸ“± Ã‰vÃ©nement reÃ§u: 16384 - com.carrefour.fid.android
10-01 11:23:10.184 12202 12202 D CrossAppTracking: âœ… App ciblÃ©e dÃ©tectÃ©e: com.carrefour.fid.android
10-01 11:23:11.031 12202 12202 D CrossAppTracking: ðŸ“± Ã‰vÃ©nement reÃ§u: 16384 - com.carrefour.fid.android
10-01 11:23:11.032 12202 12202 D CrossAppTracking: âœ… App ciblÃ©e dÃ©tectÃ©e: com.carrefour.fid.android
10-01 11:23:11.992 12202 12202 D CrossAppTracking: ðŸ“± Ã‰vÃ©nement reÃ§u: 16384 - com.carrefour.fid.android
