10-01 12:17:55.700 16673 16673 D AndroidTracking: 12:17:33 💡 Le service d'accessibilité va détecter les actions
10-01 12:17:55.700 16673 16673 D AndroidTracking: 12:17:33 ⏳ Attente de 10 secondes pour observer les événements...
10-01 12:17:55.700 16673 16673 D AndroidTracking: 12:17:43 ✅ Test terminé
10-01 12:17:55.700 16673 16673 D AndroidTracking: 12:17:43 📊 Vérifie les logs du service pour voir les événements capturés
10-01 12:17:55.700 16673 16673 D AndroidTracking: 12:17:43 
10-01 12:17:55.700 16673 16673 D AndroidTracking: 12:17:43 Pour revenir à l'app de tracking, appuie sur le bouton Retour
10-01 12:17:55.700 16673 16673 D AndroidTracking: , productName=12:16:36 🚀 Démarrage du test automatique Carrefour
10-01 12:17:55.700 16673 16673 D AndroidTracking: 12:16:36 📱 Lancement de Carrefour...
10-01 12:17:55.700 16673 16673 D AndroidTracking: 12:16:37 ✅ Carrefour lancé
10-01 12:17:55.700 16673 16673 D AndroidTracking: 12:16:38 ⏳ Attente du chargement de Carrefour (5s)...
10-01 12:17:55.700 16673 16673 D AndroidTracking: 12:16:43 🔍 Recherche du panier...
10-01 12:17:55.700 16673 16673 D AndroidTracking: 12:16:43 💡 Le service d'accessibilité va détecter les actions
10-01 12:17:55.700 16673 16673 D AndroidTracking: 12:16:43 ⏳ Attente de 10 secondes pour observer les événements...
10-01 12:17:55.700 16673 16673 D AndroidTracking: 12:16:53 ✅ Test terminé
10-01 12:17:55.700 16673 16673 D AndroidTracking: 12:16:53 📊 Vérifie les logs du service pour voir les événements capturés
10-01 12:17:55.700 16673 16673 D AndroidTracking: 12:16:53 
10-01 12:17:55.700 16673 16673 D AndroidTracking: 12:16:53 Pour revenir à l'app de tracking, appuie sur le bouton Retour
10-01 12:17:55.700 16673 16673 D AndroidTracking: 12:17:25 🚀 Démarrage du test automatique Carrefour
10-01 12:17:55.700 16673 16673 D AndroidTracking: 12:17:25 📱 Lancement de Carrefour...
10-01 12:17:55.700 16673 16673 D AndroidTracking: 12:17:25 ✅ Carrefour lancé
10-01 12:17:55.700 16673 16673 D AndroidTracking: 12:17:27 ⏳ Attente du chargement de Carrefour (5s)...
10-01 12:17:55.700 16673 16673 D AndroidTracking: 12:17:33 🔍 Recherche du panier...
10-01 12:17:55.700 16673 16673 D AndroidTracking: 12:17:33 💡 Le service d'accessibilité va détecter les actions
10-01 12:17:55.700 16673 16673 D AndroidTracking: 12:17:33 ⏳ Attente de 10 secondes pour observer les événements...
10-01 12:17:55.700 16673 16673 D AndroidTracking: 12:17:43 ✅ Test terminé
10-01 12:17:55.700 16673 16673 D AndroidTracking: 12:17:43 📊 Vérifie les logs du service pour voir les événements capturés
10-01 12:17:55.700 16673 16673 D AndroidTracking: 12:17:43 
10-01 12:17:55.700 16673 16673 D AndroidTracking: 12:17:43 Pour revenir à l'app de tracking, appuie sur le bouton Retour
10-01 12:17:55.700 16673 16673 D AndroidTracking: , allTexts=[Test Automatique Carrefour, Ce test va lancer Carrefour et observer les événements capturés par le service d'accessibilité., 🚀 DÉMARRER LE TEST, Logs du test :, 12:16:36 🚀 Démarrage du test automatique Carrefour
10-01 12:17:55.700 16673 16673 D AndroidTracking: 12:16:36 📱 Lancement de Carrefour...
10-01 12:17:55.700 16673 16673 D AndroidTracking: 12:16:37 ✅ Carrefour lancé
10-01 12:17:55.700 16673 16673 D AndroidTracking: 12:16:38 ⏳ Attente du chargement de Carrefour (5s)...
10-01 12:17:55.700 16673 16673 D AndroidTracking: 12:16:43 🔍 Recherche du panier...
10-01 12:17:55.700 16673 16673 D AndroidTracking: 12:16:43 💡 Le service d'accessibilité va détecter les actions
10-01 12:17:55.700 16673 16673 D AndroidTracking: 12:16:43 ⏳ Attente de 10 secondes pour observer les événements...
10-01 12:17:55.700 16673 16673 D AndroidTracking: 12:16:53 ✅ Test terminé
10-01 12:17:55.700 16673 16673 D AndroidTracking: 12:16:53 📊 Vérifie les logs du service pour voir les événements capturés
10-01 12:17:55.700 16673 16673 D AndroidTracking: 12:16:53 
10-01 12:17:55.700 16673 16673 D AndroidTracking: 12:16:53 Pour revenir à l'app de tracking, appuie sur le bouton Retour
10-01 12:17:55.700 16673 16673 D AndroidTracking: 12:17:25 🚀 Démarrage du test automatique Carrefour
10-01 12:17:55.700 16673 16673 D AndroidTracking: 12:17:25 📱 Lancement de Carrefour...
10-01 12:17:55.700 16673 16673 D AndroidTracking: 12:17:25 ✅ Carrefour lancé
10-01 12:17:55.700 16673 16673 D AndroidTracking: 12:17:27 ⏳ Attente du chargement de Carrefour (5s)...
10-01 12:17:55.700 16673 16673 D AndroidTracking: 12:17:33 🔍 Recherche du panier...
10-01 12:17:55.700 16673 16673 D AndroidTracking: 12:17:33 💡 Le service d'accessibilité va détecter les actions
10-01 12:17:55.700 16673 16673 D AndroidTracking: 12:17:33 ⏳ Attente de 10 secondes pour observer les événements...
10-01 12:17:55.700 16673 16673 D AndroidTracking: 12:17:43 ✅ Test terminé
10-01 12:17:55.700 16673 16673 D AndroidTracking: 12:17:43 📊 Vérifie les logs du service pour voir les événements capturés
10-01 12:17:55.700 16673 16673 D AndroidTracking: 12:17:43 
10-01 12:17:55.700 16673 16673 D AndroidTracking: 12:17:43 Pour revenir à l'app de tracking, appuie sur le bouton Retour
10-01 12:17:55.700 16673 16673 D AndroidTracking: ]}, eventType=cross_app_cart_update}
10-01 12:17:55.702 16673 16673 D CrossAppTracking: 🛒 Produit envoyé: 12:16:36 🚀 Démarrage du test automatique Carrefour
10-01 12:17:55.702 16673 16673 D CrossAppTracking: 12:16:36 📱 Lancement de Carrefour...
10-01 12:17:55.702 16673 16673 D CrossAppTracking: 12:16:37 ✅ Carrefour lancé
10-01 12:17:55.702 16673 16673 D CrossAppTracking: 12:16:38 ⏳ Attente du chargement de Carrefour (5s)...
10-01 12:17:55.702 16673 16673 D CrossAppTracking: 12:16:43 🔍 Recherche du panier...
10-01 12:17:55.702 16673 16673 D CrossAppTracking: 12:16:43 💡 Le service d'accessibilité va détecter les actions
10-01 12:17:55.702 16673 16673 D CrossAppTracking: 12:16:43 ⏳ Attente de 10 secondes pour observer les événements...
10-01 12:17:55.702 16673 16673 D CrossAppTracking: 12:16:53 ✅ Test terminé
10-01 12:17:55.702 16673 16673 D CrossAppTracking: 12:16:53 📊 Vérifie les logs du service pour voir les événements capturés
10-01 12:17:55.702 16673 16673 D CrossAppTracking: 12:16:53 
10-01 12:17:55.702 16673 16673 D CrossAppTracking: 12:16:53 Pour revenir à l'app de tracking, appuie sur le bouton Retour
10-01 12:17:55.702 16673 16673 D CrossAppTracking: 12:17:25 🚀 Démarrage du test automatique Carrefour
10-01 12:17:55.702 16673 16673 D CrossAppTracking: 12:17:25 📱 Lancement de Carrefour...
10-01 12:17:55.702 16673 16673 D CrossAppTracking: 12:17:25 ✅ Carrefour lancé
10-01 12:17:55.702 16673 16673 D CrossAppTracking: 12:17:27 ⏳ Attente du chargement de Carrefour (5s)...
10-01 12:17:55.702 16673 16673 D CrossAppTracking: 12:17:33 🔍 Recherche du panier...
10-01 12:17:55.702 16673 16673 D CrossAppTracking: 12:17:33 💡 Le service d'accessibilité va détecter les actions
10-01 12:17:55.702 16673 16673 D CrossAppTracking: 12:17:33 ⏳ Attente de 10 secondes pour observer les événements...
10-01 12:17:55.702 16673 16673 D CrossAppTracking: 12:17:43 ✅ Test terminé
10-01 12:17:55.702 16673 16673 D CrossAppTracking: 12:17:43 📊 Vérifie les logs du service pour voir les événements capturés
10-01 12:17:55.702 16673 16673 D CrossAppTracking: 12:17:43 
10-01 12:17:55.702 16673 16673 D CrossAppTracking: 12:17:43 Pour revenir à l'app de tracking, appuie sur le bouton Retour
10-01 12:17:55.702 16673 16673 D CrossAppTracking:  - Prix: N/A
10-01 12:17:55.725 16673 16787 D AndroidTracking: Event sent to server successfully
10-01 12:17:55.795 16673 16673 D AndroidTracking: Event tracked: ADD_TO_CART - {app=com.bascule.leclerctracking, packageName=com.bascule.leclerctracking, productInfo={cartAction=12:16:36 🚀 Démarrage du test automatique Carrefour
10-01 12:17:55.795 16673 16673 D AndroidTracking: 12:16:36 📱 Lancement de Carrefour...
10-01 12:17:55.795 16673 16673 D AndroidTracking: 12:16:37 ✅ Carrefour lancé
10-01 12:17:55.795 16673 16673 D AndroidTracking: 12:16:38 ⏳ Attente du chargement de Carrefour (5s)...
10-01 12:17:55.795 16673 16673 D AndroidTracking: 12:16:43 🔍 Recherche du panier...
10-01 12:17:55.795 16673 16673 D AndroidTracking: 12:16:43 💡 Le service d'accessibilité va détecter les actions
10-01 12:17:55.795 16673 16673 D AndroidTracking: 12:16:43 ⏳ Attente de 10 secondes pour observer les événements...
10-01 12:17:55.795 16673 16673 D AndroidTracking: 12:16:53 ✅ Test terminé
10-01 12:17:55.795 16673 16673 D AndroidTracking: 12:16:53 📊 Vérifie les logs du service pour voir les événements capturés
10-01 12:17:55.795 16673 16673 D AndroidTracking: 12:16:53 
10-01 12:17:55.795 16673 16673 D AndroidTracking: 12:16:53 Pour revenir à l'app de tracking, appuie sur le bouton Retour
10-01 12:17:55.795 16673 16673 D AndroidTracking: 12:17:25 🚀 Démarrage du test automatique Carrefour
10-01 12:17:55.795 16673 16673 D AndroidTracking: 12:17:25 📱 Lancement de Carrefour...
10-01 12:17:55.795 16673 16673 D AndroidTracking: 12:17:25 ✅ Carrefour lancé
10-01 12:17:55.795 16673 16673 D AndroidTracking: 12:17:27 ⏳ Attente du chargement de Carrefour (5s)...
10-01 12:17:55.795 16673 16673 D AndroidTracking: 12:17:33 🔍 Recherche du panier...
10-01 12:17:55.795 16673 16673 D AndroidTracking: 12:17:33 💡 Le service d'accessibilité va détecter les actions
10-01 12:17:55.795 16673 16673 D AndroidTracking: 12:17:33 ⏳ Attente de 10 secondes pour observer les événements...
10-01 12:17:55.795 16673 16673 D AndroidTracking: 12:17:43 ✅ Test terminé
10-01 12:17:55.795 16673 16673 D AndroidTracking: 12:17:43 📊 Vérifie les logs du service pour voir les événements capturés
10-01 12:17:55.795 16673 16673 D AndroidTracking: 12:17:43 
10-01 12:17:55.795 16673 16673 D AndroidTracking: 12:17:43 Pour revenir à l'app de tracking, appuie sur le bouton Retour
10-01 12:17:55.795 16673 16673 D AndroidTracking: , productName=12:16:36 🚀 Démarrage du test automatique Carrefour
10-01 12:17:55.795 16673 16673 D AndroidTracking: 12:16:36 📱 Lancement de Carrefour...
10-01 12:17:55.795 16673 16673 D AndroidTracking: 12:16:37 ✅ Carrefour lancé
10-01 12:17:55.795 16673 16673 D AndroidTracking: 12:16:38 ⏳ Attente du chargement de Carrefour (5s)...
10-01 12:17:55.795 16673 16673 D AndroidTracking: 12:16:43 🔍 Recherche du panier...
10-01 12:17:55.795 16673 16673 D AndroidTracking: 12:16:43 💡 Le service d'accessibilité va détecter les actions
10-01 12:17:55.795 16673 16673 D AndroidTracking: 12:16:43 ⏳ Attente de 10 secondes pour observer les événements...
10-01 12:17:55.795 16673 16673 D AndroidTracking: 12:16:53 ✅ Test terminé
10-01 12:17:55.795 16673 16673 D AndroidTracking: 12:16:53 📊 Vérifie les logs du service pour voir les événements capturés
10-01 12:17:55.795 16673 16673 D AndroidTracking: 12:16:53 
10-01 12:17:55.795 16673 16673 D AndroidTracking: 12:16:53 Pour revenir à l'app de tracking, appuie sur le bouton Retour
10-01 12:17:55.795 16673 16673 D AndroidTracking: 12:17:25 🚀 Démarrage du test automatique Carrefour
10-01 12:17:55.795 16673 16673 D AndroidTracking: 12:17:25 📱 Lancement de Carrefour...
10-01 12:17:55.795 16673 16673 D AndroidTracking: 12:17:25 ✅ Carrefour lancé
10-01 12:17:55.795 16673 16673 D AndroidTracking: 12:17:27 ⏳ Attente du chargement de Carrefour (5s)...
10-01 12:17:55.795 16673 16673 D AndroidTracking: 12:17:33 🔍 Recherche du panier...
10-01 12:17:55.795 16673 16673 D AndroidTracking: 12:17:33 💡 Le service d'accessibilité va détecter les actions
10-01 12:17:55.795 16673 16673 D AndroidTracking: 12:17:33 ⏳ Attente de 10 secondes pour observer les événements...
10-01 12:17:55.795 16673 16673 D AndroidTracking: 12:17:43 ✅ Test terminé
10-01 12:17:55.795 16673 16673 D AndroidTracking: 12:17:43 📊 Vérifie les logs du service pour voir les événements capturés
10-01 12:17:55.795 16673 16673 D AndroidTracking: 12:17:43 
10-01 12:17:55.795 16673 16673 D AndroidTracking: 12:17:43 Pour revenir à l'app de tracking, appuie sur le bouton Retour
10-01 12:17:55.795 16673 16673 D AndroidTracking: , allTexts=[Test Automatique Carrefour, Ce test va lancer Carrefour et observer les événements capturés par le service d'accessibilité., 🚀 DÉMARRER LE TEST, Logs du test :, 12:16:36 🚀 Démarrage du test automatique Carrefour
10-01 12:17:55.795 16673 16673 D AndroidTracking: 12:16:36 📱 Lancement de Carrefour...
10-01 12:17:55.795 16673 16673 D AndroidTracking: 12:16:37 ✅ Carrefour lancé
10-01 12:17:55.795 16673 16673 D AndroidTracking: 12:16:38 ⏳ Attente du chargement de Carrefour (5s)...
10-01 12:17:55.795 16673 16673 D AndroidTracking: 12:16:43 🔍 Recherche du panier...
10-01 12:17:55.795 16673 16673 D AndroidTracking: 12:16:43 💡 Le service d'accessibilité va détecter les actions
10-01 12:17:55.795 16673 16673 D AndroidTracking: 12:16:43 ⏳ Attente de 10 secondes pour observer les événements...
10-01 12:17:55.795 16673 16673 D AndroidTracking: 12:16:53 ✅ Test terminé
10-01 12:17:55.795 16673 16673 D AndroidTracking: 12:16:53 📊 Vérifie les logs du service pour voir les événements capturés
10-01 12:17:55.795 16673 16673 D AndroidTracking: 12:16:53 
10-01 12:17:55.795 16673 16673 D AndroidTracking: 12:16:53 Pour revenir à l'app de tracking, appuie sur le bouton Retour
10-01 12:17:55.795 16673 16673 D AndroidTracking: 12:17:25 🚀 Démarrage du test automatique Carrefour
10-01 12:17:55.795 16673 16673 D AndroidTracking: 12:17:25 📱 Lancement de Carrefour...
10-01 12:17:55.795 16673 16673 D AndroidTracking: 12:17:25 ✅ Carrefour lancé
10-01 12:17:55.795 16673 16673 D AndroidTracking: 12:17:27 ⏳ Attente du chargement de Carrefour (5s)...
10-01 12:17:55.795 16673 16673 D AndroidTracking: 12:17:33 🔍 Recherche du panier...
10-01 12:17:55.795 16673 16673 D AndroidTracking: 12:17:33 💡 Le service d'accessibilité va détecter les actions
10-01 12:17:55.795 16673 16673 D AndroidTracking: 12:17:33 ⏳ Attente de 10 secondes pour observer les événements...
10-01 12:17:55.795 16673 16673 D AndroidTracking: 12:17:43 ✅ Test terminé
10-01 12:17:55.795 16673 16673 D AndroidTracking: 12:17:43 📊 Vérifie les logs du service pour voir les événements capturés
10-01 12:17:55.795 16673 16673 D AndroidTracking: 12:17:43 
10-01 12:17:55.795 16673 16673 D AndroidTracking: 12:17:43 Pour revenir à l'app de tracking, appuie sur le bouton Retour
10-01 12:17:55.795 16673 16673 D AndroidTracking: ]}, eventType=cross_app_cart_update}
10-01 12:17:55.796 16673 16673 D CrossAppTracking: 🛒 Produit envoyé: 12:16:36 🚀 Démarrage du test automatique Carrefour
10-01 12:17:55.796 16673 16673 D CrossAppTracking: 12:16:36 📱 Lancement de Carrefour...
10-01 12:17:55.796 16673 16673 D CrossAppTracking: 12:16:37 ✅ Carrefour lancé
10-01 12:17:55.796 16673 16673 D CrossAppTracking: 12:16:38 ⏳ Attente du chargement de Carrefour (5s)...
10-01 12:17:55.796 16673 16673 D CrossAppTracking: 12:16:43 🔍 Recherche du panier...
10-01 12:17:55.796 16673 16673 D CrossAppTracking: 12:16:43 💡 Le service d'accessibilité va détecter les actions
10-01 12:17:55.796 16673 16673 D CrossAppTracking: 12:16:43 ⏳ Attente de 10 secondes pour observer les événements...
10-01 12:17:55.796 16673 16673 D CrossAppTracking: 12:16:53 ✅ Test terminé
10-01 12:17:55.796 16673 16673 D CrossAppTracking: 12:16:53 📊 Vérifie les logs du service pour voir les événements capturés
10-01 12:17:55.796 16673 16673 D CrossAppTracking: 12:16:53 
10-01 12:17:55.796 16673 16673 D CrossAppTracking: 12:16:53 Pour revenir à l'app de tracking, appuie sur le bouton Retour
10-01 12:17:55.796 16673 16673 D CrossAppTracking: 12:17:25 🚀 Démarrage du test automatique Carrefour
10-01 12:17:55.796 16673 16673 D CrossAppTracking: 12:17:25 📱 Lancement de Carrefour...
10-01 12:17:55.796 16673 16673 D CrossAppTracking: 12:17:25 ✅ Carrefour lancé
10-01 12:17:55.796 16673 16673 D CrossAppTracking: 12:17:27 ⏳ Attente du chargement de Carrefour (5s)...
10-01 12:17:55.796 16673 16673 D CrossAppTracking: 12:17:33 🔍 Recherche du panier...
10-01 12:17:55.796 16673 16673 D CrossAppTracking: 12:17:33 💡 Le service d'accessibilité va détecter les actions
10-01 12:17:55.796 16673 16673 D CrossAppTracking: 12:17:33 ⏳ Attente de 10 secondes pour observer les événements...
10-01 12:17:55.796 16673 16673 D CrossAppTracking: 12:17:43 ✅ Test terminé
10-01 12:17:55.796 16673 16673 D CrossAppTracking: 12:17:43 📊 Vérifie les logs du service pour voir les événements capturés
10-01 12:17:55.796 16673 16673 D CrossAppTracking: 12:17:43 
10-01 12:17:55.796 16673 16673 D CrossAppTracking: 12:17:43 Pour revenir à l'app de tracking, appuie sur le bouton Retour
10-01 12:17:55.796 16673 16673 D CrossAppTracking:  - Prix: N/A
10-01 12:17:55.814 16673 16787 D AndroidTracking: Event sent to server successfully
10-01 12:18:00.123 16673 16673 D CrossAppTracking: 📱 Événement reçu: 2048 - com.android.systemui
10-01 12:18:00.123 16673 16673 D CrossAppTracking: ❌ App non ciblée: com.android.systemui
10-01 12:18:00.223 16673 16673 D CrossAppTracking: 📱 Événement reçu: 2048 - com.android.systemui
10-01 12:18:00.224 16673 16673 D CrossAppTracking: ❌ App non ciblée: com.android.systemui
10-01 12:18:11.940 16673 16673 D CrossAppTracking: 📱 Événement reçu: 2048 - com.android.systemui
10-01 12:18:11.940 16673 16673 D CrossAppTracking: ❌ App non ciblée: com.android.systemui
10-01 12:18:41.944 16673 16673 D CrossAppTracking: 📱 Événement reçu: 2048 - com.android.systemui
10-01 12:18:41.944 16673 16673 D CrossAppTracking: ❌ App non ciblée: com.android.systemui
10-01 12:19:00.120 16673 16673 D CrossAppTracking: 📱 Événement reçu: 2048 - com.android.systemui
10-01 12:19:00.121 16673 16673 D CrossAppTracking: ❌ App non ciblée: com.android.systemui
10-01 12:19:00.220 16673 16673 D CrossAppTracking: 📱 Événement reçu: 2048 - com.android.systemui
10-01 12:19:00.221 16673 16673 D CrossAppTracking: ❌ App non ciblée: com.android.systemui
10-01 12:19:01.942 16673 16673 D CrossAppTracking: 📱 Événement reçu: 2048 - com.android.systemui
10-01 12:19:01.942 16673 16673 D CrossAppTracking: ❌ App non ciblée: com.android.systemui
10-01 12:19:41.999 16673 16673 D CrossAppTracking: 📱 Événement reçu: 2048 - com.android.systemui
10-01 12:19:42.000 16673 16673 D CrossAppTracking: ❌ App non ciblée: com.android.systemui
10-01 12:20:00.139 16673 16673 D CrossAppTracking: 📱 Événement reçu: 2048 - com.android.systemui
10-01 12:20:00.139 16673 16673 D CrossAppTracking: ❌ App non ciblée: com.android.systemui
10-01 12:20:00.241 16673 16673 D CrossAppTracking: 📱 Événement reçu: 2048 - com.android.systemui
10-01 12:20:00.241 16673 16673 D CrossAppTracking: ❌ App non ciblée: com.android.systemui
10-01 12:20:21.952 16673 16673 D CrossAppTracking: 📱 Événement reçu: 2048 - com.android.systemui
10-01 12:20:21.952 16673 16673 D CrossAppTracking: ❌ App non ciblée: com.android.systemui
10-01 12:21:06.811 17392 17392 D AndroidTracking: Event tracked: SESSION_START - {platform=android_native, sessionId=android_session_1759314066725_405b193a, deviceInfo={manufacturer=Google, model=sdk_gphone64_x86_64, version=16, sdk=36, screenDensity=2.625, screenWidth=1080, screenHeight=2337}}
10-01 12:21:06.880 17392 17392 D CrossAppTracking: ========================================
10-01 12:21:06.880 17392 17392 D CrossAppTracking: Service de tracking cross-app démarré
10-01 12:21:06.880 17392 17392 D CrossAppTracking: 📦 Build: 2025-10-01 11:47 - Foreground Service v1.0
10-01 12:21:06.880 17392 17392 D CrossAppTracking: ========================================
10-01 12:21:06.990 17392 17392 D CrossAppTracking: ✅ Service démarré en foreground (ne sera pas gelé)
10-01 12:21:07.084 17392 17392 D CrossAppTracking: 🚀 Accessibility Service connecté !
10-01 12:21:07.111 17392 17392 D CrossAppTracking: Service d'accessibilité configuré pour TOUTES les apps
10-01 12:21:07.113 17392 17392 D CrossAppTracking: 📋 Event types: -1
10-01 12:21:07.113 17392 17392 D CrossAppTracking: 📋 Flags: 80
10-01 12:21:07.118 17392 17407 D AndroidTracking: Event sent to server successfully
10-01 12:21:07.321 17392 17392 D CrossAppTracking: 📱 Événement reçu: 1 - com.android.settings
10-01 12:21:07.321 17392 17392 D CrossAppTracking: ✅ App ciblée détectée: com.android.settings
10-01 12:21:07.456 17392 17392 D CrossAppTracking: 📱 Événement reçu: 2048 - com.android.settings
10-01 12:21:07.456 17392 17392 D CrossAppTracking: ✅ App ciblée détectée: com.android.settings
10-01 12:21:07.818 17392 17392 D CrossAppTracking: 📱 Événement reçu: 2048 - com.android.settings
10-01 12:21:07.818 17392 17392 D CrossAppTracking: ✅ App ciblée détectée: com.android.settings
10-01 12:21:08.374 17392 17392 D AndroidTracking: Event tracked: VIEW_CLICKED - {app=com.android.settings, packageName=com.android.settings, element={}, eventType=cross_app_click, timestamp=1759314067352}
10-01 12:21:08.381 17392 17392 D CrossAppTracking: Click envoyé dans com.android.settings: {}
10-01 12:21:08.382 17392 17392 D CrossAppTracking: 📱 Événement reçu: 2048 - com.android.settings
10-01 12:21:08.382 17392 17392 D CrossAppTracking: ✅ App ciblée détectée: com.android.settings
10-01 12:21:08.391 17392 17407 D AndroidTracking: Event sent to server successfully
10-01 12:21:08.515 17392 17392 D CrossAppTracking: 📱 Événement reçu: 2048 - com.android.settings
10-01 12:21:08.515 17392 17392 D CrossAppTracking: ✅ App ciblée détectée: com.android.settings
10-01 12:21:08.546 17392 17392 D CrossAppTracking: 📱 Événement reçu: 32 - com.android.settings
10-01 12:21:08.546 17392 17392 D CrossAppTracking: ✅ App ciblée détectée: com.android.settings
10-01 12:21:08.563 17392 17392 D CrossAppTracking: 📱 Événement reçu: 8 - com.android.settings
10-01 12:21:08.564 17392 17392 D CrossAppTracking: ✅ App ciblée détectée: com.android.settings
10-01 12:21:08.564 17392 17392 D CrossAppTracking: 📱 Événement reçu: 2048 - com.android.settings
10-01 12:21:08.564 17392 17392 D CrossAppTracking: ✅ App ciblée détectée: com.android.settings
10-01 12:21:08.603 17392 17392 D CrossAppTracking: 📱 Événement reçu: 2048 - com.android.settings
10-01 12:21:08.604 17392 17392 D CrossAppTracking: ✅ App ciblée détectée: com.android.settings
10-01 12:21:08.876 17392 17392 D AndroidTracking: Event tracked: ADD_TO_CART - {app=com.android.settings, packageName=com.android.settings, productInfo={cartAction=Bascule Cross-App Tracking, productName=Off / Control device via large menu, allTexts=[Accessibility, Navigate up, Accessibility, Downloaded apps, Bascule Cross-App Tracking, On, Screen reader, TalkBack, Off / Speak items on screen, Display]}, eventType=cross_app_cart_update}
10-01 12:21:08.884 17392 17392 D CrossAppTracking: 🛒 Produit envoyé: Off / Control device via large menu - Prix: N/A
10-01 12:21:08.907 17392 17407 D AndroidTracking: Event sent to server successfully
10-01 12:21:09.020 17392 17392 D AndroidTracking: Event tracked: ADD_TO_CART - {app=com.android.settings, packageName=com.android.settings, productInfo={cartAction=Bascule Cross-App Tracking, productName=Off / Control device via large menu, allTexts=[Downloaded apps, Bascule Cross-App Tracking, On, Screen reader, TalkBack, Off / Speak items on screen, Display, Display size and text, Color and motion, Magnification]}, eventType=cross_app_cart_update}
10-01 12:21:09.022 17392 17392 D CrossAppTracking: 🛒 Produit envoyé: Off / Control device via large menu - Prix: N/A
10-01 12:21:09.034 17392 17407 D AndroidTracking: Event sent to server successfully
10-01 12:21:09.047 17392 17392 D AndroidTracking: Event tracked: ADD_TO_CART - {app=com.android.settings, packageName=com.android.settings, productInfo={cartAction=Bascule Cross-App Tracking, productName=Off / Control device via large menu, allTexts=[Downloaded apps, Bascule Cross-App Tracking, On, Screen reader, TalkBack, Off / Speak items on screen, Display, Display size and text, Color and motion, Magnification]}, eventType=cross_app_cart_update}
10-01 12:21:09.050 17392 17392 D CrossAppTracking: 🛒 Produit envoyé: Off / Control device via large menu - Prix: N/A
10-01 12:21:09.058 17392 17407 D AndroidTracking: Event sent to server successfully
10-01 12:21:09.064 17392 17392 D AndroidTracking: Event tracked: ADD_TO_CART - {app=com.android.settings, packageName=com.android.settings, productInfo={cartAction=Bascule Cross-App Tracking, productName=Off / Control device via large menu, allTexts=[Accessibility, Navigate up, Accessibility, Downloaded apps, Bascule Cross-App Tracking, On, Screen reader, TalkBack, Off / Speak items on screen, Display]}, eventType=cross_app_cart_update}
10-01 12:21:09.067 17392 17392 D CrossAppTracking: 🛒 Produit envoyé: Off / Control device via large menu - Prix: N/A
10-01 12:21:09.078 17392 17407 D AndroidTracking: Event sent to server successfully
10-01 12:21:09.105 17392 17392 D AndroidTracking: Event tracked: ADD_TO_CART - {app=com.android.settings, packageName=com.android.settings, productInfo={cartAction=Bascule Cross-App Tracking, productName=Off / Control device via large menu, allTexts=[Downloaded apps, Bascule Cross-App Tracking, On, Screen reader, TalkBack, Off / Speak items on screen, Display, Display size and text, Color and motion, Magnification]}, eventType=cross_app_cart_update}
10-01 12:21:09.106 17392 17392 D CrossAppTracking: 🛒 Produit envoyé: Off / Control device via large menu - Prix: N/A
10-01 12:21:09.119 17392 17407 D AndroidTracking: Event sent to server successfully
10-01 12:21:09.122 17392 17392 D AndroidTracking: Event tracked: ADD_TO_CART - {app=com.android.settings, packageName=com.android.settings, productInfo={cartAction=Bascule Cross-App Tracking, productName=Off / Control device via large menu, allTexts=[Downloaded apps, Bascule Cross-App Tracking, On, Screen reader, TalkBack, Off / Speak items on screen, Display, Display size and text, Color and motion, Magnification]}, eventType=cross_app_cart_update}
10-01 12:21:09.125 17392 17392 D CrossAppTracking: 🛒 Produit envoyé: Off / Control device via large menu - Prix: N/A
10-01 12:21:09.139 17392 17407 D AndroidTracking: Event sent to server successfully
10-01 12:21:09.421 17392 17392 D CrossAppTracking: 📱 Événement reçu: 1 - com.android.settings
10-01 12:21:09.421 17392 17392 D CrossAppTracking: ✅ App ciblée détectée: com.android.settings
10-01 12:21:09.500 17392 17392 D CrossAppTracking: 📱 Événement reçu: 2048 - com.google.android.apps.nexuslauncher
10-01 12:21:09.500 17392 17392 D CrossAppTracking: ✅ App ciblée détectée: com.google.android.apps.nexuslauncher
10-01 12:21:09.935 17392 17392 D CrossAppTracking: 📱 Événement reçu: 2048 - com.google.android.apps.nexuslauncher
10-01 12:21:09.936 17392 17392 D CrossAppTracking: ✅ App ciblée détectée: com.google.android.apps.nexuslauncher
10-01 12:21:09.973 17392 17392 D CrossAppTracking: 📱 Événement reçu: 2048 - com.google.android.apps.nexuslauncher
10-01 12:21:09.973 17392 17392 D CrossAppTracking: ✅ App ciblée détectée: com.google.android.apps.nexuslauncher
10-01 12:21:09.989 17392 17392 D CrossAppTracking: 📱 Événement reçu: 32 - com.google.android.apps.nexuslauncher
10-01 12:21:09.990 17392 17392 D CrossAppTracking: ✅ App ciblée détectée: com.google.android.apps.nexuslauncher
10-01 12:21:10.088 17392 17392 D AndroidTracking: Event tracked: VIEW_CLICKED - {app=com.android.settings, packageName=com.android.settings, element={}, eventType=cross_app_click, timestamp=1759314069421}
10-01 12:21:10.089 17392 17392 D CrossAppTracking: Click envoyé dans com.android.settings: {}
10-01 12:21:10.089 17392 17392 D CrossAppTracking: 📱 Événement reçu: 2048 - com.google.android.apps.nexuslauncher
10-01 12:21:10.090 17392 17392 D CrossAppTracking: ✅ App ciblée détectée: com.google.android.apps.nexuslauncher
10-01 12:21:10.108 17392 17407 D AndroidTracking: Event sent to server successfully
10-01 12:21:10.234 17392 17392 D CrossAppTracking: 📱 Événement reçu: 2048 - com.google.android.apps.nexuslauncher
10-01 12:21:10.234 17392 17392 D CrossAppTracking: ✅ App ciblée détectée: com.google.android.apps.nexuslauncher
10-01 12:21:10.267 17392 17392 D CrossAppTracking: 📱 Événement reçu: 2048 - com.google.android.apps.nexuslauncher
10-01 12:21:10.269 17392 17392 D CrossAppTracking: ✅ App ciblée détectée: com.google.android.apps.nexuslauncher
10-01 12:21:10.351 17392 17392 D CrossAppTracking: 📱 Événement reçu: 2048 - com.google.android.apps.nexuslauncher
10-01 12:21:10.351 17392 17392 D CrossAppTracking: ✅ App ciblée détectée: com.google.android.apps.nexuslauncher
10-01 12:21:10.437 17392 17392 D AndroidTracking: Event tracked: ADD_TO_CART - {app=com.google.android.apps.nexuslauncher, packageName=com.google.android.apps.nexuslauncher, productInfo={cartAction=Bascule Cross-App Tracking, productName=Predicted app: Bascule Cross-App Tracking, allTexts=[At a glance, Wed, Oct 1, Wed, Oct 1, Play Store, Play Store, Gmail, Gmail, Photos, Photos, YouTube]}, eventType=cross_app_cart_update}
10-01 12:21:10.438 17392 17392 D CrossAppTracking: 🛒 Produit envoyé: Predicted app: Bascule Cross-App Tracking - Prix: N/A
10-01 12:21:10.449 17392 17407 D AndroidTracking: Event sent to server successfully
10-01 12:21:10.474 17392 17392 D AndroidTracking: Event tracked: ADD_TO_CART - {app=com.google.android.apps.nexuslauncher, packageName=com.google.android.apps.nexuslauncher, productInfo={cartAction=Bascule Cross-App Tracking, productName=Predicted app: Bascule Cross-App Tracking, allTexts=[At a glance, Wed, Oct 1, Wed, Oct 1, Play Store, Play Store, Gmail, Gmail, Photos, Photos, YouTube]}, eventType=cross_app_cart_update}
10-01 12:21:10.475 17392 17392 D CrossAppTracking: 🛒 Produit envoyé: Predicted app: Bascule Cross-App Tracking - Prix: N/A
10-01 12:21:10.481 17392 17407 D AndroidTracking: Event sent to server successfully
10-01 12:21:10.493 17392 17392 D AndroidTracking: Event tracked: ADD_TO_CART - {app=com.google.android.apps.nexuslauncher, packageName=com.google.android.apps.nexuslauncher, productInfo={cartAction=Bascule Cross-App Tracking, productName=Predicted app: Bascule Cross-App Tracking, allTexts=[At a glance, Wed, Oct 1, Wed, Oct 1, Play Store, Play Store, Gmail, Gmail, Photos, Photos, YouTube]}, eventType=cross_app_cart_update}
10-01 12:21:10.496 17392 17392 D CrossAppTracking: 🛒 Produit envoyé: Predicted app: Bascule Cross-App Tracking - Prix: N/A
10-01 12:21:10.513 17392 17407 D AndroidTracking: Event sent to server successfully
10-01 12:21:10.589 17392 17392 D AndroidTracking: Event tracked: ADD_TO_CART - {app=com.google.android.apps.nexuslauncher, packageName=com.google.android.apps.nexuslauncher, productInfo={cartAction=Bascule Cross-App Tracking, productName=Predicted app: Bascule Cross-App Tracking, allTexts=[At a glance, Wed, Oct 1, Wed, Oct 1, Play Store, Play Store, Gmail, Gmail, Photos, Photos, YouTube]}, eventType=cross_app_cart_update}
10-01 12:21:10.590 17392 17392 D CrossAppTracking: 🛒 Produit envoyé: Predicted app: Bascule Cross-App Tracking - Prix: N/A
10-01 12:21:10.602 17392 17407 D AndroidTracking: Event sent to server successfully
10-01 12:21:10.736 17392 17392 D AndroidTracking: Event tracked: ADD_TO_CART - {app=com.google.android.apps.nexuslauncher, packageName=com.google.android.apps.nexuslauncher, productInfo={cartAction=Bascule Cross-App Tracking, productName=Predicted app: Bascule Cross-App Tracking, allTexts=[At a glance, Wed, Oct 1, Wed, Oct 1, Play Store, Play Store, Gmail, Gmail, Photos, Photos, YouTube]}, eventType=cross_app_cart_update}
10-01 12:21:10.737 17392 17392 D CrossAppTracking: 🛒 Produit envoyé: Predicted app: Bascule Cross-App Tracking - Prix: N/A
10-01 12:21:10.750 17392 17407 D AndroidTracking: Event sent to server successfully
10-01 12:21:10.760 17392 17392 D AndroidTracking: Event tracked: ADD_TO_CART - {app=com.google.android.apps.nexuslauncher, packageName=com.google.android.apps.nexuslauncher, productInfo={cartAction=Bascule Cross-App Tracking, productName=Predicted app: Bascule Cross-App Tracking, allTexts=[At a glance, Wed, Oct 1, Wed, Oct 1, Play Store, Play Store, Gmail, Gmail, Photos, Photos, YouTube]}, eventType=cross_app_cart_update}
10-01 12:21:10.762 17392 17392 D CrossAppTracking: 🛒 Produit envoyé: Predicted app: Bascule Cross-App Tracking - Prix: N/A
10-01 12:21:10.769 17392 17407 D AndroidTracking: Event sent to server successfully
10-01 12:21:10.816 17392 17392 D AndroidTracking: Event tracked: ADD_TO_CART - {app=com.google.android.apps.nexuslauncher, packageName=com.google.android.apps.nexuslauncher, productInfo={cartAction=Bascule Cross-App Tracking, productName=Predicted app: Bascule Cross-App Tracking, allTexts=[At a glance, Wed, Oct 1, Wed, Oct 1, Play Store, Play Store, Gmail, Gmail, Photos, Photos, YouTube]}, eventType=cross_app_cart_update}
10-01 12:21:10.817 17392 17392 D CrossAppTracking: 🛒 Produit envoyé: Predicted app: Bascule Cross-App Tracking - Prix: N/A
10-01 12:21:10.829 17392 17407 D AndroidTracking: Event sent to server successfully
10-01 12:21:10.872 17392 17392 D AndroidTracking: Event tracked: ADD_TO_CART - {app=com.google.android.apps.nexuslauncher, packageName=com.google.android.apps.nexuslauncher, productInfo={cartAction=Bascule Cross-App Tracking, productName=Predicted app: Bascule Cross-App Tracking, allTexts=[At a glance, Wed, Oct 1, Wed, Oct 1, Play Store, Play Store, Gmail, Gmail, Photos, Photos, YouTube]}, eventType=cross_app_cart_update}
10-01 12:21:10.873 17392 17392 D CrossAppTracking: 🛒 Produit envoyé: Predicted app: Bascule Cross-App Tracking - Prix: N/A
10-01 12:21:10.886 17392 17407 D AndroidTracking: Event sent to server successfully
10-01 12:21:13.261 17392 17392 D CrossAppTracking: 📱 Événement reçu: 2048 - com.google.android.apps.nexuslauncher
10-01 12:21:13.261 17392 17392 D CrossAppTracking: ✅ App ciblée détectée: com.google.android.apps.nexuslauncher
10-01 12:21:13.275 17392 17392 D CrossAppTracking: 📱 Événement reçu: 2048 - com.google.android.apps.nexuslauncher
10-01 12:21:13.275 17392 17392 D CrossAppTracking: ✅ App ciblée détectée: com.google.android.apps.nexuslauncher
10-01 12:21:13.283 17392 17392 D CrossAppTracking: 📱 Événement reçu: 1 - com.google.android.apps.nexuslauncher
10-01 12:21:13.283 17392 17392 D CrossAppTracking: ✅ App ciblée détectée: com.google.android.apps.nexuslauncher
10-01 12:21:13.294 17392 17392 D CrossAppTracking: 📱 Événement reçu: 2048 - com.android.systemui
10-01 12:21:13.295 17392 17392 D CrossAppTracking: ❌ App non ciblée: com.android.systemui
10-01 12:21:13.295 17392 17392 D CrossAppTracking: 📱 Événement reçu: 32 - com.bascule.leclerctracking
10-01 12:21:13.295 17392 17392 D CrossAppTracking: ✅ App ciblée détectée: com.bascule.leclerctracking
10-01 12:21:13.298 17392 17392 D CrossAppTracking: 📱 Événement reçu: 2048 - com.google.android.apps.nexuslauncher
10-01 12:21:13.299 17392 17392 D CrossAppTracking: ✅ App ciblée détectée: com.google.android.apps.nexuslauncher
10-01 12:21:13.309 17392 17392 D CrossAppTracking: 📱 Événement reçu: 2048 - com.google.android.apps.nexuslauncher
10-01 12:21:13.309 17392 17392 D CrossAppTracking: ✅ App ciblée détectée: com.google.android.apps.nexuslauncher
10-01 12:21:13.319 17392 17392 D CrossAppTracking: 📱 Événement reçu: 2048 - com.google.android.apps.nexuslauncher
10-01 12:21:13.324 17392 17392 D CrossAppTracking: ✅ App ciblée détectée: com.google.android.apps.nexuslauncher
10-01 12:21:13.334 17392 17392 D CrossAppTracking: 📱 Événement reçu: 2048 - com.google.android.apps.nexuslauncher
10-01 12:21:13.334 17392 17392 D CrossAppTracking: ✅ App ciblée détectée: com.google.android.apps.nexuslauncher
10-01 12:21:13.346 17392 17392 D CrossAppTracking: 📱 Événement reçu: 2048 - com.google.android.apps.nexuslauncher
10-01 12:21:13.346 17392 17392 D CrossAppTracking: ✅ App ciblée détectée: com.google.android.apps.nexuslauncher
10-01 12:21:13.658 17392 17392 D CrossAppTracking: 📱 Événement reçu: 2048 - com.google.android.apps.nexuslauncher
10-01 12:21:13.658 17392 17392 D CrossAppTracking: ✅ App ciblée détectée: com.google.android.apps.nexuslauncher
10-01 12:21:13.689 17392 17392 D CrossAppTracking: 📱 Événement reçu: 2048 - com.bascule.leclerctracking
10-01 12:21:13.689 17392 17392 D CrossAppTracking: ✅ App ciblée détectée: com.bascule.leclerctracking
10-01 12:21:13.798 17392 17392 D AndroidTracking: Event tracked: VIEW_CLICKED - {app=com.google.android.apps.nexuslauncher, packageName=com.google.android.apps.nexuslauncher, element={}, eventType=cross_app_click, timestamp=1759314073293}
10-01 12:21:13.800 17392 17392 D CrossAppTracking: Click envoyé dans com.google.android.apps.nexuslauncher: {}
10-01 12:21:13.843 17392 17407 D AndroidTracking: Event sent to server successfully
10-01 12:21:13.876 17392 17392 D CrossAppTracking: 📱 Événement reçu: 32 - com.bascule.leclerctracking
10-01 12:21:13.879 17392 17392 D CrossAppTracking: ✅ App ciblée détectée: com.bascule.leclerctracking
10-01 12:21:14.250 17392 17392 D AndroidTracking: Event tracked: ADD_TO_CART - {app=com.bascule.leclerctracking, packageName=com.bascule.leclerctracking, productInfo={cartAction=En activant ce service, vous acceptez que Bascule analyse vos interactions dans les apps e-commerce pour améliorer l'expérience utilisateur. Aucune donnée personnelle n'est collectée., productName=Cette application peut analyser vos interactions sur les apps e-commerce 
10-01 12:21:14.250 17392 17392 D AndroidTracking: pour améliorer votre expérience d'achat.
10-01 12:21:14.250 17392 17392 D AndroidTracking: 
10-01 12:21:14.250 17392 17392 D AndroidTracking: Apps supportées:
10-01 12:21:14.250 17392 17392 D AndroidTracking: • E.Leclerc Drive
10-01 12:21:14.250 17392 17392 D AndroidTracking: • Carrefour
10-01 12:21:14.250 17392 17392 D AndroidTracking: • Auchan Drive  
10-01 12:21:14.250 17392 17392 D AndroidTracking: • Casino Drive
10-01 12:21:14.250 17392 17392 D AndroidTracking: • Amazon Shopping
10-01 12:21:14.250 17392 17392 D AndroidTracking: • Cdiscount
10-01 12:21:14.250 17392 17392 D AndroidTracking: • Monoprix
10-01 12:21:14.250 17392 17392 D AndroidTracking: 
10-01 12:21:14.250 17392 17392 D AndroidTracking: Vos données restent privées et anonymes., allTexts=[Bascule Cross-App Tracking, ✅ Service activé - Tracking cross-app fonctionnel, 📱 Tracking Cross-App, Cette application peut analyser vos interactions sur les apps e-commerce 
10-01 12:21:14.250 17392 17392 D AndroidTracking: pour améliorer votre expérience d'achat.
10-01 12:21:14.250 17392 17392 D AndroidTracking: 
10-01 12:21:14.250 17392 17392 D AndroidTracking: Apps supportées:
10-01 12:21:14.250 17392 17392 D AndroidTracking: • E.Leclerc Drive
10-01 12:21:14.250 17392 17392 D AndroidTracking: • Carrefour
10-01 12:21:14.250 17392 17392 D AndroidTracking: • Auchan Drive  
10-01 12:21:14.250 17392 17392 D AndroidTracking: • Casino Drive
10-01 12:21:14.250 17392 17392 D AndroidTracking: • Amazon Shopping
10-01 12:21:14.250 17392 17392 D AndroidTracking: • Cdiscount
10-01 12:21:14.250 17392 17392 D AndroidTracking: • Monoprix
10-01 12:21:14.250 17392 17392 D AndroidTracking: 
10-01 12:21:14.250 17392 17392 D AndroidTracking: Vos données restent privées et anonymes., 🔒 Confidentialité et Permissions, Permissions requises:
10-01 12:21:14.250 17392 17392 D AndroidTracking: 
10-01 12:21:14.250 17392 17392 D AndroidTracking: 🔍 Service d'Accessibilité
10-01 12:21:14.250 17392 17392 D AndroidTracking: Permet de détecter les interactions dans les autres apps
10-01 12:21:14.250 17392 17392 D AndroidTracking: 
10-01 12:21:14.250 17392 17392 D AndroidTracking: 🔒 Confidentialité Garantie
10-01 12:21:14.250 17392 17392 D AndroidTracking: • Aucune donnée personnelle collectée
10-01 12:21:14.250 17392 17392 D AndroidTracking: • Pas d'accès aux mots de passe
10-01 12:21:14.250 17392 17392 D AndroidTracking: • Tracking anonyme uniquement
10-01 12:21:14.250 17392 17392 D AndroidTracking: • Données stockées localement, DÉSACTIVER LE SERVICE, OUVRIR PARAMÈTRES D'ACCESSIBILITÉ, MODE INTRA-APP SEULEMENT, 🧪 TEST AUTOMATIQUE CARREFOUR]}, eventType=cross_app_cart_update}
10-01 12:21:14.253 17392 17392 D CrossAppTracking: 🛒 Produit envoyé: Cette application peut analyser vos interactions sur les apps e-commerce 
10-01 12:21:14.253 17392 17392 D CrossAppTracking: pour améliorer votre expérience d'achat.
10-01 12:21:14.253 17392 17392 D CrossAppTracking: 
10-01 12:21:14.253 17392 17392 D CrossAppTracking: Apps supportées:
10-01 12:21:14.253 17392 17392 D CrossAppTracking: • E.Leclerc Drive
10-01 12:21:14.253 17392 17392 D CrossAppTracking: • Carrefour
10-01 12:21:14.253 17392 17392 D CrossAppTracking: • Auchan Drive  
10-01 12:21:14.253 17392 17392 D CrossAppTracking: • Casino Drive
10-01 12:21:14.253 17392 17392 D CrossAppTracking: • Amazon Shopping
10-01 12:21:14.253 17392 17392 D CrossAppTracking: • Cdiscount
10-01 12:21:14.253 17392 17392 D CrossAppTracking: • Monoprix
10-01 12:21:14.253 17392 17392 D CrossAppTracking: 
10-01 12:21:14.253 17392 17392 D CrossAppTracking: Vos données restent privées et anonymes. - Prix: N/A
10-01 12:21:14.286 17392 17407 D AndroidTracking: Event sent to server successfully
10-01 12:21:14.574 17392 17392 D AndroidTracking: Event tracked: ADD_TO_CART - {app=com.bascule.leclerctracking, packageName=com.bascule.leclerctracking, productInfo={cartAction=En activant ce service, vous acceptez que Bascule analyse vos interactions dans les apps e-commerce pour améliorer l'expérience utilisateur. Aucune donnée personnelle n'est collectée., productName=Cette application peut analyser vos interactions sur les apps e-commerce 
10-01 12:21:14.574 17392 17392 D AndroidTracking: pour améliorer votre expérience d'achat.
10-01 12:21:14.574 17392 17392 D AndroidTracking: 
10-01 12:21:14.574 17392 17392 D AndroidTracking: Apps supportées:
10-01 12:21:14.574 17392 17392 D AndroidTracking: • E.Leclerc Drive
10-01 12:21:14.574 17392 17392 D AndroidTracking: • Carrefour
10-01 12:21:14.574 17392 17392 D AndroidTracking: • Auchan Drive  
10-01 12:21:14.574 17392 17392 D AndroidTracking: • Casino Drive
10-01 12:21:14.574 17392 17392 D AndroidTracking: • Amazon Shopping
10-01 12:21:14.574 17392 17392 D AndroidTracking: • Cdiscount
10-01 12:21:14.574 17392 17392 D AndroidTracking: • Monoprix
10-01 12:21:14.574 17392 17392 D AndroidTracking: 
10-01 12:21:14.574 17392 17392 D AndroidTracking: Vos données restent privées et anonymes., allTexts=[Bascule Cross-App Tracking, ✅ Service activé - Tracking cross-app fonctionnel, 📱 Tracking Cross-App, Cette application peut analyser vos interactions sur les apps e-commerce 
10-01 12:21:14.574 17392 17392 D AndroidTracking: pour améliorer votre expérience d'achat.
10-01 12:21:14.574 17392 17392 D AndroidTracking: 
10-01 12:21:14.574 17392 17392 D AndroidTracking: Apps supportées:
10-01 12:21:14.574 17392 17392 D AndroidTracking: • E.Leclerc Drive
10-01 12:21:14.574 17392 17392 D AndroidTracking: • Carrefour
10-01 12:21:14.574 17392 17392 D AndroidTracking: • Auchan Drive  
10-01 12:21:14.574 17392 17392 D AndroidTracking: • Casino Drive
10-01 12:21:14.574 17392 17392 D AndroidTracking: • Amazon Shopping
10-01 12:21:14.574 17392 17392 D AndroidTracking: • Cdiscount
10-01 12:21:14.574 17392 17392 D AndroidTracking: • Monoprix
10-01 12:21:14.574 17392 17392 D AndroidTracking: 
10-01 12:21:14.574 17392 17392 D AndroidTracking: Vos données restent privées et anonymes., 🔒 Confidentialité et Permissions, Permissions requises:
10-01 12:21:14.574 17392 17392 D AndroidTracking: 
10-01 12:21:14.574 17392 17392 D AndroidTracking: 🔍 Service d'Accessibilité
10-01 12:21:14.574 17392 17392 D AndroidTracking: Permet de détecter les interactions dans les autres apps
10-01 12:21:14.574 17392 17392 D AndroidTracking: 
10-01 12:21:14.574 17392 17392 D AndroidTracking: 🔒 Confidentialité Garantie
10-01 12:21:14.574 17392 17392 D AndroidTracking: • Aucune donnée personnelle collectée
10-01 12:21:14.574 17392 17392 D AndroidTracking: • Pas d'accès aux mots de passe
10-01 12:21:14.574 17392 17392 D AndroidTracking: • Tracking anonyme uniquement
10-01 12:21:14.574 17392 17392 D AndroidTracking: • Données stockées localement, DÉSACTIVER LE SERVICE, OUVRIR PARAMÈTRES D'ACCESSIBILITÉ, MODE INTRA-APP SEULEMENT, 🧪 TEST AUTOMATIQUE CARREFOUR]}, eventType=cross_app_cart_update}
10-01 12:21:14.577 17392 17392 D CrossAppTracking: 🛒 Produit envoyé: Cette application peut analyser vos interactions sur les apps e-commerce 
10-01 12:21:14.577 17392 17392 D CrossAppTracking: pour améliorer votre expérience d'achat.
10-01 12:21:14.577 17392 17392 D CrossAppTracking: 
10-01 12:21:14.577 17392 17392 D CrossAppTracking: Apps supportées:
10-01 12:21:14.577 17392 17392 D CrossAppTracking: • E.Leclerc Drive
10-01 12:21:14.577 17392 17392 D CrossAppTracking: • Carrefour
10-01 12:21:14.577 17392 17392 D CrossAppTracking: • Auchan Drive  
10-01 12:21:14.577 17392 17392 D CrossAppTracking: • Casino Drive
10-01 12:21:14.577 17392 17392 D CrossAppTracking: • Amazon Shopping
10-01 12:21:14.577 17392 17392 D CrossAppTracking: • Cdiscount
10-01 12:21:14.577 17392 17392 D CrossAppTracking: • Monoprix
10-01 12:21:14.577 17392 17392 D CrossAppTracking: 
10-01 12:21:14.577 17392 17392 D CrossAppTracking: Vos données restent privées et anonymes. - Prix: N/A
10-01 12:21:14.593 17392 17407 D AndroidTracking: Event sent to server successfully
10-01 12:21:16.609 17392 17392 D CrossAppTracking: 📱 Événement reçu: 2048 - com.bascule.leclerctracking
10-01 12:21:16.609 17392 17392 D CrossAppTracking: ✅ App ciblée détectée: com.bascule.leclerctracking
10-01 12:21:16.711 17392 17392 D CrossAppTracking: 📱 Événement reçu: 2048 - com.bascule.leclerctracking
10-01 12:21:16.711 17392 17392 D CrossAppTracking: ✅ App ciblée détectée: com.bascule.leclerctracking
10-01 12:21:16.749 17392 17392 D CrossAppTracking: 📱 Événement reçu: 4096 - com.bascule.leclerctracking
10-01 12:21:16.750 17392 17392 D CrossAppTracking: ✅ App ciblée détectée: com.bascule.leclerctracking
10-01 12:21:16.750 17392 17392 D AndroidTracking: Event tracked: SCROLL - {app=com.bascule.leclerctracking, packageName=com.bascule.leclerctracking, scrollX=0, scrollY=249, eventType=cross_app_scroll}
10-01 12:21:16.777 17392 17407 D AndroidTracking: Event sent to server successfully
10-01 12:21:16.838 17392 17392 D CrossAppTracking: 📱 Événement reçu: 2048 - com.bascule.leclerctracking
10-01 12:21:16.839 17392 17392 D CrossAppTracking: ✅ App ciblée détectée: com.bascule.leclerctracking
10-01 12:21:16.887 17392 17392 D CrossAppTracking: 📱 Événement reçu: 2048 - com.bascule.leclerctracking
10-01 12:21:16.887 17392 17392 D CrossAppTracking: ✅ App ciblée détectée: com.bascule.leclerctracking
10-01 12:21:16.942 17392 17392 D CrossAppTracking: 📱 Événement reçu: 4096 - com.bascule.leclerctracking
10-01 12:21:16.942 17392 17392 D CrossAppTracking: ✅ App ciblée détectée: com.bascule.leclerctracking
10-01 12:21:16.942 17392 17392 D AndroidTracking: Event tracked: SCROLL - {app=com.bascule.leclerctracking, packageName=com.bascule.leclerctracking, scrollX=0, scrollY=814, eventType=cross_app_scroll}
10-01 12:21:16.954 17392 17407 D AndroidTracking: Event sent to server successfully
10-01 12:21:17.188 17392 17392 D AndroidTracking: Event tracked: ADD_TO_CART - {app=com.bascule.leclerctracking, packageName=com.bascule.leclerctracking, productInfo={cartAction=En activant ce service, vous acceptez que Bascule analyse vos interactions dans les apps e-commerce pour améliorer l'expérience utilisateur. Aucune donnée personnelle n'est collectée., productName=Cette application peut analyser vos interactions sur les apps e-commerce 
10-01 12:21:17.188 17392 17392 D AndroidTracking: pour améliorer votre expérience d'achat.
10-01 12:21:17.188 17392 17392 D AndroidTracking: 
10-01 12:21:17.188 17392 17392 D AndroidTracking: Apps supportées:
10-01 12:21:17.188 17392 17392 D AndroidTracking: • E.Leclerc Drive
10-01 12:21:17.188 17392 17392 D AndroidTracking: • Carrefour
10-01 12:21:17.188 17392 17392 D AndroidTracking: • Auchan Drive  
10-01 12:21:17.188 17392 17392 D AndroidTracking: • Casino Drive
10-01 12:21:17.188 17392 17392 D AndroidTracking: • Amazon Shopping
10-01 12:21:17.188 17392 17392 D AndroidTracking: • Cdiscount
10-01 12:21:17.188 17392 17392 D AndroidTracking: • Monoprix
10-01 12:21:17.188 17392 17392 D AndroidTracking: 
10-01 12:21:17.188 17392 17392 D AndroidTracking: Vos données restent privées et anonymes., allTexts=[Bascule Cross-App Tracking, ✅ Service activé - Tracking cross-app fonctionnel, 📱 Tracking Cross-App, Cette application peut analyser vos interactions sur les apps e-commerce 
10-01 12:21:17.188 17392 17392 D AndroidTracking: pour améliorer votre expérience d'achat.
10-01 12:21:17.188 17392 17392 D AndroidTracking: 
10-01 12:21:17.188 17392 17392 D AndroidTracking: Apps supportées:
10-01 12:21:17.188 17392 17392 D AndroidTracking: • E.Leclerc Drive
10-01 12:21:17.188 17392 17392 D AndroidTracking: • Carrefour
10-01 12:21:17.188 17392 17392 D AndroidTracking: • Auchan Drive  
10-01 12:21:17.188 17392 17392 D AndroidTracking: • Casino Drive
10-01 12:21:17.188 17392 17392 D AndroidTracking: • Amazon Shopping
10-01 12:21:17.188 17392 17392 D AndroidTracking: • Cdiscount
10-01 12:21:17.188 17392 17392 D AndroidTracking: • Monoprix
10-01 12:21:17.188 17392 17392 D AndroidTracking: 
10-01 12:21:17.188 17392 17392 D AndroidTracking: Vos données restent privées et anonymes., 🔒 Confidentialité et Permissions, Permissions requises:
10-01 12:21:17.188 17392 17392 D AndroidTracking: 
10-01 12:21:17.188 17392 17392 D AndroidTracking: 🔍 Service d'Accessibilité
10-01 12:21:17.188 17392 17392 D AndroidTracking: Permet de détecter les interactions dans les autres apps
10-01 12:21:17.188 17392 17392 D AndroidTracking: 
10-01 12:21:17.188 17392 17392 D AndroidTracking: 🔒 Confidentialité Garantie
10-01 12:21:17.188 17392 17392 D AndroidTracking: • Aucune donnée personnelle collectée
10-01 12:21:17.188 17392 17392 D AndroidTracking: • Pas d'accès aux mots de passe
10-01 12:21:17.188 17392 17392 D AndroidTracking: • Tracking anonyme uniquement
10-01 12:21:17.188 17392 17392 D AndroidTracking: • Données stockées localement, DÉSACTIVER LE SERVICE, OUVRIR PARAMÈTRES D'ACCESSIBILITÉ, MODE INTRA-APP SEULEMENT, 🧪 TEST AUTOMATIQUE CARREFOUR]}, eventType=cross_app_cart_update}
10-01 12:21:17.190 17392 17392 D CrossAppTracking: 🛒 Produit envoyé: Cette application peut analyser vos interactions sur les apps e-commerce 
