10-01 12:24:34.822 17392 17392 D CrossAppTracking: 📱 Événement reçu: 2048 - com.carrefour.fid.android
10-01 12:24:34.823 17392 17392 D CrossAppTracking: ✅ App ciblée détectée: com.carrefour.fid.android
10-01 12:24:34.855 17392 17392 D CrossAppTracking: 📱 Événement reçu: 2048 - com.carrefour.fid.android
10-01 12:24:34.855 17392 17392 D CrossAppTracking: ✅ App ciblée détectée: com.carrefour.fid.android
10-01 12:24:34.922 17392 17392 D CrossAppTracking: 📱 Événement reçu: 2048 - com.carrefour.fid.android
10-01 12:24:34.922 17392 17392 D CrossAppTracking: ✅ App ciblée détectée: com.carrefour.fid.android
10-01 12:24:34.948 17392 17392 D CrossAppTracking: 📱 Événement reçu: 2048 - com.carrefour.fid.android
10-01 12:24:34.949 17392 17392 D CrossAppTracking: ✅ App ciblée détectée: com.carrefour.fid.android
10-01 12:24:34.978 17392 17392 D CrossAppTracking: 📱 Événement reçu: 2048 - com.carrefour.fid.android
10-01 12:24:34.978 17392 17392 D CrossAppTracking: ✅ App ciblée détectée: com.carrefour.fid.android
10-01 12:24:34.989 17392 17392 D CrossAppTracking: 📱 Événement reçu: 2048 - com.carrefour.fid.android
10-01 12:24:34.989 17392 17392 D CrossAppTracking: ✅ App ciblée détectée: com.carrefour.fid.android
10-01 12:24:34.999 17392 17392 D CrossAppTracking: 📱 Événement reçu: 2048 - com.carrefour.fid.android
10-01 12:24:34.999 17392 17392 D CrossAppTracking: ✅ App ciblée détectée: com.carrefour.fid.android
10-01 12:24:35.003 17392 17392 D CrossAppTracking: 📱 Événement reçu: 2048 - com.carrefour.fid.android
10-01 12:24:35.004 17392 17392 D CrossAppTracking: ✅ App ciblée détectée: com.carrefour.fid.android
10-01 12:24:35.009 17392 17392 D CrossAppTracking: 📱 Événement reçu: 2048 - com.carrefour.fid.android
10-01 12:24:35.009 17392 17392 D CrossAppTracking: ✅ App ciblée détectée: com.carrefour.fid.android
10-01 12:24:35.013 17392 17392 D CrossAppTracking: 📱 Événement reçu: 2048 - com.carrefour.fid.android
10-01 12:24:35.013 17392 17392 D CrossAppTracking: ✅ App ciblée détectée: com.carrefour.fid.android
10-01 12:24:35.026 17392 17392 D CrossAppTracking: 📱 Événement reçu: 2048 - com.carrefour.fid.android
10-01 12:24:35.027 17392 17392 D CrossAppTracking: ✅ App ciblée détectée: com.carrefour.fid.android
10-01 12:24:35.041 17392 17392 D AndroidTracking: Event tracked: ADD_TO_CART - {app=Carrefour, packageName=com.carrefour.fid.android, productInfo={productName=Panier, 2 new notifications, allTexts=[Panier, Accueil, Rechercher, Mes produits, Promotions, Panier, 2 new notifications]}, eventType=cross_app_cart_update}
10-01 12:24:35.042 17392 17392 D CrossAppTracking: 🛒 Produit envoyé: Panier, 2 new notifications - Prix: N/A
10-01 12:24:35.042 17392 17392 D AndroidTracking: Event tracked: ADD_TO_CART - {app=Carrefour, packageName=com.carrefour.fid.android, productInfo={productName=Panier, allTexts=[Panier]}, eventType=cross_app_cart_update}
10-01 12:24:35.045 17392 17392 D CrossAppTracking: 🛒 Produit envoyé: Panier - Prix: N/A
10-01 12:24:35.046 17392 17392 D AndroidTracking: Event tracked: ADD_TO_CART - {app=Carrefour, packageName=com.carrefour.fid.android, productInfo={productName=Panier, allTexts=[Panier]}, eventType=cross_app_cart_update}
10-01 12:24:35.048 17392 17392 D CrossAppTracking: 🛒 Produit envoyé: Panier - Prix: N/A
10-01 12:24:35.049 17392 17392 D AndroidTracking: Event tracked: ADD_TO_CART - {app=Carrefour, packageName=com.carrefour.fid.android, productInfo={productName=Panier, allTexts=[Panier]}, eventType=cross_app_cart_update}
10-01 12:24:35.057 17392 17392 D CrossAppTracking: 🛒 Produit envoyé: Panier - Prix: N/A
10-01 12:24:35.057 17392 17392 D AndroidTracking: Event tracked: ADD_TO_CART - {app=Carrefour, packageName=com.carrefour.fid.android, productInfo={productName=Panier, 2 new notifications, allTexts=[Panier, Accueil, Rechercher, Mes produits, Promotions, Panier, 2 new notifications]}, eventType=cross_app_cart_update}
10-01 12:24:35.063 17392 17392 D CrossAppTracking: 🛒 Produit envoyé: Panier, 2 new notifications - Prix: N/A
10-01 12:24:35.065 17392 17392 D AndroidTracking: Event tracked: CONTENT_CHANGED - {app=Carrefour, packageName=com.carrefour.fid.android, eventType=cross_app_content_change, timestamp=1759314274000}
10-01 12:24:35.068 17392 17641 D AndroidTracking: Event sent to server successfully
10-01 12:24:35.068 17392 17695 D AndroidTracking: Event sent to server successfully
10-01 12:24:35.069 17392 17767 D AndroidTracking: Event sent to server successfully
10-01 12:24:35.072 17392 17392 D AndroidTracking: Event tracked: CONTENT_CHANGED - {app=Carrefour, packageName=com.carrefour.fid.android, eventType=cross_app_content_change, timestamp=1759314274165}
10-01 12:24:35.074 17392 17392 D AndroidTracking: Event tracked: ADD_TO_CART - {app=Carrefour, packageName=com.carrefour.fid.android, productInfo={price=Promotion: -10% Club. vous avez cagnottés0.0€. produits concernés: Kiwi Hayward ., cartAction=Vider tout le panier, productName=Découvrez nos meilleurs alternatives pour remplacer vos produits indisponibles., allTexts=[2 produits à remplacer, Découvrez nos meilleurs alternatives pour remplacer vos produits indisponibles., Ananas en morceaux CARREFOUR LE MARCHE, Supprimer, Bouton de substitution, Poires CARREFOUR BIO, Supprimer, Bouton de substitution, Promotion: -10% Club. vous avez cagnottés0.0€. produits concernés: Bananes Bio Cavendish., -10% Club]}, eventType=cross_app_cart_update}
10-01 12:24:35.080 17392 17392 D CrossAppTracking: 🛒 Produit envoyé: Découvrez nos meilleurs alternatives pour remplacer vos produits indisponibles. - Prix: Promotion: -10% Club. vous avez cagnottés0.0€. produits concernés: Kiwi Hayward .
10-01 12:24:35.081 17392 17392 D CrossAppTracking: 📱 Événement reçu: 2048 - com.carrefour.fid.android
10-01 12:24:35.083 17392 17392 D CrossAppTracking: ✅ App ciblée détectée: com.carrefour.fid.android
10-01 12:24:35.101 17392 17767 D AndroidTracking: Event sent to server successfully
10-01 12:24:35.105 17392 17695 D AndroidTracking: Event sent to server successfully
10-01 12:24:35.106 17392 17392 D CrossAppTracking: 📱 Événement reçu: 2048 - com.carrefour.fid.android
10-01 12:24:35.106 17392 17392 D CrossAppTracking: ✅ App ciblée détectée: com.carrefour.fid.android
10-01 12:24:35.111 17392 17825 D AndroidTracking: Event sent to server successfully
10-01 12:24:35.114 17392 17826 D AndroidTracking: Event sent to server successfully
10-01 12:24:35.118 17392 17392 D CrossAppTracking: 📱 Événement reçu: 2048 - com.carrefour.fid.android
10-01 12:24:35.118 17392 17392 D CrossAppTracking: ✅ App ciblée détectée: com.carrefour.fid.android
10-01 12:24:35.121 17392 17827 D AndroidTracking: Event sent to server successfully
10-01 12:24:35.122 17392 17392 D CrossAppTracking: 📱 Événement reçu: 2048 - com.carrefour.fid.android
10-01 12:24:35.123 17392 17392 D CrossAppTracking: ✅ App ciblée détectée: com.carrefour.fid.android
10-01 12:24:35.149 17392 17392 D CrossAppTracking: 📱 Événement reçu: 2048 - com.carrefour.fid.android
10-01 12:24:35.149 17392 17392 D CrossAppTracking: ✅ App ciblée détectée: com.carrefour.fid.android
10-01 12:24:35.158 17392 17392 D CrossAppTracking: 📱 Événement reçu: 2048 - com.carrefour.fid.android
10-01 12:24:35.158 17392 17392 D CrossAppTracking: ✅ App ciblée détectée: com.carrefour.fid.android
10-01 12:24:35.171 17392 17392 D CrossAppTracking: 📱 Événement reçu: 2048 - com.carrefour.fid.android
10-01 12:24:35.171 17392 17392 D CrossAppTracking: ✅ App ciblée détectée: com.carrefour.fid.android
10-01 12:24:35.182 17392 17392 D CrossAppTracking: 📱 Événement reçu: 2048 - com.carrefour.fid.android
10-01 12:24:35.183 17392 17392 D CrossAppTracking: ✅ App ciblée détectée: com.carrefour.fid.android
10-01 12:24:35.205 17392 17392 D CrossAppTracking: 📱 Événement reçu: 2048 - com.carrefour.fid.android
10-01 12:24:35.206 17392 17392 D CrossAppTracking: ✅ App ciblée détectée: com.carrefour.fid.android
10-01 12:24:35.226 17392 17392 D CrossAppTracking: 📱 Événement reçu: 2048 - com.carrefour.fid.android
10-01 12:24:35.226 17392 17392 D CrossAppTracking: ✅ App ciblée détectée: com.carrefour.fid.android
10-01 12:24:35.238 17392 17392 D AndroidTracking: Event tracked: ADD_TO_CART - {app=Carrefour, packageName=com.carrefour.fid.android, productInfo={price=3,38€, cartAction=3,38€, productName=Découvrez nos meilleurs alternatives pour remplacer vos produits indisponibles., allTexts=[2 produits à remplacer, Découvrez nos meilleurs alternatives pour remplacer vos produits indisponibles., Ananas en morceaux CARREFOUR LE MARCHE, Supprimer, Bouton de substitution, Poires CARREFOUR BIO, Supprimer, Bouton de substitution, Promotion: -10% Club. vous avez cagnottés0.0€. produits concernés: Bananes Bio Cavendish., -10% Club]}, eventType=cross_app_cart_update}
10-01 12:24:35.240 17392 17392 D CrossAppTracking: 🛒 Produit envoyé: Découvrez nos meilleurs alternatives pour remplacer vos produits indisponibles. - Prix: 3,38€
10-01 12:24:35.240 17392 17392 D AndroidTracking: Event tracked: ADD_TO_CART - {app=Carrefour, packageName=com.carrefour.fid.android, productInfo={productName=Bouton de substitution, allTexts=[Bouton de substitution]}, eventType=cross_app_cart_update}
10-01 12:24:35.241 17392 17392 D CrossAppTracking: 🛒 Produit envoyé: Bouton de substitution - Prix: N/A
10-01 12:24:35.242 17392 17392 D AndroidTracking: Event tracked: ADD_TO_CART - {app=Carrefour, packageName=com.carrefour.fid.android, productInfo={cartAction=Ajouter un produit dans le panier, productName=1 produits déjà ajoutés au panier, allTexts=[Kiwi Hayward , la pièce, FRANCE, 1,39, 1 euros et 39 centimes., €, Retirer un produit du panier, 1, 1 produits déjà ajoutés au panier, Ajouter un produit dans le panier]}, eventType=cross_app_cart_update}
10-01 12:24:35.245 17392 17392 D CrossAppTracking: 🛒 Produit envoyé: 1 produits déjà ajoutés au panier - Prix: N/A
10-01 12:24:35.246 17392 17392 D CrossAppTracking: 📱 Événement reçu: 2048 - com.carrefour.fid.android
10-01 12:24:35.253 17392 17392 D CrossAppTracking: ✅ App ciblée détectée: com.carrefour.fid.android
10-01 12:24:35.260 17392 17827 D AndroidTracking: Event sent to server successfully
10-01 12:24:35.261 17392 17392 D CrossAppTracking: 📱 Événement reçu: 2048 - com.carrefour.fid.android
10-01 12:24:35.261 17392 17392 D CrossAppTracking: ✅ App ciblée détectée: com.carrefour.fid.android
10-01 12:24:35.266 17392 17826 D AndroidTracking: Event sent to server successfully
10-01 12:24:35.270 17392 17825 D AndroidTracking: Event sent to server successfully
10-01 12:24:35.313 17392 17392 D CrossAppTracking: 📱 Événement reçu: 2048 - com.carrefour.fid.android
10-01 12:24:35.313 17392 17392 D CrossAppTracking: ✅ App ciblée détectée: com.carrefour.fid.android
10-01 12:24:35.377 17392 17392 D CrossAppTracking: 📱 Événement reçu: 2048 - com.carrefour.fid.android
10-01 12:24:35.377 17392 17392 D CrossAppTracking: ✅ App ciblée détectée: com.carrefour.fid.android
10-01 12:24:35.384 17392 17392 D CrossAppTracking: 📱 Événement reçu: 2048 - com.carrefour.fid.android
10-01 12:24:35.384 17392 17392 D CrossAppTracking: ✅ App ciblée détectée: com.carrefour.fid.android
10-01 12:24:35.441 17392 17392 D CrossAppTracking: 📱 Événement reçu: 2048 - com.carrefour.fid.android
10-01 12:24:35.442 17392 17392 D CrossAppTracking: ✅ App ciblée détectée: com.carrefour.fid.android
10-01 12:24:35.449 17392 17392 D CrossAppTracking: 📱 Événement reçu: 2048 - com.carrefour.fid.android
10-01 12:24:35.451 17392 17392 D CrossAppTracking: ✅ App ciblée détectée: com.carrefour.fid.android
10-01 12:24:35.553 17392 17392 D CrossAppTracking: 📱 Événement reçu: 2048 - com.carrefour.fid.android
10-01 12:24:35.553 17392 17392 D CrossAppTracking: ✅ App ciblée détectée: com.carrefour.fid.android
10-01 12:24:35.559 17392 17392 D AndroidTracking: Event tracked: ADD_TO_CART - {app=Carrefour, packageName=com.carrefour.fid.android, productInfo={price=Promotion: -10% Club. vous avez cagnottés0.0€. produits concernés: Bananes Bio Cavendish., cartAction=-10% Club, productName=-10% Club, allTexts=[Promotion: -10% Club. vous avez cagnottés0.0€. produits concernés: Bananes Bio Cavendish., -10% Club]}, eventType=cross_app_cart_update}
10-01 12:24:35.562 17392 17392 D CrossAppTracking: 🛒 Produit envoyé: -10% Club - Prix: Promotion: -10% Club. vous avez cagnottés0.0€. produits concernés: Bananes Bio Cavendish.
10-01 12:24:35.563 17392 17392 D AndroidTracking: Event tracked: ADD_TO_CART - {app=Carrefour, packageName=com.carrefour.fid.android, productInfo={productName=Rien oublié ?, allTexts=[Rien oublié ?]}, eventType=cross_app_cart_update}
10-01 12:24:35.565 17392 17392 D CrossAppTracking: 🛒 Produit envoyé: Rien oublié ? - Prix: N/A
10-01 12:24:35.566 17392 17392 D AndroidTracking: Event tracked: ADD_TO_CART - {app=Carrefour, packageName=com.carrefour.fid.android, productInfo={productName=Bouton de substitution, allTexts=[Bouton de substitution]}, eventType=cross_app_cart_update}
10-01 12:24:35.570 17392 17392 D CrossAppTracking: 🛒 Produit envoyé: Bouton de substitution - Prix: N/A
10-01 12:24:35.573 17392 17392 D AndroidTracking: Event tracked: ADD_TO_CART - {app=Carrefour, packageName=com.carrefour.fid.android, productInfo={cartAction=Ajouter un produit dans le panier, productName=1 produits déjà ajoutés au panier, allTexts=[Bananes Bio Cavendish, le sachet de 5 fruits, PEROU, 1,99, 1 euros et 99 centimes., €, Retirer un produit du panier, 1, 1 produits déjà ajoutés au panier, Ajouter un produit dans le panier]}, eventType=cross_app_cart_update}
10-01 12:24:35.574 17392 17392 D CrossAppTracking: 🛒 Produit envoyé: 1 produits déjà ajoutés au panier - Prix: N/A
10-01 12:24:35.574 17392 17825 D AndroidTracking: Event sent to server successfully
10-01 12:24:35.574 17392 17392 D AndroidTracking: Event tracked: ADD_TO_CART - {app=Carrefour, packageName=com.carrefour.fid.android, productInfo={price=Promotion: -10% Club. vous avez cagnottés0.0€. produits concernés: Kiwi Hayward ., cartAction=-10% Club, productName=-10% Club, allTexts=[Promotion: -10% Club. vous avez cagnottés0.0€. produits concernés: Kiwi Hayward ., -10% Club]}, eventType=cross_app_cart_update}
10-01 12:24:35.580 17392 17392 D CrossAppTracking: 🛒 Produit envoyé: -10% Club - Prix: Promotion: -10% Club. vous avez cagnottés0.0€. produits concernés: Kiwi Hayward .
10-01 12:24:35.585 17392 17392 D AndroidTracking: Event tracked: ADD_TO_CART - {app=Carrefour, packageName=com.carrefour.fid.android, productInfo={productName=2 produits à remplacer, allTexts=[2 produits à remplacer]}, eventType=cross_app_cart_update}
10-01 12:24:35.589 17392 17392 D CrossAppTracking: 🛒 Produit envoyé: 2 produits à remplacer - Prix: N/A
10-01 12:24:35.589 17392 17392 D AndroidTracking: Event tracked: ADD_TO_CART - {app=Carrefour, packageName=com.carrefour.fid.android, productInfo={cartAction=3,38€, price=3,38€, productName=Valider mon panier, allTexts=[Valider mon panier, 3,38€]}, eventType=cross_app_cart_update}
10-01 12:24:35.590 17392 17392 D CrossAppTracking: 🛒 Produit envoyé: Valider mon panier - Prix: 3,38€
10-01 12:24:35.591 17392 17392 D AndroidTracking: Event tracked: ADD_TO_CART - {app=Carrefour, packageName=com.carrefour.fid.android, productInfo={productName=Panier, allTexts=[Panier]}, eventType=cross_app_cart_update}
10-01 12:24:35.593 17392 17392 D CrossAppTracking: 🛒 Produit envoyé: Panier - Prix: N/A
10-01 12:24:35.594 17392 17392 D AndroidTracking: Event tracked: ADD_TO_CART - {app=Carrefour, packageName=com.carrefour.fid.android, productInfo={productName=Supprimer, allTexts=[Supprimer]}, eventType=cross_app_cart_update}
10-01 12:24:35.595 17392 17392 D CrossAppTracking: 🛒 Produit envoyé: Supprimer - Prix: N/A
10-01 12:24:35.596 17392 17392 D AndroidTracking: Event tracked: ADD_TO_CART - {app=Carrefour, packageName=com.carrefour.fid.android, productInfo={cartAction=Ajouter un produit dans le panier, productName=Ajouter un produit dans le panier, allTexts=[Ajouter un produit dans le panier]}, eventType=cross_app_cart_update}
10-01 12:24:35.598 17392 17826 D AndroidTracking: Event sent to server successfully
10-01 12:24:35.599 17392 17392 D CrossAppTracking: 🛒 Produit envoyé: Ajouter un produit dans le panier - Prix: N/A
10-01 12:24:35.602 17392 17392 D AndroidTracking: Event tracked: ADD_TO_CART - {app=Carrefour, packageName=com.carrefour.fid.android, productInfo={cartAction=Retirer un produit du panier, productName=Retirer un produit du panier, allTexts=[Retirer un produit du panier]}, eventType=cross_app_cart_update}
10-01 12:24:35.603 17392 17827 D AndroidTracking: Event sent to server successfully
10-01 12:24:35.613 17392 17392 D CrossAppTracking: 🛒 Produit envoyé: Retirer un produit du panier - Prix: N/A
10-01 12:24:35.615 17392 17695 D AndroidTracking: Event sent to server successfully
10-01 12:24:35.616 17392 17392 D AndroidTracking: Event tracked: ADD_TO_CART - {app=Carrefour, packageName=com.carrefour.fid.android, productInfo={productName=Panier, allTexts=[Panier]}, eventType=cross_app_cart_update}
10-01 12:24:35.618 17392 17392 D CrossAppTracking: 🛒 Produit envoyé: Panier - Prix: N/A
10-01 12:24:35.618 17392 17392 D AndroidTracking: Event tracked: ADD_TO_CART - {app=Carrefour, packageName=com.carrefour.fid.android, productInfo={productName=Supprimer, allTexts=[Supprimer]}, eventType=cross_app_cart_update}
10-01 12:24:35.621 17392 17392 D CrossAppTracking: 🛒 Produit envoyé: Supprimer - Prix: N/A
10-01 12:24:35.626 17392 17392 D AndroidTracking: Event tracked: ADD_TO_CART - {app=Carrefour, packageName=com.carrefour.fid.android, productInfo={productName=Découvrez nos meilleurs alternatives pour remplacer vos produits indisponibles., allTexts=[Découvrez nos meilleurs alternatives pour remplacer vos produits indisponibles.]}, eventType=cross_app_cart_update}
10-01 12:24:35.630 17392 17392 D CrossAppTracking: 🛒 Produit envoyé: Découvrez nos meilleurs alternatives pour remplacer vos produits indisponibles. - Prix: N/A
10-01 12:24:35.632 17392 17641 D AndroidTracking: Event sent to server successfully
10-01 12:24:35.633 17392 17825 D AndroidTracking: Event sent to server successfully
10-01 12:24:35.644 17392 17767 D AndroidTracking: Event sent to server successfully
10-01 12:24:35.646 17392 17826 D AndroidTracking: Event sent to server successfully
10-01 12:24:35.649 17392 17392 D AndroidTracking: Event tracked: ADD_TO_CART - {app=Carrefour, packageName=com.carrefour.fid.android, productInfo={cartAction=Vider tout le panier, productName=Vider tout le panier, allTexts=[Vider tout le panier, Vider tout le panier]}, eventType=cross_app_cart_update}
10-01 12:24:35.650 17392 17392 D CrossAppTracking: 🛒 Produit envoyé: Vider tout le panier - Prix: N/A
10-01 12:24:35.661 17392 17392 D AndroidTracking: Event tracked: ADD_TO_CART - {app=Carrefour, packageName=com.carrefour.fid.android, productInfo={productName=Voir tout, allTexts=[Voir tout]}, eventType=cross_app_cart_update}
10-01 12:24:35.671 17392 17392 D CrossAppTracking: 🛒 Produit envoyé: Voir tout - Prix: N/A
10-01 12:24:35.674 17392 17695 D AndroidTracking: Event sent to server successfully
10-01 12:24:35.677 17392 17827 D AndroidTracking: Event sent to server successfully
10-01 12:24:35.685 17392 17825 D AndroidTracking: Event sent to server successfully
10-01 12:24:35.686 17392 17392 D AndroidTracking: Event tracked: ADD_TO_CART - {app=Carrefour, packageName=com.carrefour.fid.android, productInfo={productName=Poires CARREFOUR BIO, allTexts=[Poires CARREFOUR BIO]}, eventType=cross_app_cart_update}
10-01 12:24:35.691 17392 17392 D CrossAppTracking: 🛒 Produit envoyé: Poires CARREFOUR BIO - Prix: N/A
10-01 12:24:35.694 17392 17641 D AndroidTracking: Event sent to server successfully
10-01 12:24:35.700 17392 17695 D AndroidTracking: Event sent to server successfully
10-01 12:24:35.701 17392 17826 D AndroidTracking: Event sent to server successfully
10-01 12:24:35.706 17392 17392 D AndroidTracking: Event tracked: ADD_TO_CART - {app=Carrefour, packageName=com.carrefour.fid.android, productInfo={cartAction=Ajouter un produit dans le panier, productName=Ajouter un produit dans le panier, allTexts=[Ajouter un produit dans le panier]}, eventType=cross_app_cart_update}
10-01 12:24:35.709 17392 17392 D CrossAppTracking: 🛒 Produit envoyé: Ajouter un produit dans le panier - Prix: N/A
10-01 12:24:35.721 17392 17827 D AndroidTracking: Event sent to server successfully
10-01 12:24:35.725 17392 17825 D AndroidTracking: Event sent to server successfully
10-01 12:24:35.727 17392 17767 D AndroidTracking: Event sent to server successfully
10-01 12:24:35.730 17392 17392 D AndroidTracking: Event tracked: ADD_TO_CART - {app=Carrefour, packageName=com.carrefour.fid.android, productInfo={cartAction=Retirer un produit du panier, productName=Retirer un produit du panier, allTexts=[Retirer un produit du panier]}, eventType=cross_app_cart_update}
10-01 12:24:35.741 17392 17392 D CrossAppTracking: 🛒 Produit envoyé: Retirer un produit du panier - Prix: N/A
10-01 12:24:35.742 17392 17826 D AndroidTracking: Event sent to server successfully
10-01 12:24:35.744 17392 17392 D AndroidTracking: Event tracked: ADD_TO_CART - {app=Carrefour, packageName=com.carrefour.fid.android, productInfo={productName=Ananas en morceaux CARREFOUR LE MARCHE, allTexts=[Ananas en morceaux CARREFOUR LE MARCHE]}, eventType=cross_app_cart_update}
10-01 12:24:35.757 17392 17825 D AndroidTracking: Event sent to server successfully
10-01 12:24:35.759 17392 17392 D CrossAppTracking: 🛒 Produit envoyé: Ananas en morceaux CARREFOUR LE MARCHE - Prix: N/A
10-01 12:24:35.765 17392 17392 D AndroidTracking: Event tracked: CONTENT_CHANGED - {app=Carrefour, packageName=com.carrefour.fid.android, eventType=cross_app_content_change, timestamp=1759314275261}
10-01 12:24:35.781 17392 17826 D AndroidTracking: Event sent to server successfully
10-01 12:24:35.786 17392 17825 D AndroidTracking: Event sent to server successfully
10-01 12:24:35.815 17392 17392 D AndroidTracking: Event tracked: ADD_TO_CART - {app=Carrefour, packageName=com.carrefour.fid.android, productInfo={cartAction=Ajouter un produit dans le panier, productName=1 produits déjà ajoutés au panier, allTexts=[Kiwi Hayward , la pièce, FRANCE, 1,39, 1 euros et 39 centimes., €, Retirer un produit du panier, 1, 1 produits déjà ajoutés au panier, Ajouter un produit dans le panier]}, eventType=cross_app_cart_update}
10-01 12:24:35.816 17392 17392 D CrossAppTracking: 🛒 Produit envoyé: 1 produits déjà ajoutés au panier - Prix: N/A
10-01 12:24:35.838 17392 17825 D AndroidTracking: Event sent to server successfully
10-01 12:24:35.879 17392 17392 D AndroidTracking: Event tracked: ADD_TO_CART - {app=Carrefour, packageName=com.carrefour.fid.android, productInfo={price=Promotion: -10% Club. vous avez cagnottés0.0€. produits concernés: Kiwi Hayward ., cartAction=Vider tout le panier, productName=Découvrez nos meilleurs alternatives pour remplacer vos produits indisponibles., allTexts=[2 produits à remplacer, Découvrez nos meilleurs alternatives pour remplacer vos produits indisponibles., Ananas en morceaux CARREFOUR LE MARCHE, Supprimer, Bouton de substitution, Poires CARREFOUR BIO, Supprimer, Bouton de substitution, Promotion: -10% Club. vous avez cagnottés0.0€. produits concernés: Bananes Bio Cavendish., -10% Club]}, eventType=cross_app_cart_update}
10-01 12:24:35.880 17392 17392 D CrossAppTracking: 🛒 Produit envoyé: Découvrez nos meilleurs alternatives pour remplacer vos produits indisponibles. - Prix: Promotion: -10% Club. vous avez cagnottés0.0€. produits concernés: Kiwi Hayward .
10-01 12:24:35.891 17392 17825 D AndroidTracking: Event sent to server successfully
10-01 12:24:35.944 17392 17392 D AndroidTracking: Event tracked: ADD_TO_CART - {app=Carrefour, packageName=com.carrefour.fid.android, productInfo={cartAction=Ajouter un produit dans le panier, productName=1 produits déjà ajoutés au panier, allTexts=[Bananes Bio Cavendish, le sachet de 5 fruits, PEROU, 1,99, 1 euros et 99 centimes., €, Retirer un produit du panier, 1, 1 produits déjà ajoutés au panier, Ajouter un produit dans le panier]}, eventType=cross_app_cart_update}
10-01 12:24:35.950 17392 17392 D CrossAppTracking: 🛒 Produit envoyé: 1 produits déjà ajoutés au panier - Prix: N/A
10-01 12:24:36.000 17392 17825 D AndroidTracking: Event sent to server successfully
10-01 12:24:36.056 17392 17392 D AndroidTracking: Event tracked: ADD_TO_CART - {app=Carrefour, packageName=com.carrefour.fid.android, productInfo={price=3,38€, cartAction=3,38€, productName=Découvrez nos meilleurs alternatives pour remplacer vos produits indisponibles., allTexts=[2 produits à remplacer, Découvrez nos meilleurs alternatives pour remplacer vos produits indisponibles., Ananas en morceaux CARREFOUR LE MARCHE, Supprimer, Bouton de substitution, Poires CARREFOUR BIO, Supprimer, Bouton de substitution, Promotion: -10% Club. vous avez cagnottés0.0€. produits concernés: Bananes Bio Cavendish., -10% Club]}, eventType=cross_app_cart_update}
10-01 12:24:36.057 17392 17392 D CrossAppTracking: 🛒 Produit envoyé: Découvrez nos meilleurs alternatives pour remplacer vos produits indisponibles. - Prix: 3,38€
10-01 12:24:36.061 17392 17392 D AndroidTracking: Event tracked: CONTENT_CHANGED - {app=Carrefour, packageName=com.carrefour.fid.android, eventType=cross_app_content_change, timestamp=1759314275557}
10-01 12:24:36.110 17392 17826 D AndroidTracking: Event sent to server successfully
10-01 12:24:36.114 17392 17825 D AndroidTracking: Event sent to server successfully
10-01 12:24:40.781 17392 17392 D CrossAppTracking: 📱 Événement reçu: 1 - com.carrefour.fid.android
10-01 12:24:40.782 17392 17392 D CrossAppTracking: ✅ App ciblée détectée: com.carrefour.fid.android
10-01 12:24:41.285 17392 17392 D AndroidTracking: Event tracked: VIEW_CLICKED - {app=Carrefour, packageName=com.carrefour.fid.android, element={className=android.view.View, contentDescription=Retirer un produit du panier, text=, resourceId=, clickable=false, bounds={left=826, top=1284, right=889, bottom=1347}}, eventType=cross_app_click, timestamp=1759314280782}
10-01 12:24:41.289 17392 17392 D CrossAppTracking: Click envoyé dans Carrefour: {className=android.view.View, contentDescription=Retirer un produit du panier, text=, resourceId=, clickable=false, bounds={left=826, top=1284, right=889, bottom=1347}}
10-01 12:24:41.301 17392 17826 D AndroidTracking: Event sent to server successfully
10-01 12:24:41.950 17392 17392 D CrossAppTracking: 📱 Événement reçu: 2048 - com.android.systemui
10-01 12:24:41.951 17392 17392 D CrossAppTracking: ❌ App non ciblée: com.android.systemui
10-01 12:25:00.144 17392 17392 D CrossAppTracking: 📱 Événement reçu: 2048 - com.android.systemui
10-01 12:25:00.144 17392 17392 D CrossAppTracking: ❌ App non ciblée: com.android.systemui
10-01 12:25:00.245 17392 17392 D CrossAppTracking: 📱 Événement reçu: 2048 - com.android.systemui
10-01 12:25:00.246 17392 17392 D CrossAppTracking: ❌ App non ciblée: com.android.systemui
10-01 12:25:01.961 17392 17392 D CrossAppTracking: 📱 Événement reçu: 2048 - com.android.systemui
10-01 12:25:01.961 17392 17392 D CrossAppTracking: ❌ App non ciblée: com.android.systemui
10-01 12:25:41.949 17392 17392 D CrossAppTracking: 📱 Événement reçu: 2048 - com.android.systemui
10-01 12:25:41.949 17392 17392 D CrossAppTracking: ❌ App non ciblée: com.android.systemui
10-01 12:26:00.121 17392 17392 D CrossAppTracking: 📱 Événement reçu: 2048 - com.android.systemui
10-01 12:26:00.121 17392 17392 D CrossAppTracking: ❌ App non ciblée: com.android.systemui
10-01 12:26:00.225 17392 17392 D CrossAppTracking: 📱 Événement reçu: 2048 - com.android.systemui
10-01 12:26:00.225 17392 17392 D CrossAppTracking: ❌ App non ciblée: com.android.systemui
10-01 12:26:21.954 17392 17392 D CrossAppTracking: 📱 Événement reçu: 2048 - com.android.systemui
10-01 12:26:21.954 17392 17392 D CrossAppTracking: ❌ App non ciblée: com.android.systemui
10-01 12:27:00.122 17392 17392 D CrossAppTracking: 📱 Événement reçu: 2048 - com.android.systemui
10-01 12:27:00.122 17392 17392 D CrossAppTracking: ❌ App non ciblée: com.android.systemui
10-01 12:27:00.228 17392 17392 D CrossAppTracking: 📱 Événement reçu: 2048 - com.android.systemui
10-01 12:27:00.229 17392 17392 D CrossAppTracking: ❌ App non ciblée: com.android.systemui
10-01 12:27:06.305 17882 17882 D AndroidTracking: Event tracked: SESSION_START - {platform=android_native, sessionId=android_session_1759314426281_036ecb53, deviceInfo={manufacturer=Google, model=sdk_gphone64_x86_64, version=16, sdk=36, screenDensity=2.625, screenWidth=1080, screenHeight=2337}}
10-01 12:27:06.377 17882 17882 D CrossAppTracking: ========================================
10-01 12:27:06.378 17882 17882 D CrossAppTracking: Service de tracking cross-app démarré
10-01 12:27:06.378 17882 17882 D CrossAppTracking: 📦 Build: 2025-10-01 11:47 - Foreground Service v1.0
10-01 12:27:06.378 17882 17882 D CrossAppTracking: ========================================
10-01 12:27:06.486 17882 17882 D CrossAppTracking: ✅ Service démarré en foreground (ne sera pas gelé)
10-01 12:27:06.543 17882 17939 D AndroidTracking: Event sent to server successfully
10-01 12:27:06.573 17882 17882 D CrossAppTracking: 🚀 Accessibility Service connecté !
10-01 12:27:06.588 17882 17882 D CrossAppTracking: Service d'accessibilité configuré pour TOUTES les apps
10-01 12:27:06.589 17882 17882 D CrossAppTracking: 📋 Event types: -1
10-01 12:27:06.589 17882 17882 D CrossAppTracking: 📋 Flags: 80
10-01 12:27:12.115 17882 17882 D CrossAppTracking: 📱 Événement reçu: 2048 - com.android.systemui
10-01 12:27:12.115 17882 17882 D CrossAppTracking: ❌ App non ciblée: com.android.systemui
10-01 12:27:16.866 17882 17882 D CrossAppTracking: 📱 Événement reçu: 64 - com.bascule.leclerctracking
10-01 12:27:16.866 17882 17882 D CrossAppTracking: ✅ App ciblée détectée: com.bascule.leclerctracking
10-01 12:27:17.328 17882 17882 D CrossAppTracking: 📱 Événement reçu: 2048 - com.android.systemui
10-01 12:27:17.328 17882 17882 D CrossAppTracking: ❌ App non ciblée: com.android.systemui
10-01 12:27:17.432 17882 17882 D CrossAppTracking: 📱 Événement reçu: 2048 - com.android.systemui
10-01 12:27:17.432 17882 17882 D CrossAppTracking: ❌ App non ciblée: com.android.systemui
10-01 12:27:17.575 17882 17882 D CrossAppTracking: 📱 Événement reçu: 2048 - com.android.systemui
10-01 12:27:17.575 17882 17882 D CrossAppTracking: ❌ App non ciblée: com.android.systemui
10-01 12:27:29.491 18013 18013 D AndroidTracking: Event tracked: SESSION_START - {platform=android_native, sessionId=android_session_1759314449470_6b9d2917, deviceInfo={manufacturer=Google, model=sdk_gphone64_x86_64, version=16, sdk=36, screenDensity=2.625, screenWidth=1080, screenHeight=2337}}
10-01 12:27:29.584 18013 18013 D CrossAppTracking: ========================================
10-01 12:27:29.584 18013 18013 D CrossAppTracking: Service de tracking cross-app démarré
10-01 12:27:29.584 18013 18013 D CrossAppTracking: 📦 Build: 2025-10-01 11:47 - Foreground Service v1.0
10-01 12:27:29.584 18013 18013 D CrossAppTracking: ========================================
10-01 12:27:29.692 18013 18013 D CrossAppTracking: ✅ Service démarré en foreground (ne sera pas gelé)
10-01 12:27:29.824 18013 18013 D CrossAppTracking: 🚀 Accessibility Service connecté !
10-01 12:27:29.869 18013 18013 D CrossAppTracking: Service d'accessibilité configuré pour TOUTES les apps
10-01 12:27:29.870 18013 18013 D CrossAppTracking: 📋 Event types: -1
10-01 12:27:29.870 18013 18013 D CrossAppTracking: 📋 Flags: 80
10-01 12:27:29.940 18013 18029 D AndroidTracking: Event sent to server successfully
10-01 12:27:30.101 18013 18013 D CrossAppTracking: 📱 Événement reçu: 2048 - com.android.settings
10-01 12:27:30.101 18013 18013 D CrossAppTracking: ✅ App ciblée détectée: com.android.settings
10-01 12:27:30.791 18013 18013 D CrossAppTracking: 📱 Événement reçu: 64 - com.bascule.leclerctracking
10-01 12:27:30.793 18013 18013 D CrossAppTracking: ✅ App ciblée détectée: com.bascule.leclerctracking
10-01 12:27:30.793 18013 18013 D CrossAppTracking: 📱 Événement reçu: 32 - com.android.settings
10-01 12:27:30.793 18013 18013 D CrossAppTracking: ✅ App ciblée détectée: com.android.settings
10-01 12:27:30.861 18013 18013 D CrossAppTracking: 📱 Événement reçu: 8 - com.android.settings
10-01 12:27:30.861 18013 18013 D CrossAppTracking: ✅ App ciblée détectée: com.android.settings
10-01 12:27:30.862 18013 18013 D CrossAppTracking: 📱 Événement reçu: 2048 - com.android.settings
10-01 12:27:30.862 18013 18013 D CrossAppTracking: ✅ App ciblée détectée: com.android.settings
10-01 12:27:30.886 18013 18013 D CrossAppTracking: 📱 Événement reçu: 2048 - com.android.systemui
10-01 12:27:30.886 18013 18013 D CrossAppTracking: ❌ App non ciblée: com.android.systemui
10-01 12:27:30.886 18013 18013 D CrossAppTracking: 📱 Événement reçu: 2048 - com.android.settings
10-01 12:27:30.886 18013 18013 D CrossAppTracking: ✅ App ciblée détectée: com.android.settings
10-01 12:27:30.915 18013 18013 D CrossAppTracking: 📱 Événement reçu: 2048 - com.android.systemui
10-01 12:27:30.916 18013 18013 D CrossAppTracking: ❌ App non ciblée: com.android.systemui
10-01 12:27:30.916 18013 18013 D CrossAppTracking: 📱 Événement reçu: 2048 - com.android.settings
10-01 12:27:30.916 18013 18013 D CrossAppTracking: ✅ App ciblée détectée: com.android.settings
10-01 12:27:30.941 18013 18013 D CrossAppTracking: 📱 Événement reçu: 2048 - com.android.systemui
10-01 12:27:30.941 18013 18013 D CrossAppTracking: ❌ App non ciblée: com.android.systemui
10-01 12:27:30.941 18013 18013 D CrossAppTracking: 📱 Événement reçu: 2048 - com.android.settings
10-01 12:27:30.941 18013 18013 D CrossAppTracking: ✅ App ciblée détectée: com.android.settings
10-01 12:27:31.294 18013 18013 D AndroidTracking: Event tracked: ADD_TO_CART - {app=com.android.settings, packageName=com.android.settings, productInfo={cartAction=Bascule Cross-App Tracking, productName=Off / Speak items on screen, allTexts=[Accessibility, Navigate up, Accessibility, Downloaded apps, Bascule Cross-App Tracking, Off, Screen reader, TalkBack, Off / Speak items on screen, Display]}, eventType=cross_app_cart_update}
10-01 12:27:31.298 18013 18013 D CrossAppTracking: 🛒 Produit envoyé: Off / Speak items on screen - Prix: N/A
10-01 12:27:31.313 18013 18029 D AndroidTracking: Event sent to server successfully
10-01 12:27:31.364 18013 18013 D AndroidTracking: Event tracked: ADD_TO_CART - {app=com.android.settings, packageName=com.android.settings, productInfo={cartAction=Bascule Cross-App Tracking, productName=Off / Control device via large menu, allTexts=[Accessibility, Navigate up, Accessibility, Downloaded apps, Bascule Cross-App Tracking, On, Screen reader, TalkBack, Off / Speak items on screen, Display]}, eventType=cross_app_cart_update}
10-01 12:27:31.366 18013 18013 D CrossAppTracking: 🛒 Produit envoyé: Off / Control device via large menu - Prix: N/A
10-01 12:27:31.381 18013 18029 D AndroidTracking: Event sent to server successfully
10-01 12:27:31.388 18013 18013 D AndroidTracking: Event tracked: ADD_TO_CART - {app=com.android.settings, packageName=com.android.settings, productInfo={cartAction=Bascule Cross-App Tracking, productName=Off / Control device via large menu, allTexts=[Downloaded apps, Bascule Cross-App Tracking, On, Screen reader, TalkBack, Off / Speak items on screen, Display, Display size and text, Color and motion, Magnification]}, eventType=cross_app_cart_update}
10-01 12:27:31.389 18013 18013 D CrossAppTracking: 🛒 Produit envoyé: Off / Control device via large menu - Prix: N/A
10-01 12:27:31.399 18013 18029 D AndroidTracking: Event sent to server successfully
10-01 12:27:31.417 18013 18013 D AndroidTracking: Event tracked: ADD_TO_CART - {app=com.android.settings, packageName=com.android.settings, productInfo={cartAction=Bascule Cross-App Tracking, productName=Off / Control device via large menu, allTexts=[Downloaded apps, Bascule Cross-App Tracking, On, Screen reader, TalkBack, Off / Speak items on screen, Display, Display size and text, Color and motion, Magnification]}, eventType=cross_app_cart_update}
10-01 12:27:31.422 18013 18013 D CrossAppTracking: 🛒 Produit envoyé: Off / Control device via large menu - Prix: N/A
10-01 12:27:31.432 18013 18029 D AndroidTracking: Event sent to server successfully
10-01 12:27:31.444 18013 18013 D AndroidTracking: Event tracked: ADD_TO_CART - {app=com.android.settings, packageName=com.android.settings, productInfo={cartAction=Bascule Cross-App Tracking, productName=Off / Control device via large menu, allTexts=[Downloaded apps, Bascule Cross-App Tracking, On, Screen reader, TalkBack, Off / Speak items on screen, Display, Display size and text, Color and motion, Magnification]}, eventType=cross_app_cart_update}
10-01 12:27:31.447 18013 18013 D CrossAppTracking: 🛒 Produit envoyé: Off / Control device via large menu - Prix: N/A
10-01 12:27:31.457 18013 18029 D AndroidTracking: Event sent to server successfully
10-01 12:27:31.461 18013 18013 D AndroidTracking: Event tracked: ADD_TO_CART - {app=com.android.settings, packageName=com.android.settings, productInfo={cartAction=Bascule Cross-App Tracking, productName=Off / Control device via large menu, allTexts=[Downloaded apps, Bascule Cross-App Tracking, On, Screen reader, TalkBack, Off / Speak items on screen, Display, Display size and text, Color and motion, Magnification]}, eventType=cross_app_cart_update}
10-01 12:27:31.464 18013 18013 D CrossAppTracking: 🛒 Produit envoyé: Off / Control device via large menu - Prix: N/A
10-01 12:27:31.475 18013 18029 D AndroidTracking: Event sent to server successfully
10-01 12:27:36.835 18013 18013 D CrossAppTracking: 📱 Événement reçu: 2048 - com.google.android.apps.nexuslauncher
10-01 12:27:36.835 18013 18013 D CrossAppTracking: ✅ App ciblée détectée: com.google.android.apps.nexuslauncher
10-01 12:27:37.392 18013 18013 D CrossAppTracking: 📱 Événement reçu: 2048 - com.google.android.apps.nexuslauncher
10-01 12:27:37.392 18013 18013 D CrossAppTracking: ✅ App ciblée détectée: com.google.android.apps.nexuslauncher
10-01 12:27:37.467 18013 18013 D CrossAppTracking: 📱 Événement reçu: 2048 - com.google.android.apps.nexuslauncher
10-01 12:27:37.467 18013 18013 D CrossAppTracking: ✅ App ciblée détectée: com.google.android.apps.nexuslauncher
10-01 12:27:37.558 18013 18013 D CrossAppTracking: 📱 Événement reçu: 32 - com.google.android.apps.nexuslauncher
10-01 12:27:37.558 18013 18013 D CrossAppTracking: ✅ App ciblée détectée: com.google.android.apps.nexuslauncher
10-01 12:27:37.608 18013 18013 D CrossAppTracking: 📱 Événement reçu: 2048 - com.google.android.apps.nexuslauncher
10-01 12:27:37.608 18013 18013 D CrossAppTracking: ✅ App ciblée détectée: com.google.android.apps.nexuslauncher
10-01 12:27:37.697 18013 18013 D CrossAppTracking: 📱 Événement reçu: 2048 - com.google.android.apps.nexuslauncher
10-01 12:27:37.697 18013 18013 D CrossAppTracking: ✅ App ciblée détectée: com.google.android.apps.nexuslauncher
10-01 12:27:37.723 18013 18013 D CrossAppTracking: 📱 Événement reçu: 2048 - com.google.android.apps.nexuslauncher
10-01 12:27:37.723 18013 18013 D CrossAppTracking: ✅ App ciblée détectée: com.google.android.apps.nexuslauncher
10-01 12:27:37.894 18013 18013 D AndroidTracking: Event tracked: ADD_TO_CART - {app=com.google.android.apps.nexuslauncher, packageName=com.google.android.apps.nexuslauncher, productInfo={cartAction=Bascule Cross-App Tracking, productName=Predicted app: Bascule Cross-App Tracking, allTexts=[At a glance, Wed, Oct 1, Wed, Oct 1, Play Store, Play Store, Gmail, Gmail, Photos, Photos, YouTube]}, eventType=cross_app_cart_update}
10-01 12:27:37.895 18013 18013 D CrossAppTracking: 🛒 Produit envoyé: Predicted app: Bascule Cross-App Tracking - Prix: N/A
10-01 12:27:37.930 18013 18029 D AndroidTracking: Event sent to server successfully
10-01 12:27:37.968 18013 18013 D AndroidTracking: Event tracked: ADD_TO_CART - {app=com.google.android.apps.nexuslauncher, packageName=com.google.android.apps.nexuslauncher, productInfo={cartAction=Bascule Cross-App Tracking, productName=Predicted app: Bascule Cross-App Tracking, allTexts=[At a glance, Wed, Oct 1, Wed, Oct 1, Play Store, Play Store, Gmail, Gmail, Photos, Photos, YouTube]}, eventType=cross_app_cart_update}
10-01 12:27:37.970 18013 18013 D CrossAppTracking: 🛒 Produit envoyé: Predicted app: Bascule Cross-App Tracking - Prix: N/A
10-01 12:27:37.983 18013 18029 D AndroidTracking: Event sent to server successfully
10-01 12:27:38.059 18013 18013 D AndroidTracking: Event tracked: ADD_TO_CART - {app=com.google.android.apps.nexuslauncher, packageName=com.google.android.apps.nexuslauncher, productInfo={cartAction=Bascule Cross-App Tracking, productName=Predicted app: Bascule Cross-App Tracking, allTexts=[At a glance, Wed, Oct 1, Wed, Oct 1, Play Store, Play Store, Gmail, Gmail, Photos, Photos, YouTube]}, eventType=cross_app_cart_update}
10-01 12:27:38.061 18013 18013 D CrossAppTracking: 🛒 Produit envoyé: Predicted app: Bascule Cross-App Tracking - Prix: N/A
10-01 12:27:38.077 18013 18029 D AndroidTracking: Event sent to server successfully
10-01 12:27:38.111 18013 18013 D AndroidTracking: Event tracked: ADD_TO_CART - {app=com.google.android.apps.nexuslauncher, packageName=com.google.android.apps.nexuslauncher, productInfo={cartAction=Bascule Cross-App Tracking, productName=Predicted app: Bascule Cross-App Tracking, allTexts=[At a glance, Wed, Oct 1, Wed, Oct 1, Play Store, Play Store, Gmail, Gmail, Photos, Photos, YouTube]}, eventType=cross_app_cart_update}
10-01 12:27:38.113 18013 18013 D CrossAppTracking: 🛒 Produit envoyé: Predicted app: Bascule Cross-App Tracking - Prix: N/A
10-01 12:27:38.128 18013 18029 D AndroidTracking: Event sent to server successfully
10-01 12:27:38.197 18013 18013 D AndroidTracking: Event tracked: ADD_TO_CART - {app=com.google.android.apps.nexuslauncher, packageName=com.google.android.apps.nexuslauncher, productInfo={cartAction=Bascule Cross-App Tracking, productName=Predicted app: Bascule Cross-App Tracking, allTexts=[At a glance, Wed, Oct 1, Wed, Oct 1, Play Store, Play Store, Gmail, Gmail, Photos, Photos, YouTube]}, eventType=cross_app_cart_update}
10-01 12:27:38.199 18013 18013 D CrossAppTracking: 🛒 Produit envoyé: Predicted app: Bascule Cross-App Tracking - Prix: N/A
10-01 12:27:38.211 18013 18029 D AndroidTracking: Event sent to server successfully
10-01 12:27:38.227 18013 18013 D AndroidTracking: Event tracked: ADD_TO_CART - {app=com.google.android.apps.nexuslauncher, packageName=com.google.android.apps.nexuslauncher, productInfo={cartAction=Bascule Cross-App Tracking, productName=Predicted app: Bascule Cross-App Tracking, allTexts=[At a glance, Wed, Oct 1, Wed, Oct 1, Play Store, Play Store, Gmail, Gmail, Photos, Photos, YouTube]}, eventType=cross_app_cart_update}
10-01 12:27:38.233 18013 18013 D CrossAppTracking: 🛒 Produit envoyé: Predicted app: Bascule Cross-App Tracking - Prix: N/A
10-01 12:27:38.302 18013 18029 D AndroidTracking: Event sent to server successfully
10-01 12:27:38.304 18013 18013 D AndroidTracking: Event tracked: ADD_TO_CART - {app=com.google.android.apps.nexuslauncher, packageName=com.google.android.apps.nexuslauncher, productInfo={cartAction=Bascule Cross-App Tracking, productName=Predicted app: Bascule Cross-App Tracking, allTexts=[At a glance, Wed, Oct 1, Wed, Oct 1, Play Store, Play Store, Gmail, Gmail, Photos, Photos, YouTube]}, eventType=cross_app_cart_update}
10-01 12:27:38.311 18013 18013 D CrossAppTracking: 🛒 Produit envoyé: Predicted app: Bascule Cross-App Tracking - Prix: N/A
10-01 12:27:38.348 18013 18045 D AndroidTracking: Event sent to server successfully
10-01 12:27:40.568 18013 18013 D CrossAppTracking: 📱 Événement reçu: 32 - com.bascule.leclerctracking
10-01 12:27:40.568 18013 18013 D CrossAppTracking: ✅ App ciblée détectée: com.bascule.leclerctracking
10-01 12:27:40.816 18013 18013 D CrossAppTracking: 📱 Événement reçu: 2048 - com.bascule.leclerctracking
10-01 12:27:40.816 18013 18013 D CrossAppTracking: ✅ App ciblée détectée: com.bascule.leclerctracking
10-01 12:27:41.051 18013 18013 D CrossAppTracking: 📱 Événement reçu: 32 - com.bascule.leclerctracking
10-01 12:27:41.051 18013 18013 D CrossAppTracking: ✅ App ciblée détectée: com.bascule.leclerctracking
10-01 12:27:41.421 18013 18013 D AndroidTracking: Event tracked: ADD_TO_CART - {app=com.bascule.leclerctracking, packageName=com.bascule.leclerctracking, productInfo={cartAction=En activant ce service, vous acceptez que Bascule analyse vos interactions dans les apps e-commerce pour améliorer l'expérience utilisateur. Aucune donnée personnelle n'est collectée., productName=Cette application peut analyser vos interactions sur les apps e-commerce 
10-01 12:27:41.421 18013 18013 D AndroidTracking: pour améliorer votre expérience d'achat.
10-01 12:27:41.421 18013 18013 D AndroidTracking: 
10-01 12:27:41.421 18013 18013 D AndroidTracking: Apps supportées:
10-01 12:27:41.421 18013 18013 D AndroidTracking: • E.Leclerc Drive
10-01 12:27:41.421 18013 18013 D AndroidTracking: • Carrefour
10-01 12:27:41.421 18013 18013 D AndroidTracking: • Auchan Drive  
10-01 12:27:41.421 18013 18013 D AndroidTracking: • Casino Drive
10-01 12:27:41.421 18013 18013 D AndroidTracking: • Amazon Shopping
10-01 12:27:41.421 18013 18013 D AndroidTracking: • Cdiscount
10-01 12:27:41.421 18013 18013 D AndroidTracking: • Monoprix
10-01 12:27:41.421 18013 18013 D AndroidTracking: 
10-01 12:27:41.421 18013 18013 D AndroidTracking: Vos données restent privées et anonymes., allTexts=[Bascule Cross-App Tracking, ✅ Service activé - Tracking cross-app fonctionnel, 📱 Tracking Cross-App, Cette application peut analyser vos interactions sur les apps e-commerce 
10-01 12:27:41.421 18013 18013 D AndroidTracking: pour améliorer votre expérience d'achat.
10-01 12:27:41.421 18013 18013 D AndroidTracking: 
10-01 12:27:41.421 18013 18013 D AndroidTracking: Apps supportées:
10-01 12:27:41.421 18013 18013 D AndroidTracking: • E.Leclerc Drive
10-01 12:27:41.421 18013 18013 D AndroidTracking: • Carrefour
10-01 12:27:41.421 18013 18013 D AndroidTracking: • Auchan Drive  
10-01 12:27:41.421 18013 18013 D AndroidTracking: • Casino Drive
10-01 12:27:41.421 18013 18013 D AndroidTracking: • Amazon Shopping
10-01 12:27:41.421 18013 18013 D AndroidTracking: • Cdiscount
10-01 12:27:41.421 18013 18013 D AndroidTracking: • Monoprix
10-01 12:27:41.421 18013 18013 D AndroidTracking: 
10-01 12:27:41.421 18013 18013 D AndroidTracking: Vos données restent privées et anonymes., 🔒 Confidentialité et Permissions, Permissions requises:
10-01 12:27:41.421 18013 18013 D AndroidTracking: 
10-01 12:27:41.421 18013 18013 D AndroidTracking: 🔍 Service d'Accessibilité
10-01 12:27:41.421 18013 18013 D AndroidTracking: Permet de détecter les interactions dans les autres apps
10-01 12:27:41.421 18013 18013 D AndroidTracking: 
10-01 12:27:41.421 18013 18013 D AndroidTracking: 🔒 Confidentialité Garantie
10-01 12:27:41.421 18013 18013 D AndroidTracking: • Aucune donnée personnelle collectée
10-01 12:27:41.421 18013 18013 D AndroidTracking: • Pas d'accès aux mots de passe
10-01 12:27:41.421 18013 18013 D AndroidTracking: • Tracking anonyme uniquement
10-01 12:27:41.421 18013 18013 D AndroidTracking: • Données stockées localement, DÉSACTIVER LE SERVICE, OUVRIR PARAMÈTRES D'ACCESSIBILITÉ, MODE INTRA-APP SEULEMENT, 🧪 TEST AUTOMATIQUE CARREFOUR]}, eventType=cross_app_cart_update}
10-01 12:27:41.428 18013 18013 D CrossAppTracking: 🛒 Produit envoyé: Cette application peut analyser vos interactions sur les apps e-commerce 
10-01 12:27:41.428 18013 18013 D CrossAppTracking: pour améliorer votre expérience d'achat.
10-01 12:27:41.428 18013 18013 D CrossAppTracking: 
10-01 12:27:41.428 18013 18013 D CrossAppTracking: Apps supportées:
10-01 12:27:41.428 18013 18013 D CrossAppTracking: • E.Leclerc Drive
10-01 12:27:41.428 18013 18013 D CrossAppTracking: • Carrefour
10-01 12:27:41.428 18013 18013 D CrossAppTracking: • Auchan Drive  
10-01 12:27:41.428 18013 18013 D CrossAppTracking: • Casino Drive
10-01 12:27:41.428 18013 18013 D CrossAppTracking: • Amazon Shopping
10-01 12:27:41.428 18013 18013 D CrossAppTracking: • Cdiscount
10-01 12:27:41.428 18013 18013 D CrossAppTracking: • Monoprix
10-01 12:27:41.428 18013 18013 D CrossAppTracking: 
10-01 12:27:41.428 18013 18013 D CrossAppTracking: Vos données restent privées et anonymes. - Prix: N/A
10-01 12:27:41.455 18013 18045 D AndroidTracking: Event sent to server successfully
10-01 12:27:41.729 18013 18013 D AndroidTracking: Event tracked: ADD_TO_CART - {app=com.bascule.leclerctracking, packageName=com.bascule.leclerctracking, productInfo={cartAction=En activant ce service, vous acceptez que Bascule analyse vos interactions dans les apps e-commerce pour améliorer l'expérience utilisateur. Aucune donnée personnelle n'est collectée., productName=Cette application peut analyser vos interactions sur les apps e-commerce 
10-01 12:27:41.729 18013 18013 D AndroidTracking: pour améliorer votre expérience d'achat.
10-01 12:27:41.729 18013 18013 D AndroidTracking: 
10-01 12:27:41.729 18013 18013 D AndroidTracking: Apps supportées:
10-01 12:27:41.729 18013 18013 D AndroidTracking: • E.Leclerc Drive
10-01 12:27:41.729 18013 18013 D AndroidTracking: • Carrefour
10-01 12:27:41.729 18013 18013 D AndroidTracking: • Auchan Drive  
10-01 12:27:41.729 18013 18013 D AndroidTracking: • Casino Drive
10-01 12:27:41.729 18013 18013 D AndroidTracking: • Amazon Shopping
10-01 12:27:41.729 18013 18013 D AndroidTracking: • Cdiscount
10-01 12:27:41.729 18013 18013 D AndroidTracking: • Monoprix
10-01 12:27:41.729 18013 18013 D AndroidTracking: 
10-01 12:27:41.729 18013 18013 D AndroidTracking: Vos données restent privées et anonymes., allTexts=[Bascule Cross-App Tracking, ✅ Service activé - Tracking cross-app fonctionnel, 📱 Tracking Cross-App, Cette application peut analyser vos interactions sur les apps e-commerce 
10-01 12:27:41.729 18013 18013 D AndroidTracking: pour améliorer votre expérience d'achat.
10-01 12:27:41.729 18013 18013 D AndroidTracking: 
10-01 12:27:41.729 18013 18013 D AndroidTracking: Apps supportées:
