10-01 12:16:31.110 16673 16673 D AndroidTracking: 
10-01 12:16:31.110 16673 16673 D AndroidTracking: Apps supportées:
10-01 12:16:31.110 16673 16673 D AndroidTracking: • E.Leclerc Drive
10-01 12:16:31.110 16673 16673 D AndroidTracking: • Carrefour
10-01 12:16:31.110 16673 16673 D AndroidTracking: • Auchan Drive  
10-01 12:16:31.110 16673 16673 D AndroidTracking: • Casino Drive
10-01 12:16:31.110 16673 16673 D AndroidTracking: • Amazon Shopping
10-01 12:16:31.110 16673 16673 D AndroidTracking: • Cdiscount
10-01 12:16:31.110 16673 16673 D AndroidTracking: • Monoprix
10-01 12:16:31.110 16673 16673 D AndroidTracking: 
10-01 12:16:31.110 16673 16673 D AndroidTracking: Vos données restent privées et anonymes., allTexts=[Bascule Cross-App Tracking, ✅ Service activé - Tracking cross-app fonctionnel, 📱 Tracking Cross-App, Cette application peut analyser vos interactions sur les apps e-commerce 
10-01 12:16:31.110 16673 16673 D AndroidTracking: pour améliorer votre expérience d'achat.
10-01 12:16:31.110 16673 16673 D AndroidTracking: 
10-01 12:16:31.110 16673 16673 D AndroidTracking: Apps supportées:
10-01 12:16:31.110 16673 16673 D AndroidTracking: • E.Leclerc Drive
10-01 12:16:31.110 16673 16673 D AndroidTracking: • Carrefour
10-01 12:16:31.110 16673 16673 D AndroidTracking: • Auchan Drive  
10-01 12:16:31.110 16673 16673 D AndroidTracking: • Casino Drive
10-01 12:16:31.110 16673 16673 D AndroidTracking: • Amazon Shopping
10-01 12:16:31.110 16673 16673 D AndroidTracking: • Cdiscount
10-01 12:16:31.110 16673 16673 D AndroidTracking: • Monoprix
10-01 12:16:31.110 16673 16673 D AndroidTracking: 
10-01 12:16:31.110 16673 16673 D AndroidTracking: Vos données restent privées et anonymes., 🔒 Confidentialité et Permissions, Permissions requises:
10-01 12:16:31.110 16673 16673 D AndroidTracking: 
10-01 12:16:31.110 16673 16673 D AndroidTracking: 🔍 Service d'Accessibilité
10-01 12:16:31.110 16673 16673 D AndroidTracking: Permet de détecter les interactions dans les autres apps
10-01 12:16:31.110 16673 16673 D AndroidTracking: 
10-01 12:16:31.110 16673 16673 D AndroidTracking: 🔒 Confidentialité Garantie
10-01 12:16:31.110 16673 16673 D AndroidTracking: • Aucune donnée personnelle collectée
10-01 12:16:31.110 16673 16673 D AndroidTracking: • Pas d'accès aux mots de passe
10-01 12:16:31.110 16673 16673 D AndroidTracking: • Tracking anonyme uniquement
10-01 12:16:31.110 16673 16673 D AndroidTracking: • Données stockées localement, DÉSACTIVER LE SERVICE, OUVRIR PARAMÈTRES D'ACCESSIBILITÉ, MODE INTRA-APP SEULEMENT, 🧪 TEST AUTOMATIQUE CARREFOUR]}, eventType=cross_app_cart_update}
10-01 12:16:31.111 16673 16673 D CrossAppTracking: 🛒 Produit envoyé: Cette application peut analyser vos interactions sur les apps e-commerce 
10-01 12:16:31.111 16673 16673 D CrossAppTracking: pour améliorer votre expérience d'achat.
10-01 12:16:31.111 16673 16673 D CrossAppTracking: 
10-01 12:16:31.111 16673 16673 D CrossAppTracking: Apps supportées:
10-01 12:16:31.111 16673 16673 D CrossAppTracking: • E.Leclerc Drive
10-01 12:16:31.111 16673 16673 D CrossAppTracking: • Carrefour
10-01 12:16:31.111 16673 16673 D CrossAppTracking: • Auchan Drive  
10-01 12:16:31.111 16673 16673 D CrossAppTracking: • Casino Drive
10-01 12:16:31.111 16673 16673 D CrossAppTracking: • Amazon Shopping
10-01 12:16:31.111 16673 16673 D CrossAppTracking: • Cdiscount
10-01 12:16:31.111 16673 16673 D CrossAppTracking: • Monoprix
10-01 12:16:31.111 16673 16673 D CrossAppTracking: 
10-01 12:16:31.111 16673 16673 D CrossAppTracking: Vos données restent privées et anonymes. - Prix: N/A
10-01 12:16:31.124 16673 16932 D AndroidTracking: Event sent to server successfully
10-01 12:16:31.165 16673 16673 D AndroidTracking: Event tracked: ADD_TO_CART - {app=com.bascule.leclerctracking, packageName=com.bascule.leclerctracking, productInfo={cartAction=En activant ce service, vous acceptez que Bascule analyse vos interactions dans les apps e-commerce pour améliorer l'expérience utilisateur. Aucune donnée personnelle n'est collectée., productName=Cette application peut analyser vos interactions sur les apps e-commerce 
10-01 12:16:31.165 16673 16673 D AndroidTracking: pour améliorer votre expérience d'achat.
10-01 12:16:31.165 16673 16673 D AndroidTracking: 
10-01 12:16:31.165 16673 16673 D AndroidTracking: Apps supportées:
10-01 12:16:31.165 16673 16673 D AndroidTracking: • E.Leclerc Drive
10-01 12:16:31.165 16673 16673 D AndroidTracking: • Carrefour
10-01 12:16:31.165 16673 16673 D AndroidTracking: • Auchan Drive  
10-01 12:16:31.165 16673 16673 D AndroidTracking: • Casino Drive
10-01 12:16:31.165 16673 16673 D AndroidTracking: • Amazon Shopping
10-01 12:16:31.165 16673 16673 D AndroidTracking: • Cdiscount
10-01 12:16:31.165 16673 16673 D AndroidTracking: • Monoprix
10-01 12:16:31.165 16673 16673 D AndroidTracking: 
10-01 12:16:31.165 16673 16673 D AndroidTracking: Vos données restent privées et anonymes., allTexts=[Bascule Cross-App Tracking, ✅ Service activé - Tracking cross-app fonctionnel, 📱 Tracking Cross-App, Cette application peut analyser vos interactions sur les apps e-commerce 
10-01 12:16:31.165 16673 16673 D AndroidTracking: pour améliorer votre expérience d'achat.
10-01 12:16:31.165 16673 16673 D AndroidTracking: 
10-01 12:16:31.165 16673 16673 D AndroidTracking: Apps supportées:
10-01 12:16:31.165 16673 16673 D AndroidTracking: • E.Leclerc Drive
10-01 12:16:31.165 16673 16673 D AndroidTracking: • Carrefour
10-01 12:16:31.165 16673 16673 D AndroidTracking: • Auchan Drive  
10-01 12:16:31.165 16673 16673 D AndroidTracking: • Casino Drive
10-01 12:16:31.165 16673 16673 D AndroidTracking: • Amazon Shopping
10-01 12:16:31.165 16673 16673 D AndroidTracking: • Cdiscount
10-01 12:16:31.165 16673 16673 D AndroidTracking: • Monoprix
10-01 12:16:31.165 16673 16673 D AndroidTracking: 
10-01 12:16:31.165 16673 16673 D AndroidTracking: Vos données restent privées et anonymes., 🔒 Confidentialité et Permissions, Permissions requises:
10-01 12:16:31.165 16673 16673 D AndroidTracking: 
10-01 12:16:31.165 16673 16673 D AndroidTracking: 🔍 Service d'Accessibilité
10-01 12:16:31.165 16673 16673 D AndroidTracking: Permet de détecter les interactions dans les autres apps
10-01 12:16:31.165 16673 16673 D AndroidTracking: 
10-01 12:16:31.165 16673 16673 D AndroidTracking: 🔒 Confidentialité Garantie
10-01 12:16:31.165 16673 16673 D AndroidTracking: • Aucune donnée personnelle collectée
10-01 12:16:31.165 16673 16673 D AndroidTracking: • Pas d'accès aux mots de passe
10-01 12:16:31.165 16673 16673 D AndroidTracking: • Tracking anonyme uniquement
10-01 12:16:31.165 16673 16673 D AndroidTracking: • Données stockées localement, DÉSACTIVER LE SERVICE, OUVRIR PARAMÈTRES D'ACCESSIBILITÉ, MODE INTRA-APP SEULEMENT, 🧪 TEST AUTOMATIQUE CARREFOUR]}, eventType=cross_app_cart_update}
10-01 12:16:31.167 16673 16673 D CrossAppTracking: 🛒 Produit envoyé: Cette application peut analyser vos interactions sur les apps e-commerce 
10-01 12:16:31.167 16673 16673 D CrossAppTracking: pour améliorer votre expérience d'achat.
10-01 12:16:31.167 16673 16673 D CrossAppTracking: 
10-01 12:16:31.167 16673 16673 D CrossAppTracking: Apps supportées:
10-01 12:16:31.167 16673 16673 D CrossAppTracking: • E.Leclerc Drive
10-01 12:16:31.167 16673 16673 D CrossAppTracking: • Carrefour
10-01 12:16:31.167 16673 16673 D CrossAppTracking: • Auchan Drive  
10-01 12:16:31.167 16673 16673 D CrossAppTracking: • Casino Drive
10-01 12:16:31.167 16673 16673 D CrossAppTracking: • Amazon Shopping
10-01 12:16:31.167 16673 16673 D CrossAppTracking: • Cdiscount
10-01 12:16:31.167 16673 16673 D CrossAppTracking: • Monoprix
10-01 12:16:31.167 16673 16673 D CrossAppTracking: 
10-01 12:16:31.167 16673 16673 D CrossAppTracking: Vos données restent privées et anonymes. - Prix: N/A
10-01 12:16:31.199 16673 16932 D AndroidTracking: Event sent to server successfully
10-01 12:16:31.223 16673 16673 D AndroidTracking: Event tracked: ADD_TO_CART - {app=com.bascule.leclerctracking, packageName=com.bascule.leclerctracking, productInfo={cartAction=En activant ce service, vous acceptez que Bascule analyse vos interactions dans les apps e-commerce pour améliorer l'expérience utilisateur. Aucune donnée personnelle n'est collectée., productName=Cette application peut analyser vos interactions sur les apps e-commerce 
10-01 12:16:31.223 16673 16673 D AndroidTracking: pour améliorer votre expérience d'achat.
10-01 12:16:31.223 16673 16673 D AndroidTracking: 
10-01 12:16:31.223 16673 16673 D AndroidTracking: Apps supportées:
10-01 12:16:31.223 16673 16673 D AndroidTracking: • E.Leclerc Drive
10-01 12:16:31.223 16673 16673 D AndroidTracking: • Carrefour
10-01 12:16:31.223 16673 16673 D AndroidTracking: • Auchan Drive  
10-01 12:16:31.223 16673 16673 D AndroidTracking: • Casino Drive
10-01 12:16:31.223 16673 16673 D AndroidTracking: • Amazon Shopping
10-01 12:16:31.223 16673 16673 D AndroidTracking: • Cdiscount
10-01 12:16:31.223 16673 16673 D AndroidTracking: • Monoprix
10-01 12:16:31.223 16673 16673 D AndroidTracking: 
10-01 12:16:31.223 16673 16673 D AndroidTracking: Vos données restent privées et anonymes., allTexts=[Bascule Cross-App Tracking, ✅ Service activé - Tracking cross-app fonctionnel, 📱 Tracking Cross-App, Cette application peut analyser vos interactions sur les apps e-commerce 
10-01 12:16:31.223 16673 16673 D AndroidTracking: pour améliorer votre expérience d'achat.
10-01 12:16:31.223 16673 16673 D AndroidTracking: 
10-01 12:16:31.223 16673 16673 D AndroidTracking: Apps supportées:
10-01 12:16:31.223 16673 16673 D AndroidTracking: • E.Leclerc Drive
10-01 12:16:31.223 16673 16673 D AndroidTracking: • Carrefour
10-01 12:16:31.223 16673 16673 D AndroidTracking: • Auchan Drive  
10-01 12:16:31.223 16673 16673 D AndroidTracking: • Casino Drive
10-01 12:16:31.223 16673 16673 D AndroidTracking: • Amazon Shopping
10-01 12:16:31.223 16673 16673 D AndroidTracking: • Cdiscount
10-01 12:16:31.223 16673 16673 D AndroidTracking: • Monoprix
10-01 12:16:31.223 16673 16673 D AndroidTracking: 
10-01 12:16:31.223 16673 16673 D AndroidTracking: Vos données restent privées et anonymes., 🔒 Confidentialité et Permissions, Permissions requises:
10-01 12:16:31.223 16673 16673 D AndroidTracking: 
10-01 12:16:31.223 16673 16673 D AndroidTracking: 🔍 Service d'Accessibilité
10-01 12:16:31.223 16673 16673 D AndroidTracking: Permet de détecter les interactions dans les autres apps
10-01 12:16:31.223 16673 16673 D AndroidTracking: 
10-01 12:16:31.223 16673 16673 D AndroidTracking: 🔒 Confidentialité Garantie
10-01 12:16:31.223 16673 16673 D AndroidTracking: • Aucune donnée personnelle collectée
10-01 12:16:31.223 16673 16673 D AndroidTracking: • Pas d'accès aux mots de passe
10-01 12:16:31.223 16673 16673 D AndroidTracking: • Tracking anonyme uniquement
10-01 12:16:31.223 16673 16673 D AndroidTracking: • Données stockées localement, DÉSACTIVER LE SERVICE, OUVRIR PARAMÈTRES D'ACCESSIBILITÉ, MODE INTRA-APP SEULEMENT, 🧪 TEST AUTOMATIQUE CARREFOUR]}, eventType=cross_app_cart_update}
10-01 12:16:31.226 16673 16673 D CrossAppTracking: 🛒 Produit envoyé: Cette application peut analyser vos interactions sur les apps e-commerce 
10-01 12:16:31.226 16673 16673 D CrossAppTracking: pour améliorer votre expérience d'achat.
10-01 12:16:31.226 16673 16673 D CrossAppTracking: 
10-01 12:16:31.226 16673 16673 D CrossAppTracking: Apps supportées:
10-01 12:16:31.226 16673 16673 D CrossAppTracking: • E.Leclerc Drive
10-01 12:16:31.226 16673 16673 D CrossAppTracking: • Carrefour
10-01 12:16:31.226 16673 16673 D CrossAppTracking: • Auchan Drive  
10-01 12:16:31.226 16673 16673 D CrossAppTracking: • Casino Drive
10-01 12:16:31.226 16673 16673 D CrossAppTracking: • Amazon Shopping
10-01 12:16:31.226 16673 16673 D CrossAppTracking: • Cdiscount
10-01 12:16:31.226 16673 16673 D CrossAppTracking: • Monoprix
10-01 12:16:31.226 16673 16673 D CrossAppTracking: 
10-01 12:16:31.226 16673 16673 D CrossAppTracking: Vos données restent privées et anonymes. - Prix: N/A
10-01 12:16:31.242 16673 16932 D AndroidTracking: Event sent to server successfully
10-01 12:16:34.116 16673 16673 D CrossAppTracking: 📱 Événement reçu: 1 - com.bascule.leclerctracking
10-01 12:16:34.116 16673 16673 D CrossAppTracking: ✅ App ciblée détectée: com.bascule.leclerctracking
10-01 12:16:34.159 16673 16673 D CrossAppTracking: 📱 Événement reçu: 2048 - com.bascule.leclerctracking
10-01 12:16:34.159 16673 16673 D CrossAppTracking: ✅ App ciblée détectée: com.bascule.leclerctracking
10-01 12:16:34.354 16673 16673 D CrossAppTracking: 📱 Événement reçu: 32 - com.bascule.leclerctracking
10-01 12:16:34.354 16673 16673 D CrossAppTracking: ✅ App ciblée détectée: com.bascule.leclerctracking
10-01 12:16:34.651 16673 16673 D AndroidTracking: Event tracked: VIEW_CLICKED - {app=com.bascule.leclerctracking, packageName=com.bascule.leclerctracking, element={}, eventType=cross_app_click, timestamp=1759313794135}
10-01 12:16:34.654 16673 16673 D CrossAppTracking: Click envoyé dans com.bascule.leclerctracking: {}
10-01 12:16:34.662 16673 16932 D AndroidTracking: Event sent to server successfully
10-01 12:16:34.689 16673 16673 D AndroidTracking: Event tracked: ADD_TO_CART - {app=com.bascule.leclerctracking, packageName=com.bascule.leclerctracking, productInfo={productName=Ce test va lancer Carrefour et observer les événements capturés par le service d'accessibilité., allTexts=[Test Automatique Carrefour, Ce test va lancer Carrefour et observer les événements capturés par le service d'accessibilité., 🚀 DÉMARRER LE TEST, Logs du test :, Prêt à démarrer le test...]}, eventType=cross_app_cart_update}
10-01 12:16:34.690 16673 16673 D CrossAppTracking: 🛒 Produit envoyé: Ce test va lancer Carrefour et observer les événements capturés par le service d'accessibilité. - Prix: N/A
10-01 12:16:34.701 16673 16932 D AndroidTracking: Event sent to server successfully
10-01 12:16:34.886 16673 16673 D AndroidTracking: Event tracked: ADD_TO_CART - {app=com.bascule.leclerctracking, packageName=com.bascule.leclerctracking, productInfo={productName=Ce test va lancer Carrefour et observer les événements capturés par le service d'accessibilité., allTexts=[Test Automatique Carrefour, Ce test va lancer Carrefour et observer les événements capturés par le service d'accessibilité., 🚀 DÉMARRER LE TEST, Logs du test :, Prêt à démarrer le test...]}, eventType=cross_app_cart_update}
10-01 12:16:34.888 16673 16673 D CrossAppTracking: 🛒 Produit envoyé: Ce test va lancer Carrefour et observer les événements capturés par le service d'accessibilité. - Prix: N/A
10-01 12:16:34.901 16673 16932 D AndroidTracking: Event sent to server successfully
10-01 12:16:37.161 16673 16673 D CrossAppTracking: 📱 Événement reçu: 1 - com.bascule.leclerctracking
10-01 12:16:37.161 16673 16673 D CrossAppTracking: ✅ App ciblée détectée: com.bascule.leclerctracking
10-01 12:16:37.205 16673 16673 D CrossAppTracking: 📱 Événement reçu: 2048 - com.bascule.leclerctracking
10-01 12:16:37.245 16673 16673 D CrossAppTracking: ✅ App ciblée détectée: com.bascule.leclerctracking
10-01 12:16:37.315 16673 16673 D CrossAppTracking: 📱 Événement reçu: 2048 - com.bascule.leclerctracking
10-01 12:16:37.316 16673 16673 D CrossAppTracking: ✅ App ciblée détectée: com.bascule.leclerctracking
10-01 12:16:37.707 16673 16673 D AndroidTracking: Event tracked: VIEW_CLICKED - {app=com.bascule.leclerctracking, packageName=com.bascule.leclerctracking, element={className=android.widget.Button, contentDescription=, text=🚀 DÉMARRER LE TEST, resourceId=com.bascule.leclerctracking:id/startTestButton, clickable=true, bounds={left=42, top=368, right=1038, bottom=545}}, eventType=cross_app_click, timestamp=1759313797180}
10-01 12:16:37.709 16673 16673 D CrossAppTracking: Click envoyé dans com.bascule.leclerctracking: {className=android.widget.Button, contentDescription=, text=🚀 DÉMARRER LE TEST, resourceId=com.bascule.leclerctracking:id/startTestButton, clickable=true, bounds={left=42, top=368, right=1038, bottom=545}}
10-01 12:16:37.719 16673 16932 D AndroidTracking: Event sent to server successfully
10-01 12:16:37.797 16673 16673 D AndroidTracking: Event tracked: ADD_TO_CART - {app=com.bascule.leclerctracking, packageName=com.bascule.leclerctracking, productInfo={productName=12:16:36 🚀 Démarrage du test automatique Carrefour
10-01 12:16:37.797 16673 16673 D AndroidTracking: 12:16:36 📱 Lancement de Carrefour...
10-01 12:16:37.797 16673 16673 D AndroidTracking: 12:16:37 ✅ Carrefour lancé
10-01 12:16:37.797 16673 16673 D AndroidTracking: , allTexts=[12:16:36 🚀 Démarrage du test automatique Carrefour
10-01 12:16:37.797 16673 16673 D AndroidTracking: 12:16:36 📱 Lancement de Carrefour...
10-01 12:16:37.797 16673 16673 D AndroidTracking: 12:16:37 ✅ Carrefour lancé
10-01 12:16:37.797 16673 16673 D AndroidTracking: ]}, eventType=cross_app_cart_update}
10-01 12:16:37.802 16673 16673 D CrossAppTracking: 🛒 Produit envoyé: 12:16:36 🚀 Démarrage du test automatique Carrefour
10-01 12:16:37.802 16673 16673 D CrossAppTracking: 12:16:36 📱 Lancement de Carrefour...
10-01 12:16:37.802 16673 16673 D CrossAppTracking: 12:16:37 ✅ Carrefour lancé
10-01 12:16:37.802 16673 16673 D CrossAppTracking:  - Prix: N/A
10-01 12:16:37.826 16673 16932 D AndroidTracking: Event sent to server successfully
10-01 12:16:37.986 16673 16673 D AndroidTracking: Event tracked: ADD_TO_CART - {app=com.bascule.leclerctracking, packageName=com.bascule.leclerctracking, productInfo={productName=12:16:36 🚀 Démarrage du test automatique Carrefour
10-01 12:16:37.986 16673 16673 D AndroidTracking: 12:16:36 📱 Lancement de Carrefour...
10-01 12:16:37.986 16673 16673 D AndroidTracking: 12:16:37 ✅ Carrefour lancé
10-01 12:16:37.986 16673 16673 D AndroidTracking: , allTexts=[12:16:36 🚀 Démarrage du test automatique Carrefour
10-01 12:16:37.986 16673 16673 D AndroidTracking: 12:16:36 📱 Lancement de Carrefour...
10-01 12:16:37.986 16673 16673 D AndroidTracking: 12:16:37 ✅ Carrefour lancé
10-01 12:16:37.986 16673 16673 D AndroidTracking: ]}, eventType=cross_app_cart_update}
10-01 12:16:37.987 16673 16673 D CrossAppTracking: 🛒 Produit envoyé: 12:16:36 🚀 Démarrage du test automatique Carrefour
10-01 12:16:37.987 16673 16673 D CrossAppTracking: 12:16:36 📱 Lancement de Carrefour...
10-01 12:16:37.987 16673 16673 D CrossAppTracking: 12:16:37 ✅ Carrefour lancé
10-01 12:16:37.987 16673 16673 D CrossAppTracking:  - Prix: N/A
10-01 12:16:37.988 16673 16673 D CrossAppTracking: 📱 Événement reçu: 2048 - com.carrefour.fid.android
10-01 12:16:37.988 16673 16673 D CrossAppTracking: ✅ App ciblée détectée: com.carrefour.fid.android
10-01 12:16:38.025 16673 16932 D AndroidTracking: Event sent to server successfully
10-01 12:16:38.207 16673 16673 D CrossAppTracking: 📱 Événement reçu: 2048 - com.carrefour.fid.android
10-01 12:16:38.217 16673 16673 D CrossAppTracking: ✅ App ciblée détectée: com.carrefour.fid.android
10-01 12:16:38.361 16673 16673 D CrossAppTracking: 📱 Événement reçu: 2048 - com.carrefour.fid.android
10-01 12:16:38.362 16673 16673 D CrossAppTracking: ✅ App ciblée détectée: com.carrefour.fid.android
10-01 12:16:38.732 16673 16673 D CrossAppTracking: 📱 Événement reçu: 2048 - com.carrefour.fid.android
10-01 12:16:38.732 16673 16673 D CrossAppTracking: ✅ App ciblée détectée: com.carrefour.fid.android
10-01 12:16:38.907 16673 16673 D CrossAppTracking: 📱 Événement reçu: 2048 - com.carrefour.fid.android
10-01 12:16:38.908 16673 16673 D CrossAppTracking: ✅ App ciblée détectée: com.carrefour.fid.android
10-01 12:16:38.954 16673 16673 D CrossAppTracking: 📱 Événement reçu: 2048 - com.carrefour.fid.android
10-01 12:16:38.954 16673 16673 D CrossAppTracking: ✅ App ciblée détectée: com.carrefour.fid.android
10-01 12:16:39.022 16673 16673 D CrossAppTracking: 📱 Événement reçu: 2048 - com.carrefour.fid.android
10-01 12:16:39.023 16673 16673 D CrossAppTracking: ✅ App ciblée détectée: com.carrefour.fid.android
10-01 12:16:39.055 16673 16673 D CrossAppTracking: 📱 Événement reçu: 2048 - com.carrefour.fid.android
10-01 12:16:39.055 16673 16673 D CrossAppTracking: ✅ App ciblée détectée: com.carrefour.fid.android
10-01 12:16:39.113 16673 16673 D CrossAppTracking: 📱 Événement reçu: 32 - com.carrefour.fid.android
10-01 12:16:39.120 16673 16673 D CrossAppTracking: ✅ App ciblée détectée: com.carrefour.fid.android
10-01 12:16:39.359 16673 16673 D CrossAppTracking: 📱 Événement reçu: 2048 - com.carrefour.fid.android
10-01 12:16:39.359 16673 16673 D CrossAppTracking: ✅ App ciblée détectée: com.carrefour.fid.android
10-01 12:16:39.461 16673 16673 D AndroidTracking: Event tracked: CONTENT_CHANGED - {app=Carrefour, packageName=com.carrefour.fid.android, eventType=cross_app_content_change, timestamp=1759313798200}
10-01 12:16:39.462 16673 16673 D AndroidTracking: Event tracked: CONTENT_CHANGED - {app=Carrefour, packageName=com.carrefour.fid.android, eventType=cross_app_content_change, timestamp=1759313798333}
10-01 12:16:39.481 16673 16673 D AndroidTracking: Event tracked: CONTENT_CHANGED - {app=Carrefour, packageName=com.carrefour.fid.android, eventType=cross_app_content_change, timestamp=1759313798732}
10-01 12:16:39.510 16673 16673 D AndroidTracking: Event tracked: CONTENT_CHANGED - {app=Carrefour, packageName=com.carrefour.fid.android, eventType=cross_app_content_change, timestamp=1759313798900}
10-01 12:16:39.527 16673 16932 D AndroidTracking: Event sent to server successfully
10-01 12:16:39.544 16673 16673 D AndroidTracking: Event tracked: CONTENT_CHANGED - {app=Carrefour, packageName=com.carrefour.fid.android, eventType=cross_app_content_change, timestamp=1759313798953}
10-01 12:16:39.548 16673 16673 D AndroidTracking: Event tracked: CONTENT_CHANGED - {app=Carrefour, packageName=com.carrefour.fid.android, eventType=cross_app_content_change, timestamp=1759313799022}
10-01 12:16:39.558 16673 16673 D AndroidTracking: Event tracked: CONTENT_CHANGED - {app=Carrefour, packageName=com.carrefour.fid.android, eventType=cross_app_content_change, timestamp=1759313799054}
10-01 12:16:39.564 16673 16785 D AndroidTracking: Event sent to server successfully
10-01 12:16:39.589 16673 16673 D AndroidTracking: Event tracked: CONTENT_CHANGED - {app=Carrefour, packageName=com.carrefour.fid.android, eventType=cross_app_content_change, timestamp=1759313799084}
10-01 12:16:39.601 16673 16787 D AndroidTracking: Event sent to server successfully
10-01 12:16:39.613 16673 16932 D AndroidTracking: Event sent to server successfully
10-01 12:16:39.624 16673 16785 D AndroidTracking: Event sent to server successfully
10-01 12:16:39.638 16673 16930 D AndroidTracking: Event sent to server successfully
10-01 12:16:39.642 16673 16786 D AndroidTracking: Event sent to server successfully
10-01 12:16:39.844 16673 16673 D AndroidTracking: Event tracked: CONTENT_CHANGED - {app=Carrefour, packageName=com.carrefour.fid.android, eventType=cross_app_content_change, timestamp=1759313799339}
10-01 12:16:39.868 16673 16786 D AndroidTracking: Event sent to server successfully
10-01 12:16:39.969 16673 16673 D AndroidTracking: Event tracked: CONTENT_CHANGED - {app=Carrefour, packageName=com.carrefour.fid.android, eventType=cross_app_content_change, timestamp=1759313799445}
10-01 12:16:40.009 16673 16786 D AndroidTracking: Event sent to server successfully
10-01 12:16:41.092 16673 16673 D CrossAppTracking: 📱 Événement reçu: 2048 - com.carrefour.fid.android
10-01 12:16:41.092 16673 16673 D CrossAppTracking: ✅ App ciblée détectée: com.carrefour.fid.android
10-01 12:16:41.281 16673 16673 D CrossAppTracking: 📱 Événement reçu: 2048 - com.carrefour.fid.android
10-01 12:16:41.291 16673 16673 D CrossAppTracking: ✅ App ciblée détectée: com.carrefour.fid.android
10-01 12:16:41.424 16673 16673 D CrossAppTracking: 📱 Événement reçu: 2048 - com.carrefour.fid.android
10-01 12:16:41.429 16673 16673 D CrossAppTracking: ✅ App ciblée détectée: com.carrefour.fid.android
10-01 12:16:41.464 16673 16673 D CrossAppTracking: 📱 Événement reçu: 2048 - com.carrefour.fid.android
10-01 12:16:41.464 16673 16673 D CrossAppTracking: ✅ App ciblée détectée: com.carrefour.fid.android
10-01 12:16:41.494 16673 16673 D CrossAppTracking: 📱 Événement reçu: 32 - com.carrefour.fid.android
10-01 12:16:41.494 16673 16673 D CrossAppTracking: ✅ App ciblée détectée: com.carrefour.fid.android
10-01 12:16:41.576 16673 16673 D CrossAppTracking: 📱 Événement reçu: 2048 - com.carrefour.fid.android
10-01 12:16:41.577 16673 16673 D CrossAppTracking: ✅ App ciblée détectée: com.carrefour.fid.android
10-01 12:16:41.733 16673 16673 D AndroidTracking: Event tracked: ADD_TO_CART - {app=Carrefour, packageName=com.carrefour.fid.android, productInfo={productName=Panier, 2 new notifications, allTexts=[Panier, Accueil, Rechercher, Mes produits, Promotions, Panier, 2 new notifications]}, eventType=cross_app_cart_update}
10-01 12:16:41.734 16673 16673 D CrossAppTracking: 🛒 Produit envoyé: Panier, 2 new notifications - Prix: N/A
10-01 12:16:41.759 16673 16786 D AndroidTracking: Event sent to server successfully
10-01 12:16:41.926 16673 16673 D AndroidTracking: Event tracked: ADD_TO_CART - {app=Carrefour, packageName=com.carrefour.fid.android, productInfo={productName=Panier, allTexts=[Panier]}, eventType=cross_app_cart_update}
10-01 12:16:41.930 16673 16673 D CrossAppTracking: 🛒 Produit envoyé: Panier - Prix: N/A
10-01 12:16:41.942 16673 16786 D AndroidTracking: Event sent to server successfully
10-01 12:16:41.965 16673 16673 D AndroidTracking: Event tracked: ADD_TO_CART - {app=Carrefour, packageName=com.carrefour.fid.android, productInfo={productName=Panier, allTexts=[Panier]}, eventType=cross_app_cart_update}
10-01 12:16:41.969 16673 16673 D CrossAppTracking: 🛒 Produit envoyé: Panier - Prix: N/A
10-01 12:16:41.984 16673 16786 D AndroidTracking: Event sent to server successfully
10-01 12:16:42.001 16673 16673 D AndroidTracking: Event tracked: ADD_TO_CART - {app=Carrefour, packageName=com.carrefour.fid.android, productInfo={productName=Panier, allTexts=[Panier]}, eventType=cross_app_cart_update}
10-01 12:16:42.002 16673 16673 D CrossAppTracking: 🛒 Produit envoyé: Panier - Prix: N/A
10-01 12:16:42.020 16673 16786 D AndroidTracking: Event sent to server successfully
10-01 12:16:42.039 16673 16673 D CrossAppTracking: 📱 Événement reçu: 2048 - com.android.systemui
10-01 12:16:42.044 16673 16673 D CrossAppTracking: ❌ App non ciblée: com.android.systemui
10-01 12:16:42.077 16673 16673 D AndroidTracking: Event tracked: ADD_TO_CART - {app=Carrefour, packageName=com.carrefour.fid.android, productInfo={productName=Panier, 2 new notifications, allTexts=[Panier, Accueil, Rechercher, Mes produits, Promotions, Panier, 2 new notifications]}, eventType=cross_app_cart_update}
10-01 12:16:42.081 16673 16673 D CrossAppTracking: 🛒 Produit envoyé: Panier, 2 new notifications - Prix: N/A
10-01 12:16:42.113 16673 16786 D AndroidTracking: Event sent to server successfully
10-01 12:16:42.157 16673 16673 D AndroidTracking: Event tracked: ADD_TO_CART - {app=Carrefour, packageName=com.carrefour.fid.android, productInfo={productName=Panier, allTexts=[Panier]}, eventType=cross_app_cart_update}
10-01 12:16:42.158 16673 16673 D CrossAppTracking: 🛒 Produit envoyé: Panier - Prix: N/A
10-01 12:16:42.167 16673 16786 D AndroidTracking: Event sent to server successfully
10-01 12:16:42.276 16673 16673 D CrossAppTracking: 📱 Événement reçu: 2048 - com.carrefour.fid.android
10-01 12:16:42.277 16673 16673 D CrossAppTracking: ✅ App ciblée détectée: com.carrefour.fid.android
10-01 12:16:42.443 16673 16673 D CrossAppTracking: 📱 Événement reçu: 2048 - com.carrefour.fid.android
10-01 12:16:42.444 16673 16673 D CrossAppTracking: ✅ App ciblée détectée: com.carrefour.fid.android
10-01 12:16:42.456 16673 16673 D CrossAppTracking: 📱 Événement reçu: 2048 - com.carrefour.fid.android
10-01 12:16:42.457 16673 16673 D CrossAppTracking: ✅ App ciblée détectée: com.carrefour.fid.android
10-01 12:16:42.520 16673 16673 D CrossAppTracking: 📱 Événement reçu: 2048 - com.carrefour.fid.android
10-01 12:16:42.520 16673 16673 D CrossAppTracking: ✅ App ciblée détectée: com.carrefour.fid.android
10-01 12:16:42.565 16673 16673 D CrossAppTracking: 📱 Événement reçu: 2048 - com.carrefour.fid.android
10-01 12:16:42.565 16673 16673 D CrossAppTracking: ✅ App ciblée détectée: com.carrefour.fid.android
10-01 12:16:42.575 16673 16673 D CrossAppTracking: 📱 Événement reçu: 2048 - com.carrefour.fid.android
10-01 12:16:42.575 16673 16673 D CrossAppTracking: ✅ App ciblée détectée: com.carrefour.fid.android
10-01 12:16:42.597 16673 16673 D CrossAppTracking: 📱 Événement reçu: 2048 - com.carrefour.fid.android
10-01 12:16:42.597 16673 16673 D CrossAppTracking: ✅ App ciblée détectée: com.carrefour.fid.android
10-01 12:16:42.602 16673 16673 D CrossAppTracking: 📱 Événement reçu: 2048 - com.carrefour.fid.android
10-01 12:16:42.602 16673 16673 D CrossAppTracking: ✅ App ciblée détectée: com.carrefour.fid.android
10-01 12:16:42.630 16673 16673 D CrossAppTracking: 📱 Événement reçu: 2048 - com.carrefour.fid.android
10-01 12:16:42.630 16673 16673 D CrossAppTracking: ✅ App ciblée détectée: com.carrefour.fid.android
10-01 12:16:42.642 16673 16673 D CrossAppTracking: 📱 Événement reçu: 2048 - com.carrefour.fid.android
10-01 12:16:42.643 16673 16673 D CrossAppTracking: ✅ App ciblée détectée: com.carrefour.fid.android
10-01 12:16:42.653 16673 16673 D CrossAppTracking: 📱 Événement reçu: 2048 - com.carrefour.fid.android
10-01 12:16:42.653 16673 16673 D CrossAppTracking: ✅ App ciblée détectée: com.carrefour.fid.android
10-01 12:16:42.681 16673 16673 D CrossAppTracking: 📱 Événement reçu: 2048 - com.carrefour.fid.android
10-01 12:16:42.681 16673 16673 D CrossAppTracking: ✅ App ciblée détectée: com.carrefour.fid.android
10-01 12:16:42.831 16673 16673 D CrossAppTracking: 📱 Événement reçu: 2048 - com.carrefour.fid.android
10-01 12:16:42.832 16673 16673 D CrossAppTracking: ✅ App ciblée détectée: com.carrefour.fid.android
10-01 12:16:42.853 16673 16673 D CrossAppTracking: 📱 Événement reçu: 2048 - com.carrefour.fid.android
10-01 12:16:42.853 16673 16673 D CrossAppTracking: ✅ App ciblée détectée: com.carrefour.fid.android
10-01 12:16:42.876 16673 16673 D CrossAppTracking: 📱 Événement reçu: 2048 - com.carrefour.fid.android
10-01 12:16:42.877 16673 16673 D CrossAppTracking: ✅ App ciblée détectée: com.carrefour.fid.android
10-01 12:16:42.899 16673 16673 D CrossAppTracking: 📱 Événement reçu: 2048 - com.carrefour.fid.android
10-01 12:16:42.899 16673 16673 D CrossAppTracking: ✅ App ciblée détectée: com.carrefour.fid.android
10-01 12:16:42.921 16673 16673 D CrossAppTracking: 📱 Événement reçu: 2048 - com.carrefour.fid.android
10-01 12:16:42.921 16673 16673 D CrossAppTracking: ✅ App ciblée détectée: com.carrefour.fid.android
10-01 12:16:42.941 16673 16673 D CrossAppTracking: 📱 Événement reçu: 2048 - com.carrefour.fid.android
10-01 12:16:42.941 16673 16673 D CrossAppTracking: ✅ App ciblée détectée: com.carrefour.fid.android
10-01 12:16:42.952 16673 16673 D CrossAppTracking: 📱 Événement reçu: 2048 - com.carrefour.fid.android
10-01 12:16:42.953 16673 16673 D CrossAppTracking: ✅ App ciblée détectée: com.carrefour.fid.android
10-01 12:16:42.964 16673 16673 D CrossAppTracking: 📱 Événement reçu: 2048 - com.carrefour.fid.android
10-01 12:16:42.965 16673 16673 D CrossAppTracking: ✅ App ciblée détectée: com.carrefour.fid.android
10-01 12:16:42.973 16673 16673 D CrossAppTracking: 📱 Événement reçu: 2048 - com.carrefour.fid.android
10-01 12:16:42.973 16673 16673 D CrossAppTracking: ✅ App ciblée détectée: com.carrefour.fid.android
10-01 12:16:42.997 16673 16673 D CrossAppTracking: 📱 Événement reçu: 2048 - com.carrefour.fid.android
10-01 12:16:42.997 16673 16673 D CrossAppTracking: ✅ App ciblée détectée: com.carrefour.fid.android
10-01 12:16:43.011 16673 16673 D CrossAppTracking: 📱 Événement reçu: 2048 - com.carrefour.fid.android
10-01 12:16:43.014 16673 16673 D CrossAppTracking: ✅ App ciblée détectée: com.carrefour.fid.android
10-01 12:16:43.038 16673 16673 D CrossAppTracking: 📱 Événement reçu: 2048 - com.carrefour.fid.android
10-01 12:16:43.038 16673 16673 D CrossAppTracking: ✅ App ciblée détectée: com.carrefour.fid.android
10-01 12:16:43.050 16673 16673 D CrossAppTracking: 📱 Événement reçu: 2048 - com.carrefour.fid.android
10-01 12:16:43.052 16673 16673 D CrossAppTracking: ✅ App ciblée détectée: com.carrefour.fid.android
10-01 12:16:43.057 16673 16673 D CrossAppTracking: 📱 Événement reçu: 2048 - com.carrefour.fid.android
10-01 12:16:43.057 16673 16673 D CrossAppTracking: ✅ App ciblée détectée: com.carrefour.fid.android
10-01 12:16:43.069 16673 16673 D CrossAppTracking: 📱 Événement reçu: 2048 - com.carrefour.fid.android
10-01 12:16:43.070 16673 16673 D CrossAppTracking: ✅ App ciblée détectée: com.carrefour.fid.android
10-01 12:16:43.101 16673 16673 D CrossAppTracking: 📱 Événement reçu: 2048 - com.carrefour.fid.android
10-01 12:16:43.101 16673 16673 D CrossAppTracking: ✅ App ciblée détectée: com.carrefour.fid.android
10-01 12:16:43.114 16673 16673 D CrossAppTracking: 📱 Événement reçu: 2048 - com.carrefour.fid.android
10-01 12:16:43.114 16673 16673 D CrossAppTracking: ✅ App ciblée détectée: com.carrefour.fid.android
10-01 12:16:43.125 16673 16673 D CrossAppTracking: 📱 Événement reçu: 2048 - com.carrefour.fid.android
10-01 12:16:43.126 16673 16673 D CrossAppTracking: ✅ App ciblée détectée: com.carrefour.fid.android
10-01 12:16:43.141 16673 16673 D CrossAppTracking: 📱 Événement reçu: 2048 - com.carrefour.fid.android
10-01 12:16:43.141 16673 16673 D CrossAppTracking: ✅ App ciblée détectée: com.carrefour.fid.android
10-01 12:16:43.154 16673 16673 D CrossAppTracking: 📱 Événement reçu: 2048 - com.carrefour.fid.android
10-01 12:16:43.154 16673 16673 D CrossAppTracking: ✅ App ciblée détectée: com.carrefour.fid.android
10-01 12:16:43.165 16673 16673 D CrossAppTracking: 📱 Événement reçu: 2048 - com.carrefour.fid.android
10-01 12:16:43.166 16673 16673 D CrossAppTracking: ✅ App ciblée détectée: com.carrefour.fid.android
10-01 12:16:43.174 16673 16673 D CrossAppTracking: 📱 Événement reçu: 2048 - com.carrefour.fid.android
10-01 12:16:43.176 16673 16673 D CrossAppTracking: ✅ App ciblée détectée: com.carrefour.fid.android
10-01 12:16:43.223 16673 16673 D CrossAppTracking: 📱 Événement reçu: 2048 - com.carrefour.fid.android
10-01 12:16:43.223 16673 16673 D CrossAppTracking: ✅ App ciblée détectée: com.carrefour.fid.android
10-01 12:16:43.275 16673 16673 D CrossAppTracking: 📱 Événement reçu: 2048 - com.carrefour.fid.android
10-01 12:16:43.275 16673 16673 D CrossAppTracking: ✅ App ciblée détectée: com.carrefour.fid.android
10-01 12:16:43.287 16673 16673 D CrossAppTracking: 📱 Événement reçu: 2048 - com.carrefour.fid.android
10-01 12:16:43.288 16673 16673 D CrossAppTracking: ✅ App ciblée détectée: com.carrefour.fid.android
10-01 12:16:43.302 16673 16673 D CrossAppTracking: 📱 Événement reçu: 2048 - com.carrefour.fid.android
10-01 12:16:43.302 16673 16673 D CrossAppTracking: ✅ App ciblée détectée: com.carrefour.fid.android
10-01 12:16:43.312 16673 16673 D CrossAppTracking: 📱 Événement reçu: 2048 - com.carrefour.fid.android
10-01 12:16:43.313 16673 16673 D CrossAppTracking: ✅ App ciblée détectée: com.carrefour.fid.android
10-01 12:16:43.445 16673 16673 D CrossAppTracking: 📱 Événement reçu: 2048 - com.carrefour.fid.android
10-01 12:16:43.445 16673 16673 D CrossAppTracking: ✅ App ciblée détectée: com.carrefour.fid.android
10-01 12:16:43.534 16673 16673 D CrossAppTracking: 📱 Événement reçu: 2048 - com.carrefour.fid.android
10-01 12:16:43.534 16673 16673 D CrossAppTracking: ✅ App ciblée détectée: com.carrefour.fid.android
10-01 12:16:43.537 16673 16673 D AndroidTracking: Event tracked: ADD_TO_CART - {app=Carrefour, packageName=com.carrefour.fid.android, productInfo={price=Promotion: -10% Club. vous avez cagnottés0.0€. produits concernés: Kiwi Hayward ., cartAction=Vider tout le panier, productName=Découvrez nos meilleurs alternatives pour remplacer vos produits indisponibles., allTexts=[2 produits à remplacer, Découvrez nos meilleurs alternatives pour remplacer vos produits indisponibles., Ananas en morceaux CARREFOUR LE MARCHE, Supprimer, Bouton de substitution, Poires CARREFOUR BIO, Supprimer, Bouton de substitution, Promotion: -10% Club. vous avez cagnottés0.0€. produits concernés: Bananes Bio Cavendish., -10% Club]}, eventType=cross_app_cart_update}
10-01 12:16:43.538 16673 16673 D CrossAppTracking: 🛒 Produit envoyé: Découvrez nos meilleurs alternatives pour remplacer vos produits indisponibles. - Prix: Promotion: -10% Club. vous avez cagnottés0.0€. produits concernés: Kiwi Hayward .
10-01 12:16:43.539 16673 16673 D AndroidTracking: Event tracked: ADD_TO_CART - {app=Carrefour, packageName=com.carrefour.fid.android, productInfo={cartAction=Ajouter un produit dans le panier, productName=1 produits déjà ajoutés au panier, allTexts=[Kiwi Hayward , la pièce, FRANCE, 1,39, 1 euros et 39 centimes., €, Retirer un produit du panier, 1, 1 produits déjà ajoutés au panier, Ajouter un produit dans le panier]}, eventType=cross_app_cart_update}
10-01 12:16:43.542 16673 16673 D CrossAppTracking: 🛒 Produit envoyé: 1 produits déjà ajoutés au panier - Prix: N/A
10-01 12:16:43.542 16673 16673 D AndroidTracking: Event tracked: ADD_TO_CART - {app=Carrefour, packageName=com.carrefour.fid.android, productInfo={cartAction=Ajouter un produit dans le panier, productName=1 produits déjà ajoutés au panier, allTexts=[Bananes Bio Cavendish, le sachet de 5 fruits, PEROU, 1,99, 1 euros et 99 centimes., €, Retirer un produit du panier, 1, 1 produits déjà ajoutés au panier, Ajouter un produit dans le panier]}, eventType=cross_app_cart_update}
10-01 12:16:43.546 16673 16673 D CrossAppTracking: 🛒 Produit envoyé: 1 produits déjà ajoutés au panier - Prix: N/A
10-01 12:16:43.550 16673 16673 D AndroidTracking: Event tracked: ADD_TO_CART - {app=Carrefour, packageName=com.carrefour.fid.android, productInfo={productName=Panier, allTexts=[Panier]}, eventType=cross_app_cart_update}
10-01 12:16:43.558 16673 16673 D CrossAppTracking: 🛒 Produit envoyé: Panier - Prix: N/A
10-01 12:16:43.562 16673 16673 D AndroidTracking: Event tracked: ADD_TO_CART - {app=Carrefour, packageName=com.carrefour.fid.android, productInfo={productName=2 produits à remplacer, allTexts=[2 produits à remplacer]}, eventType=cross_app_cart_update}
10-01 12:16:43.563 16673 16673 D CrossAppTracking: 🛒 Produit envoyé: 2 produits à remplacer - Prix: N/A
10-01 12:16:43.563 16673 16673 D AndroidTracking: Event tracked: ADD_TO_CART - {app=Carrefour, packageName=com.carrefour.fid.android, productInfo={productName=Bouton de substitution, allTexts=[Bouton de substitution]}, eventType=cross_app_cart_update}
10-01 12:16:43.564 16673 16673 D CrossAppTracking: 🛒 Produit envoyé: Bouton de substitution - Prix: N/A
10-01 12:16:43.564 16673 16673 D AndroidTracking: Event tracked: CONTENT_CHANGED - {app=Carrefour, packageName=com.carrefour.fid.android, eventType=cross_app_content_change, timestamp=1759313802652}
10-01 12:16:43.566 16673 16673 D AndroidTracking: Event tracked: ADD_TO_CART - {app=Carrefour, packageName=com.carrefour.fid.android, productInfo={productName=Bouton de substitution, allTexts=[Bouton de substitution]}, eventType=cross_app_cart_update}
10-01 12:16:43.566 16673 16673 D CrossAppTracking: 🛒 Produit envoyé: Bouton de substitution - Prix: N/A
10-01 12:16:43.566 16673 16673 D AndroidTracking: Event tracked: ADD_TO_CART - {app=Carrefour, packageName=com.carrefour.fid.android, productInfo={price=3,38€, cartAction=3,38€, productName=Découvrez nos meilleurs alternatives pour remplacer vos produits indisponibles., allTexts=[2 produits à remplacer, Découvrez nos meilleurs alternatives pour remplacer vos produits indisponibles., Ananas en morceaux CARREFOUR LE MARCHE, Supprimer, Bouton de substitution, Poires CARREFOUR BIO, Supprimer, Bouton de substitution, Promotion: -10% Club. vous avez cagnottés0.0€. produits concernés: Bananes Bio Cavendish., -10% Club]}, eventType=cross_app_cart_update}
10-01 12:16:43.567 16673 16673 D CrossAppTracking: 🛒 Produit envoyé: Découvrez nos meilleurs alternatives pour remplacer vos produits indisponibles. - Prix: 3,38€
10-01 12:16:43.568 16673 16673 D AndroidTracking: Event tracked: ADD_TO_CART - {app=Carrefour, packageName=com.carrefour.fid.android, productInfo={cartAction=Retirer un produit du panier, productName=Retirer un produit du panier, allTexts=[Retirer un produit du panier]}, eventType=cross_app_cart_update}
10-01 12:16:43.568 16673 16930 D AndroidTracking: Event sent to server successfully
10-01 12:16:43.568 16673 16673 D CrossAppTracking: 🛒 Produit envoyé: Retirer un produit du panier - Prix: N/A
10-01 12:16:43.569 16673 16673 D AndroidTracking: Event tracked: ADD_TO_CART - {app=Carrefour, packageName=com.carrefour.fid.android, productInfo={cartAction=Retirer un produit du panier, productName=Retirer un produit du panier, allTexts=[Retirer un produit du panier]}, eventType=cross_app_cart_update}
10-01 12:16:43.569 16673 16673 D CrossAppTracking: 🛒 Produit envoyé: Retirer un produit du panier - Prix: N/A
10-01 12:16:43.570 16673 16673 D AndroidTracking: Event tracked: ADD_TO_CART - {app=Carrefour, packageName=com.carrefour.fid.android, productInfo={cartAction=Ajouter un produit dans le panier, productName=Ajouter un produit dans le panier, allTexts=[Ajouter un produit dans le panier]}, eventType=cross_app_cart_update}
10-01 12:16:43.570 16673 16673 D CrossAppTracking: 🛒 Produit envoyé: Ajouter un produit dans le panier - Prix: N/A
10-01 12:16:43.571 16673 16673 D AndroidTracking: Event tracked: ADD_TO_CART - {app=Carrefour, packageName=com.carrefour.fid.android, productInfo={cartAction=Ajouter un produit dans le panier, productName=Ajouter un produit dans le panier, allTexts=[Ajouter un produit dans le panier]}, eventType=cross_app_cart_update}
10-01 12:16:43.571 16673 16786 D AndroidTracking: Event sent to server successfully
10-01 12:16:43.574 16673 16673 D CrossAppTracking: 🛒 Produit envoyé: Ajouter un produit dans le panier - Prix: N/A
10-01 12:16:43.575 16673 16673 D AndroidTracking: Event tracked: ADD_TO_CART - {app=Carrefour, packageName=com.carrefour.fid.android, productInfo={price=Promotion: -10% Club. vous avez cagnottés0.0€. produits concernés: Bananes Bio Cavendish., cartAction=-10% Club, productName=-10% Club, allTexts=[Promotion: -10% Club. vous avez cagnottés0.0€. produits concernés: Bananes Bio Cavendish., -10% Club]}, eventType=cross_app_cart_update}
10-01 12:16:43.577 16673 16673 D CrossAppTracking: 🛒 Produit envoyé: -10% Club - Prix: Promotion: -10% Club. vous avez cagnottés0.0€. produits concernés: Bananes Bio Cavendish.
10-01 12:16:43.577 16673 16673 D AndroidTracking: Event tracked: ADD_TO_CART - {app=Carrefour, packageName=com.carrefour.fid.android, productInfo={productName=Panier, allTexts=[Panier]}, eventType=cross_app_cart_update}
10-01 12:16:43.577 16673 16673 D CrossAppTracking: 🛒 Produit envoyé: Panier - Prix: N/A
10-01 12:16:43.578 16673 16673 D AndroidTracking: Event tracked: ADD_TO_CART - {app=Carrefour, packageName=com.carrefour.fid.android, productInfo={cartAction=Vider tout le panier, productName=Vider tout le panier, allTexts=[Vider tout le panier, Vider tout le panier]}, eventType=cross_app_cart_update}
10-01 12:16:43.585 16673 16673 D CrossAppTracking: 🛒 Produit envoyé: Vider tout le panier - Prix: N/A
10-01 12:16:43.586 16673 16932 D AndroidTracking: Event sent to server successfully
10-01 12:16:43.588 16673 16673 D AndroidTracking: Event tracked: ADD_TO_CART - {app=Carrefour, packageName=com.carrefour.fid.android, productInfo={cartAction=3,38€, price=3,38€, productName=Valider mon panier, allTexts=[Valider mon panier, 3,38€]}, eventType=cross_app_cart_update}
10-01 12:16:43.589 16673 16673 D CrossAppTracking: 🛒 Produit envoyé: Valider mon panier - Prix: 3,38€
10-01 12:16:43.593 16673 16785 D AndroidTracking: Event sent to server successfully
10-01 12:16:43.594 16673 16787 D AndroidTracking: Event sent to server successfully
10-01 12:16:43.595 16673 16930 D AndroidTracking: Event sent to server successfully
10-01 12:16:43.609 16673 16673 D AndroidTracking: Event tracked: ADD_TO_CART - {app=Carrefour, packageName=com.carrefour.fid.android, productInfo={productName=Ananas en morceaux CARREFOUR LE MARCHE, allTexts=[Ananas en morceaux CARREFOUR LE MARCHE]}, eventType=cross_app_cart_update}
10-01 12:16:43.609 16673 16932 D AndroidTracking: Event sent to server successfully
10-01 12:16:43.610 16673 16673 D CrossAppTracking: 🛒 Produit envoyé: Ananas en morceaux CARREFOUR LE MARCHE - Prix: N/A
10-01 12:16:43.610 16673 16673 D AndroidTracking: Event tracked: ADD_TO_CART - {app=Carrefour, packageName=com.carrefour.fid.android, productInfo={productName=Voir tout, allTexts=[Voir tout]}, eventType=cross_app_cart_update}
10-01 12:16:43.611 16673 16673 D CrossAppTracking: 🛒 Produit envoyé: Voir tout - Prix: N/A
10-01 12:16:43.614 16673 16785 D AndroidTracking: Event sent to server successfully
10-01 12:16:43.617 16673 16787 D AndroidTracking: Event sent to server successfully
10-01 12:16:43.618 16673 16673 D AndroidTracking: Event tracked: ADD_TO_CART - {app=Carrefour, packageName=com.carrefour.fid.android, productInfo={price=Promotion: -10% Club. vous avez cagnottés0.0€. produits concernés: Kiwi Hayward ., cartAction=-10% Club, productName=-10% Club, allTexts=[Promotion: -10% Club. vous avez cagnottés0.0€. produits concernés: Kiwi Hayward ., -10% Club]}, eventType=cross_app_cart_update}
10-01 12:16:43.622 16673 16786 D AndroidTracking: Event sent to server successfully
10-01 12:16:43.622 16673 16673 D CrossAppTracking: 🛒 Produit envoyé: -10% Club - Prix: Promotion: -10% Club. vous avez cagnottés0.0€. produits concernés: Kiwi Hayward .
10-01 12:16:43.623 16673 16673 D AndroidTracking: Event tracked: ADD_TO_CART - {app=Carrefour, packageName=com.carrefour.fid.android, productInfo={productName=Découvrez nos meilleurs alternatives pour remplacer vos produits indisponibles., allTexts=[Découvrez nos meilleurs alternatives pour remplacer vos produits indisponibles.]}, eventType=cross_app_cart_update}
10-01 12:16:43.625 16673 16673 D CrossAppTracking: 🛒 Produit envoyé: Découvrez nos meilleurs alternatives pour remplacer vos produits indisponibles. - Prix: N/A
10-01 12:16:43.625 16673 16673 D AndroidTracking: Event tracked: ADD_TO_CART - {app=Carrefour, packageName=com.carrefour.fid.android, productInfo={productName=Supprimer, allTexts=[Supprimer]}, eventType=cross_app_cart_update}
10-01 12:16:43.626 16673 16673 D CrossAppTracking: 🛒 Produit envoyé: Supprimer - Prix: N/A
10-01 12:16:43.638 16673 16930 D AndroidTracking: Event sent to server successfully
10-01 12:16:43.649 16673 16673 D AndroidTracking: Event tracked: ADD_TO_CART - {app=Carrefour, packageName=com.carrefour.fid.android, productInfo={productName=Supprimer, allTexts=[Supprimer]}, eventType=cross_app_cart_update}
10-01 12:16:43.650 16673 16673 D CrossAppTracking: 🛒 Produit envoyé: Supprimer - Prix: N/A
10-01 12:16:43.653 16673 16932 D AndroidTracking: Event sent to server successfully
10-01 12:16:43.654 16673 16673 D AndroidTracking: Event tracked: ADD_TO_CART - {app=Carrefour, packageName=com.carrefour.fid.android, productInfo={productName=Rien oublié ?, allTexts=[Rien oublié ?]}, eventType=cross_app_cart_update}
10-01 12:16:43.655 16673 16673 D CrossAppTracking: 🛒 Produit envoyé: Rien oublié ? - Prix: N/A
10-01 12:16:43.664 16673 16785 D AndroidTracking: Event sent to server successfully
10-01 12:16:43.671 16673 16930 D AndroidTracking: Event sent to server successfully
10-01 12:16:43.675 16673 16787 D AndroidTracking: Event sent to server successfully
10-01 12:16:43.679 16673 16786 D AndroidTracking: Event sent to server successfully
10-01 12:16:43.698 16673 16673 D AndroidTracking: Event tracked: ADD_TO_CART - {app=Carrefour, packageName=com.carrefour.fid.android, productInfo={productName=Poires CARREFOUR BIO, allTexts=[Poires CARREFOUR BIO]}, eventType=cross_app_cart_update}
10-01 12:16:43.699 16673 16673 D CrossAppTracking: 🛒 Produit envoyé: Poires CARREFOUR BIO - Prix: N/A
10-01 12:16:43.711 16673 16787 D AndroidTracking: Event sent to server successfully
10-01 12:16:43.715 16673 16785 D AndroidTracking: Event sent to server successfully
10-01 12:16:43.732 16673 16932 D AndroidTracking: Event sent to server successfully
10-01 12:16:43.738 16673 16673 D AndroidTracking: Event tracked: ADD_TO_CART - {app=Carrefour, packageName=com.carrefour.fid.android, productInfo={cartAction=Ajouter un produit dans le panier, productName=1 produits déjà ajoutés au panier, allTexts=[Kiwi Hayward , la pièce, FRANCE, 1,39, 1 euros et 39 centimes., €, Retirer un produit du panier, 1, 1 produits déjà ajoutés au panier, Ajouter un produit dans le panier]}, eventType=cross_app_cart_update}
10-01 12:16:43.739 16673 16786 D AndroidTracking: Event sent to server successfully
10-01 12:16:43.742 16673 16673 D CrossAppTracking: 🛒 Produit envoyé: 1 produits déjà ajoutés au panier - Prix: N/A
10-01 12:16:43.747 16673 16787 D AndroidTracking: Event sent to server successfully
10-01 12:16:43.750 16673 16930 D AndroidTracking: Event sent to server successfully
10-01 12:16:43.758 16673 16785 D AndroidTracking: Event sent to server successfully
10-01 12:16:43.766 16673 16932 D AndroidTracking: Event sent to server successfully
10-01 12:16:43.778 16673 16673 D AndroidTracking: Event tracked: ADD_TO_CART - {app=Carrefour, packageName=com.carrefour.fid.android, productInfo={cartAction=Ajouter un produit dans le panier, productName=1 produits déjà ajoutés au panier, allTexts=[Bananes Bio Cavendish, le sachet de 5 fruits, PEROU, 1,99, 1 euros et 99 centimes., €, Retirer un produit du panier, 1, 1 produits déjà ajoutés au panier, Ajouter un produit dans le panier]}, eventType=cross_app_cart_update}
10-01 12:16:43.779 16673 16673 D CrossAppTracking: 🛒 Produit envoyé: 1 produits déjà ajoutés au panier - Prix: N/A
10-01 12:16:43.781 16673 16786 D AndroidTracking: Event sent to server successfully
10-01 12:16:43.788 16673 16930 D AndroidTracking: Event sent to server successfully
