10-01 12:16:42.575 16673 16673 D CrossAppTracking: 📱 Événement reçu: 2048 - com.carrefour.fid.android
10-01 12:16:42.575 16673 16673 D CrossAppTracking: ✅ App ciblée détectée: com.carrefour.fid.android
10-01 12:16:42.597 16673 16673 D CrossAppTracking: 📱 Événement reçu: 2048 - com.carrefour.fid.android
10-01 12:16:42.597 16673 16673 D CrossAppTracking: ✅ App ciblée détectée: com.carrefour.fid.android
10-01 12:16:42.602 16673 16673 D CrossAppTracking: 📱 Événement reçu: 2048 - com.carrefour.fid.android
10-01 12:16:42.602 16673 16673 D CrossAppTracking: ✅ App ciblée détectée: com.carrefour.fid.android
10-01 12:16:42.630 16673 16673 D CrossAppTracking: 📱 Événement reçu: 2048 - com.carrefour.fid.android
10-01 12:16:42.630 16673 16673 D CrossAppTracking: ✅ App ciblée détectée: com.carrefour.fid.android
10-01 12:16:42.642 16673 16673 D CrossAppTracking: 📱 Événement reçu: 2048 - com.carrefour.fid.android
10-01 12:16:42.643 16673 16673 D CrossAppTracking: ✅ App ciblée détectée: com.carrefour.fid.android
10-01 12:16:42.653 16673 16673 D CrossAppTracking: 📱 Événement reçu: 2048 - com.carrefour.fid.android
10-01 12:16:42.653 16673 16673 D CrossAppTracking: ✅ App ciblée détectée: com.carrefour.fid.android
10-01 12:16:42.681 16673 16673 D CrossAppTracking: 📱 Événement reçu: 2048 - com.carrefour.fid.android
10-01 12:16:42.681 16673 16673 D CrossAppTracking: ✅ App ciblée détectée: com.carrefour.fid.android
10-01 12:16:42.831 16673 16673 D CrossAppTracking: 📱 Événement reçu: 2048 - com.carrefour.fid.android
10-01 12:16:42.832 16673 16673 D CrossAppTracking: ✅ App ciblée détectée: com.carrefour.fid.android
10-01 12:16:42.853 16673 16673 D CrossAppTracking: 📱 Événement reçu: 2048 - com.carrefour.fid.android
10-01 12:16:42.853 16673 16673 D CrossAppTracking: ✅ App ciblée détectée: com.carrefour.fid.android
10-01 12:16:42.876 16673 16673 D CrossAppTracking: 📱 Événement reçu: 2048 - com.carrefour.fid.android
10-01 12:16:42.877 16673 16673 D CrossAppTracking: ✅ App ciblée détectée: com.carrefour.fid.android
10-01 12:16:42.899 16673 16673 D CrossAppTracking: 📱 Événement reçu: 2048 - com.carrefour.fid.android
10-01 12:16:42.899 16673 16673 D CrossAppTracking: ✅ App ciblée détectée: com.carrefour.fid.android
10-01 12:16:42.921 16673 16673 D CrossAppTracking: 📱 Événement reçu: 2048 - com.carrefour.fid.android
10-01 12:16:42.921 16673 16673 D CrossAppTracking: ✅ App ciblée détectée: com.carrefour.fid.android
10-01 12:16:42.941 16673 16673 D CrossAppTracking: 📱 Événement reçu: 2048 - com.carrefour.fid.android
10-01 12:16:42.941 16673 16673 D CrossAppTracking: ✅ App ciblée détectée: com.carrefour.fid.android
10-01 12:16:42.952 16673 16673 D CrossAppTracking: 📱 Événement reçu: 2048 - com.carrefour.fid.android
10-01 12:16:42.953 16673 16673 D CrossAppTracking: ✅ App ciblée détectée: com.carrefour.fid.android
10-01 12:16:42.964 16673 16673 D CrossAppTracking: 📱 Événement reçu: 2048 - com.carrefour.fid.android
10-01 12:16:42.965 16673 16673 D CrossAppTracking: ✅ App ciblée détectée: com.carrefour.fid.android
10-01 12:16:42.973 16673 16673 D CrossAppTracking: 📱 Événement reçu: 2048 - com.carrefour.fid.android
10-01 12:16:42.973 16673 16673 D CrossAppTracking: ✅ App ciblée détectée: com.carrefour.fid.android
10-01 12:16:42.997 16673 16673 D CrossAppTracking: 📱 Événement reçu: 2048 - com.carrefour.fid.android
10-01 12:16:42.997 16673 16673 D CrossAppTracking: ✅ App ciblée détectée: com.carrefour.fid.android
10-01 12:16:43.011 16673 16673 D CrossAppTracking: 📱 Événement reçu: 2048 - com.carrefour.fid.android
10-01 12:16:43.014 16673 16673 D CrossAppTracking: ✅ App ciblée détectée: com.carrefour.fid.android
10-01 12:16:43.038 16673 16673 D CrossAppTracking: 📱 Événement reçu: 2048 - com.carrefour.fid.android
10-01 12:16:43.038 16673 16673 D CrossAppTracking: ✅ App ciblée détectée: com.carrefour.fid.android
10-01 12:16:43.050 16673 16673 D CrossAppTracking: 📱 Événement reçu: 2048 - com.carrefour.fid.android
10-01 12:16:43.052 16673 16673 D CrossAppTracking: ✅ App ciblée détectée: com.carrefour.fid.android
10-01 12:16:43.057 16673 16673 D CrossAppTracking: 📱 Événement reçu: 2048 - com.carrefour.fid.android
10-01 12:16:43.057 16673 16673 D CrossAppTracking: ✅ App ciblée détectée: com.carrefour.fid.android
10-01 12:16:43.069 16673 16673 D CrossAppTracking: 📱 Événement reçu: 2048 - com.carrefour.fid.android
10-01 12:16:43.070 16673 16673 D CrossAppTracking: ✅ App ciblée détectée: com.carrefour.fid.android
10-01 12:16:43.101 16673 16673 D CrossAppTracking: 📱 Événement reçu: 2048 - com.carrefour.fid.android
10-01 12:16:43.101 16673 16673 D CrossAppTracking: ✅ App ciblée détectée: com.carrefour.fid.android
10-01 12:16:43.114 16673 16673 D CrossAppTracking: 📱 Événement reçu: 2048 - com.carrefour.fid.android
10-01 12:16:43.114 16673 16673 D CrossAppTracking: ✅ App ciblée détectée: com.carrefour.fid.android
10-01 12:16:43.125 16673 16673 D CrossAppTracking: 📱 Événement reçu: 2048 - com.carrefour.fid.android
10-01 12:16:43.126 16673 16673 D CrossAppTracking: ✅ App ciblée détectée: com.carrefour.fid.android
10-01 12:16:43.141 16673 16673 D CrossAppTracking: 📱 Événement reçu: 2048 - com.carrefour.fid.android
10-01 12:16:43.141 16673 16673 D CrossAppTracking: ✅ App ciblée détectée: com.carrefour.fid.android
10-01 12:16:43.154 16673 16673 D CrossAppTracking: 📱 Événement reçu: 2048 - com.carrefour.fid.android
10-01 12:16:43.154 16673 16673 D CrossAppTracking: ✅ App ciblée détectée: com.carrefour.fid.android
10-01 12:16:43.165 16673 16673 D CrossAppTracking: 📱 Événement reçu: 2048 - com.carrefour.fid.android
10-01 12:16:43.166 16673 16673 D CrossAppTracking: ✅ App ciblée détectée: com.carrefour.fid.android
10-01 12:16:43.174 16673 16673 D CrossAppTracking: 📱 Événement reçu: 2048 - com.carrefour.fid.android
10-01 12:16:43.176 16673 16673 D CrossAppTracking: ✅ App ciblée détectée: com.carrefour.fid.android
10-01 12:16:43.223 16673 16673 D CrossAppTracking: 📱 Événement reçu: 2048 - com.carrefour.fid.android
10-01 12:16:43.223 16673 16673 D CrossAppTracking: ✅ App ciblée détectée: com.carrefour.fid.android
10-01 12:16:43.275 16673 16673 D CrossAppTracking: 📱 Événement reçu: 2048 - com.carrefour.fid.android
10-01 12:16:43.275 16673 16673 D CrossAppTracking: ✅ App ciblée détectée: com.carrefour.fid.android
10-01 12:16:43.287 16673 16673 D CrossAppTracking: 📱 Événement reçu: 2048 - com.carrefour.fid.android
10-01 12:16:43.288 16673 16673 D CrossAppTracking: ✅ App ciblée détectée: com.carrefour.fid.android
10-01 12:16:43.302 16673 16673 D CrossAppTracking: 📱 Événement reçu: 2048 - com.carrefour.fid.android
10-01 12:16:43.302 16673 16673 D CrossAppTracking: ✅ App ciblée détectée: com.carrefour.fid.android
10-01 12:16:43.312 16673 16673 D CrossAppTracking: 📱 Événement reçu: 2048 - com.carrefour.fid.android
10-01 12:16:43.313 16673 16673 D CrossAppTracking: ✅ App ciblée détectée: com.carrefour.fid.android
10-01 12:16:43.445 16673 16673 D CrossAppTracking: 📱 Événement reçu: 2048 - com.carrefour.fid.android
10-01 12:16:43.445 16673 16673 D CrossAppTracking: ✅ App ciblée détectée: com.carrefour.fid.android
10-01 12:16:43.534 16673 16673 D CrossAppTracking: 📱 Événement reçu: 2048 - com.carrefour.fid.android
10-01 12:16:43.534 16673 16673 D CrossAppTracking: ✅ App ciblée détectée: com.carrefour.fid.android
10-01 12:16:43.537 16673 16673 D AndroidTracking: Event tracked: ADD_TO_CART - {app=Carrefour, packageName=com.carrefour.fid.android, productInfo={price=Promotion: -10% Club. vous avez cagnottés0.0€. produits concernés: Kiwi Hayward ., cartAction=Vider tout le panier, productName=Découvrez nos meilleurs alternatives pour remplacer vos produits indisponibles., allTexts=[2 produits à remplacer, Découvrez nos meilleurs alternatives pour remplacer vos produits indisponibles., Ananas en morceaux CARREFOUR LE MARCHE, Supprimer, Bouton de substitution, Poires CARREFOUR BIO, Supprimer, Bouton de substitution, Promotion: -10% Club. vous avez cagnottés0.0€. produits concernés: Bananes Bio Cavendish., -10% Club]}, eventType=cross_app_cart_update}
10-01 12:16:43.538 16673 16673 D CrossAppTracking: 🛒 Produit envoyé: Découvrez nos meilleurs alternatives pour remplacer vos produits indisponibles. - Prix: Promotion: -10% Club. vous avez cagnottés0.0€. produits concernés: Kiwi Hayward .
10-01 12:16:43.539 16673 16673 D AndroidTracking: Event tracked: ADD_TO_CART - {app=Carrefour, packageName=com.carrefour.fid.android, productInfo={cartAction=Ajouter un produit dans le panier, productName=1 produits déjà ajoutés au panier, allTexts=[Kiwi Hayward , la pièce, FRANCE, 1,39, 1 euros et 39 centimes., €, Retirer un produit du panier, 1, 1 produits déjà ajoutés au panier, Ajouter un produit dans le panier]}, eventType=cross_app_cart_update}
10-01 12:16:43.542 16673 16673 D CrossAppTracking: 🛒 Produit envoyé: 1 produits déjà ajoutés au panier - Prix: N/A
10-01 12:16:43.542 16673 16673 D AndroidTracking: Event tracked: ADD_TO_CART - {app=Carrefour, packageName=com.carrefour.fid.android, productInfo={cartAction=Ajouter un produit dans le panier, productName=1 produits déjà ajoutés au panier, allTexts=[Bananes Bio Cavendish, le sachet de 5 fruits, PEROU, 1,99, 1 euros et 99 centimes., €, Retirer un produit du panier, 1, 1 produits déjà ajoutés au panier, Ajouter un produit dans le panier]}, eventType=cross_app_cart_update}
10-01 12:16:43.546 16673 16673 D CrossAppTracking: 🛒 Produit envoyé: 1 produits déjà ajoutés au panier - Prix: N/A
10-01 12:16:43.550 16673 16673 D AndroidTracking: Event tracked: ADD_TO_CART - {app=Carrefour, packageName=com.carrefour.fid.android, productInfo={productName=Panier, allTexts=[Panier]}, eventType=cross_app_cart_update}
10-01 12:16:43.558 16673 16673 D CrossAppTracking: 🛒 Produit envoyé: Panier - Prix: N/A
10-01 12:16:43.562 16673 16673 D AndroidTracking: Event tracked: ADD_TO_CART - {app=Carrefour, packageName=com.carrefour.fid.android, productInfo={productName=2 produits à remplacer, allTexts=[2 produits à remplacer]}, eventType=cross_app_cart_update}
10-01 12:16:43.563 16673 16673 D CrossAppTracking: 🛒 Produit envoyé: 2 produits à remplacer - Prix: N/A
10-01 12:16:43.563 16673 16673 D AndroidTracking: Event tracked: ADD_TO_CART - {app=Carrefour, packageName=com.carrefour.fid.android, productInfo={productName=Bouton de substitution, allTexts=[Bouton de substitution]}, eventType=cross_app_cart_update}
10-01 12:16:43.564 16673 16673 D CrossAppTracking: 🛒 Produit envoyé: Bouton de substitution - Prix: N/A
10-01 12:16:43.564 16673 16673 D AndroidTracking: Event tracked: CONTENT_CHANGED - {app=Carrefour, packageName=com.carrefour.fid.android, eventType=cross_app_content_change, timestamp=1759313802652}
10-01 12:16:43.566 16673 16673 D AndroidTracking: Event tracked: ADD_TO_CART - {app=Carrefour, packageName=com.carrefour.fid.android, productInfo={productName=Bouton de substitution, allTexts=[Bouton de substitution]}, eventType=cross_app_cart_update}
10-01 12:16:43.566 16673 16673 D CrossAppTracking: 🛒 Produit envoyé: Bouton de substitution - Prix: N/A
10-01 12:16:43.566 16673 16673 D AndroidTracking: Event tracked: ADD_TO_CART - {app=Carrefour, packageName=com.carrefour.fid.android, productInfo={price=3,38€, cartAction=3,38€, productName=Découvrez nos meilleurs alternatives pour remplacer vos produits indisponibles., allTexts=[2 produits à remplacer, Découvrez nos meilleurs alternatives pour remplacer vos produits indisponibles., Ananas en morceaux CARREFOUR LE MARCHE, Supprimer, Bouton de substitution, Poires CARREFOUR BIO, Supprimer, Bouton de substitution, Promotion: -10% Club. vous avez cagnottés0.0€. produits concernés: Bananes Bio Cavendish., -10% Club]}, eventType=cross_app_cart_update}
10-01 12:16:43.567 16673 16673 D CrossAppTracking: 🛒 Produit envoyé: Découvrez nos meilleurs alternatives pour remplacer vos produits indisponibles. - Prix: 3,38€
10-01 12:16:43.568 16673 16673 D AndroidTracking: Event tracked: ADD_TO_CART - {app=Carrefour, packageName=com.carrefour.fid.android, productInfo={cartAction=Retirer un produit du panier, productName=Retirer un produit du panier, allTexts=[Retirer un produit du panier]}, eventType=cross_app_cart_update}
10-01 12:16:43.568 16673 16930 D AndroidTracking: Event sent to server successfully
10-01 12:16:43.568 16673 16673 D CrossAppTracking: 🛒 Produit envoyé: Retirer un produit du panier - Prix: N/A
10-01 12:16:43.569 16673 16673 D AndroidTracking: Event tracked: ADD_TO_CART - {app=Carrefour, packageName=com.carrefour.fid.android, productInfo={cartAction=Retirer un produit du panier, productName=Retirer un produit du panier, allTexts=[Retirer un produit du panier]}, eventType=cross_app_cart_update}
10-01 12:16:43.569 16673 16673 D CrossAppTracking: 🛒 Produit envoyé: Retirer un produit du panier - Prix: N/A
10-01 12:16:43.570 16673 16673 D AndroidTracking: Event tracked: ADD_TO_CART - {app=Carrefour, packageName=com.carrefour.fid.android, productInfo={cartAction=Ajouter un produit dans le panier, productName=Ajouter un produit dans le panier, allTexts=[Ajouter un produit dans le panier]}, eventType=cross_app_cart_update}
10-01 12:16:43.570 16673 16673 D CrossAppTracking: 🛒 Produit envoyé: Ajouter un produit dans le panier - Prix: N/A
10-01 12:16:43.571 16673 16673 D AndroidTracking: Event tracked: ADD_TO_CART - {app=Carrefour, packageName=com.carrefour.fid.android, productInfo={cartAction=Ajouter un produit dans le panier, productName=Ajouter un produit dans le panier, allTexts=[Ajouter un produit dans le panier]}, eventType=cross_app_cart_update}
10-01 12:16:43.571 16673 16786 D AndroidTracking: Event sent to server successfully
10-01 12:16:43.574 16673 16673 D CrossAppTracking: 🛒 Produit envoyé: Ajouter un produit dans le panier - Prix: N/A
10-01 12:16:43.575 16673 16673 D AndroidTracking: Event tracked: ADD_TO_CART - {app=Carrefour, packageName=com.carrefour.fid.android, productInfo={price=Promotion: -10% Club. vous avez cagnottés0.0€. produits concernés: Bananes Bio Cavendish., cartAction=-10% Club, productName=-10% Club, allTexts=[Promotion: -10% Club. vous avez cagnottés0.0€. produits concernés: Bananes Bio Cavendish., -10% Club]}, eventType=cross_app_cart_update}
10-01 12:16:43.577 16673 16673 D CrossAppTracking: 🛒 Produit envoyé: -10% Club - Prix: Promotion: -10% Club. vous avez cagnottés0.0€. produits concernés: Bananes Bio Cavendish.
10-01 12:16:43.577 16673 16673 D AndroidTracking: Event tracked: ADD_TO_CART - {app=Carrefour, packageName=com.carrefour.fid.android, productInfo={productName=Panier, allTexts=[Panier]}, eventType=cross_app_cart_update}
10-01 12:16:43.577 16673 16673 D CrossAppTracking: 🛒 Produit envoyé: Panier - Prix: N/A
10-01 12:16:43.578 16673 16673 D AndroidTracking: Event tracked: ADD_TO_CART - {app=Carrefour, packageName=com.carrefour.fid.android, productInfo={cartAction=Vider tout le panier, productName=Vider tout le panier, allTexts=[Vider tout le panier, Vider tout le panier]}, eventType=cross_app_cart_update}
10-01 12:16:43.585 16673 16673 D CrossAppTracking: 🛒 Produit envoyé: Vider tout le panier - Prix: N/A
10-01 12:16:43.586 16673 16932 D AndroidTracking: Event sent to server successfully
10-01 12:16:43.588 16673 16673 D AndroidTracking: Event tracked: ADD_TO_CART - {app=Carrefour, packageName=com.carrefour.fid.android, productInfo={cartAction=3,38€, price=3,38€, productName=Valider mon panier, allTexts=[Valider mon panier, 3,38€]}, eventType=cross_app_cart_update}
10-01 12:16:43.589 16673 16673 D CrossAppTracking: 🛒 Produit envoyé: Valider mon panier - Prix: 3,38€
10-01 12:16:43.593 16673 16785 D AndroidTracking: Event sent to server successfully
10-01 12:16:43.594 16673 16787 D AndroidTracking: Event sent to server successfully
10-01 12:16:43.595 16673 16930 D AndroidTracking: Event sent to server successfully
10-01 12:16:43.609 16673 16673 D AndroidTracking: Event tracked: ADD_TO_CART - {app=Carrefour, packageName=com.carrefour.fid.android, productInfo={productName=Ananas en morceaux CARREFOUR LE MARCHE, allTexts=[Ananas en morceaux CARREFOUR LE MARCHE]}, eventType=cross_app_cart_update}
10-01 12:16:43.609 16673 16932 D AndroidTracking: Event sent to server successfully
10-01 12:16:43.610 16673 16673 D CrossAppTracking: 🛒 Produit envoyé: Ananas en morceaux CARREFOUR LE MARCHE - Prix: N/A
10-01 12:16:43.610 16673 16673 D AndroidTracking: Event tracked: ADD_TO_CART - {app=Carrefour, packageName=com.carrefour.fid.android, productInfo={productName=Voir tout, allTexts=[Voir tout]}, eventType=cross_app_cart_update}
10-01 12:16:43.611 16673 16673 D CrossAppTracking: 🛒 Produit envoyé: Voir tout - Prix: N/A
10-01 12:16:43.614 16673 16785 D AndroidTracking: Event sent to server successfully
10-01 12:16:43.617 16673 16787 D AndroidTracking: Event sent to server successfully
10-01 12:16:43.618 16673 16673 D AndroidTracking: Event tracked: ADD_TO_CART - {app=Carrefour, packageName=com.carrefour.fid.android, productInfo={price=Promotion: -10% Club. vous avez cagnottés0.0€. produits concernés: Kiwi Hayward ., cartAction=-10% Club, productName=-10% Club, allTexts=[Promotion: -10% Club. vous avez cagnottés0.0€. produits concernés: Kiwi Hayward ., -10% Club]}, eventType=cross_app_cart_update}
10-01 12:16:43.622 16673 16786 D AndroidTracking: Event sent to server successfully
10-01 12:16:43.622 16673 16673 D CrossAppTracking: 🛒 Produit envoyé: -10% Club - Prix: Promotion: -10% Club. vous avez cagnottés0.0€. produits concernés: Kiwi Hayward .
10-01 12:16:43.623 16673 16673 D AndroidTracking: Event tracked: ADD_TO_CART - {app=Carrefour, packageName=com.carrefour.fid.android, productInfo={productName=Découvrez nos meilleurs alternatives pour remplacer vos produits indisponibles., allTexts=[Découvrez nos meilleurs alternatives pour remplacer vos produits indisponibles.]}, eventType=cross_app_cart_update}
10-01 12:16:43.625 16673 16673 D CrossAppTracking: 🛒 Produit envoyé: Découvrez nos meilleurs alternatives pour remplacer vos produits indisponibles. - Prix: N/A
10-01 12:16:43.625 16673 16673 D AndroidTracking: Event tracked: ADD_TO_CART - {app=Carrefour, packageName=com.carrefour.fid.android, productInfo={productName=Supprimer, allTexts=[Supprimer]}, eventType=cross_app_cart_update}
10-01 12:16:43.626 16673 16673 D CrossAppTracking: 🛒 Produit envoyé: Supprimer - Prix: N/A
10-01 12:16:43.638 16673 16930 D AndroidTracking: Event sent to server successfully
10-01 12:16:43.649 16673 16673 D AndroidTracking: Event tracked: ADD_TO_CART - {app=Carrefour, packageName=com.carrefour.fid.android, productInfo={productName=Supprimer, allTexts=[Supprimer]}, eventType=cross_app_cart_update}
10-01 12:16:43.650 16673 16673 D CrossAppTracking: 🛒 Produit envoyé: Supprimer - Prix: N/A
10-01 12:16:43.653 16673 16932 D AndroidTracking: Event sent to server successfully
10-01 12:16:43.654 16673 16673 D AndroidTracking: Event tracked: ADD_TO_CART - {app=Carrefour, packageName=com.carrefour.fid.android, productInfo={productName=Rien oublié ?, allTexts=[Rien oublié ?]}, eventType=cross_app_cart_update}
10-01 12:16:43.655 16673 16673 D CrossAppTracking: 🛒 Produit envoyé: Rien oublié ? - Prix: N/A
10-01 12:16:43.664 16673 16785 D AndroidTracking: Event sent to server successfully
10-01 12:16:43.671 16673 16930 D AndroidTracking: Event sent to server successfully
10-01 12:16:43.675 16673 16787 D AndroidTracking: Event sent to server successfully
10-01 12:16:43.679 16673 16786 D AndroidTracking: Event sent to server successfully
10-01 12:16:43.698 16673 16673 D AndroidTracking: Event tracked: ADD_TO_CART - {app=Carrefour, packageName=com.carrefour.fid.android, productInfo={productName=Poires CARREFOUR BIO, allTexts=[Poires CARREFOUR BIO]}, eventType=cross_app_cart_update}
10-01 12:16:43.699 16673 16673 D CrossAppTracking: 🛒 Produit envoyé: Poires CARREFOUR BIO - Prix: N/A
10-01 12:16:43.711 16673 16787 D AndroidTracking: Event sent to server successfully
10-01 12:16:43.715 16673 16785 D AndroidTracking: Event sent to server successfully
10-01 12:16:43.732 16673 16932 D AndroidTracking: Event sent to server successfully
10-01 12:16:43.738 16673 16673 D AndroidTracking: Event tracked: ADD_TO_CART - {app=Carrefour, packageName=com.carrefour.fid.android, productInfo={cartAction=Ajouter un produit dans le panier, productName=1 produits déjà ajoutés au panier, allTexts=[Kiwi Hayward , la pièce, FRANCE, 1,39, 1 euros et 39 centimes., €, Retirer un produit du panier, 1, 1 produits déjà ajoutés au panier, Ajouter un produit dans le panier]}, eventType=cross_app_cart_update}
10-01 12:16:43.739 16673 16786 D AndroidTracking: Event sent to server successfully
10-01 12:16:43.742 16673 16673 D CrossAppTracking: 🛒 Produit envoyé: 1 produits déjà ajoutés au panier - Prix: N/A
10-01 12:16:43.747 16673 16787 D AndroidTracking: Event sent to server successfully
10-01 12:16:43.750 16673 16930 D AndroidTracking: Event sent to server successfully
10-01 12:16:43.758 16673 16785 D AndroidTracking: Event sent to server successfully
10-01 12:16:43.766 16673 16932 D AndroidTracking: Event sent to server successfully
10-01 12:16:43.778 16673 16673 D AndroidTracking: Event tracked: ADD_TO_CART - {app=Carrefour, packageName=com.carrefour.fid.android, productInfo={cartAction=Ajouter un produit dans le panier, productName=1 produits déjà ajoutés au panier, allTexts=[Bananes Bio Cavendish, le sachet de 5 fruits, PEROU, 1,99, 1 euros et 99 centimes., €, Retirer un produit du panier, 1, 1 produits déjà ajoutés au panier, Ajouter un produit dans le panier]}, eventType=cross_app_cart_update}
10-01 12:16:43.779 16673 16673 D CrossAppTracking: 🛒 Produit envoyé: 1 produits déjà ajoutés au panier - Prix: N/A
10-01 12:16:43.781 16673 16786 D AndroidTracking: Event sent to server successfully
10-01 12:16:43.788 16673 16930 D AndroidTracking: Event sent to server successfully
10-01 12:16:43.806 16673 16673 D AndroidTracking: Event tracked: CONTENT_CHANGED - {app=Carrefour, packageName=com.carrefour.fid.android, eventType=cross_app_content_change, timestamp=1759313803299}
10-01 12:16:43.824 16673 16932 D AndroidTracking: Event sent to server successfully
10-01 12:16:43.838 16673 16930 D AndroidTracking: Event sent to server successfully
10-01 12:16:43.950 16673 16673 D AndroidTracking: Event tracked: ADD_TO_CART - {app=Carrefour, packageName=com.carrefour.fid.android, productInfo={price=3,38€, cartAction=3,38€, productName=Découvrez nos meilleurs alternatives pour remplacer vos produits indisponibles., allTexts=[2 produits à remplacer, Découvrez nos meilleurs alternatives pour remplacer vos produits indisponibles., Ananas en morceaux CARREFOUR LE MARCHE, Supprimer, Bouton de substitution, Poires CARREFOUR BIO, Supprimer, Bouton de substitution, Promotion: -10% Club. vous avez cagnottés0.0€. produits concernés: Bananes Bio Cavendish., -10% Club]}, eventType=cross_app_cart_update}
10-01 12:16:43.953 16673 16673 D CrossAppTracking: 🛒 Produit envoyé: Découvrez nos meilleurs alternatives pour remplacer vos produits indisponibles. - Prix: 3,38€
10-01 12:16:43.973 16673 16930 D AndroidTracking: Event sent to server successfully
10-01 12:16:44.036 16673 16673 D AndroidTracking: Event tracked: ADD_TO_CART - {app=Carrefour, packageName=com.carrefour.fid.android, productInfo={price=Promotion: -10% Club. vous avez cagnottés0.0€. produits concernés: Kiwi Hayward ., cartAction=Vider tout le panier, productName=Découvrez nos meilleurs alternatives pour remplacer vos produits indisponibles., allTexts=[2 produits à remplacer, Découvrez nos meilleurs alternatives pour remplacer vos produits indisponibles., Ananas en morceaux CARREFOUR LE MARCHE, Supprimer, Bouton de substitution, Poires CARREFOUR BIO, Supprimer, Bouton de substitution, Promotion: -10% Club. vous avez cagnottés0.0€. produits concernés: Bananes Bio Cavendish., -10% Club]}, eventType=cross_app_cart_update}
10-01 12:16:44.037 16673 16673 D CrossAppTracking: 🛒 Produit envoyé: Découvrez nos meilleurs alternatives pour remplacer vos produits indisponibles. - Prix: Promotion: -10% Club. vous avez cagnottés0.0€. produits concernés: Kiwi Hayward .
10-01 12:16:44.037 16673 16673 D AndroidTracking: Event tracked: CONTENT_CHANGED - {app=Carrefour, packageName=com.carrefour.fid.android, eventType=cross_app_content_change, timestamp=1759313803536}
10-01 12:16:44.054 16673 16930 D AndroidTracking: Event sent to server successfully
10-01 12:16:44.055 16673 16932 D AndroidTracking: Event sent to server successfully
10-01 12:16:49.598 16673 16788 W AndroidTracking: Failed to send event to server: failed to connect to /10.0.2.2 (port 3001) from /10.0.2.16 (port 57942) after 10000ms
10-01 12:17:00.189 16673 16673 D CrossAppTracking: 📱 Événement reçu: 2048 - com.android.systemui
10-01 12:17:00.189 16673 16673 D CrossAppTracking: ❌ App non ciblée: com.android.systemui
10-01 12:17:00.294 16673 16673 D CrossAppTracking: 📱 Événement reçu: 2048 - com.android.systemui
10-01 12:17:00.295 16673 16673 D CrossAppTracking: ❌ App non ciblée: com.android.systemui
10-01 12:17:21.942 16673 16673 D CrossAppTracking: 📱 Événement reçu: 2048 - com.android.systemui
10-01 12:17:21.942 16673 16673 D CrossAppTracking: ❌ App non ciblée: com.android.systemui
10-01 12:17:22.818 16673 16673 D CrossAppTracking: 📱 Événement reçu: 32 - com.google.android.apps.nexuslauncher
10-01 12:17:22.818 16673 16673 D CrossAppTracking: ✅ App ciblée détectée: com.google.android.apps.nexuslauncher
10-01 12:17:23.608 16673 16673 D CrossAppTracking: 📱 Événement reçu: 2048 - com.google.android.apps.nexuslauncher
10-01 12:17:23.608 16673 16673 D CrossAppTracking: ✅ App ciblée détectée: com.google.android.apps.nexuslauncher
10-01 12:17:23.730 16673 16673 D CrossAppTracking: 📱 Événement reçu: 2048 - com.google.android.apps.nexuslauncher
10-01 12:17:23.730 16673 16673 D CrossAppTracking: ✅ App ciblée détectée: com.google.android.apps.nexuslauncher
10-01 12:17:23.800 16673 16673 D CrossAppTracking: 📱 Événement reçu: 2048 - com.google.android.apps.nexuslauncher
10-01 12:17:23.801 16673 16673 D CrossAppTracking: ✅ App ciblée détectée: com.google.android.apps.nexuslauncher
10-01 12:17:23.862 16673 16673 D CrossAppTracking: 📱 Événement reçu: 2048 - com.google.android.apps.nexuslauncher
10-01 12:17:23.864 16673 16673 D CrossAppTracking: ✅ App ciblée détectée: com.google.android.apps.nexuslauncher
10-01 12:17:23.969 16673 16673 D CrossAppTracking: 📱 Événement reçu: 32 - com.google.android.apps.nexuslauncher
10-01 12:17:23.969 16673 16673 D CrossAppTracking: ✅ App ciblée détectée: com.google.android.apps.nexuslauncher
10-01 12:17:24.033 16673 16673 D CrossAppTracking: 📱 Événement reçu: 8 - com.google.android.apps.nexuslauncher
10-01 12:17:24.033 16673 16673 D CrossAppTracking: ✅ App ciblée détectée: com.google.android.apps.nexuslauncher
10-01 12:17:24.033 16673 16673 D CrossAppTracking: 📱 Événement reçu: 2048 - com.google.android.apps.nexuslauncher
10-01 12:17:24.033 16673 16673 D CrossAppTracking: ✅ App ciblée détectée: com.google.android.apps.nexuslauncher
10-01 12:17:24.201 16673 16673 D CrossAppTracking: 📱 Événement reçu: 2048 - com.google.android.apps.nexuslauncher
10-01 12:17:24.201 16673 16673 D CrossAppTracking: ✅ App ciblée détectée: com.google.android.apps.nexuslauncher
10-01 12:17:24.465 16673 16673 D AndroidTracking: Event tracked: ADD_TO_CART - {app=com.google.android.apps.nexuslauncher, packageName=com.google.android.apps.nexuslauncher, productInfo={cartAction=Bascule Cross-App Tracking, productName=Bascule Cross-App Tracking, allTexts=[Clear all, Settings Accessibility, Bascule Cross-App Tracking, Carrefour]}, eventType=cross_app_cart_update}
10-01 12:17:24.469 16673 16673 D CrossAppTracking: 🛒 Produit envoyé: Bascule Cross-App Tracking - Prix: N/A
10-01 12:17:24.469 16673 16673 D AndroidTracking: Event tracked: ADD_TO_CART - {app=com.google.android.apps.nexuslauncher, packageName=com.google.android.apps.nexuslauncher, productInfo={cartAction=Bascule Cross-App Tracking, productName=Bascule Cross-App Tracking, allTexts=[Clear all, Settings Accessibility, Bascule Cross-App Tracking, Carrefour]}, eventType=cross_app_cart_update}
10-01 12:17:24.472 16673 16673 D CrossAppTracking: 🛒 Produit envoyé: Bascule Cross-App Tracking - Prix: N/A
10-01 12:17:24.472 16673 16673 D AndroidTracking: Event tracked: ADD_TO_CART - {app=com.google.android.apps.nexuslauncher, packageName=com.google.android.apps.nexuslauncher, productInfo={cartAction=Bascule Cross-App Tracking, productName=Bascule Cross-App Tracking, allTexts=[Clear all, Settings Accessibility, Bascule Cross-App Tracking, Carrefour]}, eventType=cross_app_cart_update}
10-01 12:17:24.474 16673 16673 D CrossAppTracking: 🛒 Produit envoyé: Bascule Cross-App Tracking - Prix: N/A
10-01 12:17:24.474 16673 16673 D AndroidTracking: Event tracked: ADD_TO_CART - {app=com.google.android.apps.nexuslauncher, packageName=com.google.android.apps.nexuslauncher, productInfo={cartAction=Bascule Cross-App Tracking, productName=Bascule Cross-App Tracking, allTexts=[Clear all, Settings Accessibility, Bascule Cross-App Tracking, Carrefour]}, eventType=cross_app_cart_update}
10-01 12:17:24.476 16673 16673 D CrossAppTracking: 🛒 Produit envoyé: Bascule Cross-App Tracking - Prix: N/A
10-01 12:17:24.479 16673 16673 D AndroidTracking: Event tracked: ADD_TO_CART - {app=com.google.android.apps.nexuslauncher, packageName=com.google.android.apps.nexuslauncher, productInfo={cartAction=Bascule Cross-App Tracking, productName=Bascule Cross-App Tracking, allTexts=[Clear all, Settings Accessibility, Bascule Cross-App Tracking, Carrefour, Screenshot, Select]}, eventType=cross_app_cart_update}
10-01 12:17:24.482 16673 16673 D CrossAppTracking: 🛒 Produit envoyé: Bascule Cross-App Tracking - Prix: N/A
10-01 12:17:24.511 16673 16788 D AndroidTracking: Event sent to server successfully
10-01 12:17:24.526 16673 16786 D AndroidTracking: Event sent to server successfully
10-01 12:17:24.550 16673 16785 D AndroidTracking: Event sent to server successfully
10-01 12:17:24.552 16673 16930 D AndroidTracking: Event sent to server successfully
10-01 12:17:24.557 16673 16932 D AndroidTracking: Event sent to server successfully
10-01 12:17:24.610 16673 16673 D CrossAppTracking: 📱 Événement reçu: 1 - com.google.android.apps.nexuslauncher
10-01 12:17:24.610 16673 16673 D CrossAppTracking: ✅ App ciblée détectée: com.google.android.apps.nexuslauncher
10-01 12:17:24.613 16673 16673 D AndroidTracking: Event tracked: ADD_TO_CART - {app=com.google.android.apps.nexuslauncher, packageName=com.google.android.apps.nexuslauncher, productInfo={cartAction=Bascule Cross-App Tracking, productName=Bascule Cross-App Tracking, allTexts=[Clear all, Settings Accessibility, Bascule Cross-App Tracking, Carrefour, Screenshot, Select]}, eventType=cross_app_cart_update}
10-01 12:17:24.614 16673 16673 D CrossAppTracking: 🛒 Produit envoyé: Bascule Cross-App Tracking - Prix: N/A
10-01 12:17:24.614 16673 16673 D CrossAppTracking: 📱 Événement reçu: 2048 - com.google.android.apps.nexuslauncher
10-01 12:17:24.617 16673 16673 D CrossAppTracking: ✅ App ciblée détectée: com.google.android.apps.nexuslauncher
10-01 12:17:24.671 16673 16932 D AndroidTracking: Event sent to server successfully
10-01 12:17:25.007 16673 16673 D AndroidTracking: Event tracked: ADD_TO_CART - {app=com.google.android.apps.nexuslauncher, packageName=com.google.android.apps.nexuslauncher, productInfo={cartAction=Bascule Cross-App Tracking, productName=Bascule Cross-App Tracking, allTexts=[Clear all, Settings Accessibility, Bascule Cross-App Tracking, Carrefour]}, eventType=cross_app_cart_update}
10-01 12:17:25.007 16673 16673 D CrossAppTracking: 🛒 Produit envoyé: Bascule Cross-App Tracking - Prix: N/A
10-01 12:17:25.007 16673 16673 D AndroidTracking: Event tracked: ADD_TO_CART - {app=com.google.android.apps.nexuslauncher, packageName=com.google.android.apps.nexuslauncher, productInfo={cartAction=Bascule Cross-App Tracking, productName=Bascule Cross-App Tracking, allTexts=[Clear all, Settings Accessibility, Bascule Cross-App Tracking, Carrefour]}, eventType=cross_app_cart_update}
10-01 12:17:25.009 16673 16673 D CrossAppTracking: 🛒 Produit envoyé: Bascule Cross-App Tracking - Prix: N/A
10-01 12:17:25.009 16673 16673 D CrossAppTracking: 📱 Événement reçu: 2048 - com.google.android.apps.nexuslauncher
10-01 12:17:25.009 16673 16673 D CrossAppTracking: ✅ App ciblée détectée: com.google.android.apps.nexuslauncher
10-01 12:17:25.023 16673 16785 D AndroidTracking: Event sent to server successfully
10-01 12:17:25.041 16673 16932 D AndroidTracking: Event sent to server successfully
10-01 12:17:25.275 16673 16673 D AndroidTracking: Event tracked: VIEW_CLICKED - {app=com.google.android.apps.nexuslauncher, packageName=com.google.android.apps.nexuslauncher, element={className=android.widget.FrameLayout, contentDescription=, text=, resourceId=com.google.android.apps.nexuslauncher:id/task_view_single, clickable=true, bounds={left=0, top=174, right=131, bottom=1973}}, eventType=cross_app_click, timestamp=1759313844610}
10-01 12:17:25.277 16673 16673 D CrossAppTracking: Click envoyé dans com.google.android.apps.nexuslauncher: {className=android.widget.FrameLayout, contentDescription=, text=, resourceId=com.google.android.apps.nexuslauncher:id/task_view_single, clickable=true, bounds={left=0, top=174, right=131, bottom=1973}}
10-01 12:17:25.277 16673 16673 D CrossAppTracking: 📱 Événement reçu: 2048 - com.google.android.apps.nexuslauncher
10-01 12:17:25.277 16673 16673 D CrossAppTracking: ✅ App ciblée détectée: com.google.android.apps.nexuslauncher
10-01 12:17:25.288 16673 16932 D AndroidTracking: Event sent to server successfully
10-01 12:17:25.303 16673 16673 D CrossAppTracking: 📱 Événement reçu: 2048 - com.google.android.apps.nexuslauncher
10-01 12:17:25.303 16673 16673 D CrossAppTracking: ✅ App ciblée détectée: com.google.android.apps.nexuslauncher
10-01 12:17:25.310 16673 16673 D CrossAppTracking: 📱 Événement reçu: 8 - com.google.android.apps.nexuslauncher
10-01 12:17:25.311 16673 16673 D CrossAppTracking: ✅ App ciblée détectée: com.google.android.apps.nexuslauncher
10-01 12:17:25.327 16673 16673 D CrossAppTracking: 📱 Événement reçu: 8 - com.google.android.apps.nexuslauncher
10-01 12:17:25.327 16673 16673 D CrossAppTracking: ✅ App ciblée détectée: com.google.android.apps.nexuslauncher
10-01 12:17:25.329 16673 16673 D CrossAppTracking: 📱 Événement reçu: 2048 - com.bascule.leclerctracking
10-01 12:17:25.329 16673 16673 D CrossAppTracking: ✅ App ciblée détectée: com.bascule.leclerctracking
10-01 12:17:25.471 16673 16673 D CrossAppTracking: 📱 Événement reçu: 32 - com.bascule.leclerctracking
10-01 12:17:25.472 16673 16673 D CrossAppTracking: ✅ App ciblée détectée: com.bascule.leclerctracking
10-01 12:17:25.508 16673 16673 D AndroidTracking: Event tracked: CONTENT_CHANGED - {app=com.google.android.apps.nexuslauncher, packageName=com.google.android.apps.nexuslauncher, eventType=cross_app_content_change, timestamp=1759313845006}
10-01 12:17:25.520 16673 16932 D AndroidTracking: Event sent to server successfully
10-01 12:17:25.839 16673 16673 D CrossAppTracking: 📱 Événement reçu: 1 - com.bascule.leclerctracking
10-01 12:17:25.839 16673 16673 D CrossAppTracking: ✅ App ciblée détectée: com.bascule.leclerctracking
10-01 12:17:25.864 16673 16673 D AndroidTracking: Event tracked: ADD_TO_CART - {app=com.bascule.leclerctracking, packageName=com.bascule.leclerctracking, productInfo={cartAction=12:16:36 🚀 Démarrage du test automatique Carrefour
10-01 12:17:25.864 16673 16673 D AndroidTracking: 12:16:36 📱 Lancement de Carrefour...
10-01 12:17:25.864 16673 16673 D AndroidTracking: 12:16:37 ✅ Carrefour lancé
10-01 12:17:25.864 16673 16673 D AndroidTracking: 12:16:38 ⏳ Attente du chargement de Carrefour (5s)...
10-01 12:17:25.864 16673 16673 D AndroidTracking: 12:16:43 🔍 Recherche du panier...
10-01 12:17:25.864 16673 16673 D AndroidTracking: 12:16:43 💡 Le service d'accessibilité va détecter les actions
10-01 12:17:25.864 16673 16673 D AndroidTracking: 12:16:43 ⏳ Attente de 10 secondes pour observer les événements...
10-01 12:17:25.864 16673 16673 D AndroidTracking: 12:16:53 ✅ Test terminé
10-01 12:17:25.864 16673 16673 D AndroidTracking: 12:16:53 📊 Vérifie les logs du service pour voir les événements capturés
10-01 12:17:25.864 16673 16673 D AndroidTracking: 12:16:53 
10-01 12:17:25.864 16673 16673 D AndroidTracking: 12:16:53 Pour revenir à l'app de tracking, appuie sur le bouton Retour
10-01 12:17:25.864 16673 16673 D AndroidTracking: , productName=12:16:36 🚀 Démarrage du test automatique Carrefour
10-01 12:17:25.864 16673 16673 D AndroidTracking: 12:16:36 📱 Lancement de Carrefour...
10-01 12:17:25.864 16673 16673 D AndroidTracking: 12:16:37 ✅ Carrefour lancé
10-01 12:17:25.864 16673 16673 D AndroidTracking: 12:16:38 ⏳ Attente du chargement de Carrefour (5s)...
10-01 12:17:25.864 16673 16673 D AndroidTracking: 12:16:43 🔍 Recherche du panier...
10-01 12:17:25.864 16673 16673 D AndroidTracking: 12:16:43 💡 Le service d'accessibilité va détecter les actions
10-01 12:17:25.864 16673 16673 D AndroidTracking: 12:16:43 ⏳ Attente de 10 secondes pour observer les événements...
10-01 12:17:25.864 16673 16673 D AndroidTracking: 12:16:53 ✅ Test terminé
10-01 12:17:25.864 16673 16673 D AndroidTracking: 12:16:53 📊 Vérifie les logs du service pour voir les événements capturés
10-01 12:17:25.864 16673 16673 D AndroidTracking: 12:16:53 
10-01 12:17:25.864 16673 16673 D AndroidTracking: 12:16:53 Pour revenir à l'app de tracking, appuie sur le bouton Retour
10-01 12:17:25.864 16673 16673 D AndroidTracking: , allTexts=[Test Automatique Carrefour, Ce test va lancer Carrefour et observer les événements capturés par le service d'accessibilité., 🚀 DÉMARRER LE TEST, Logs du test :, 12:16:36 🚀 Démarrage du test automatique Carrefour
10-01 12:17:25.864 16673 16673 D AndroidTracking: 12:16:36 📱 Lancement de Carrefour...
10-01 12:17:25.864 16673 16673 D AndroidTracking: 12:16:37 ✅ Carrefour lancé
10-01 12:17:25.864 16673 16673 D AndroidTracking: 12:16:38 ⏳ Attente du chargement de Carrefour (5s)...
10-01 12:17:25.864 16673 16673 D AndroidTracking: 12:16:43 🔍 Recherche du panier...
10-01 12:17:25.864 16673 16673 D AndroidTracking: 12:16:43 💡 Le service d'accessibilité va détecter les actions
10-01 12:17:25.864 16673 16673 D AndroidTracking: 12:16:43 ⏳ Attente de 10 secondes pour observer les événements...
10-01 12:17:25.864 16673 16673 D AndroidTracking: 12:16:53 ✅ Test terminé
10-01 12:17:25.864 16673 16673 D AndroidTracking: 12:16:53 📊 Vérifie les logs du service pour voir les événements capturés
10-01 12:17:25.864 16673 16673 D AndroidTracking: 12:16:53 
10-01 12:17:25.864 16673 16673 D AndroidTracking: 12:16:53 Pour revenir à l'app de tracking, appuie sur le bouton Retour
10-01 12:17:25.864 16673 16673 D AndroidTracking: ]}, eventType=cross_app_cart_update}
10-01 12:17:25.865 16673 16673 D CrossAppTracking: 🛒 Produit envoyé: 12:16:36 🚀 Démarrage du test automatique Carrefour
10-01 12:17:25.865 16673 16673 D CrossAppTracking: 12:16:36 📱 Lancement de Carrefour...
10-01 12:17:25.865 16673 16673 D CrossAppTracking: 12:16:37 ✅ Carrefour lancé
10-01 12:17:25.865 16673 16673 D CrossAppTracking: 12:16:38 ⏳ Attente du chargement de Carrefour (5s)...
10-01 12:17:25.865 16673 16673 D CrossAppTracking: 12:16:43 🔍 Recherche du panier...
10-01 12:17:25.865 16673 16673 D CrossAppTracking: 12:16:43 💡 Le service d'accessibilité va détecter les actions
10-01 12:17:25.865 16673 16673 D CrossAppTracking: 12:16:43 ⏳ Attente de 10 secondes pour observer les événements...
10-01 12:17:25.865 16673 16673 D CrossAppTracking: 12:16:53 ✅ Test terminé
10-01 12:17:25.865 16673 16673 D CrossAppTracking: 12:16:53 📊 Vérifie les logs du service pour voir les événements capturés
10-01 12:17:25.865 16673 16673 D CrossAppTracking: 12:16:53 
10-01 12:17:25.865 16673 16673 D CrossAppTracking: 12:16:53 Pour revenir à l'app de tracking, appuie sur le bouton Retour
10-01 12:17:25.865 16673 16673 D CrossAppTracking:  - Prix: N/A
10-01 12:17:25.948 16673 16932 D AndroidTracking: Event sent to server successfully
10-01 12:17:25.999 16673 16673 D AndroidTracking: Event tracked: ADD_TO_CART - {app=com.bascule.leclerctracking, packageName=com.bascule.leclerctracking, productInfo={cartAction=12:16:36 🚀 Démarrage du test automatique Carrefour
10-01 12:17:25.999 16673 16673 D AndroidTracking: 12:16:36 📱 Lancement de Carrefour...
10-01 12:17:25.999 16673 16673 D AndroidTracking: 12:16:37 ✅ Carrefour lancé
10-01 12:17:25.999 16673 16673 D AndroidTracking: 12:16:38 ⏳ Attente du chargement de Carrefour (5s)...
10-01 12:17:25.999 16673 16673 D AndroidTracking: 12:16:43 🔍 Recherche du panier...
10-01 12:17:25.999 16673 16673 D AndroidTracking: 12:16:43 💡 Le service d'accessibilité va détecter les actions
10-01 12:17:25.999 16673 16673 D AndroidTracking: 12:16:43 ⏳ Attente de 10 secondes pour observer les événements...
10-01 12:17:25.999 16673 16673 D AndroidTracking: 12:16:53 ✅ Test terminé
10-01 12:17:25.999 16673 16673 D AndroidTracking: 12:16:53 📊 Vérifie les logs du service pour voir les événements capturés
10-01 12:17:25.999 16673 16673 D AndroidTracking: 12:16:53 
10-01 12:17:25.999 16673 16673 D AndroidTracking: 12:16:53 Pour revenir à l'app de tracking, appuie sur le bouton Retour
10-01 12:17:25.999 16673 16673 D AndroidTracking: , productName=12:16:36 🚀 Démarrage du test automatique Carrefour
10-01 12:17:25.999 16673 16673 D AndroidTracking: 12:16:36 📱 Lancement de Carrefour...
10-01 12:17:25.999 16673 16673 D AndroidTracking: 12:16:37 ✅ Carrefour lancé
10-01 12:17:25.999 16673 16673 D AndroidTracking: 12:16:38 ⏳ Attente du chargement de Carrefour (5s)...
10-01 12:17:25.999 16673 16673 D AndroidTracking: 12:16:43 🔍 Recherche du panier...
10-01 12:17:25.999 16673 16673 D AndroidTracking: 12:16:43 💡 Le service d'accessibilité va détecter les actions
10-01 12:17:25.999 16673 16673 D AndroidTracking: 12:16:43 ⏳ Attente de 10 secondes pour observer les événements...
10-01 12:17:25.999 16673 16673 D AndroidTracking: 12:16:53 ✅ Test terminé
10-01 12:17:25.999 16673 16673 D AndroidTracking: 12:16:53 📊 Vérifie les logs du service pour voir les événements capturés
10-01 12:17:25.999 16673 16673 D AndroidTracking: 12:16:53 
10-01 12:17:25.999 16673 16673 D AndroidTracking: 12:16:53 Pour revenir à l'app de tracking, appuie sur le bouton Retour
10-01 12:17:25.999 16673 16673 D AndroidTracking: , allTexts=[Test Automatique Carrefour, Ce test va lancer Carrefour et observer les événements capturés par le service d'accessibilité., 🚀 DÉMARRER LE TEST, Logs du test :, 12:16:36 🚀 Démarrage du test automatique Carrefour
10-01 12:17:25.999 16673 16673 D AndroidTracking: 12:16:36 📱 Lancement de Carrefour...
10-01 12:17:25.999 16673 16673 D AndroidTracking: 12:16:37 ✅ Carrefour lancé
10-01 12:17:25.999 16673 16673 D AndroidTracking: 12:16:38 ⏳ Attente du chargement de Carrefour (5s)...
10-01 12:17:25.999 16673 16673 D AndroidTracking: 12:16:43 🔍 Recherche du panier...
10-01 12:17:25.999 16673 16673 D AndroidTracking: 12:16:43 💡 Le service d'accessibilité va détecter les actions
10-01 12:17:25.999 16673 16673 D AndroidTracking: 12:16:43 ⏳ Attente de 10 secondes pour observer les événements...
10-01 12:17:25.999 16673 16673 D AndroidTracking: 12:16:53 ✅ Test terminé
10-01 12:17:25.999 16673 16673 D AndroidTracking: 12:16:53 📊 Vérifie les logs du service pour voir les événements capturés
10-01 12:17:25.999 16673 16673 D AndroidTracking: 12:16:53 
10-01 12:17:25.999 16673 16673 D AndroidTracking: 12:16:53 Pour revenir à l'app de tracking, appuie sur le bouton Retour
10-01 12:17:25.999 16673 16673 D AndroidTracking: ]}, eventType=cross_app_cart_update}
10-01 12:17:26.003 16673 16673 D CrossAppTracking: 🛒 Produit envoyé: 12:16:36 🚀 Démarrage du test automatique Carrefour
10-01 12:17:26.003 16673 16673 D CrossAppTracking: 12:16:36 📱 Lancement de Carrefour...
10-01 12:17:26.003 16673 16673 D CrossAppTracking: 12:16:37 ✅ Carrefour lancé
10-01 12:17:26.003 16673 16673 D CrossAppTracking: 12:16:38 ⏳ Attente du chargement de Carrefour (5s)...
10-01 12:17:26.003 16673 16673 D CrossAppTracking: 12:16:43 🔍 Recherche du panier...
10-01 12:17:26.003 16673 16673 D CrossAppTracking: 12:16:43 💡 Le service d'accessibilité va détecter les actions
10-01 12:17:26.003 16673 16673 D CrossAppTracking: 12:16:43 ⏳ Attente de 10 secondes pour observer les événements...
10-01 12:17:26.003 16673 16673 D CrossAppTracking: 12:16:53 ✅ Test terminé
10-01 12:17:26.003 16673 16673 D CrossAppTracking: 12:16:53 📊 Vérifie les logs du service pour voir les événements capturés
10-01 12:17:26.003 16673 16673 D CrossAppTracking: 12:16:53 
10-01 12:17:26.003 16673 16673 D CrossAppTracking: 12:16:53 Pour revenir à l'app de tracking, appuie sur le bouton Retour
10-01 12:17:26.003 16673 16673 D CrossAppTracking:  - Prix: N/A
10-01 12:17:26.109 16673 16932 D AndroidTracking: Event sent to server successfully
10-01 12:17:26.348 16673 16673 D AndroidTracking: Event tracked: VIEW_CLICKED - {app=com.bascule.leclerctracking, packageName=com.bascule.leclerctracking, element={className=android.widget.Button, contentDescription=, text=🚀 DÉMARRER LE TEST, resourceId=com.bascule.leclerctracking:id/startTestButton, clickable=true, bounds={left=42, top=368, right=1038, bottom=545}}, eventType=cross_app_click, timestamp=1759313845839}
10-01 12:17:26.351 16673 16673 D CrossAppTracking: Click envoyé dans com.bascule.leclerctracking: {className=android.widget.Button, contentDescription=, text=🚀 DÉMARRER LE TEST, resourceId=com.bascule.leclerctracking:id/startTestButton, clickable=true, bounds={left=42, top=368, right=1038, bottom=545}}
10-01 12:17:26.387 16673 16932 D AndroidTracking: Event sent to server successfully
10-01 12:17:26.595 16673 16673 D CrossAppTracking: 📱 Événement reçu: 2048 - com.bascule.leclerctracking
10-01 12:17:26.605 16673 16673 D CrossAppTracking: ✅ App ciblée détectée: com.bascule.leclerctracking
10-01 12:17:26.664 16673 16673 D CrossAppTracking: 📱 Événement reçu: 2048 - com.bascule.leclerctracking
10-01 12:17:26.697 16673 16673 D CrossAppTracking: ✅ App ciblée détectée: com.bascule.leclerctracking
10-01 12:17:26.698 16673 16673 D CrossAppTracking: 📱 Événement reçu: 2048 - com.carrefour.fid.android
10-01 12:17:26.698 16673 16673 D CrossAppTracking: ✅ App ciblée détectée: com.carrefour.fid.android
10-01 12:17:26.791 16673 16673 D CrossAppTracking: 📱 Événement reçu: 2048 - com.carrefour.fid.android
10-01 12:17:26.791 16673 16673 D CrossAppTracking: ✅ App ciblée détectée: com.carrefour.fid.android
10-01 12:17:26.893 16673 16673 D CrossAppTracking: 📱 Événement reçu: 2048 - com.carrefour.fid.android
10-01 12:17:26.893 16673 16673 D CrossAppTracking: ✅ App ciblée détectée: com.carrefour.fid.android
10-01 12:17:27.009 16673 16673 D CrossAppTracking: 📱 Événement reçu: 2048 - com.carrefour.fid.android
10-01 12:17:27.009 16673 16673 D CrossAppTracking: ✅ App ciblée détectée: com.carrefour.fid.android
10-01 12:17:27.251 16673 16673 D CrossAppTracking: 📱 Événement reçu: 2048 - com.carrefour.fid.android
10-01 12:17:27.251 16673 16673 D CrossAppTracking: ✅ App ciblée détectée: com.carrefour.fid.android
10-01 12:17:27.389 16673 16673 D CrossAppTracking: 📱 Événement reçu: 2048 - com.carrefour.fid.android
10-01 12:17:27.389 16673 16673 D CrossAppTracking: ✅ App ciblée détectée: com.carrefour.fid.android
10-01 12:17:27.597 16673 16673 D CrossAppTracking: 📱 Événement reçu: 2048 - com.carrefour.fid.android
10-01 12:17:27.597 16673 16673 D CrossAppTracking: ✅ App ciblée détectée: com.carrefour.fid.android
10-01 12:17:27.677 16673 16673 D CrossAppTracking: 📱 Événement reçu: 2048 - com.carrefour.fid.android
10-01 12:17:27.678 16673 16673 D CrossAppTracking: ✅ App ciblée détectée: com.carrefour.fid.android
10-01 12:17:27.714 16673 16673 D CrossAppTracking: 📱 Événement reçu: 32 - com.carrefour.fid.android
10-01 12:17:27.714 16673 16673 D CrossAppTracking: ✅ App ciblée détectée: com.carrefour.fid.android
10-01 12:17:27.772 16673 16673 D CrossAppTracking: 📱 Événement reçu: 2048 - com.carrefour.fid.android
10-01 12:17:27.773 16673 16673 D CrossAppTracking: ✅ App ciblée détectée: com.carrefour.fid.android
10-01 12:17:27.861 16673 16673 D AndroidTracking: Event tracked: CONTENT_CHANGED - {app=Carrefour, packageName=com.carrefour.fid.android, eventType=cross_app_content_change, timestamp=1759313846791}
10-01 12:17:27.862 16673 16673 D AndroidTracking: Event tracked: CONTENT_CHANGED - {app=Carrefour, packageName=com.carrefour.fid.android, eventType=cross_app_content_change, timestamp=1759313846890}
10-01 12:17:27.863 16673 16673 D AndroidTracking: Event tracked: CONTENT_CHANGED - {app=Carrefour, packageName=com.carrefour.fid.android, eventType=cross_app_content_change, timestamp=1759313846993}
10-01 12:17:27.882 16673 16673 D AndroidTracking: Event tracked: CONTENT_CHANGED - {app=Carrefour, packageName=com.carrefour.fid.android, eventType=cross_app_content_change, timestamp=1759313847250}
10-01 12:17:27.925 16673 16786 D AndroidTracking: Event sent to server successfully
10-01 12:17:27.931 16673 16930 D AndroidTracking: Event sent to server successfully
10-01 12:17:27.962 16673 16785 D AndroidTracking: Event sent to server successfully
10-01 12:17:27.968 16673 16673 D AndroidTracking: Event tracked: CONTENT_CHANGED - {app=Carrefour, packageName=com.carrefour.fid.android, eventType=cross_app_content_change, timestamp=1759313847389}
10-01 12:17:28.008 16673 16785 D AndroidTracking: Event sent to server successfully
10-01 12:17:28.026 16673 16932 D AndroidTracking: Event sent to server successfully
10-01 12:17:28.102 16673 16673 D AndroidTracking: Event tracked: CONTENT_CHANGED - {app=Carrefour, packageName=com.carrefour.fid.android, eventType=cross_app_content_change, timestamp=1759313847596}
10-01 12:17:28.142 16673 16932 D AndroidTracking: Event sent to server successfully
10-01 12:17:28.178 16673 16673 D AndroidTracking: Event tracked: CONTENT_CHANGED - {app=Carrefour, packageName=com.carrefour.fid.android, eventType=cross_app_content_change, timestamp=1759313847672}
