--------- beginning of main
10-01 10:51:14.306  2066  2066 D AndroidTracking: Event tracked: SESSION_START - {platform=android_native, sessionId=android_session_1759308674305_19913555, deviceInfo={manufacturer=Google, model=sdk_gphone64_x86_64, version=16, sdk=36, screenDensity=2.625, screenWidth=1080, screenHeight=2337}}
10-01 10:51:14.319  2066  2066 D CrossAppTracking: Service de tracking cross-app dÃ©marrÃ©
10-01 10:51:14.372  2066  2066 D CrossAppTracking: ðŸš€ Accessibility Service connectÃ© !
10-01 10:51:14.381  2066  2066 D CrossAppTracking: Service d'accessibilitÃ© configurÃ© pour TOUTES les apps
10-01 10:51:14.381  2066  2066 D CrossAppTracking: ðŸ“‹ Event types: -1
10-01 10:51:14.382  2066  2066 D CrossAppTracking: ðŸ“‹ Flags: 80
10-01 10:51:24.335  2066 10911 W AndroidTracking: Failed to send event to server: failed to connect to /10.0.2.2 (port 3001) from /10.0.2.16 (port 36018) after 9999ms
10-01 10:51:41.876  2066  2066 D CrossAppTracking: ðŸ“± Ã‰vÃ©nement reÃ§u: 2048 - com.android.systemui
10-01 10:51:41.877  2066  2066 D CrossAppTracking: âœ… App ciblÃ©e dÃ©tectÃ©e: com.android.systemui
10-01 10:51:42.245  2066  2066 D CrossAppTracking: ðŸ“± Ã‰vÃ©nement reÃ§u: 16384 - com.carrefour.fid.android
10-01 10:51:42.245  2066  2066 D CrossAppTracking: âœ… App ciblÃ©e dÃ©tectÃ©e: com.carrefour.fid.android
10-01 10:51:42.405  2066  2066 D AndroidTracking: Event tracked: ADD_TO_CART - {app=com.android.systemui, packageName=com.android.systemui, productInfo={cartAction=T-Mobile, two bars., productName=T-Mobile, two bars., allTexts=[T-Mobile, two bars.]}, eventType=cross_app_cart_update}
10-01 10:51:42.422  2066  2066 D CrossAppTracking: ðŸ›’ Produit envoyÃ©: T-Mobile, two bars. - Prix: N/A
10-01 10:51:52.430  2066 10911 W AndroidTracking: Failed to send event to server: failed to connect to /10.0.2.2 (port 3001) from /10.0.2.16 (port 33002) after 10000ms
10-01 10:52:00.139  2066  2066 D CrossAppTracking: ðŸ“± Ã‰vÃ©nement reÃ§u: 2048 - com.android.systemui
10-01 10:52:00.139  2066  2066 D CrossAppTracking: âœ… App ciblÃ©e dÃ©tectÃ©e: com.android.systemui
10-01 10:52:00.252  2066  2066 D CrossAppTracking: ðŸ“± Ã‰vÃ©nement reÃ§u: 2048 - com.android.systemui
10-01 10:52:00.252  2066  2066 D CrossAppTracking: âœ… App ciblÃ©e dÃ©tectÃ©e: com.android.systemui
10-01 10:52:00.672  2066  2066 D AndroidTracking: Event tracked: ADD_TO_CART - {app=com.android.systemui, packageName=com.android.systemui, productInfo={productName=10:52â€¯AM, allTexts=[10:52, 10:52â€¯AM]}, eventType=cross_app_cart_update}
10-01 10:52:00.677  2066  2066 D CrossAppTracking: ðŸ›’ Produit envoyÃ©: 10:52â€¯AM - Prix: N/A
10-01 10:52:00.775  2066  2066 D AndroidTracking: Event tracked: ADD_TO_CART - {app=com.android.systemui, packageName=com.android.systemui, productInfo={productName=10:52â€¯AM, allTexts=[10:52, 10:52â€¯AM]}, eventType=cross_app_cart_update}
10-01 10:52:00.778  2066  2066 D CrossAppTracking: ðŸ›’ Produit envoyÃ©: 10:52â€¯AM - Prix: N/A
10-01 10:52:01.802  2066  2066 D CrossAppTracking: ðŸ“± Ã‰vÃ©nement reÃ§u: 2048 - com.android.systemui
10-01 10:52:01.803  2066  2066 D CrossAppTracking: âœ… App ciblÃ©e dÃ©tectÃ©e: com.android.systemui
10-01 10:52:02.307  2066  2066 D AndroidTracking: Event tracked: ADD_TO_CART - {app=com.android.systemui, packageName=com.android.systemui, productInfo={cartAction=T-Mobile, one bar., productName=T-Mobile, one bar., allTexts=[T-Mobile, one bar.]}, eventType=cross_app_cart_update}
10-01 10:52:02.313  2066  2066 D CrossAppTracking: ðŸ›’ Produit envoyÃ©: T-Mobile, one bar. - Prix: N/A
10-01 10:52:09.959  2066 10911 W AndroidTracking: Failed to send event to server: Failed to connect to /10.0.2.2:3001
10-01 10:52:09.962  2066 11026 W AndroidTracking: Failed to send event to server: Failed to connect to /10.0.2.2:3001
10-01 10:52:09.962  2066 11061 W AndroidTracking: Failed to send event to server: Failed to connect to /10.0.2.2:3001
10-01 10:52:22.895  2066  2066 D AndroidTracking: Event tracked: SESSION_START - {platform=android_native, sessionId=android_session_1759308742895_17603dbc, deviceInfo={manufacturer=Google, model=sdk_gphone64_x86_64, version=16, sdk=36, screenDensity=2.625, screenWidth=1080, screenHeight=2337}}
10-01 10:52:22.902  2066  2066 D CrossAppTracking: Service de tracking cross-app dÃ©marrÃ©
10-01 10:52:23.031  2066  2066 D CrossAppTracking: ðŸš€ Accessibility Service connectÃ© !
10-01 10:52:23.038  2066  2066 D CrossAppTracking: Service d'accessibilitÃ© configurÃ© pour TOUTES les apps
10-01 10:52:23.038  2066  2066 D CrossAppTracking: ðŸ“‹ Event types: -1
10-01 10:52:23.038  2066  2066 D CrossAppTracking: ðŸ“‹ Flags: 80
10-01 10:52:32.943  2066 11188 W AndroidTracking: Failed to send event to server: failed to connect to /10.0.2.2 (port 3001) from /10.0.2.16 (port 57586) after 9999ms
10-01 10:52:41.809  2066  2066 D CrossAppTracking: ðŸ“± Ã‰vÃ©nement reÃ§u: 2048 - com.android.systemui
10-01 10:52:41.809  2066  2066 D CrossAppTracking: âœ… App ciblÃ©e dÃ©tectÃ©e: com.android.systemui
10-01 10:52:42.321  2066  2066 D AndroidTracking: Event tracked: ADD_TO_CART - {app=com.android.systemui, packageName=com.android.systemui, productInfo={cartAction=T-Mobile, no signal., productName=T-Mobile, no signal., allTexts=[T-Mobile, no signal.]}, eventType=cross_app_cart_update}
10-01 10:52:42.325  2066  2066 D CrossAppTracking: ðŸ›’ Produit envoyÃ©: T-Mobile, no signal. - Prix: N/A
10-01 10:52:52.337  2066 11188 W AndroidTracking: Failed to send event to server: failed to connect to /10.0.2.2 (port 3001) from /10.0.2.16 (port 55550) after 10000ms
10-01 10:53:00.148  2066  2066 D CrossAppTracking: ðŸ“± Ã‰vÃ©nement reÃ§u: 2048 - com.android.systemui
10-01 10:53:00.149  2066  2066 D CrossAppTracking: âœ… App ciblÃ©e dÃ©tectÃ©e: com.android.systemui
10-01 10:53:00.253  2066  2066 D CrossAppTracking: ðŸ“± Ã‰vÃ©nement reÃ§u: 2048 - com.android.systemui
10-01 10:53:00.253  2066  2066 D CrossAppTracking: âœ… App ciblÃ©e dÃ©tectÃ©e: com.android.systemui
10-01 10:53:00.659  2066  2066 D AndroidTracking: Event tracked: ADD_TO_CART - {app=com.android.systemui, packageName=com.android.systemui, productInfo={productName=10:53â€¯AM, allTexts=[10:53, 10:53â€¯AM]}, eventType=cross_app_cart_update}
10-01 10:53:00.663  2066  2066 D CrossAppTracking: ðŸ›’ Produit envoyÃ©: 10:53â€¯AM - Prix: N/A
10-01 10:53:00.759  2066  2066 D AndroidTracking: Event tracked: ADD_TO_CART - {app=com.android.systemui, packageName=com.android.systemui, productInfo={productName=10:53â€¯AM, allTexts=[10:53, 10:53â€¯AM]}, eventType=cross_app_cart_update}
10-01 10:53:00.772  2066  2066 D CrossAppTracking: ðŸ›’ Produit envoyÃ©: 10:53â€¯AM - Prix: N/A
10-01 10:53:10.675  2066 11188 W AndroidTracking: Failed to send event to server: failed to connect to /10.0.2.2 (port 3001) from /10.0.2.16 (port 41046) after 10000ms
10-01 10:53:10.786  2066 11229 W AndroidTracking: Failed to send event to server: failed to connect to /10.0.2.2 (port 3001) from /10.0.2.16 (port 41056) after 9999ms
10-01 10:53:21.793  2066  2066 D CrossAppTracking: ðŸ“± Ã‰vÃ©nement reÃ§u: 2048 - com.android.systemui
10-01 10:53:21.793  2066  2066 D CrossAppTracking: âœ… App ciblÃ©e dÃ©tectÃ©e: com.android.systemui
10-01 10:53:22.297  2066  2066 D AndroidTracking: Event tracked: ADD_TO_CART - {app=com.android.systemui, packageName=com.android.systemui, productInfo={cartAction=T-Mobile, signal full., productName=T-Mobile, signal full., allTexts=[T-Mobile, signal full.]}, eventType=cross_app_cart_update}
10-01 10:53:22.298  2066  2066 D CrossAppTracking: ðŸ›’ Produit envoyÃ©: T-Mobile, signal full. - Prix: N/A
10-01 10:53:32.309  2066 11229 W AndroidTracking: Failed to send event to server: failed to connect to /10.0.2.2 (port 3001) from /10.0.2.16 (port 44992) after 10000ms
10-01 10:54:00.131  2066  2066 D CrossAppTracking: ðŸ“± Ã‰vÃ©nement reÃ§u: 2048 - com.android.systemui
10-01 10:54:00.131  2066  2066 D CrossAppTracking: âœ… App ciblÃ©e dÃ©tectÃ©e: com.android.systemui
10-01 10:54:00.231  2066  2066 D CrossAppTracking: ðŸ“± Ã‰vÃ©nement reÃ§u: 2048 - com.android.systemui
10-01 10:54:00.231  2066  2066 D CrossAppTracking: âœ… App ciblÃ©e dÃ©tectÃ©e: com.android.systemui
10-01 10:54:00.639  2066  2066 D AndroidTracking: Event tracked: ADD_TO_CART - {app=com.android.systemui, packageName=com.android.systemui, productInfo={productName=10:54â€¯AM, allTexts=[10:54, 10:54â€¯AM]}, eventType=cross_app_cart_update}
10-01 10:54:00.641  2066  2066 D CrossAppTracking: ðŸ›’ Produit envoyÃ©: 10:54â€¯AM - Prix: N/A
10-01 10:54:00.734  2066  2066 D AndroidTracking: Event tracked: ADD_TO_CART - {app=com.android.systemui, packageName=com.android.systemui, productInfo={productName=10:54â€¯AM, allTexts=[10:54, 10:54â€¯AM]}, eventType=cross_app_cart_update}
10-01 10:54:00.735  2066  2066 D CrossAppTracking: ðŸ›’ Produit envoyÃ©: 10:54â€¯AM - Prix: N/A
10-01 10:54:10.659  2066 11229 W AndroidTracking: Failed to send event to server: failed to connect to /10.0.2.2 (port 3001) from /10.0.2.16 (port 50138) after 10000ms
10-01 10:54:10.759  2066 11188 W AndroidTracking: Failed to send event to server: failed to connect to /10.0.2.2 (port 3001) from /10.0.2.16 (port 50152) after 10000ms
10-01 10:54:11.808  2066  2066 D CrossAppTracking: ðŸ“± Ã‰vÃ©nement reÃ§u: 2048 - com.android.systemui
10-01 10:54:11.808  2066  2066 D CrossAppTracking: âœ… App ciblÃ©e dÃ©tectÃ©e: com.android.systemui
10-01 10:54:12.312  2066  2066 D AndroidTracking: Event tracked: ADD_TO_CART - {app=com.android.systemui, packageName=com.android.systemui, productInfo={cartAction=T-Mobile, three bars., productName=T-Mobile, three bars., allTexts=[T-Mobile, three bars.]}, eventType=cross_app_cart_update}
10-01 10:54:12.313  2066  2066 D CrossAppTracking: ðŸ›’ Produit envoyÃ©: T-Mobile, three bars. - Prix: N/A
10-01 10:54:22.331  2066 11188 W AndroidTracking: Failed to send event to server: failed to connect to /10.0.2.2 (port 3001) from /10.0.2.16 (port 36612) after 10000ms
10-01 10:54:41.797  2066  2066 D CrossAppTracking: ðŸ“± Ã‰vÃ©nement reÃ§u: 2048 - com.android.systemui
10-01 10:54:41.797  2066  2066 D CrossAppTracking: âœ… App ciblÃ©e dÃ©tectÃ©e: com.android.systemui
10-01 10:54:42.299  2066  2066 D AndroidTracking: Event tracked: ADD_TO_CART - {app=com.android.systemui, packageName=com.android.systemui, productInfo={cartAction=T-Mobile, two bars., productName=T-Mobile, two bars., allTexts=[T-Mobile, two bars.]}, eventType=cross_app_cart_update}
10-01 10:54:42.302  2066  2066 D CrossAppTracking: ðŸ›’ Produit envoyÃ©: T-Mobile, two bars. - Prix: N/A
10-01 10:54:52.322  2066 11188 W AndroidTracking: Failed to send event to server: failed to connect to /10.0.2.2 (port 3001) from /10.0.2.16 (port 55432) after 10000ms
10-01 10:55:00.134  2066  2066 D CrossAppTracking: ðŸ“± Ã‰vÃ©nement reÃ§u: 2048 - com.android.systemui
10-01 10:55:00.134  2066  2066 D CrossAppTracking: âœ… App ciblÃ©e dÃ©tectÃ©e: com.android.systemui
10-01 10:55:00.238  2066  2066 D CrossAppTracking: ðŸ“± Ã‰vÃ©nement reÃ§u: 2048 - com.android.systemui
10-01 10:55:00.238  2066  2066 D CrossAppTracking: âœ… App ciblÃ©e dÃ©tectÃ©e: com.android.systemui
10-01 10:55:00.640  2066  2066 D AndroidTracking: Event tracked: ADD_TO_CART - {app=com.android.systemui, packageName=com.android.systemui, productInfo={productName=10:55â€¯AM, allTexts=[10:55, 10:55â€¯AM]}, eventType=cross_app_cart_update}
10-01 10:55:00.641  2066  2066 D CrossAppTracking: ðŸ›’ Produit envoyÃ©: 10:55â€¯AM - Prix: N/A
10-01 10:55:00.743  2066  2066 D AndroidTracking: Event tracked: ADD_TO_CART - {app=com.android.systemui, packageName=com.android.systemui, productInfo={productName=10:55â€¯AM, allTexts=[10:55, 10:55â€¯AM]}, eventType=cross_app_cart_update}
10-01 10:55:00.744  2066  2066 D CrossAppTracking: ðŸ›’ Produit envoyÃ©: 10:55â€¯AM - Prix: N/A
10-01 10:55:01.808  2066  2066 D CrossAppTracking: ðŸ“± Ã‰vÃ©nement reÃ§u: 2048 - com.android.systemui
10-01 10:55:01.808  2066  2066 D CrossAppTracking: âœ… App ciblÃ©e dÃ©tectÃ©e: com.android.systemui
10-01 10:55:02.312  2066  2066 D AndroidTracking: Event tracked: ADD_TO_CART - {app=com.android.systemui, packageName=com.android.systemui, productInfo={cartAction=T-Mobile, one bar., productName=T-Mobile, one bar., allTexts=[T-Mobile, one bar.]}, eventType=cross_app_cart_update}
10-01 10:55:02.314  2066  2066 D CrossAppTracking: ðŸ›’ Produit envoyÃ©: T-Mobile, one bar. - Prix: N/A
10-01 10:55:10.656  2066 11188 W AndroidTracking: Failed to send event to server: failed to connect to /10.0.2.2 (port 3001) from /10.0.2.16 (port 57942) after 9999ms
10-01 10:55:10.758  2066 11229 W AndroidTracking: Failed to send event to server: failed to connect to /10.0.2.2 (port 3001) from /10.0.2.16 (port 57958) after 10000ms
10-01 10:55:12.332  2066 11243 W AndroidTracking: Failed to send event to server: failed to connect to /10.0.2.2 (port 3001) from /10.0.2.16 (port 57962) after 10000ms
10-01 10:56:05.721 11311 11311 D AndroidTracking: Event tracked: SESSION_START - {platform=android_native, sessionId=android_session_1759308965687_7446f108, deviceInfo={manufacturer=Google, model=sdk_gphone64_x86_64, version=16, sdk=36, screenDensity=2.625, screenWidth=1080, screenHeight=2337}}
10-01 10:56:05.838 11311 11311 D CrossAppTracking: Service de tracking cross-app dÃ©marrÃ©
10-01 10:56:05.917 11311 11311 D CrossAppTracking: ðŸš€ Accessibility Service connectÃ© !
10-01 10:56:05.943 11311 11311 D CrossAppTracking: Service d'accessibilitÃ© configurÃ© pour TOUTES les apps
10-01 10:56:05.943 11311 11311 D CrossAppTracking: ðŸ“‹ Event types: -1
10-01 10:56:05.943 11311 11311 D CrossAppTracking: ðŸ“‹ Flags: 80
10-01 10:56:15.961 11311 11325 W AndroidTracking: Failed to send event to server: failed to connect to /10.0.2.2 (port 3001) from /10.0.2.16 (port 39614) after 10000ms
10-01 10:56:21.798 11311 11311 D CrossAppTracking: ðŸ“± Ã‰vÃ©nement reÃ§u: 2048 - com.android.systemui
10-01 10:56:21.799 11311 11311 D CrossAppTracking: âœ… App ciblÃ©e dÃ©tectÃ©e: com.android.systemui
10-01 10:56:22.326 11311 11311 D AndroidTracking: Event tracked: ADD_TO_CART - {app=com.android.systemui, packageName=com.android.systemui, productInfo={cartAction=T-Mobile, signal full., productName=T-Mobile, signal full., allTexts=[T-Mobile, signal full.]}, eventType=cross_app_cart_update}
10-01 10:56:22.332 11311 11311 D CrossAppTracking: ðŸ›’ Produit envoyÃ©: T-Mobile, signal full. - Prix: N/A
10-01 10:56:42.522 11357 11357 D AndroidTracking: Event tracked: SESSION_START - {platform=android_native, sessionId=android_session_1759309002505_c5ac6643, deviceInfo={manufacturer=Google, model=sdk_gphone64_x86_64, version=16, sdk=36, screenDensity=2.625, screenWidth=1080, screenHeight=2337}}
10-01 10:56:42.615 11357 11357 D CrossAppTracking: Service de tracking cross-app dÃ©marrÃ©
10-01 10:56:42.695 11357 11357 D CrossAppTracking: ðŸš€ Accessibility Service connectÃ© !
10-01 10:56:42.713 11357 11357 D CrossAppTracking: Service d'accessibilitÃ© configurÃ© pour TOUTES les apps
10-01 10:56:42.714 11357 11357 D CrossAppTracking: ðŸ“‹ Event types: -1
10-01 10:56:42.714 11357 11357 D CrossAppTracking: ðŸ“‹ Flags: 80
10-01 10:56:46.018 11357 11357 D CrossAppTracking: ðŸ“± Ã‰vÃ©nement reÃ§u: 2048 - com.google.android.apps.nexuslauncher
10-01 10:56:46.019 11357 11357 D CrossAppTracking: âœ… App ciblÃ©e dÃ©tectÃ©e: com.google.android.apps.nexuslauncher
10-01 10:56:46.236 11357 11357 D CrossAppTracking: ðŸ“± Ã‰vÃ©nement reÃ§u: 2048 - com.google.android.apps.nexuslauncher
10-01 10:56:46.236 11357 11357 D CrossAppTracking: âœ… App ciblÃ©e dÃ©tectÃ©e: com.google.android.apps.nexuslauncher
10-01 10:56:46.313 11357 11357 D CrossAppTracking: ðŸ“± Ã‰vÃ©nement reÃ§u: 2048 - com.google.android.apps.nexuslauncher
10-01 10:56:46.313 11357 11357 D CrossAppTracking: âœ… App ciblÃ©e dÃ©tectÃ©e: com.google.android.apps.nexuslauncher
10-01 10:56:46.510 11357 11357 D CrossAppTracking: ðŸ“± Ã‰vÃ©nement reÃ§u: 32 - com.google.android.apps.nexuslauncher
10-01 10:56:46.510 11357 11357 D CrossAppTracking: âœ… App ciblÃ©e dÃ©tectÃ©e: com.google.android.apps.nexuslauncher
10-01 10:56:46.553 11357 11357 D CrossAppTracking: ðŸ“± Ã‰vÃ©nement reÃ§u: 2048 - com.google.android.apps.nexuslauncher
10-01 10:56:46.553 11357 11357 D CrossAppTracking: âœ… App ciblÃ©e dÃ©tectÃ©e: com.google.android.apps.nexuslauncher
10-01 10:56:46.570 11357 11357 D CrossAppTracking: ðŸ“± Ã‰vÃ©nement reÃ§u: 2048 - com.google.android.apps.nexuslauncher
10-01 10:56:46.571 11357 11357 D CrossAppTracking: âœ… App ciblÃ©e dÃ©tectÃ©e: com.google.android.apps.nexuslauncher
10-01 10:56:46.649 11357 11357 D CrossAppTracking: ðŸ“± Ã‰vÃ©nement reÃ§u: 2048 - com.google.android.apps.nexuslauncher
10-01 10:56:46.649 11357 11357 D CrossAppTracking: âœ… App ciblÃ©e dÃ©tectÃ©e: com.google.android.apps.nexuslauncher
10-01 10:56:46.681 11357 11357 D AndroidTracking: Event tracked: ADD_TO_CART - {app=com.google.android.apps.nexuslauncher, packageName=com.google.android.apps.nexuslauncher, productInfo={productName=Predicted app: Carrefour, allTexts=[At a glance, Wed, Oct 1, Wed, Oct 1, Play Store, Play Store, Gmail, Gmail, Photos, Photos, YouTube]}, eventType=cross_app_cart_update}
10-01 10:56:46.687 11357 11357 D CrossAppTracking: ðŸ›’ Produit envoyÃ©: Predicted app: Carrefour - Prix: N/A
10-01 10:56:46.789 11357 11357 D AndroidTracking: Event tracked: ADD_TO_CART - {app=com.google.android.apps.nexuslauncher, packageName=com.google.android.apps.nexuslauncher, productInfo={productName=Predicted app: Carrefour, allTexts=[At a glance, Wed, Oct 1, Wed, Oct 1, Play Store, Play Store, Gmail, Gmail, Photos, Photos, YouTube]}, eventType=cross_app_cart_update}
10-01 10:56:46.790 11357 11357 D CrossAppTracking: ðŸ›’ Produit envoyÃ©: Predicted app: Carrefour - Prix: N/A
10-01 10:56:47.012 11357 11357 D AndroidTracking: Event tracked: ADD_TO_CART - {app=com.google.android.apps.nexuslauncher, packageName=com.google.android.apps.nexuslauncher, productInfo={productName=Predicted app: Carrefour, allTexts=[At a glance, Wed, Oct 1, Wed, Oct 1, Play Store, Play Store, Gmail, Gmail, Photos, Photos, YouTube]}, eventType=cross_app_cart_update}
10-01 10:56:47.018 11357 11357 D CrossAppTracking: ðŸ›’ Produit envoyÃ©: Predicted app: Carrefour - Prix: N/A
10-01 10:56:47.056 11357 11357 D AndroidTracking: Event tracked: ADD_TO_CART - {app=com.google.android.apps.nexuslauncher, packageName=com.google.android.apps.nexuslauncher, productInfo={productName=Predicted app: Carrefour, allTexts=[At a glance, Wed, Oct 1, Wed, Oct 1, Play Store, Play Store, Gmail, Gmail, Photos, Photos, YouTube]}, eventType=cross_app_cart_update}
10-01 10:56:47.064 11357 11357 D CrossAppTracking: ðŸ›’ Produit envoyÃ©: Predicted app: Carrefour - Prix: N/A
10-01 10:56:47.086 11357 11357 D AndroidTracking: Event tracked: ADD_TO_CART - {app=com.google.android.apps.nexuslauncher, packageName=com.google.android.apps.nexuslauncher, productInfo={productName=Predicted app: Carrefour, allTexts=[At a glance, Wed, Oct 1, Wed, Oct 1, Play Store, Play Store, Gmail, Gmail, Photos, Photos, YouTube]}, eventType=cross_app_cart_update}
10-01 10:56:47.098 11357 11357 D CrossAppTracking: ðŸ›’ Produit envoyÃ©: Predicted app: Carrefour - Prix: N/A
10-01 10:56:47.121 11357 11357 D AndroidTracking: Event tracked: ADD_TO_CART - {app=com.google.android.apps.nexuslauncher, packageName=com.google.android.apps.nexuslauncher, productInfo={productName=Predicted app: Carrefour, allTexts=[At a glance, Wed, Oct 1, Wed, Oct 1, Play Store, Play Store, Gmail, Gmail, Photos, Photos, YouTube]}, eventType=cross_app_cart_update}
10-01 10:56:47.124 11357 11357 D CrossAppTracking: ðŸ›’ Produit envoyÃ©: Predicted app: Carrefour - Prix: N/A
10-01 10:56:47.187 11357 11357 D AndroidTracking: Event tracked: ADD_TO_CART - {app=com.google.android.apps.nexuslauncher, packageName=com.google.android.apps.nexuslauncher, productInfo={productName=Predicted app: Carrefour, allTexts=[At a glance, Wed, Oct 1, Wed, Oct 1, Play Store, Play Store, Gmail, Gmail, Photos, Photos, YouTube]}, eventType=cross_app_cart_update}
10-01 10:56:47.188 11357 11357 D CrossAppTracking: ðŸ›’ Produit envoyÃ©: Predicted app: Carrefour - Prix: N/A
10-01 10:56:52.751 11357 11357 D CrossAppTracking: ðŸ“± Ã‰vÃ©nement reÃ§u: 2048 - com.android.settings
10-01 10:56:52.838 11357 11357 D CrossAppTracking: âœ… App ciblÃ©e dÃ©tectÃ©e: com.android.settings
10-01 10:56:52.856 11357 11413 W AndroidTracking: Failed to send event to server: failed to connect to /10.0.2.2 (port 3001) from /10.0.2.16 (port 59774) after 10000ms
10-01 10:56:53.384 11357 11357 D CrossAppTracking: ðŸ“± Ã‰vÃ©nement reÃ§u: 2048 - com.android.settings
10-01 10:56:53.384 11357 11357 D CrossAppTracking: âœ… App ciblÃ©e dÃ©tectÃ©e: com.android.settings
10-01 10:56:53.458 11357 11357 D CrossAppTracking: ðŸ“± Ã‰vÃ©nement reÃ§u: 64 - android
10-01 10:56:53.458 11357 11357 D CrossAppTracking: âœ… App ciblÃ©e dÃ©tectÃ©e: android
10-01 10:56:53.458 11357 11357 D CrossAppTracking: ðŸ“± Ã‰vÃ©nement reÃ§u: 32 - com.android.settings
10-01 10:56:53.458 11357 11357 D CrossAppTracking: âœ… App ciblÃ©e dÃ©tectÃ©e: com.android.settings
10-01 10:56:53.481 11357 11357 D CrossAppTracking: ðŸ“± Ã‰vÃ©nement reÃ§u: 32 - com.android.settings
10-01 10:56:53.482 11357 11357 D CrossAppTracking: âœ… App ciblÃ©e dÃ©tectÃ©e: com.android.settings
10-01 10:56:53.822 11357 11357 D CrossAppTracking: ðŸ“± Ã‰vÃ©nement reÃ§u: 2048 - com.android.systemui
10-01 10:56:53.822 11357 11357 D CrossAppTracking: âœ… App ciblÃ©e dÃ©tectÃ©e: com.android.systemui
10-01 10:56:53.885 11357 11357 D AndroidTracking: Event tracked: ADD_TO_CART - {app=com.android.settings, packageName=com.android.settings, productInfo={cartAction=ðŸ›’ Analyse vos interactions shopping (clics, ajouts panier) sur les apps e-commerce pour optimiser votre expÃ©rience d'achat. ðŸ”’ Aucune donnÃ©e personnelle ou sensible collectÃ©e. âœ… Traitement local uniquement., productName=About Bascule Cross-App Tracking
10-01 10:56:53.885 11357 11357 D AndroidTracking: 
10-01 10:56:53.885 11357 11357 D AndroidTracking: ðŸ›’ Analyse vos interactions shopping (clics, ajouts panier) sur les apps e-commerce pour optimiser votre expÃ©rience d'achat. ðŸ”’ Aucune donnÃ©e personnelle ou sensible collectÃ©e. âœ… Traitement local uniquement., allTexts=[Bascule Cross-App Tracking, Navigate up, Bascule Cross-App Tracking, Use Bascule Cross-App Tracking, Options, Bascule Cross-App Tracking shortcut, Off, Shortcut settings, App info, ðŸ›’ Analyse vos interactions shopping (clics, ajouts panier) sur les apps e-commerce pour optimiser votre expÃ©rience d'achat. ðŸ”’ Aucune donnÃ©e personnelle ou sensible collectÃ©e. âœ… Traitement local uniquement.]}, eventType=cross_app_cart_update}
10-01 10:56:53.888 11357 11357 D CrossAppTracking: ðŸ›’ Produit envoyÃ©: About Bascule Cross-App Tracking
10-01 10:56:53.888 11357 11357 D CrossAppTracking: 
10-01 10:56:53.888 11357 11357 D CrossAppTracking: ðŸ›’ Analyse vos interactions shopping (clics, ajouts panier) sur les apps e-commerce pour optimiser votre expÃ©rience d'achat. ðŸ”’ Aucune donnÃ©e personnelle ou sensible collectÃ©e. âœ… Traitement local uniquement. - Prix: N/A
10-01 10:56:53.923 11357 11357 D CrossAppTracking: ðŸ“± Ã‰vÃ©nement reÃ§u: 2048 - com.android.systemui
10-01 10:56:53.923 11357 11357 D CrossAppTracking: âœ… App ciblÃ©e dÃ©tectÃ©e: com.android.systemui
10-01 10:56:53.960 11357 11357 D AndroidTracking: Event tracked: ADD_TO_CART - {app=com.android.settings, packageName=com.android.settings, productInfo={cartAction=ðŸ›’ Analyse vos interactions shopping (clics, ajouts panier) sur les apps e-commerce pour optimiser votre expÃ©rience d'achat. ðŸ”’ Aucune donnÃ©e personnelle ou sensible collectÃ©e. âœ… Traitement local uniquement., productName=About Bascule Cross-App Tracking
10-01 10:56:53.960 11357 11357 D AndroidTracking: 
10-01 10:56:53.960 11357 11357 D AndroidTracking: ðŸ›’ Analyse vos interactions shopping (clics, ajouts panier) sur les apps e-commerce pour optimiser votre expÃ©rience d'achat. ðŸ”’ Aucune donnÃ©e personnelle ou sensible collectÃ©e. âœ… Traitement local uniquement., allTexts=[Bascule Cross-App Tracking, Navigate up, Bascule Cross-App Tracking, Use Bascule Cross-App Tracking, Options, Bascule Cross-App Tracking shortcut, Off, Shortcut settings, App info, ðŸ›’ Analyse vos interactions shopping (clics, ajouts panier) sur les apps e-commerce pour optimiser votre expÃ©rience d'achat. ðŸ”’ Aucune donnÃ©e personnelle ou sensible collectÃ©e. âœ… Traitement local uniquement.]}, eventType=cross_app_cart_update}
10-01 10:56:53.962 11357 11357 D CrossAppTracking: ðŸ›’ Produit envoyÃ©: About Bascule Cross-App Tracking
10-01 10:56:53.962 11357 11357 D CrossAppTracking: 
10-01 10:56:53.962 11357 11357 D CrossAppTracking: ðŸ›’ Analyse vos interactions shopping (clics, ajouts panier) sur les apps e-commerce pour optimiser votre expÃ©rience d'achat. ðŸ”’ Aucune donnÃ©e personnelle ou sensible collectÃ©e. âœ… Traitement local uniquement. - Prix: N/A
10-01 10:56:53.983 11357 11357 D AndroidTracking: Event tracked: ADD_TO_CART - {app=com.android.settings, packageName=com.android.settings, productInfo={cartAction=ðŸ›’ Analyse vos interactions shopping (clics, ajouts panier) sur les apps e-commerce pour optimiser votre expÃ©rience d'achat. ðŸ”’ Aucune donnÃ©e personnelle ou sensible collectÃ©e. âœ… Traitement local uniquement., productName=About Bascule Cross-App Tracking
10-01 10:56:53.983 11357 11357 D AndroidTracking: 
10-01 10:56:53.983 11357 11357 D AndroidTracking: ðŸ›’ Analyse vos interactions shopping (clics, ajouts panier) sur les apps e-commerce pour optimiser votre expÃ©rience d'achat. ðŸ”’ Aucune donnÃ©e personnelle ou sensible collectÃ©e. âœ… Traitement local uniquement., allTexts=[Bascule Cross-App Tracking, Navigate up, Bascule Cross-App Tracking, Use Bascule Cross-App Tracking, Options, Bascule Cross-App Tracking shortcut, Off, Shortcut settings, App info, ðŸ›’ Analyse vos interactions shopping (clics, ajouts panier) sur les apps e-commerce pour optimiser votre expÃ©rience d'achat. ðŸ”’ Aucune donnÃ©e personnelle ou sensible collectÃ©e. âœ… Traitement local uniquement.]}, eventType=cross_app_cart_update}
10-01 10:56:53.990 11357 11357 D CrossAppTracking: ðŸ›’ Produit envoyÃ©: About Bascule Cross-App Tracking
10-01 10:56:53.990 11357 11357 D CrossAppTracking: 
10-01 10:56:53.990 11357 11357 D CrossAppTracking: ðŸ›’ Analyse vos interactions shopping (clics, ajouts panier) sur les apps e-commerce pour optimiser votre expÃ©rience d'achat. ðŸ”’ Aucune donnÃ©e personnelle ou sensible collectÃ©e. âœ… Traitement local uniquement. - Prix: N/A
10-01 10:56:54.023 11357 11357 D CrossAppTracking: ðŸ“± Ã‰vÃ©nement reÃ§u: 2048 - com.android.systemui
10-01 10:56:54.023 11357 11357 D CrossAppTracking: âœ… App ciblÃ©e dÃ©tectÃ©e: com.android.systemui
10-01 10:56:54.087 11357 11357 D AndroidTracking: Event tracked: ADD_TO_CART - {app=com.android.settings, packageName=com.android.settings, productInfo={cartAction=ðŸ›’ Analyse vos interactions shopping (clics, ajouts panier) sur les apps e-commerce pour optimiser votre expÃ©rience d'achat. ðŸ”’ Aucune donnÃ©e personnelle ou sensible collectÃ©e. âœ… Traitement local uniquement., productName=About Bascule Cross-App Tracking
10-01 10:56:54.087 11357 11357 D AndroidTracking: 
10-01 10:56:54.087 11357 11357 D AndroidTracking: ðŸ›’ Analyse vos interactions shopping (clics, ajouts panier) sur les apps e-commerce pour optimiser votre expÃ©rience d'achat. ðŸ”’ Aucune donnÃ©e personnelle ou sensible collectÃ©e. âœ… Traitement local uniquement., allTexts=[Bascule Cross-App Tracking, Navigate up, Bascule Cross-App Tracking, Use Bascule Cross-App Tracking, Options, Bascule Cross-App Tracking shortcut, Off, Shortcut settings, App info, ðŸ›’ Analyse vos interactions shopping (clics, ajouts panier) sur les apps e-commerce pour optimiser votre expÃ©rience d'achat. ðŸ”’ Aucune donnÃ©e personnelle ou sensible collectÃ©e. âœ… Traitement local uniquement.]}, eventType=cross_app_cart_update}
10-01 10:56:54.091 11357 11357 D CrossAppTracking: ðŸ›’ Produit envoyÃ©: About Bascule Cross-App Tracking
10-01 10:56:54.091 11357 11357 D CrossAppTracking: 
10-01 10:56:54.091 11357 11357 D CrossAppTracking: ðŸ›’ Analyse vos interactions shopping (clics, ajouts panier) sur les apps e-commerce pour optimiser votre expÃ©rience d'achat. ðŸ”’ Aucune donnÃ©e personnelle ou sensible collectÃ©e. âœ… Traitement local uniquement. - Prix: N/A
10-01 10:56:54.126 11357 11357 D CrossAppTracking: ðŸ“± Ã‰vÃ©nement reÃ§u: 2048 - com.android.systemui
10-01 10:56:54.126 11357 11357 D CrossAppTracking: âœ… App ciblÃ©e dÃ©tectÃ©e: com.android.systemui
10-01 10:56:54.339 11357 11357 D AndroidTracking: Event tracked: ADD_TO_CART - {app=com.android.systemui, packageName=com.android.systemui, productInfo={productName=Google Play services notification: , allTexts=[10:56, 10:56â€¯AM, Appium Settings notification: , Google Play services notification: , Security & privacy notification: , Android System notification: , Google Play services notification: ]}, eventType=cross_app_cart_update}
10-01 10:56:54.340 11357 11357 D CrossAppTracking: ðŸ›’ Produit envoyÃ©: Google Play services notification:  - Prix: N/A
10-01 10:56:54.434 11357 11357 D AndroidTracking: Event tracked: ADD_TO_CART - {app=com.android.systemui, packageName=com.android.systemui, productInfo={productName=Google Play services notification: , allTexts=[10:56, 10:56â€¯AM, Appium Settings notification: , Google Play services notification: , Security & privacy notification: , Android System notification: , Google Play services notification: ]}, eventType=cross_app_cart_update}
10-01 10:56:54.439 11357 11357 D CrossAppTracking: ðŸ›’ Produit envoyÃ©: Google Play services notification:  - Prix: N/A
10-01 10:56:54.528 11357 11357 D AndroidTracking: Event tracked: ADD_TO_CART - {app=com.android.systemui, packageName=com.android.systemui, productInfo={productName=Google Play services notification: , allTexts=[Google Play services notification: ]}, eventType=cross_app_cart_update}
10-01 10:56:54.530 11357 11357 D CrossAppTracking: ðŸ›’ Produit envoyÃ©: Google Play services notification:  - Prix: N/A
10-01 10:56:54.649 11357 11357 D AndroidTracking: Event tracked: ADD_TO_CART - {app=com.android.systemui, packageName=com.android.systemui, productInfo={productName=Google Play services notification: , allTexts=[Google Play services notification: ]}, eventType=cross_app_cart_update}
10-01 10:56:54.650 11357 11357 D CrossAppTracking: ðŸ›’ Produit envoyÃ©: Google Play services notification:  - Prix: N/A
10-01 10:56:56.559 11357 11357 D CrossAppTracking: ðŸ“± Ã‰vÃ©nement reÃ§u: 2048 - com.carrefour.fid.android
10-01 10:56:56.561 11357 11357 D CrossAppTracking: âœ… App ciblÃ©e dÃ©tectÃ©e: com.carrefour.fid.android
10-01 10:56:56.703 11357 11415 W AndroidTracking: Failed to send event to server: failed to connect to /10.0.2.2 (port 3001) from /10.0.2.16 (port 59788) after 10000ms
10-01 10:56:56.805 11357 11416 W AndroidTracking: Failed to send event to server: failed to connect to /10.0.2.2 (port 3001) from /10.0.2.16 (port 59804) after 10000ms
10-01 10:56:57.032 11357 11417 W AndroidTracking: Failed to send event to server: failed to connect to /10.0.2.2 (port 3001) from /10.0.2.16 (port 59808) after 10000ms
10-01 10:56:57.097 11357 11418 W AndroidTracking: Failed to send event to server: failed to connect to /10.0.2.2 (port 3001) from /10.0.2.16 (port 59814) after 10000ms
10-01 10:56:58.228 11357 11357 D CrossAppTracking: ðŸ“± Ã‰vÃ©nement reÃ§u: 32 - com.carrefour.fid.android
10-01 10:56:58.231 11357 11357 D CrossAppTracking: âœ… App ciblÃ©e dÃ©tectÃ©e: com.carrefour.fid.android
10-01 10:56:58.483 11357 11357 D CrossAppTracking: ðŸ“± Ã‰vÃ©nement reÃ§u: 2048 - com.carrefour.fid.android
10-01 10:56:58.489 11357 11357 D CrossAppTracking: âœ… App ciblÃ©e dÃ©tectÃ©e: com.carrefour.fid.android
10-01 10:56:58.584 11357 11357 D CrossAppTracking: ðŸ“± Ã‰vÃ©nement reÃ§u: 2048 - com.carrefour.fid.android
10-01 10:56:58.584 11357 11357 D CrossAppTracking: âœ… App ciblÃ©e dÃ©tectÃ©e: com.carrefour.fid.android
10-01 10:56:58.733 11357 11357 D CrossAppTracking: ðŸ“± Ã‰vÃ©nement reÃ§u: 2048 - com.carrefour.fid.android
10-01 10:56:58.734 11357 11357 D CrossAppTracking: âœ… App ciblÃ©e dÃ©tectÃ©e: com.carrefour.fid.android
10-01 10:56:58.758 11357 11357 D CrossAppTracking: ðŸ“± Ã‰vÃ©nement reÃ§u: 2048 - com.carrefour.fid.android
10-01 10:56:58.759 11357 11357 D CrossAppTracking: âœ… App ciblÃ©e dÃ©tectÃ©e: com.carrefour.fid.android
10-01 10:56:58.928 11357 11357 D CrossAppTracking: ðŸ“± Ã‰vÃ©nement reÃ§u: 32 - com.carrefour.fid.android
10-01 10:56:58.933 11357 11357 D CrossAppTracking: âœ… App ciblÃ©e dÃ©tectÃ©e: com.carrefour.fid.android
10-01 10:56:59.562 11357 11357 D AndroidTracking: Event tracked: ADD_TO_CART - {app=Carrefour, packageName=com.carrefour.fid.android, productInfo={productName=Panier, 7 new notifications, allTexts=[Panier, Accueil, Rechercher, Mes produits, Promotions, Panier, 7 new notifications]}, eventType=cross_app_cart_update}
10-01 10:56:59.566 11357 11357 D CrossAppTracking: ðŸ›’ Produit envoyÃ©: Panier, 7 new notifications - Prix: N/A
10-01 10:56:59.567 11357 11357 D AndroidTracking: Event tracked: ADD_TO_CART - {app=Carrefour, packageName=com.carrefour.fid.android, productInfo={productName=Panier, 7 new notifications, allTexts=[Panier, Accueil, Rechercher, Mes produits, Promotions, Panier, 7 new notifications]}, eventType=cross_app_cart_update}
10-01 10:56:59.569 11357 11357 D CrossAppTracking: ðŸ›’ Produit envoyÃ©: Panier, 7 new notifications - Prix: N/A
10-01 10:56:59.569 11357 11357 D AndroidTracking: Event tracked: ADD_TO_CART - {app=Carrefour, packageName=com.carrefour.fid.android, productInfo={productName=Panier, allTexts=[Panier]}, eventType=cross_app_cart_update}
10-01 10:56:59.571 11357 11357 D CrossAppTracking: ðŸ›’ Produit envoyÃ©: Panier - Prix: N/A
10-01 10:56:59.571 11357 11357 D AndroidTracking: Event tracked: ADD_TO_CART - {app=Carrefour, packageName=com.carrefour.fid.android, productInfo={productName=Panier, allTexts=[Panier]}, eventType=cross_app_cart_update}
10-01 10:56:59.572 11357 11357 D CrossAppTracking: ðŸ›’ Produit envoyÃ©: Panier - Prix: N/A
10-01 10:56:59.572 11357 11357 D AndroidTracking: Event tracked: ADD_TO_CART - {app=Carrefour, packageName=com.carrefour.fid.android, productInfo={productName=Panier, allTexts=[Panier]}, eventType=cross_app_cart_update}
10-01 10:56:59.574 11357 11357 D CrossAppTracking: ðŸ›’ Produit envoyÃ©: Panier - Prix: N/A
10-01 10:56:59.574 11357 11357 D AndroidTracking: Event tracked: ADD_TO_CART - {app=Carrefour, packageName=com.carrefour.fid.android, productInfo={productName=Panier, allTexts=[Panier]}, eventType=cross_app_cart_update}
10-01 10:56:59.576 11357 11357 D CrossAppTracking: ðŸ›’ Produit envoyÃ©: Panier - Prix: N/A
10-01 10:56:59.577 11357 11357 D CrossAppTracking: ðŸ“± Ã‰vÃ©nement reÃ§u: 2048 - com.carrefour.fid.android
10-01 10:56:59.577 11357 11357 D CrossAppTracking: âœ… App ciblÃ©e dÃ©tectÃ©e: com.carrefour.fid.android
10-01 10:56:59.594 11357 11357 D CrossAppTracking: ðŸ“± Ã‰vÃ©nement reÃ§u: 2048 - com.carrefour.fid.android
10-01 10:56:59.594 11357 11357 D CrossAppTracking: âœ… App ciblÃ©e dÃ©tectÃ©e: com.carrefour.fid.android
10-01 10:56:59.645 11357 11357 D CrossAppTracking: ðŸ“± Ã‰vÃ©nement reÃ§u: 2048 - com.carrefour.fid.android
10-01 10:56:59.646 11357 11357 D CrossAppTracking: âœ… App ciblÃ©e dÃ©tectÃ©e: com.carrefour.fid.android
10-01 10:56:59.736 11357 11357 D CrossAppTracking: ðŸ“± Ã‰vÃ©nement reÃ§u: 2048 - com.carrefour.fid.android
10-01 10:56:59.736 11357 11357 D CrossAppTracking: âœ… App ciblÃ©e dÃ©tectÃ©e: com.carrefour.fid.android
10-01 10:56:59.790 11357 11357 D CrossAppTracking: ðŸ“± Ã‰vÃ©nement reÃ§u: 2048 - com.carrefour.fid.android
10-01 10:56:59.790 11357 11357 D CrossAppTracking: âœ… App ciblÃ©e dÃ©tectÃ©e: com.carrefour.fid.android
10-01 10:56:59.807 11357 11357 D CrossAppTracking: ðŸ“± Ã‰vÃ©nement reÃ§u: 2048 - com.carrefour.fid.android
10-01 10:56:59.809 11357 11357 D CrossAppTracking: âœ… App ciblÃ©e dÃ©tectÃ©e: com.carrefour.fid.android
10-01 10:56:59.828 11357 11357 D CrossAppTracking: ðŸ“± Ã‰vÃ©nement reÃ§u: 2048 - com.carrefour.fid.android
10-01 10:56:59.828 11357 11357 D CrossAppTracking: âœ… App ciblÃ©e dÃ©tectÃ©e: com.carrefour.fid.android
10-01 10:56:59.850 11357 11357 D CrossAppTracking: ðŸ“± Ã‰vÃ©nement reÃ§u: 2048 - com.carrefour.fid.android
10-01 10:56:59.851 11357 11357 D CrossAppTracking: âœ… App ciblÃ©e dÃ©tectÃ©e: com.carrefour.fid.android
10-01 10:56:59.869 11357 11357 D CrossAppTracking: ðŸ“± Ã‰vÃ©nement reÃ§u: 2048 - com.carrefour.fid.android
10-01 10:56:59.869 11357 11357 D CrossAppTracking: âœ… App ciblÃ©e dÃ©tectÃ©e: com.carrefour.fid.android
10-01 10:56:59.954 11357 11357 D CrossAppTracking: ðŸ“± Ã‰vÃ©nement reÃ§u: 2048 - com.carrefour.fid.android
10-01 10:56:59.957 11357 11357 D CrossAppTracking: âœ… App ciblÃ©e dÃ©tectÃ©e: com.carrefour.fid.android
10-01 10:56:59.973 11357 11357 D CrossAppTracking: ðŸ“± Ã‰vÃ©nement reÃ§u: 2048 - com.carrefour.fid.android
10-01 10:56:59.973 11357 11357 D CrossAppTracking: âœ… App ciblÃ©e dÃ©tectÃ©e: com.carrefour.fid.android
10-01 10:56:59.979 11357 11357 D CrossAppTracking: ðŸ“± Ã‰vÃ©nement reÃ§u: 2048 - com.carrefour.fid.android
10-01 10:56:59.980 11357 11357 D CrossAppTracking: âœ… App ciblÃ©e dÃ©tectÃ©e: com.carrefour.fid.android
10-01 10:57:00.005 11357 11357 D CrossAppTracking: ðŸ“± Ã‰vÃ©nement reÃ§u: 2048 - com.carrefour.fid.android
10-01 10:57:00.005 11357 11357 D CrossAppTracking: âœ… App ciblÃ©e dÃ©tectÃ©e: com.carrefour.fid.android
10-01 10:57:00.049 11357 11357 D CrossAppTracking: ðŸ“± Ã‰vÃ©nement reÃ§u: 2048 - com.carrefour.fid.android
10-01 10:57:00.049 11357 11357 D CrossAppTracking: âœ… App ciblÃ©e dÃ©tectÃ©e: com.carrefour.fid.android
10-01 10:57:00.065 11357 11357 D CrossAppTracking: ðŸ“± Ã‰vÃ©nement reÃ§u: 2048 - com.carrefour.fid.android
10-01 10:57:00.065 11357 11357 D CrossAppTracking: âœ… App ciblÃ©e dÃ©tectÃ©e: com.carrefour.fid.android
10-01 10:57:00.107 11357 11357 D CrossAppTracking: ðŸ“± Ã‰vÃ©nement reÃ§u: 2048 - com.carrefour.fid.android
10-01 10:57:00.112 11357 11357 D CrossAppTracking: âœ… App ciblÃ©e dÃ©tectÃ©e: com.carrefour.fid.android
10-01 10:57:00.143 11357 11357 D CrossAppTracking: ðŸ“± Ã‰vÃ©nement reÃ§u: 2048 - com.carrefour.fid.android
10-01 10:57:00.143 11357 11357 D CrossAppTracking: âœ… App ciblÃ©e dÃ©tectÃ©e: com.carrefour.fid.android
10-01 10:57:00.158 11357 11357 D CrossAppTracking: ðŸ“± Ã‰vÃ©nement reÃ§u: 2048 - com.carrefour.fid.android
10-01 10:57:00.162 11357 11357 D CrossAppTracking: âœ… App ciblÃ©e dÃ©tectÃ©e: com.carrefour.fid.android
10-01 10:57:00.187 11357 11357 D CrossAppTracking: ðŸ“± Ã‰vÃ©nement reÃ§u: 2048 - com.carrefour.fid.android
10-01 10:57:00.189 11357 11357 D CrossAppTracking: âœ… App ciblÃ©e dÃ©tectÃ©e: com.carrefour.fid.android
10-01 10:57:00.205 11357 11357 D CrossAppTracking: ðŸ“± Ã‰vÃ©nement reÃ§u: 2048 - com.carrefour.fid.android
10-01 10:57:00.205 11357 11357 D CrossAppTracking: âœ… App ciblÃ©e dÃ©tectÃ©e: com.carrefour.fid.android
10-01 10:57:00.213 11357 11357 D CrossAppTracking: ðŸ“± Ã‰vÃ©nement reÃ§u: 2048 - com.carrefour.fid.android
10-01 10:57:00.213 11357 11357 D CrossAppTracking: âœ… App ciblÃ©e dÃ©tectÃ©e: com.carrefour.fid.android
10-01 10:57:00.234 11357 11357 D CrossAppTracking: ðŸ“± Ã‰vÃ©nement reÃ§u: 2048 - com.carrefour.fid.android
10-01 10:57:00.234 11357 11357 D CrossAppTracking: âœ… App ciblÃ©e dÃ©tectÃ©e: com.carrefour.fid.android
10-01 10:57:00.250 11357 11357 D CrossAppTracking: ðŸ“± Ã‰vÃ©nement reÃ§u: 2048 - com.carrefour.fid.android
10-01 10:57:00.250 11357 11357 D CrossAppTracking: âœ… App ciblÃ©e dÃ©tectÃ©e: com.carrefour.fid.android
10-01 10:57:00.286 11357 11357 D CrossAppTracking: ðŸ“± Ã‰vÃ©nement reÃ§u: 2048 - com.carrefour.fid.android
10-01 10:57:00.286 11357 11357 D CrossAppTracking: âœ… App ciblÃ©e dÃ©tectÃ©e: com.carrefour.fid.android
10-01 10:57:00.296 11357 11357 D AndroidTracking: Event tracked: ADD_TO_CART - {app=Carrefour, packageName=com.carrefour.fid.android, productInfo={price=13,93â‚¬, cartAction=13,93â‚¬, productName=DÃ©couvrez nos meilleurs alternatives pour remplacer vos produits indisponibles., allTexts=[1 produit Ã  remplacer, DÃ©couvrez nos meilleurs alternatives pour remplacer vos produits indisponibles., Ananas en morceaux CARREFOUR LE MARCHE, Supprimer, Bouton de substitution, Promotion: -10% Club. vous avez cagnottÃ©s0.0â‚¬. produits concernÃ©s: Bananes Bio Cavendish., -10% Club, Bananes Bio Cavendish, le sachet de 5 fruits, PEROU]}, eventType=cross_app_cart_update}
10-01 10:57:00.297 11357 11357 D CrossAppTracking: ðŸ›’ Produit envoyÃ©: DÃ©couvrez nos meilleurs alternatives pour remplacer vos produits indisponibles. - Prix: 13,93â‚¬
10-01 10:57:00.298 11357 11357 D AndroidTracking: Event tracked: ADD_TO_CART - {app=Carrefour, packageName=com.carrefour.fid.android, productInfo={cartAction=13,93â‚¬, price=13,93â‚¬, productName=Valider mon panier, allTexts=[Valider mon panier, 13,93â‚¬]}, eventType=cross_app_cart_update}
10-01 10:57:00.299 11357 11357 D CrossAppTracking: ðŸ›’ Produit envoyÃ©: Valider mon panier - Prix: 13,93â‚¬
10-01 10:57:00.299 11357 11357 D AndroidTracking: Event tracked: ADD_TO_CART - {app=Carrefour, packageName=com.carrefour.fid.android, productInfo={cartAction=7, productName=7 produits dÃ©jÃ  ajoutÃ©s au panier, allTexts=[Bananes Bio Cavendish, le sachet de 5 fruits, PEROU, 13,93, 13 euros et 93 centimes., â‚¬, Retirer un produit du panier, 7, 7 produits dÃ©jÃ  ajoutÃ©s au panier, MAX]}, eventType=cross_app_cart_update}
10-01 10:57:00.302 11357 11357 D CrossAppTracking: ðŸ›’ Produit envoyÃ©: 7 produits dÃ©jÃ  ajoutÃ©s au panier - Prix: N/A
10-01 10:57:00.303 11357 11357 D AndroidTracking: Event tracked: ADD_TO_CART - {app=Carrefour, packageName=com.carrefour.fid.android, productInfo={price=1,39â‚¬, cartAction=1,39â‚¬, productName=DÃ©couvrez nos meilleurs alternatives pour remplacer vos produits indisponibles., allTexts=[1 produit Ã  remplacer, DÃ©couvrez nos meilleurs alternatives pour remplacer vos produits indisponibles., Ananas en morceaux CARREFOUR LE MARCHE, Supprimer, Bouton de substitution, Promotion: -10% Club. vous avez cagnottÃ©s0.0â‚¬. produits concernÃ©s: Bananes Bio Cavendish., -10% Club, Bananes Bio Cavendish, le sachet de 5 fruits, PEROU]}, eventType=cross_app_cart_update}
10-01 10:57:00.305 11357 11357 D CrossAppTracking: ðŸ›’ Produit envoyÃ©: DÃ©couvrez nos meilleurs alternatives pour remplacer vos produits indisponibles. - Prix: 1,39â‚¬
10-01 10:57:00.305 11357 11357 D AndroidTracking: Event tracked: ADD_TO_CART - {app=Carrefour, packageName=com.carrefour.fid.android, productInfo={cartAction=1,39â‚¬, price=1,39â‚¬, productName=1 euros et 39 centimes., allTexts=[la piÃ¨ce, -10% Club, 1,39â‚¬, 1 euros et 39 centimes., Kiwi Hayward, Vendu au dÃ©tail, Drapeau franÃ§ais]}, eventType=cross_app_cart_update}
10-01 10:57:00.306 11357 11357 D CrossAppTracking: ðŸ›’ Produit envoyÃ©: 1 euros et 39 centimes. - Prix: 1,39â‚¬
10-01 10:57:00.307 11357 11357 D CrossAppTracking: ðŸ“± Ã‰vÃ©nement reÃ§u: 2048 - com.carrefour.fid.android
10-01 10:57:00.307 11357 11357 D CrossAppTracking: âœ… App ciblÃ©e dÃ©tectÃ©e: com.carrefour.fid.android
10-01 10:57:00.451 11357 11357 D CrossAppTracking: ðŸ“± Ã‰vÃ©nement reÃ§u: 2048 - com.carrefour.fid.android
10-01 10:57:00.451 11357 11357 D CrossAppTracking: âœ… App ciblÃ©e dÃ©tectÃ©e: com.carrefour.fid.android
10-01 10:57:00.474 11357 11357 D CrossAppTracking: ðŸ“± Ã‰vÃ©nement reÃ§u: 2048 - com.carrefour.fid.android
10-01 10:57:00.474 11357 11357 D CrossAppTracking: âœ… App ciblÃ©e dÃ©tectÃ©e: com.carrefour.fid.android
10-01 10:57:00.545 11357 11357 D CrossAppTracking: ðŸ“± Ã‰vÃ©nement reÃ§u: 2048 - com.carrefour.fid.android
10-01 10:57:00.545 11357 11357 D CrossAppTracking: âœ… App ciblÃ©e dÃ©tectÃ©e: com.carrefour.fid.android
10-01 10:57:00.582 11357 11357 D CrossAppTracking: ðŸ“± Ã‰vÃ©nement reÃ§u: 2048 - com.carrefour.fid.android
10-01 10:57:00.583 11357 11357 D CrossAppTracking: âœ… App ciblÃ©e dÃ©tectÃ©e: com.carrefour.fid.android
10-01 10:57:00.597 11357 11357 D CrossAppTracking: ðŸ“± Ã‰vÃ©nement reÃ§u: 2048 - com.carrefour.fid.android
10-01 10:57:00.597 11357 11357 D CrossAppTracking: âœ… App ciblÃ©e dÃ©tectÃ©e: com.carrefour.fid.android
10-01 10:57:00.627 11357 11357 D CrossAppTracking: ðŸ“± Ã‰vÃ©nement reÃ§u: 2048 - com.carrefour.fid.android
10-01 10:57:00.628 11357 11357 D CrossAppTracking: âœ… App ciblÃ©e dÃ©tectÃ©e: com.carrefour.fid.android
10-01 10:57:00.736 11357 11357 D AndroidTracking: Event tracked: ADD_TO_CART - {app=Carrefour, packageName=com.carrefour.fid.android, productInfo={productName=Panier, allTexts=[Panier]}, eventType=cross_app_cart_update}
10-01 10:57:00.738 11357 11357 D CrossAppTracking: ðŸ›’ Produit envoyÃ©: Panier - Prix: N/A
10-01 10:57:00.739 11357 11357 D AndroidTracking: Event tracked: ADD_TO_CART - {app=Carrefour, packageName=com.carrefour.fid.android, productInfo={productName=Bouton de substitution, allTexts=[Bouton de substitution]}, eventType=cross_app_cart_update}
10-01 10:57:00.740 11357 11357 D CrossAppTracking: ðŸ›’ Produit envoyÃ©: Bouton de substitution - Prix: N/A
10-01 10:57:00.740 11357 11357 D AndroidTracking: Event tracked: ADD_TO_CART - {app=Carrefour, packageName=com.carrefour.fid.android, productInfo={productName=1 produit Ã  remplacer, allTexts=[1 produit Ã  remplacer]}, eventType=cross_app_cart_update}
10-01 10:57:00.741 11357 11357 D CrossAppTracking: ðŸ›’ Produit envoyÃ©: 1 produit Ã  remplacer - Prix: N/A
10-01 10:57:00.742 11357 11357 D AndroidTracking: Event tracked: ADD_TO_CART - {app=Carrefour, packageName=com.carrefour.fid.android, productInfo={cartAction=3,49â‚¬, price=3,49â‚¬, productName=3 euros et 49 centimes., allTexts=[LabelBio, 4 piÃ¨ces, -10% Club, 3,49â‚¬, 3 euros et 49 centimes., Poires Bio, Drapeau franÃ§ais]}, eventType=cross_app_cart_update}
10-01 10:57:00.748 11357 11357 D CrossAppTracking: ðŸ›’ Produit envoyÃ©: 3 euros et 49 centimes. - Prix: 3,49â‚¬
10-01 10:57:00.749 11357 11357 D AndroidTracking: Event tracked: ADD_TO_CART - {app=Carrefour, packageName=com.carrefour.fid.android, productInfo={price=13,93â‚¬, cartAction=13,93â‚¬, productName=DÃ©couvrez nos meilleurs alternatives pour remplacer vos produits indisponibles., allTexts=[1 produit Ã  remplacer, DÃ©couvrez nos meilleurs alternatives pour remplacer vos produits indisponibles., Ananas en morceaux CARREFOUR LE MARCHE, Supprimer, Bouton de substitution, Promotion: -10% Club. vous avez cagnottÃ©s0.0â‚¬. produits concernÃ©s: Bananes Bio Cavendish., -10% Club, Bananes Bio Cavendish, le sachet de 5 fruits, PEROU]}, eventType=cross_app_cart_update}
10-01 10:57:00.750 11357 11357 D CrossAppTracking: ðŸ›’ Produit envoyÃ©: DÃ©couvrez nos meilleurs alternatives pour remplacer vos produits indisponibles. - Prix: 13,93â‚¬
10-01 10:57:00.750 11357 11357 D AndroidTracking: Event tracked: CONTENT_CHANGED - {app=Carrefour, packageName=com.carrefour.fid.android, eventType=cross_app_content_change, timestamp=1759309019972}
10-01 10:57:00.754 11357 11357 D AndroidTracking: Event tracked: CONTENT_CHANGED - {app=Carrefour, packageName=com.carrefour.fid.android, eventType=cross_app_content_change, timestamp=1759309019979}
10-01 10:57:00.755 11357 11357 D AndroidTracking: Event tracked: CONTENT_CHANGED - {app=Carrefour, packageName=com.carrefour.fid.android, eventType=cross_app_content_change, timestamp=1759309020002}
10-01 10:57:00.758 11357 11357 D AndroidTracking: Event tracked: ADD_TO_CART - {app=Carrefour, packageName=com.carrefour.fid.android, productInfo={cartAction=Retirer un produit du panier, productName=Retirer un produit du panier, allTexts=[Retirer un produit du panier]}, eventType=cross_app_cart_update}
10-01 10:57:00.761 11357 11357 D CrossAppTracking: ðŸ›’ Produit envoyÃ©: Retirer un produit du panier - Prix: N/A
10-01 10:57:00.764 11357 11357 D AndroidTracking: Event tracked: CONTENT_CHANGED - {app=Carrefour, packageName=com.carrefour.fid.android, eventType=cross_app_content_change, timestamp=1759309020064}
10-01 10:57:00.765 11357 11357 D AndroidTracking: Event tracked: ADD_TO_CART - {app=Carrefour, packageName=com.carrefour.fid.android, productInfo={cartAction=Vider tout le panier, productName=Vider tout le panier, allTexts=[Vider tout le panier, Vider tout le panier]}, eventType=cross_app_cart_update}
10-01 10:57:00.766 11357 11357 D CrossAppTracking: ðŸ›’ Produit envoyÃ©: Vider tout le panier - Prix: N/A
10-01 10:57:00.770 11357 11357 D AndroidTracking: Event tracked: ADD_TO_CART - {app=Carrefour, packageName=com.carrefour.fid.android, productInfo={price=Promotion: -10% Club. vous avez cagnottÃ©s0.0â‚¬. produits concernÃ©s: Bananes Bio Cavendish., cartAction=-10% Club, productName=-10% Club, allTexts=[Promotion: -10% Club. vous avez cagnottÃ©s0.0â‚¬. produits concernÃ©s: Bananes Bio Cavendish., -10% Club]}, eventType=cross_app_cart_update}
10-01 10:57:00.771 11357 11357 D CrossAppTracking: ðŸ›’ Produit envoyÃ©: -10% Club - Prix: Promotion: -10% Club. vous avez cagnottÃ©s0.0â‚¬. produits concernÃ©s: Bananes Bio Cavendish.
10-01 10:57:00.772 11357 11357 D AndroidTracking: Event tracked: CONTENT_CHANGED - {app=Carrefour, packageName=com.carrefour.fid.android, eventType=cross_app_content_change, timestamp=1759309020157}
10-01 10:57:00.773 11357 11357 D AndroidTracking: Event tracked: ADD_TO_CART - {app=Carrefour, packageName=com.carrefour.fid.android, productInfo={productName=Panier, allTexts=[Panier]}, eventType=cross_app_cart_update}
10-01 10:57:00.776 11357 11357 D CrossAppTracking: ðŸ›’ Produit envoyÃ©: Panier - Prix: N/A
10-01 10:57:00.776 11357 11357 D AndroidTracking: Event tracked: ADD_TO_CART - {app=Carrefour, packageName=com.carrefour.fid.android, productInfo={productName=Rien oubliÃ© ?, allTexts=[Rien oubliÃ© ?]}, eventType=cross_app_cart_update}
10-01 10:57:00.778 11357 11357 D CrossAppTracking: ðŸ›’ Produit envoyÃ©: Rien oubliÃ© ? - Prix: N/A
