--------- beginning of main
10-01 10:56:56.559 11357 11357 D CrossAppTracking: 📱 Événement reçu: 2048 - com.carrefour.fid.android
10-01 10:56:56.561 11357 11357 D CrossAppTracking: ✅ App ciblée détectée: com.carrefour.fid.android
10-01 10:56:56.703 11357 11415 W AndroidTracking: Failed to send event to server: failed to connect to /10.0.2.2 (port 3001) from /10.0.2.16 (port 59788) after 10000ms
10-01 10:56:56.805 11357 11416 W AndroidTracking: Failed to send event to server: failed to connect to /10.0.2.2 (port 3001) from /10.0.2.16 (port 59804) after 10000ms
10-01 10:56:57.032 11357 11417 W AndroidTracking: Failed to send event to server: failed to connect to /10.0.2.2 (port 3001) from /10.0.2.16 (port 59808) after 10000ms
10-01 10:56:57.097 11357 11418 W AndroidTracking: Failed to send event to server: failed to connect to /10.0.2.2 (port 3001) from /10.0.2.16 (port 59814) after 10000ms
10-01 10:56:58.228 11357 11357 D CrossAppTracking: 📱 Événement reçu: 32 - com.carrefour.fid.android
10-01 10:56:58.231 11357 11357 D CrossAppTracking: ✅ App ciblée détectée: com.carrefour.fid.android
10-01 10:56:58.483 11357 11357 D CrossAppTracking: 📱 Événement reçu: 2048 - com.carrefour.fid.android
10-01 10:56:58.489 11357 11357 D CrossAppTracking: ✅ App ciblée détectée: com.carrefour.fid.android
10-01 10:56:58.584 11357 11357 D CrossAppTracking: 📱 Événement reçu: 2048 - com.carrefour.fid.android
10-01 10:56:58.584 11357 11357 D CrossAppTracking: ✅ App ciblée détectée: com.carrefour.fid.android
10-01 10:56:58.733 11357 11357 D CrossAppTracking: 📱 Événement reçu: 2048 - com.carrefour.fid.android
10-01 10:56:58.734 11357 11357 D CrossAppTracking: ✅ App ciblée détectée: com.carrefour.fid.android
10-01 10:56:58.758 11357 11357 D CrossAppTracking: 📱 Événement reçu: 2048 - com.carrefour.fid.android
10-01 10:56:58.759 11357 11357 D CrossAppTracking: ✅ App ciblée détectée: com.carrefour.fid.android
10-01 10:56:58.928 11357 11357 D CrossAppTracking: 📱 Événement reçu: 32 - com.carrefour.fid.android
10-01 10:56:58.933 11357 11357 D CrossAppTracking: ✅ App ciblée détectée: com.carrefour.fid.android
10-01 10:56:59.562 11357 11357 D AndroidTracking: Event tracked: ADD_TO_CART - {app=Carrefour, packageName=com.carrefour.fid.android, productInfo={productName=Panier, 7 new notifications, allTexts=[Panier, Accueil, Rechercher, Mes produits, Promotions, Panier, 7 new notifications]}, eventType=cross_app_cart_update}
10-01 10:56:59.566 11357 11357 D CrossAppTracking: 🛒 Produit envoyé: Panier, 7 new notifications - Prix: N/A
10-01 10:56:59.567 11357 11357 D AndroidTracking: Event tracked: ADD_TO_CART - {app=Carrefour, packageName=com.carrefour.fid.android, productInfo={productName=Panier, 7 new notifications, allTexts=[Panier, Accueil, Rechercher, Mes produits, Promotions, Panier, 7 new notifications]}, eventType=cross_app_cart_update}
10-01 10:56:59.569 11357 11357 D CrossAppTracking: 🛒 Produit envoyé: Panier, 7 new notifications - Prix: N/A
10-01 10:56:59.569 11357 11357 D AndroidTracking: Event tracked: ADD_TO_CART - {app=Carrefour, packageName=com.carrefour.fid.android, productInfo={productName=Panier, allTexts=[Panier]}, eventType=cross_app_cart_update}
10-01 10:56:59.571 11357 11357 D CrossAppTracking: 🛒 Produit envoyé: Panier - Prix: N/A
10-01 10:56:59.571 11357 11357 D AndroidTracking: Event tracked: ADD_TO_CART - {app=Carrefour, packageName=com.carrefour.fid.android, productInfo={productName=Panier, allTexts=[Panier]}, eventType=cross_app_cart_update}
10-01 10:56:59.572 11357 11357 D CrossAppTracking: 🛒 Produit envoyé: Panier - Prix: N/A
10-01 10:56:59.572 11357 11357 D AndroidTracking: Event tracked: ADD_TO_CART - {app=Carrefour, packageName=com.carrefour.fid.android, productInfo={productName=Panier, allTexts=[Panier]}, eventType=cross_app_cart_update}
10-01 10:56:59.574 11357 11357 D CrossAppTracking: 🛒 Produit envoyé: Panier - Prix: N/A
10-01 10:56:59.574 11357 11357 D AndroidTracking: Event tracked: ADD_TO_CART - {app=Carrefour, packageName=com.carrefour.fid.android, productInfo={productName=Panier, allTexts=[Panier]}, eventType=cross_app_cart_update}
10-01 10:56:59.576 11357 11357 D CrossAppTracking: 🛒 Produit envoyé: Panier - Prix: N/A
10-01 10:56:59.577 11357 11357 D CrossAppTracking: 📱 Événement reçu: 2048 - com.carrefour.fid.android
10-01 10:56:59.577 11357 11357 D CrossAppTracking: ✅ App ciblée détectée: com.carrefour.fid.android
10-01 10:56:59.594 11357 11357 D CrossAppTracking: 📱 Événement reçu: 2048 - com.carrefour.fid.android
10-01 10:56:59.594 11357 11357 D CrossAppTracking: ✅ App ciblée détectée: com.carrefour.fid.android
10-01 10:56:59.645 11357 11357 D CrossAppTracking: 📱 Événement reçu: 2048 - com.carrefour.fid.android
10-01 10:56:59.646 11357 11357 D CrossAppTracking: ✅ App ciblée détectée: com.carrefour.fid.android
10-01 10:56:59.736 11357 11357 D CrossAppTracking: 📱 Événement reçu: 2048 - com.carrefour.fid.android
10-01 10:56:59.736 11357 11357 D CrossAppTracking: ✅ App ciblée détectée: com.carrefour.fid.android
10-01 10:56:59.790 11357 11357 D CrossAppTracking: 📱 Événement reçu: 2048 - com.carrefour.fid.android
10-01 10:56:59.790 11357 11357 D CrossAppTracking: ✅ App ciblée détectée: com.carrefour.fid.android
10-01 10:56:59.807 11357 11357 D CrossAppTracking: 📱 Événement reçu: 2048 - com.carrefour.fid.android
10-01 10:56:59.809 11357 11357 D CrossAppTracking: ✅ App ciblée détectée: com.carrefour.fid.android
10-01 10:56:59.828 11357 11357 D CrossAppTracking: 📱 Événement reçu: 2048 - com.carrefour.fid.android
10-01 10:56:59.828 11357 11357 D CrossAppTracking: ✅ App ciblée détectée: com.carrefour.fid.android
10-01 10:56:59.850 11357 11357 D CrossAppTracking: 📱 Événement reçu: 2048 - com.carrefour.fid.android
10-01 10:56:59.851 11357 11357 D CrossAppTracking: ✅ App ciblée détectée: com.carrefour.fid.android
10-01 10:56:59.869 11357 11357 D CrossAppTracking: 📱 Événement reçu: 2048 - com.carrefour.fid.android
10-01 10:56:59.869 11357 11357 D CrossAppTracking: ✅ App ciblée détectée: com.carrefour.fid.android
10-01 10:56:59.954 11357 11357 D CrossAppTracking: 📱 Événement reçu: 2048 - com.carrefour.fid.android
10-01 10:56:59.957 11357 11357 D CrossAppTracking: ✅ App ciblée détectée: com.carrefour.fid.android
10-01 10:56:59.973 11357 11357 D CrossAppTracking: 📱 Événement reçu: 2048 - com.carrefour.fid.android
10-01 10:56:59.973 11357 11357 D CrossAppTracking: ✅ App ciblée détectée: com.carrefour.fid.android
10-01 10:56:59.979 11357 11357 D CrossAppTracking: 📱 Événement reçu: 2048 - com.carrefour.fid.android
10-01 10:56:59.980 11357 11357 D CrossAppTracking: ✅ App ciblée détectée: com.carrefour.fid.android
10-01 10:57:00.005 11357 11357 D CrossAppTracking: 📱 Événement reçu: 2048 - com.carrefour.fid.android
10-01 10:57:00.005 11357 11357 D CrossAppTracking: ✅ App ciblée détectée: com.carrefour.fid.android
10-01 10:57:00.049 11357 11357 D CrossAppTracking: 📱 Événement reçu: 2048 - com.carrefour.fid.android
10-01 10:57:00.049 11357 11357 D CrossAppTracking: ✅ App ciblée détectée: com.carrefour.fid.android
10-01 10:57:00.065 11357 11357 D CrossAppTracking: 📱 Événement reçu: 2048 - com.carrefour.fid.android
10-01 10:57:00.065 11357 11357 D CrossAppTracking: ✅ App ciblée détectée: com.carrefour.fid.android
10-01 10:57:00.107 11357 11357 D CrossAppTracking: 📱 Événement reçu: 2048 - com.carrefour.fid.android
10-01 10:57:00.112 11357 11357 D CrossAppTracking: ✅ App ciblée détectée: com.carrefour.fid.android
10-01 10:57:00.143 11357 11357 D CrossAppTracking: 📱 Événement reçu: 2048 - com.carrefour.fid.android
10-01 10:57:00.143 11357 11357 D CrossAppTracking: ✅ App ciblée détectée: com.carrefour.fid.android
10-01 10:57:00.158 11357 11357 D CrossAppTracking: 📱 Événement reçu: 2048 - com.carrefour.fid.android
10-01 10:57:00.162 11357 11357 D CrossAppTracking: ✅ App ciblée détectée: com.carrefour.fid.android
10-01 10:57:00.187 11357 11357 D CrossAppTracking: 📱 Événement reçu: 2048 - com.carrefour.fid.android
10-01 10:57:00.189 11357 11357 D CrossAppTracking: ✅ App ciblée détectée: com.carrefour.fid.android
10-01 10:57:00.205 11357 11357 D CrossAppTracking: 📱 Événement reçu: 2048 - com.carrefour.fid.android
10-01 10:57:00.205 11357 11357 D CrossAppTracking: ✅ App ciblée détectée: com.carrefour.fid.android
10-01 10:57:00.213 11357 11357 D CrossAppTracking: 📱 Événement reçu: 2048 - com.carrefour.fid.android
10-01 10:57:00.213 11357 11357 D CrossAppTracking: ✅ App ciblée détectée: com.carrefour.fid.android
10-01 10:57:00.234 11357 11357 D CrossAppTracking: 📱 Événement reçu: 2048 - com.carrefour.fid.android
10-01 10:57:00.234 11357 11357 D CrossAppTracking: ✅ App ciblée détectée: com.carrefour.fid.android
10-01 10:57:00.250 11357 11357 D CrossAppTracking: 📱 Événement reçu: 2048 - com.carrefour.fid.android
10-01 10:57:00.250 11357 11357 D CrossAppTracking: ✅ App ciblée détectée: com.carrefour.fid.android
10-01 10:57:00.286 11357 11357 D CrossAppTracking: 📱 Événement reçu: 2048 - com.carrefour.fid.android
10-01 10:57:00.286 11357 11357 D CrossAppTracking: ✅ App ciblée détectée: com.carrefour.fid.android
10-01 10:57:00.296 11357 11357 D AndroidTracking: Event tracked: ADD_TO_CART - {app=Carrefour, packageName=com.carrefour.fid.android, productInfo={price=13,93€, cartAction=13,93€, productName=Découvrez nos meilleurs alternatives pour remplacer vos produits indisponibles., allTexts=[1 produit à remplacer, Découvrez nos meilleurs alternatives pour remplacer vos produits indisponibles., Ananas en morceaux CARREFOUR LE MARCHE, Supprimer, Bouton de substitution, Promotion: -10% Club. vous avez cagnottés0.0€. produits concernés: Bananes Bio Cavendish., -10% Club, Bananes Bio Cavendish, le sachet de 5 fruits, PEROU]}, eventType=cross_app_cart_update}
10-01 10:57:00.297 11357 11357 D CrossAppTracking: 🛒 Produit envoyé: Découvrez nos meilleurs alternatives pour remplacer vos produits indisponibles. - Prix: 13,93€
10-01 10:57:00.298 11357 11357 D AndroidTracking: Event tracked: ADD_TO_CART - {app=Carrefour, packageName=com.carrefour.fid.android, productInfo={cartAction=13,93€, price=13,93€, productName=Valider mon panier, allTexts=[Valider mon panier, 13,93€]}, eventType=cross_app_cart_update}
10-01 10:57:00.299 11357 11357 D CrossAppTracking: 🛒 Produit envoyé: Valider mon panier - Prix: 13,93€
10-01 10:57:00.299 11357 11357 D AndroidTracking: Event tracked: ADD_TO_CART - {app=Carrefour, packageName=com.carrefour.fid.android, productInfo={cartAction=7, productName=7 produits déjà ajoutés au panier, allTexts=[Bananes Bio Cavendish, le sachet de 5 fruits, PEROU, 13,93, 13 euros et 93 centimes., €, Retirer un produit du panier, 7, 7 produits déjà ajoutés au panier, MAX]}, eventType=cross_app_cart_update}
10-01 10:57:00.302 11357 11357 D CrossAppTracking: 🛒 Produit envoyé: 7 produits déjà ajoutés au panier - Prix: N/A
10-01 10:57:00.303 11357 11357 D AndroidTracking: Event tracked: ADD_TO_CART - {app=Carrefour, packageName=com.carrefour.fid.android, productInfo={price=1,39€, cartAction=1,39€, productName=Découvrez nos meilleurs alternatives pour remplacer vos produits indisponibles., allTexts=[1 produit à remplacer, Découvrez nos meilleurs alternatives pour remplacer vos produits indisponibles., Ananas en morceaux CARREFOUR LE MARCHE, Supprimer, Bouton de substitution, Promotion: -10% Club. vous avez cagnottés0.0€. produits concernés: Bananes Bio Cavendish., -10% Club, Bananes Bio Cavendish, le sachet de 5 fruits, PEROU]}, eventType=cross_app_cart_update}
10-01 10:57:00.305 11357 11357 D CrossAppTracking: 🛒 Produit envoyé: Découvrez nos meilleurs alternatives pour remplacer vos produits indisponibles. - Prix: 1,39€
10-01 10:57:00.305 11357 11357 D AndroidTracking: Event tracked: ADD_TO_CART - {app=Carrefour, packageName=com.carrefour.fid.android, productInfo={cartAction=1,39€, price=1,39€, productName=1 euros et 39 centimes., allTexts=[la pièce, -10% Club, 1,39€, 1 euros et 39 centimes., Kiwi Hayward, Vendu au détail, Drapeau français]}, eventType=cross_app_cart_update}
10-01 10:57:00.306 11357 11357 D CrossAppTracking: 🛒 Produit envoyé: 1 euros et 39 centimes. - Prix: 1,39€
10-01 10:57:00.307 11357 11357 D CrossAppTracking: 📱 Événement reçu: 2048 - com.carrefour.fid.android
10-01 10:57:00.307 11357 11357 D CrossAppTracking: ✅ App ciblée détectée: com.carrefour.fid.android
10-01 10:57:00.451 11357 11357 D CrossAppTracking: 📱 Événement reçu: 2048 - com.carrefour.fid.android
10-01 10:57:00.451 11357 11357 D CrossAppTracking: ✅ App ciblée détectée: com.carrefour.fid.android
10-01 10:57:00.474 11357 11357 D CrossAppTracking: 📱 Événement reçu: 2048 - com.carrefour.fid.android
10-01 10:57:00.474 11357 11357 D CrossAppTracking: ✅ App ciblée détectée: com.carrefour.fid.android
10-01 10:57:00.545 11357 11357 D CrossAppTracking: 📱 Événement reçu: 2048 - com.carrefour.fid.android
10-01 10:57:00.545 11357 11357 D CrossAppTracking: ✅ App ciblée détectée: com.carrefour.fid.android
10-01 10:57:00.582 11357 11357 D CrossAppTracking: 📱 Événement reçu: 2048 - com.carrefour.fid.android
10-01 10:57:00.583 11357 11357 D CrossAppTracking: ✅ App ciblée détectée: com.carrefour.fid.android
10-01 10:57:00.597 11357 11357 D CrossAppTracking: 📱 Événement reçu: 2048 - com.carrefour.fid.android
10-01 10:57:00.597 11357 11357 D CrossAppTracking: ✅ App ciblée détectée: com.carrefour.fid.android
10-01 10:57:00.627 11357 11357 D CrossAppTracking: 📱 Événement reçu: 2048 - com.carrefour.fid.android
10-01 10:57:00.628 11357 11357 D CrossAppTracking: ✅ App ciblée détectée: com.carrefour.fid.android
10-01 10:57:00.736 11357 11357 D AndroidTracking: Event tracked: ADD_TO_CART - {app=Carrefour, packageName=com.carrefour.fid.android, productInfo={productName=Panier, allTexts=[Panier]}, eventType=cross_app_cart_update}
10-01 10:57:00.738 11357 11357 D CrossAppTracking: 🛒 Produit envoyé: Panier - Prix: N/A
10-01 10:57:00.739 11357 11357 D AndroidTracking: Event tracked: ADD_TO_CART - {app=Carrefour, packageName=com.carrefour.fid.android, productInfo={productName=Bouton de substitution, allTexts=[Bouton de substitution]}, eventType=cross_app_cart_update}
10-01 10:57:00.740 11357 11357 D CrossAppTracking: 🛒 Produit envoyé: Bouton de substitution - Prix: N/A
10-01 10:57:00.740 11357 11357 D AndroidTracking: Event tracked: ADD_TO_CART - {app=Carrefour, packageName=com.carrefour.fid.android, productInfo={productName=1 produit à remplacer, allTexts=[1 produit à remplacer]}, eventType=cross_app_cart_update}
10-01 10:57:00.741 11357 11357 D CrossAppTracking: 🛒 Produit envoyé: 1 produit à remplacer - Prix: N/A
10-01 10:57:00.742 11357 11357 D AndroidTracking: Event tracked: ADD_TO_CART - {app=Carrefour, packageName=com.carrefour.fid.android, productInfo={cartAction=3,49€, price=3,49€, productName=3 euros et 49 centimes., allTexts=[LabelBio, 4 pièces, -10% Club, 3,49€, 3 euros et 49 centimes., Poires Bio, Drapeau français]}, eventType=cross_app_cart_update}
10-01 10:57:00.748 11357 11357 D CrossAppTracking: 🛒 Produit envoyé: 3 euros et 49 centimes. - Prix: 3,49€
10-01 10:57:00.749 11357 11357 D AndroidTracking: Event tracked: ADD_TO_CART - {app=Carrefour, packageName=com.carrefour.fid.android, productInfo={price=13,93€, cartAction=13,93€, productName=Découvrez nos meilleurs alternatives pour remplacer vos produits indisponibles., allTexts=[1 produit à remplacer, Découvrez nos meilleurs alternatives pour remplacer vos produits indisponibles., Ananas en morceaux CARREFOUR LE MARCHE, Supprimer, Bouton de substitution, Promotion: -10% Club. vous avez cagnottés0.0€. produits concernés: Bananes Bio Cavendish., -10% Club, Bananes Bio Cavendish, le sachet de 5 fruits, PEROU]}, eventType=cross_app_cart_update}
10-01 10:57:00.750 11357 11357 D CrossAppTracking: 🛒 Produit envoyé: Découvrez nos meilleurs alternatives pour remplacer vos produits indisponibles. - Prix: 13,93€
10-01 10:57:00.750 11357 11357 D AndroidTracking: Event tracked: CONTENT_CHANGED - {app=Carrefour, packageName=com.carrefour.fid.android, eventType=cross_app_content_change, timestamp=1759309019972}
10-01 10:57:00.754 11357 11357 D AndroidTracking: Event tracked: CONTENT_CHANGED - {app=Carrefour, packageName=com.carrefour.fid.android, eventType=cross_app_content_change, timestamp=1759309019979}
10-01 10:57:00.755 11357 11357 D AndroidTracking: Event tracked: CONTENT_CHANGED - {app=Carrefour, packageName=com.carrefour.fid.android, eventType=cross_app_content_change, timestamp=1759309020002}
10-01 10:57:00.758 11357 11357 D AndroidTracking: Event tracked: ADD_TO_CART - {app=Carrefour, packageName=com.carrefour.fid.android, productInfo={cartAction=Retirer un produit du panier, productName=Retirer un produit du panier, allTexts=[Retirer un produit du panier]}, eventType=cross_app_cart_update}
10-01 10:57:00.761 11357 11357 D CrossAppTracking: 🛒 Produit envoyé: Retirer un produit du panier - Prix: N/A
10-01 10:57:00.764 11357 11357 D AndroidTracking: Event tracked: CONTENT_CHANGED - {app=Carrefour, packageName=com.carrefour.fid.android, eventType=cross_app_content_change, timestamp=1759309020064}
10-01 10:57:00.765 11357 11357 D AndroidTracking: Event tracked: ADD_TO_CART - {app=Carrefour, packageName=com.carrefour.fid.android, productInfo={cartAction=Vider tout le panier, productName=Vider tout le panier, allTexts=[Vider tout le panier, Vider tout le panier]}, eventType=cross_app_cart_update}
10-01 10:57:00.766 11357 11357 D CrossAppTracking: 🛒 Produit envoyé: Vider tout le panier - Prix: N/A
10-01 10:57:00.770 11357 11357 D AndroidTracking: Event tracked: ADD_TO_CART - {app=Carrefour, packageName=com.carrefour.fid.android, productInfo={price=Promotion: -10% Club. vous avez cagnottés0.0€. produits concernés: Bananes Bio Cavendish., cartAction=-10% Club, productName=-10% Club, allTexts=[Promotion: -10% Club. vous avez cagnottés0.0€. produits concernés: Bananes Bio Cavendish., -10% Club]}, eventType=cross_app_cart_update}
10-01 10:57:00.771 11357 11357 D CrossAppTracking: 🛒 Produit envoyé: -10% Club - Prix: Promotion: -10% Club. vous avez cagnottés0.0€. produits concernés: Bananes Bio Cavendish.
10-01 10:57:00.772 11357 11357 D AndroidTracking: Event tracked: CONTENT_CHANGED - {app=Carrefour, packageName=com.carrefour.fid.android, eventType=cross_app_content_change, timestamp=1759309020157}
10-01 10:57:00.773 11357 11357 D AndroidTracking: Event tracked: ADD_TO_CART - {app=Carrefour, packageName=com.carrefour.fid.android, productInfo={productName=Panier, allTexts=[Panier]}, eventType=cross_app_cart_update}
10-01 10:57:00.776 11357 11357 D CrossAppTracking: 🛒 Produit envoyé: Panier - Prix: N/A
10-01 10:57:00.776 11357 11357 D AndroidTracking: Event tracked: ADD_TO_CART - {app=Carrefour, packageName=com.carrefour.fid.android, productInfo={productName=Rien oublié ?, allTexts=[Rien oublié ?]}, eventType=cross_app_cart_update}
10-01 10:57:00.778 11357 11357 D CrossAppTracking: 🛒 Produit envoyé: Rien oublié ? - Prix: N/A
10-01 10:57:00.778 11357 11357 D AndroidTracking: Event tracked: ADD_TO_CART - {app=Carrefour, packageName=com.carrefour.fid.android, productInfo={productName=Voir tout, allTexts=[Voir tout]}, eventType=cross_app_cart_update}
10-01 10:57:00.778 11357 11357 D CrossAppTracking: 🛒 Produit envoyé: Voir tout - Prix: N/A
10-01 10:57:00.779 11357 11357 D AndroidTracking: Event tracked: ADD_TO_CART - {app=Carrefour, packageName=com.carrefour.fid.android, productInfo={productName=Ananas en morceaux CARREFOUR LE MARCHE, allTexts=[Ananas en morceaux CARREFOUR LE MARCHE]}, eventType=cross_app_cart_update}
10-01 10:57:00.781 11357 11357 D CrossAppTracking: 🛒 Produit envoyé: Ananas en morceaux CARREFOUR LE MARCHE - Prix: N/A
10-01 10:57:00.782 11357 11357 D AndroidTracking: Event tracked: ADD_TO_CART - {app=Carrefour, packageName=com.carrefour.fid.android, productInfo={productName=Découvrez nos meilleurs alternatives pour remplacer vos produits indisponibles., allTexts=[Découvrez nos meilleurs alternatives pour remplacer vos produits indisponibles.]}, eventType=cross_app_cart_update}
10-01 10:57:00.782 11357 11357 D CrossAppTracking: 🛒 Produit envoyé: Découvrez nos meilleurs alternatives pour remplacer vos produits indisponibles. - Prix: N/A
10-01 10:57:00.783 11357 11357 D AndroidTracking: Event tracked: ADD_TO_CART - {app=Carrefour, packageName=com.carrefour.fid.android, productInfo={cartAction=1,39€, price=1,39€, productName=3 euros et 49 centimes., allTexts=[LabelBio, 4 pièces, -10% Club, 3,49€, 3 euros et 49 centimes., Poires Bio, Drapeau français, la pièce, -10% Club, 1,39€]}, eventType=cross_app_cart_update}
10-01 10:57:00.785 11357 11357 D CrossAppTracking: 🛒 Produit envoyé: 3 euros et 49 centimes. - Prix: 1,39€
10-01 10:57:00.787 11357 11357 D CrossAppTracking: 📱 Événement reçu: 2048 - com.android.systemui
10-01 10:57:00.787 11357 11357 D CrossAppTracking: ✅ App ciblée détectée: com.android.systemui
10-01 10:57:00.800 11357 11357 D AndroidTracking: Event tracked: ADD_TO_CART - {app=Carrefour, packageName=com.carrefour.fid.android, productInfo={productName=Supprimer, allTexts=[Supprimer]}, eventType=cross_app_cart_update}
10-01 10:57:00.801 11357 11357 D CrossAppTracking: 🛒 Produit envoyé: Supprimer - Prix: N/A
10-01 10:57:00.815 11357 11357 D CrossAppTracking: 📱 Événement reçu: 2048 - com.android.systemui
10-01 10:57:00.815 11357 11357 D CrossAppTracking: ✅ App ciblée détectée: com.android.systemui
10-01 10:57:00.952 11357 11357 D AndroidTracking: Event tracked: ADD_TO_CART - {app=Carrefour, packageName=com.carrefour.fid.android, productInfo={price=13,93€, cartAction=13,93€, productName=Découvrez nos meilleurs alternatives pour remplacer vos produits indisponibles., allTexts=[1 produit à remplacer, Découvrez nos meilleurs alternatives pour remplacer vos produits indisponibles., Ananas en morceaux CARREFOUR LE MARCHE, Supprimer, Bouton de substitution, Promotion: -10% Club. vous avez cagnottés0.0€. produits concernés: Bananes Bio Cavendish., -10% Club, Bananes Bio Cavendish, le sachet de 5 fruits, PEROU]}, eventType=cross_app_cart_update}
10-01 10:57:00.953 11357 11357 D CrossAppTracking: 🛒 Produit envoyé: Découvrez nos meilleurs alternatives pour remplacer vos produits indisponibles. - Prix: 13,93€
10-01 10:57:00.976 11357 11357 D AndroidTracking: Event tracked: ADD_TO_CART - {app=Carrefour, packageName=com.carrefour.fid.android, productInfo={cartAction=7, productName=7 produits déjà ajoutés au panier, allTexts=[Bananes Bio Cavendish, le sachet de 5 fruits, PEROU, 13,93, 13 euros et 93 centimes., €, Retirer un produit du panier, 7, 7 produits déjà ajoutés au panier, MAX]}, eventType=cross_app_cart_update}
10-01 10:57:00.977 11357 11357 D CrossAppTracking: 🛒 Produit envoyé: 7 produits déjà ajoutés au panier - Prix: N/A
10-01 10:57:01.046 11357 11357 D AndroidTracking: Event tracked: ADD_TO_CART - {app=Carrefour, packageName=com.carrefour.fid.android, productInfo={cartAction=3,49€, price=3,49€, productName=3 euros et 49 centimes., allTexts=[LabelBio, 4 pièces, -10% Club, 3,49€, 3 euros et 49 centimes., Poires Bio, Drapeau français]}, eventType=cross_app_cart_update}
10-01 10:57:01.050 11357 11357 D CrossAppTracking: 🛒 Produit envoyé: 3 euros et 49 centimes. - Prix: 3,49€
10-01 10:57:01.084 11357 11357 D AndroidTracking: Event tracked: ADD_TO_CART - {app=Carrefour, packageName=com.carrefour.fid.android, productInfo={cartAction=1,39€, price=1,39€, productName=3 euros et 49 centimes., allTexts=[LabelBio, 4 pièces, -10% Club, 3,49€, 3 euros et 49 centimes., Poires Bio, Drapeau français, la pièce, -10% Club, 1,39€]}, eventType=cross_app_cart_update}
10-01 10:57:01.086 11357 11357 D CrossAppTracking: 🛒 Produit envoyé: 3 euros et 49 centimes. - Prix: 1,39€
10-01 10:57:01.099 11357 11357 D AndroidTracking: Event tracked: CONTENT_CHANGED - {app=Carrefour, packageName=com.carrefour.fid.android, eventType=cross_app_content_change, timestamp=1759309020597}
10-01 10:57:01.129 11357 11357 D AndroidTracking: Event tracked: ADD_TO_CART - {app=Carrefour, packageName=com.carrefour.fid.android, productInfo={cartAction=1,39€, price=1,39€, productName=1 euros et 39 centimes., allTexts=[la pièce, -10% Club, 1,39€, 1 euros et 39 centimes., Kiwi Hayward, Vendu au détail, Drapeau français]}, eventType=cross_app_cart_update}
10-01 10:57:01.130 11357 11357 D CrossAppTracking: 🛒 Produit envoyé: 1 euros et 39 centimes. - Prix: 1,39€
10-01 10:57:01.237 11357 11357 D AndroidTracking: Event tracked: ADD_TO_CART - {app=Carrefour, packageName=com.carrefour.fid.android, productInfo={price=1,39€, cartAction=1,39€, productName=Découvrez nos meilleurs alternatives pour remplacer vos produits indisponibles., allTexts=[1 produit à remplacer, Découvrez nos meilleurs alternatives pour remplacer vos produits indisponibles., Ananas en morceaux CARREFOUR LE MARCHE, Supprimer, Bouton de substitution, Promotion: -10% Club. vous avez cagnottés0.0€. produits concernés: Bananes Bio Cavendish., -10% Club, Bananes Bio Cavendish, le sachet de 5 fruits, PEROU]}, eventType=cross_app_cart_update}
10-01 10:57:01.237 11357 11357 D CrossAppTracking: 🛒 Produit envoyé: Découvrez nos meilleurs alternatives pour remplacer vos produits indisponibles. - Prix: 1,39€
10-01 10:57:01.300 11357 11357 D AndroidTracking: Event tracked: ADD_TO_CART - {app=com.android.systemui, packageName=com.android.systemui, productInfo={productName=10:57 AM, allTexts=[10:57, 10:57 AM]}, eventType=cross_app_cart_update}
10-01 10:57:01.301 11357 11357 D CrossAppTracking: 🛒 Produit envoyé: 10:57 AM - Prix: N/A
10-01 10:57:01.318 11357 11357 D AndroidTracking: Event tracked: ADD_TO_CART - {app=com.android.systemui, packageName=com.android.systemui, productInfo={productName=10:57 AM, allTexts=[10:57, 10:57 AM]}, eventType=cross_app_cart_update}
10-01 10:57:01.321 11357 11357 D CrossAppTracking: 🛒 Produit envoyé: 10:57 AM - Prix: N/A
10-01 10:57:02.474 11357 11357 D CrossAppTracking: 📱 Événement reçu: 2048 - com.carrefour.fid.android
10-01 10:57:02.474 11357 11357 D CrossAppTracking: ✅ App ciblée détectée: com.carrefour.fid.android
10-01 10:57:02.475 11357 11357 D CrossAppTracking: 📱 Événement reçu: 2048 - com.carrefour.fid.android
10-01 10:57:02.475 11357 11357 D CrossAppTracking: ✅ App ciblée détectée: com.carrefour.fid.android
10-01 10:57:02.596 11357 11357 D CrossAppTracking: 📱 Événement reçu: 2048 - com.carrefour.fid.android
10-01 10:57:02.596 11357 11357 D CrossAppTracking: ✅ App ciblée détectée: com.carrefour.fid.android
10-01 10:57:02.972 11357 11357 D CrossAppTracking: 📱 Événement reçu: 2048 - com.carrefour.fid.android
10-01 10:57:02.972 11357 11357 D CrossAppTracking: ✅ App ciblée détectée: com.carrefour.fid.android
10-01 10:57:03.032 11357 11441 W AndroidTracking: Failed to send event to server: failed to connect to /10.0.2.2 (port 3001) from /10.0.2.16 (port 53868) after 9999ms
10-01 10:57:03.369 11357 11357 D CrossAppTracking: 📱 Événement reçu: 2048 - com.carrefour.fid.android
10-01 10:57:03.369 11357 11357 D CrossAppTracking: ✅ App ciblée détectée: com.carrefour.fid.android
10-01 10:57:03.396 11357 11357 D CrossAppTracking: 📱 Événement reçu: 2048 - com.carrefour.fid.android
10-01 10:57:03.397 11357 11357 D CrossAppTracking: ✅ App ciblée détectée: com.carrefour.fid.android
10-01 10:57:03.427 11357 11357 D AndroidTracking: Event tracked: ADD_TO_CART - {app=Carrefour, packageName=com.carrefour.fid.android, productInfo={cartAction=6, productName=6 produits déjà ajoutés au panier, allTexts=[6, 6 produits déjà ajoutés au panier]}, eventType=cross_app_cart_update}
10-01 10:57:03.431 11357 11357 D CrossAppTracking: 🛒 Produit envoyé: 6 produits déjà ajoutés au panier - Prix: N/A
10-01 10:57:03.431 11357 11357 D AndroidTracking: Event tracked: ADD_TO_CART - {app=Carrefour, packageName=com.carrefour.fid.android, productInfo={cartAction=Ajouter un produit dans le panier, productName=6 produits déjà ajoutés au panier, allTexts=[Bananes Bio Cavendish, le sachet de 5 fruits, PEROU, 13,93, 13 euros et 93 centimes., €, Retirer un produit du panier, 6, 6 produits déjà ajoutés au panier, Ajouter un produit dans le panier]}, eventType=cross_app_cart_update}
10-01 10:57:03.434 11357 11357 D CrossAppTracking: 🛒 Produit envoyé: 6 produits déjà ajoutés au panier - Prix: N/A
10-01 10:57:03.435 11357 11357 D AndroidTracking: Event tracked: ADD_TO_CART - {app=Carrefour, packageName=com.carrefour.fid.android, productInfo={cartAction=Ajouter un produit dans le panier, productName=Ajouter un produit dans le panier, allTexts=[Ajouter un produit dans le panier]}, eventType=cross_app_cart_update}
10-01 10:57:03.436 11357 11357 D CrossAppTracking: 🛒 Produit envoyé: Ajouter un produit dans le panier - Prix: N/A
10-01 10:57:03.436 11357 11357 D CrossAppTracking: 📱 Événement reçu: 2048 - com.carrefour.fid.android
10-01 10:57:03.436 11357 11357 D CrossAppTracking: ✅ App ciblée détectée: com.carrefour.fid.android
10-01 10:57:03.474 11357 11357 D CrossAppTracking: 📱 Événement reçu: 2048 - com.carrefour.fid.android
10-01 10:57:03.474 11357 11357 D CrossAppTracking: ✅ App ciblée détectée: com.carrefour.fid.android
10-01 10:57:03.584 11357 11357 D CrossAppTracking: 📱 Événement reçu: 16384 - com.carrefour.fid.android
10-01 10:57:03.584 11357 11357 D CrossAppTracking: ✅ App ciblée détectée: com.carrefour.fid.android
10-01 10:57:03.585 11357 11357 D CrossAppTracking: 📱 Événement reçu: 2048 - com.carrefour.fid.android
10-01 10:57:03.590 11357 11357 D CrossAppTracking: ✅ App ciblée détectée: com.carrefour.fid.android
10-01 10:57:03.641 11357 11357 D CrossAppTracking: 📱 Événement reçu: 2048 - com.carrefour.fid.android
10-01 10:57:03.641 11357 11357 D CrossAppTracking: ✅ App ciblée détectée: com.carrefour.fid.android
10-01 10:57:03.655 11357 11357 D CrossAppTracking: 📱 Événement reçu: 2048 - com.carrefour.fid.android
10-01 10:57:03.655 11357 11357 D CrossAppTracking: ✅ App ciblée détectée: com.carrefour.fid.android
10-01 10:57:03.680 11357 11357 D CrossAppTracking: 📱 Événement reçu: 2048 - com.carrefour.fid.android
10-01 10:57:03.680 11357 11357 D CrossAppTracking: ✅ App ciblée détectée: com.carrefour.fid.android
10-01 10:57:03.682 11357 11357 D CrossAppTracking: 📱 Événement reçu: 2048 - com.carrefour.fid.android
10-01 10:57:03.682 11357 11357 D CrossAppTracking: ✅ App ciblée détectée: com.carrefour.fid.android
10-01 10:57:03.709 11357 11357 D CrossAppTracking: 📱 Événement reçu: 2048 - com.carrefour.fid.android
10-01 10:57:03.709 11357 11357 D CrossAppTracking: ✅ App ciblée détectée: com.carrefour.fid.android
10-01 10:57:03.870 11357 11357 D AndroidTracking: Event tracked: ADD_TO_CART - {app=Carrefour, packageName=com.carrefour.fid.android, productInfo={cartAction=Retirer un produit du panier, productName=Retirer un produit du panier, allTexts=[Bananes Bio Cavendish, le sachet de 5 fruits, PEROU, 13,93, 13 euros et 93 centimes., €, Retirer un produit du panier]}, eventType=cross_app_cart_update}
10-01 10:57:03.877 11357 11357 D CrossAppTracking: 🛒 Produit envoyé: Retirer un produit du panier - Prix: N/A
10-01 10:57:03.977 11357 11357 D AndroidTracking: Event tracked: ADD_TO_CART - {app=Carrefour, packageName=com.carrefour.fid.android, productInfo={cartAction=Retirer un produit du panier, productName=Retirer un produit du panier, allTexts=[Retirer un produit du panier]}, eventType=cross_app_cart_update}
10-01 10:57:03.978 11357 11357 D CrossAppTracking: 🛒 Produit envoyé: Retirer un produit du panier - Prix: N/A
10-01 10:57:04.085 11357 11357 D AndroidTracking: Event tracked: ADD_TO_CART - {app=Carrefour, packageName=com.carrefour.fid.android, productInfo={cartAction=Ajouter un produit dans le panier, productName=6 produits déjà ajoutés au panier, allTexts=[Bananes Bio Cavendish, le sachet de 5 fruits, PEROU, 11,94, 11 euros et 94 centimes., €, Retirer un produit du panier, 6, 6 produits déjà ajoutés au panier, Ajouter un produit dans le panier]}, eventType=cross_app_cart_update}
10-01 10:57:04.089 11357 11357 D CrossAppTracking: 🛒 Produit envoyé: 6 produits déjà ajoutés au panier - Prix: N/A
10-01 10:57:04.138 11357 11357 D AndroidTracking: Event tracked: ADD_TO_CART - {app=Carrefour, packageName=com.carrefour.fid.android, productInfo={cartAction=Ajouter un produit dans le panier, productName=6 produits déjà ajoutés au panier, allTexts=[Bananes Bio Cavendish, le sachet de 5 fruits, PEROU, 11,94, 11 euros et 94 centimes., €, Retirer un produit du panier, 6, 6 produits déjà ajoutés au panier, Ajouter un produit dans le panier]}, eventType=cross_app_cart_update}
10-01 10:57:04.144 11357 11357 D CrossAppTracking: 🛒 Produit envoyé: 6 produits déjà ajoutés au panier - Prix: N/A
10-01 10:57:04.144 11357 11357 D AndroidTracking: Event tracked: ADD_TO_CART - {app=Carrefour, packageName=com.carrefour.fid.android, productInfo={productName=11 euros et 94 centimes., allTexts=[11,94, 11 euros et 94 centimes.]}, eventType=cross_app_cart_update}
10-01 10:57:04.151 11357 11357 D CrossAppTracking: 🛒 Produit envoyé: 11 euros et 94 centimes. - Prix: N/A
10-01 10:57:04.167 11357 11357 D AndroidTracking: Event tracked: ADD_TO_CART - {app=Carrefour, packageName=com.carrefour.fid.android, productInfo={cartAction=Retirer un produit du panier, productName=Retirer un produit du panier, allTexts=[Retirer un produit du panier]}, eventType=cross_app_cart_update}
10-01 10:57:04.168 11357 11357 D CrossAppTracking: 🛒 Produit envoyé: Retirer un produit du panier - Prix: N/A
10-01 10:57:04.184 11357 11357 D AndroidTracking: Event tracked: ADD_TO_CART - {app=Carrefour, packageName=com.carrefour.fid.android, productInfo={cartAction=Retirer un produit du panier, productName=Retirer un produit du panier, allTexts=[Retirer un produit du panier]}, eventType=cross_app_cart_update}
10-01 10:57:04.185 11357 11357 D CrossAppTracking: 🛒 Produit envoyé: Retirer un produit du panier - Prix: N/A
10-01 10:57:04.208 11357 11357 D AndroidTracking: Event tracked: ADD_TO_CART - {app=Carrefour, packageName=com.carrefour.fid.android, productInfo={cartAction=Ajouter un produit dans le panier, productName=6 produits déjà ajoutés au panier, allTexts=[Bananes Bio Cavendish, le sachet de 5 fruits, PEROU, 11,94, 11 euros et 94 centimes., €, Retirer un produit du panier, 6, 6 produits déjà ajoutés au panier, Ajouter un produit dans le panier]}, eventType=cross_app_cart_update}
10-01 10:57:04.209 11357 11357 D CrossAppTracking: 🛒 Produit envoyé: 6 produits déjà ajoutés au panier - Prix: N/A
10-01 10:57:04.250 11357 11357 D AndroidTracking: Event tracked: ADD_TO_CART - {app=Carrefour, packageName=com.carrefour.fid.android, productInfo={cartAction=Ajouter un produit dans le panier, productName=Ajouter un produit dans le panier, allTexts=[Ajouter un produit dans le panier]}, eventType=cross_app_cart_update}
10-01 10:57:04.251 11357 11357 D CrossAppTracking: 🛒 Produit envoyé: Ajouter un produit dans le panier - Prix: N/A
10-01 10:57:06.733 11357 11413 W AndroidTracking: Failed to send event to server: failed to connect to /10.0.2.2 (port 3001) from /10.0.2.16 (port 53876) after 10000ms
10-01 10:57:06.831 11357 11415 W AndroidTracking: Failed to send event to server: failed to connect to /10.0.2.2 (port 3001) from /10.0.2.16 (port 53882) after 9999ms
10-01 10:57:07.061 11357 11416 W AndroidTracking: Failed to send event to server: failed to connect to /10.0.2.2 (port 3001) from /10.0.2.16 (port 53896) after 10000ms
10-01 10:57:07.126 11357 11417 W AndroidTracking: Failed to send event to server: failed to connect to /10.0.2.2 (port 3001) from /10.0.2.16 (port 53908) after 9999ms
10-01 10:57:09.401 11357 11413 W AndroidTracking: Failed to send event to server: Failed to connect to /10.0.2.2:3001
10-01 10:57:09.403 11357 11441 W AndroidTracking: Failed to send event to server: Failed to connect to /10.0.2.2:3001
10-01 10:57:09.407 11357 11416 W AndroidTracking: Failed to send event to server: Failed to connect to /10.0.2.2:3001
10-01 10:57:09.408 11357 11415 W AndroidTracking: Failed to send event to server: Failed to connect to /10.0.2.2:3001
10-01 10:57:09.413 11357 11418 W AndroidTracking: Failed to send event to server: Failed to connect to /10.0.2.2:3001
10-01 10:57:22.026 11357 11417 W AndroidTracking: Failed to send event to server: Failed to connect to /10.0.2.2:3001
10-01 10:57:22.027 11357 11416 W AndroidTracking: Failed to send event to server: Failed to connect to /10.0.2.2:3001
10-01 10:57:22.030 11357 11415 W AndroidTracking: Failed to send event to server: Failed to connect to /10.0.2.2:3001
10-01 10:57:22.032 11357 11441 W AndroidTracking: Failed to send event to server: Failed to connect to /10.0.2.2:3001
10-01 10:57:22.047 11357 11413 W AndroidTracking: Failed to send event to server: Failed to connect to /10.0.2.2:3001
10-01 10:57:22.129 11357 11357 D AndroidTracking: Event tracked: SESSION_START - {platform=android_native, sessionId=android_session_1759309042128_a08e1f10, deviceInfo={manufacturer=Google, model=sdk_gphone64_x86_64, version=16, sdk=36, screenDensity=2.625, screenWidth=1080, screenHeight=2337}}
10-01 10:57:22.139 11357 11357 D CrossAppTracking: Service de tracking cross-app démarré
10-01 10:57:22.193 11357 11357 D CrossAppTracking: 🚀 Accessibility Service connecté !
10-01 10:57:22.206 11357 11357 D CrossAppTracking: Service d'accessibilité configuré pour TOUTES les apps
10-01 10:57:22.206 11357 11357 D CrossAppTracking: 📋 Event types: -1
10-01 10:57:22.206 11357 11357 D CrossAppTracking: 📋 Flags: 80
10-01 10:57:32.042 11357 11417 W AndroidTracking: Failed to send event to server: failed to connect to /10.0.2.2 (port 3001) from /10.0.2.16 (port 37260) after 10000ms
10-01 10:57:32.042 11357 11418 W AndroidTracking: Failed to send event to server: failed to connect to /10.0.2.2 (port 3001) from /10.0.2.16 (port 37266) after 10000ms
10-01 10:57:32.081 11357 11779 W AndroidTracking: Failed to send event to server: failed to connect to /10.0.2.2 (port 3001) from /10.0.2.16 (port 37272) after 9999ms
10-01 10:57:32.082 11357 11780 W AndroidTracking: Failed to send event to server: failed to connect to /10.0.2.2 (port 3001) from /10.0.2.16 (port 37274) after 10000ms
10-01 10:57:32.101 11357 11416 W AndroidTracking: Failed to send event to server: failed to connect to /10.0.2.2 (port 3001) from /10.0.2.16 (port 37286) after 10000ms
10-01 10:57:32.156 11357 11781 W AndroidTracking: Failed to send event to server: failed to connect to /10.0.2.2 (port 3001) from /10.0.2.16 (port 37288) after 10000ms
10-01 10:57:41.802 11357 11357 D CrossAppTracking: 📱 Événement reçu: 2048 - com.android.systemui
10-01 10:57:41.802 11357 11357 D CrossAppTracking: ✅ App ciblée détectée: com.android.systemui
10-01 10:57:42.058 11357 11417 W AndroidTracking: Failed to send event to server: failed to connect to /10.0.2.2 (port 3001) from /10.0.2.16 (port 45512) after 10000ms
10-01 10:57:42.062 11357 11413 W AndroidTracking: Failed to send event to server: failed to connect to /10.0.2.2 (port 3001) from /10.0.2.16 (port 45506) after 10000ms
10-01 10:57:42.098 11357 11418 W AndroidTracking: Failed to send event to server: failed to connect to /10.0.2.2 (port 3001) from /10.0.2.16 (port 45520) after 10000ms
10-01 10:57:42.098 11357 11779 W AndroidTracking: Failed to send event to server: failed to connect to /10.0.2.2 (port 3001) from /10.0.2.16 (port 45532) after 10000ms
10-01 10:57:42.121 11357 11780 W AndroidTracking: Failed to send event to server: failed to connect to /10.0.2.2 (port 3001) from /10.0.2.16 (port 45546) after 10000ms
10-01 10:57:42.316 11357 11357 D AndroidTracking: Event tracked: ADD_TO_CART - {app=com.android.systemui, packageName=com.android.systemui, productInfo={cartAction=T-Mobile, two bars., productName=T-Mobile, two bars., allTexts=[T-Mobile, two bars.]}, eventType=cross_app_cart_update}
10-01 10:57:42.322 11357 11357 D CrossAppTracking: 🛒 Produit envoyé: T-Mobile, two bars. - Prix: N/A
10-01 10:57:52.078 11357 11416 W AndroidTracking: Failed to send event to server: failed to connect to /10.0.2.2 (port 3001) from /10.0.2.16 (port 41384) after 10000ms
10-01 10:57:52.081 11357 11417 W AndroidTracking: Failed to send event to server: failed to connect to /10.0.2.2 (port 3001) from /10.0.2.16 (port 41394) after 10000ms
10-01 10:57:52.114 11357 11413 W AndroidTracking: Failed to send event to server: failed to connect to /10.0.2.2 (port 3001) from /10.0.2.16 (port 41406) after 10000ms
10-01 10:57:52.122 11357 11418 W AndroidTracking: Failed to send event to server: failed to connect to /10.0.2.2 (port 3001) from /10.0.2.16 (port 41420) after 9998ms
10-01 10:57:52.136 11357 11779 W AndroidTracking: Failed to send event to server: failed to connect to /10.0.2.2 (port 3001) from /10.0.2.16 (port 41426) after 10000ms
10-01 10:57:52.339 11357 11781 W AndroidTracking: Failed to send event to server: failed to connect to /10.0.2.2 (port 3001) from /10.0.2.16 (port 41440) after 10000ms
10-01 10:58:00.121 11357 11357 D CrossAppTracking: 📱 Événement reçu: 2048 - com.android.systemui
10-01 10:58:00.121 11357 11357 D CrossAppTracking: ✅ App ciblée détectée: com.android.systemui
10-01 10:58:00.231 11357 11357 D CrossAppTracking: 📱 Événement reçu: 2048 - com.android.systemui
10-01 10:58:00.231 11357 11357 D CrossAppTracking: ✅ App ciblée détectée: com.android.systemui
10-01 10:58:00.632 11357 11357 D AndroidTracking: Event tracked: ADD_TO_CART - {app=com.android.systemui, packageName=com.android.systemui, productInfo={productName=10:58 AM, allTexts=[10:58, 10:58 AM]}, eventType=cross_app_cart_update}
10-01 10:58:00.634 11357 11357 D CrossAppTracking: 🛒 Produit envoyé: 10:58 AM - Prix: N/A
10-01 10:58:00.737 11357 11357 D AndroidTracking: Event tracked: ADD_TO_CART - {app=com.android.systemui, packageName=com.android.systemui, productInfo={productName=10:58 AM, allTexts=[10:58, 10:58 AM]}, eventType=cross_app_cart_update}
10-01 10:58:00.738 11357 11357 D CrossAppTracking: 🛒 Produit envoyé: 10:58 AM - Prix: N/A
10-01 10:58:01.811 11357 11357 D CrossAppTracking: 📱 Événement reçu: 2048 - com.android.systemui
10-01 10:58:01.811 11357 11357 D CrossAppTracking: ✅ App ciblée détectée: com.android.systemui
10-01 10:58:02.101 11357 11780 W AndroidTracking: Failed to send event to server: failed to connect to /10.0.2.2 (port 3001) from /10.0.2.16 (port 55346) after 9999ms
10-01 10:58:02.102 11357 11416 W AndroidTracking: Failed to send event to server: failed to connect to /10.0.2.2 (port 3001) from /10.0.2.16 (port 55358) after 10000ms
10-01 10:58:02.126 11357 11417 W AndroidTracking: Failed to send event to server: failed to connect to /10.0.2.2 (port 3001) from /10.0.2.16 (port 55370) after 10000ms
10-01 10:58:02.141 11357 11413 W AndroidTracking: Failed to send event to server: failed to connect to /10.0.2.2 (port 3001) from /10.0.2.16 (port 55378) after 10000ms
10-01 10:58:02.150 11357 11418 W AndroidTracking: Failed to send event to server: failed to connect to /10.0.2.2 (port 3001) from /10.0.2.16 (port 55386) after 9999ms
10-01 10:58:02.315 11357 11357 D AndroidTracking: Event tracked: ADD_TO_CART - {app=com.android.systemui, packageName=com.android.systemui, productInfo={cartAction=T-Mobile, one bar., productName=T-Mobile, one bar., allTexts=[T-Mobile, one bar.]}, eventType=cross_app_cart_update}
10-01 10:58:02.318 11357 11357 D CrossAppTracking: 🛒 Produit envoyé: T-Mobile, one bar. - Prix: N/A
10-01 10:58:10.650 11357 11781 W AndroidTracking: Failed to send event to server: failed to connect to /10.0.2.2 (port 3001) from /10.0.2.16 (port 58784) after 10000ms
10-01 10:58:10.753 11357 11823 W AndroidTracking: Failed to send event to server: failed to connect to /10.0.2.2 (port 3001) from /10.0.2.16 (port 58790) after 10000ms
10-01 10:58:12.118 11357 11780 W AndroidTracking: Failed to send event to server: failed to connect to /10.0.2.2 (port 3001) from /10.0.2.16 (port 58812) after 10000ms
10-01 10:58:12.119 11357 11779 W AndroidTracking: Failed to send event to server: failed to connect to /10.0.2.2 (port 3001) from /10.0.2.16 (port 58800) after 10000ms
10-01 10:58:12.143 11357 11416 W AndroidTracking: Failed to send event to server: failed to connect to /10.0.2.2 (port 3001) from /10.0.2.16 (port 58822) after 10000ms
10-01 10:58:12.156 11357 11417 W AndroidTracking: Failed to send event to server: failed to connect to /10.0.2.2 (port 3001) from /10.0.2.16 (port 58824) after 10000ms
10-01 10:58:12.166 11357 11413 W AndroidTracking: Failed to send event to server: failed to connect to /10.0.2.2 (port 3001) from /10.0.2.16 (port 58828) after 10000ms
10-01 10:58:12.342 11357 11824 W AndroidTracking: Failed to send event to server: failed to connect to /10.0.2.2 (port 3001) from /10.0.2.16 (port 58842) after 10000ms
10-01 10:58:22.138 11357 11418 W AndroidTracking: Failed to send event to server: failed to connect to /10.0.2.2 (port 3001) from /10.0.2.16 (port 53520) after 10000ms
10-01 10:58:22.145 11357 11780 W AndroidTracking: Failed to send event to server: failed to connect to /10.0.2.2 (port 3001) from /10.0.2.16 (port 53524) after 9999ms
10-01 10:58:22.156 11357 11779 W AndroidTracking: Failed to send event to server: failed to connect to /10.0.2.2 (port 3001) from /10.0.2.16 (port 53534) after 10000ms
10-01 10:58:22.169 11357 11416 W AndroidTracking: Failed to send event to server: failed to connect to /10.0.2.2 (port 3001) from /10.0.2.16 (port 53536) after 10000ms
10-01 10:58:22.180 11357 11417 W AndroidTracking: Failed to send event to server: failed to connect to /10.0.2.2 (port 3001) from /10.0.2.16 (port 53544) after 9999ms
10-01 10:58:32.153 11357 11413 W AndroidTracking: Failed to send event to server: failed to connect to /10.0.2.2 (port 3001) from /10.0.2.16 (port 38962) after 10000ms
10-01 10:58:32.159 11357 11418 W AndroidTracking: Failed to send event to server: failed to connect to /10.0.2.2 (port 3001) from /10.0.2.16 (port 38970) after 10000ms
10-01 10:58:32.170 11357 11780 W AndroidTracking: Failed to send event to server: failed to connect to /10.0.2.2 (port 3001) from /10.0.2.16 (port 38986) after 10000ms
10-01 10:58:32.182 11357 11779 W AndroidTracking: Failed to send event to server: failed to connect to /10.0.2.2 (port 3001) from /10.0.2.16 (port 39002) after 10000ms
10-01 10:58:32.194 11357 11416 W AndroidTracking: Failed to send event to server: failed to connect to /10.0.2.2 (port 3001) from /10.0.2.16 (port 39004) after 9999ms
10-01 10:58:41.810 11357 11357 D CrossAppTracking: 📱 Événement reçu: 2048 - com.android.systemui
10-01 10:58:41.810 11357 11357 D CrossAppTracking: ✅ App ciblée détectée: com.android.systemui
10-01 10:58:42.169 11357 11417 W AndroidTracking: Failed to send event to server: failed to connect to /10.0.2.2 (port 3001) from /10.0.2.16 (port 52514) after 10000ms
10-01 10:58:42.174 11357 11413 W AndroidTracking: Failed to send event to server: failed to connect to /10.0.2.2 (port 3001) from /10.0.2.16 (port 52518) after 10000ms
10-01 10:58:42.197 11357 11418 W AndroidTracking: Failed to send event to server: failed to connect to /10.0.2.2 (port 3001) from /10.0.2.16 (port 52534) after 10000ms
10-01 10:58:42.204 11357 11780 W AndroidTracking: Failed to send event to server: failed to connect to /10.0.2.2 (port 3001) from /10.0.2.16 (port 52542) after 10000ms
10-01 10:58:42.210 11357 11779 W AndroidTracking: Failed to send event to server: failed to connect to /10.0.2.2 (port 3001) from /10.0.2.16 (port 52554) after 10000ms
10-01 10:58:42.312 11357 11357 D AndroidTracking: Event tracked: ADD_TO_CART - {app=com.android.systemui, packageName=com.android.systemui, productInfo={cartAction=T-Mobile, no signal., productName=T-Mobile, no signal., allTexts=[T-Mobile, no signal.]}, eventType=cross_app_cart_update}
10-01 10:58:42.314 11357 11357 D CrossAppTracking: 🛒 Produit envoyé: T-Mobile, no signal. - Prix: N/A
10-01 10:58:52.184 11357 11416 W AndroidTracking: Failed to send event to server: failed to connect to /10.0.2.2 (port 3001) from /10.0.2.16 (port 39146) after 10000ms
10-01 10:58:52.204 11357 11417 W AndroidTracking: Failed to send event to server: failed to connect to /10.0.2.2 (port 3001) from /10.0.2.16 (port 39160) after 10000ms
10-01 10:58:52.227 11357 11413 W AndroidTracking: Failed to send event to server: failed to connect to /10.0.2.2 (port 3001) from /10.0.2.16 (port 39166) after 10000ms
10-01 10:58:52.242 11357 11418 W AndroidTracking: Failed to send event to server: failed to connect to /10.0.2.2 (port 3001) from /10.0.2.16 (port 39182) after 10000ms
10-01 10:58:52.243 11357 11780 W AndroidTracking: Failed to send event to server: failed to connect to /10.0.2.2 (port 3001) from /10.0.2.16 (port 39190) after 10000ms
10-01 10:58:52.335 11357 11824 W AndroidTracking: Failed to send event to server: failed to connect to /10.0.2.2 (port 3001) from /10.0.2.16 (port 39200) after 10000ms
10-01 10:59:00.140 11357 11357 D CrossAppTracking: 📱 Événement reçu: 2048 - com.android.systemui
10-01 10:59:00.140 11357 11357 D CrossAppTracking: ✅ App ciblée détectée: com.android.systemui
10-01 10:59:00.248 11357 11357 D CrossAppTracking: 📱 Événement reçu: 2048 - com.android.systemui
10-01 10:59:00.248 11357 11357 D CrossAppTracking: ✅ App ciblée détectée: com.android.systemui
10-01 10:59:00.645 11357 11357 D AndroidTracking: Event tracked: ADD_TO_CART - {app=com.android.systemui, packageName=com.android.systemui, productInfo={productName=10:59 AM, allTexts=[10:59, 10:59 AM]}, eventType=cross_app_cart_update}
10-01 10:59:00.646 11357 11357 D CrossAppTracking: 🛒 Produit envoyé: 10:59 AM - Prix: N/A
10-01 10:59:00.753 11357 11357 D AndroidTracking: Event tracked: ADD_TO_CART - {app=com.android.systemui, packageName=com.android.systemui, productInfo={productName=10:59 AM, allTexts=[10:59, 10:59 AM]}, eventType=cross_app_cart_update}
10-01 10:59:00.754 11357 11357 D CrossAppTracking: 🛒 Produit envoyé: 10:59 AM - Prix: N/A
10-01 10:59:02.200 11357 11779 W AndroidTracking: Failed to send event to server: failed to connect to /10.0.2.2 (port 3001) from /10.0.2.16 (port 33004) after 10000ms
10-01 10:59:02.218 11357 11416 W AndroidTracking: Failed to send event to server: failed to connect to /10.0.2.2 (port 3001) from /10.0.2.16 (port 33012) after 10000ms
