10-01 12:15:39.962 16673 16788 D AndroidTracking: Event sent to server successfully
10-01 12:15:39.971 16673 16786 D AndroidTracking: Event sent to server successfully
10-01 12:15:39.974 16673 16785 D AndroidTracking: Event sent to server successfully
10-01 12:15:40.021 16673 16787 W AndroidTracking: Failed to send event to server: failed to connect to /10.0.2.2 (port 3001) from /10.0.2.16 (port 35200) after 10000ms
10-01 12:15:41.967 16673 16673 D CrossAppTracking: 📱 Événement reçu: 2048 - com.android.systemui
10-01 12:15:41.967 16673 16673 D CrossAppTracking: ❌ App non ciblée: com.android.systemui
10-01 12:16:00.199 16673 16673 D CrossAppTracking: 📱 Événement reçu: 2048 - com.android.systemui
10-01 12:16:00.199 16673 16673 D CrossAppTracking: ❌ App non ciblée: com.android.systemui
10-01 12:16:00.301 16673 16673 D CrossAppTracking: 📱 Événement reçu: 2048 - com.android.systemui
10-01 12:16:00.301 16673 16673 D CrossAppTracking: ❌ App non ciblée: com.android.systemui
10-01 12:16:01.940 16673 16673 D CrossAppTracking: 📱 Événement reçu: 2048 - com.android.systemui
10-01 12:16:01.940 16673 16673 D CrossAppTracking: ❌ App non ciblée: com.android.systemui
10-01 12:16:12.728 16673 16673 D CrossAppTracking: 📱 Événement reçu: 2048 - com.google.android.apps.nexuslauncher
10-01 12:16:12.728 16673 16673 D CrossAppTracking: ✅ App ciblée détectée: com.google.android.apps.nexuslauncher
10-01 12:16:12.989 16673 16673 D CrossAppTracking: 📱 Événement reçu: 2048 - com.google.android.apps.nexuslauncher
10-01 12:16:12.989 16673 16673 D CrossAppTracking: ✅ App ciblée détectée: com.google.android.apps.nexuslauncher
10-01 12:16:13.188 16673 16673 D CrossAppTracking: 📱 Événement reçu: 32 - com.google.android.apps.nexuslauncher
10-01 12:16:13.188 16673 16673 D CrossAppTracking: ✅ App ciblée détectée: com.google.android.apps.nexuslauncher
10-01 12:16:13.216 16673 16673 D CrossAppTracking: 📱 Événement reçu: 2048 - com.google.android.apps.nexuslauncher
10-01 12:16:13.216 16673 16673 D CrossAppTracking: ✅ App ciblée détectée: com.google.android.apps.nexuslauncher
10-01 12:16:13.246 16673 16673 D CrossAppTracking: 📱 Événement reçu: 2048 - com.google.android.apps.nexuslauncher
10-01 12:16:13.247 16673 16673 D CrossAppTracking: ✅ App ciblée détectée: com.google.android.apps.nexuslauncher
10-01 12:16:13.488 16673 16673 D AndroidTracking: Event tracked: ADD_TO_CART - {app=com.google.android.apps.nexuslauncher, packageName=com.google.android.apps.nexuslauncher, productInfo={cartAction=Bascule Cross-App Tracking, productName=Predicted app: Bascule Cross-App Tracking, allTexts=[At a glance, Wed, Oct 1, Wed, Oct 1, Play Store, Play Store, Gmail, Gmail, Photos, Photos, YouTube]}, eventType=cross_app_cart_update}
10-01 12:16:13.494 16673 16673 D CrossAppTracking: 🛒 Produit envoyé: Predicted app: Bascule Cross-App Tracking - Prix: N/A
10-01 12:16:13.528 16673 16787 D AndroidTracking: Event sent to server successfully
10-01 12:16:13.690 16673 16673 D AndroidTracking: Event tracked: ADD_TO_CART - {app=com.google.android.apps.nexuslauncher, packageName=com.google.android.apps.nexuslauncher, productInfo={cartAction=Bascule Cross-App Tracking, productName=Predicted app: Bascule Cross-App Tracking, allTexts=[At a glance, Wed, Oct 1, Wed, Oct 1, Play Store, Play Store, Gmail, Gmail, Photos, Photos, YouTube]}, eventType=cross_app_cart_update}
10-01 12:16:13.695 16673 16673 D CrossAppTracking: 🛒 Produit envoyé: Predicted app: Bascule Cross-App Tracking - Prix: N/A
10-01 12:16:13.714 16673 16787 D AndroidTracking: Event sent to server successfully
10-01 12:16:13.717 16673 16673 D AndroidTracking: Event tracked: ADD_TO_CART - {app=com.google.android.apps.nexuslauncher, packageName=com.google.android.apps.nexuslauncher, productInfo={cartAction=Bascule Cross-App Tracking, productName=Predicted app: Bascule Cross-App Tracking, allTexts=[At a glance, Wed, Oct 1, Wed, Oct 1, Play Store, Play Store, Gmail, Gmail, Photos, Photos, YouTube]}, eventType=cross_app_cart_update}
10-01 12:16:13.720 16673 16673 D CrossAppTracking: 🛒 Produit envoyé: Predicted app: Bascule Cross-App Tracking - Prix: N/A
10-01 12:16:13.732 16673 16787 D AndroidTracking: Event sent to server successfully
10-01 12:16:13.749 16673 16673 D AndroidTracking: Event tracked: ADD_TO_CART - {app=com.google.android.apps.nexuslauncher, packageName=com.google.android.apps.nexuslauncher, productInfo={cartAction=Bascule Cross-App Tracking, productName=Predicted app: Bascule Cross-App Tracking, allTexts=[At a glance, Wed, Oct 1, Wed, Oct 1, Play Store, Play Store, Gmail, Gmail, Photos, Photos, YouTube]}, eventType=cross_app_cart_update}
10-01 12:16:13.750 16673 16673 D CrossAppTracking: 🛒 Produit envoyé: Predicted app: Bascule Cross-App Tracking - Prix: N/A
10-01 12:16:13.761 16673 16787 D AndroidTracking: Event sent to server successfully
10-01 12:16:13.785 16673 16673 D AndroidTracking: Event tracked: ADD_TO_CART - {app=com.google.android.apps.nexuslauncher, packageName=com.google.android.apps.nexuslauncher, productInfo={cartAction=Bascule Cross-App Tracking, productName=Predicted app: Bascule Cross-App Tracking, allTexts=[At a glance, Wed, Oct 1, Wed, Oct 1, Play Store, Play Store, Gmail, Gmail, Photos, Photos, YouTube]}, eventType=cross_app_cart_update}
10-01 12:16:13.786 16673 16673 D CrossAppTracking: 🛒 Produit envoyé: Predicted app: Bascule Cross-App Tracking - Prix: N/A
10-01 12:16:13.801 16673 16787 D AndroidTracking: Event sent to server successfully
10-01 12:16:14.424 16673 16673 D CrossAppTracking: 📱 Événement reçu: 2048 - com.google.android.apps.nexuslauncher
10-01 12:16:14.424 16673 16673 D CrossAppTracking: ✅ App ciblée détectée: com.google.android.apps.nexuslauncher
10-01 12:16:14.522 16673 16673 D CrossAppTracking: 📱 Événement reçu: 2048 - com.google.android.apps.nexuslauncher
10-01 12:16:14.522 16673 16673 D CrossAppTracking: ✅ App ciblée détectée: com.google.android.apps.nexuslauncher
10-01 12:16:14.558 16673 16673 D CrossAppTracking: 📱 Événement reçu: 1 - com.google.android.apps.nexuslauncher
10-01 12:16:14.559 16673 16673 D CrossAppTracking: ✅ App ciblée détectée: com.google.android.apps.nexuslauncher
10-01 12:16:14.590 16673 16673 D CrossAppTracking: 📱 Événement reçu: 2048 - com.google.android.apps.nexuslauncher
10-01 12:16:14.590 16673 16673 D CrossAppTracking: ✅ App ciblée détectée: com.google.android.apps.nexuslauncher
10-01 12:16:15.087 16673 16673 D CrossAppTracking: 📱 Événement reçu: 2048 - com.google.android.apps.nexuslauncher
10-01 12:16:15.087 16673 16673 D CrossAppTracking: ✅ App ciblée détectée: com.google.android.apps.nexuslauncher
10-01 12:16:15.094 16673 16673 D CrossAppTracking: 📱 Événement reçu: 2048 - com.android.settings
10-01 12:16:15.097 16673 16673 D CrossAppTracking: ✅ App ciblée détectée: com.android.settings
10-01 12:16:15.681 16673 16673 D CrossAppTracking: 📱 Événement reçu: 2048 - com.google.android.apps.nexuslauncher
10-01 12:16:15.681 16673 16673 D CrossAppTracking: ✅ App ciblée détectée: com.google.android.apps.nexuslauncher
10-01 12:16:15.684 16673 16673 D AndroidTracking: Event tracked: ADD_TO_CART - {app=com.google.android.apps.nexuslauncher, packageName=com.google.android.apps.nexuslauncher, productInfo={cartAction=Bascule Cross-App Tracking, productName=Predicted app: Bascule Cross-App Tracking, allTexts=[Bascule Cross-App Tracking, Predicted app: Bascule Cross-App Tracking]}, eventType=cross_app_cart_update}
10-01 12:16:15.686 16673 16673 D CrossAppTracking: 🛒 Produit envoyé: Predicted app: Bascule Cross-App Tracking - Prix: N/A
10-01 12:16:15.686 16673 16673 D AndroidTracking: Event tracked: ADD_TO_CART - {app=com.google.android.apps.nexuslauncher, packageName=com.google.android.apps.nexuslauncher, productInfo={cartAction=Bascule Cross-App Tracking, productName=Predicted app: Bascule Cross-App Tracking, allTexts=[Bascule Cross-App Tracking, Predicted app: Bascule Cross-App Tracking]}, eventType=cross_app_cart_update}
10-01 12:16:15.690 16673 16673 D CrossAppTracking: 🛒 Produit envoyé: Predicted app: Bascule Cross-App Tracking - Prix: N/A
10-01 12:16:15.691 16673 16673 D AndroidTracking: Event tracked: VIEW_CLICKED - {app=com.google.android.apps.nexuslauncher, packageName=com.google.android.apps.nexuslauncher, element={className=android.widget.TextView, contentDescription=Predicted app: Bascule Cross-App Tracking, text=Bascule Cross-App Tracking, resourceId=, clickable=true, bounds={left=824, top=1873, right=997, bottom=2068}}, eventType=cross_app_click, timestamp=1759313774560}
10-01 12:16:15.697 16673 16673 D CrossAppTracking: Click envoyé dans com.google.android.apps.nexuslauncher: {className=android.widget.TextView, contentDescription=Predicted app: Bascule Cross-App Tracking, text=Bascule Cross-App Tracking, resourceId=, clickable=true, bounds={left=824, top=1873, right=997, bottom=2068}}
10-01 12:16:15.697 16673 16673 D AndroidTracking: Event tracked: ADD_TO_CART - {app=com.google.android.apps.nexuslauncher, packageName=com.google.android.apps.nexuslauncher, productInfo={productName=At a glance, allTexts=[At a glance, Wed, Oct 1, Wed, Oct 1, Play Store, Play Store, Gmail, Gmail, Photos, Photos, YouTube]}, eventType=cross_app_cart_update}
10-01 12:16:15.701 16673 16673 D CrossAppTracking: 🛒 Produit envoyé: At a glance - Prix: N/A
10-01 12:16:15.702 16673 16673 D CrossAppTracking: 📱 Événement reçu: 2048 - com.google.android.apps.nexuslauncher
10-01 12:16:15.702 16673 16673 D CrossAppTracking: ✅ App ciblée détectée: com.google.android.apps.nexuslauncher
10-01 12:16:15.703 16673 16673 D CrossAppTracking: 📱 Événement reçu: 2048 - com.android.settings
10-01 12:16:15.703 16673 16673 D CrossAppTracking: ✅ App ciblée détectée: com.android.settings
10-01 12:16:15.707 16673 16787 D AndroidTracking: Event sent to server successfully
10-01 12:16:15.742 16673 16785 D AndroidTracking: Event sent to server successfully
10-01 12:16:15.761 16673 16788 D AndroidTracking: Event sent to server successfully
10-01 12:16:15.789 16673 16673 D CrossAppTracking: 📱 Événement reçu: 32 - com.android.settings
10-01 12:16:15.790 16673 16673 D CrossAppTracking: ✅ App ciblée détectée: com.android.settings
10-01 12:16:15.806 16673 16786 D AndroidTracking: Event sent to server successfully
10-01 12:16:16.185 16673 16673 D AndroidTracking: Event tracked: ADD_TO_CART - {app=com.android.settings, packageName=com.android.settings, productInfo={cartAction=🛒 Analyse vos interactions shopping (clics, ajouts panier) sur les apps e-commerce pour optimiser votre expérience d'achat. 🔒 Aucune donnée personnelle ou sensible collectée. ✅ Traitement local uniquement., productName=About Bascule Cross-App Tracking
10-01 12:16:16.185 16673 16673 D AndroidTracking: 
10-01 12:16:16.185 16673 16673 D AndroidTracking: 🛒 Analyse vos interactions shopping (clics, ajouts panier) sur les apps e-commerce pour optimiser votre expérience d'achat. 🔒 Aucune donnée personnelle ou sensible collectée. ✅ Traitement local uniquement., allTexts=[Bascule Cross-App Tracking, Navigate up, Bascule Cross-App Tracking, Use Bascule Cross-App Tracking, Options, Bascule Cross-App Tracking shortcut, Off, Shortcut settings, App info, 🛒 Analyse vos interactions shopping (clics, ajouts panier) sur les apps e-commerce pour optimiser votre expérience d'achat. 🔒 Aucune donnée personnelle ou sensible collectée. ✅ Traitement local uniquement.]}, eventType=cross_app_cart_update}
10-01 12:16:16.187 16673 16673 D CrossAppTracking: 🛒 Produit envoyé: About Bascule Cross-App Tracking
10-01 12:16:16.187 16673 16673 D CrossAppTracking: 
10-01 12:16:16.187 16673 16673 D CrossAppTracking: 🛒 Analyse vos interactions shopping (clics, ajouts panier) sur les apps e-commerce pour optimiser votre expérience d'achat. 🔒 Aucune donnée personnelle ou sensible collectée. ✅ Traitement local uniquement. - Prix: N/A
10-01 12:16:16.207 16673 16786 D AndroidTracking: Event sent to server successfully
10-01 12:16:16.292 16673 16673 D AndroidTracking: Event tracked: ADD_TO_CART - {app=com.android.settings, packageName=com.android.settings, productInfo={cartAction=🛒 Analyse vos interactions shopping (clics, ajouts panier) sur les apps e-commerce pour optimiser votre expérience d'achat. 🔒 Aucune donnée personnelle ou sensible collectée. ✅ Traitement local uniquement., productName=About Bascule Cross-App Tracking
10-01 12:16:16.292 16673 16673 D AndroidTracking: 
10-01 12:16:16.292 16673 16673 D AndroidTracking: 🛒 Analyse vos interactions shopping (clics, ajouts panier) sur les apps e-commerce pour optimiser votre expérience d'achat. 🔒 Aucune donnée personnelle ou sensible collectée. ✅ Traitement local uniquement., allTexts=[Bascule Cross-App Tracking, Navigate up, Bascule Cross-App Tracking, Use Bascule Cross-App Tracking, Options, Bascule Cross-App Tracking shortcut, Off, Shortcut settings, App info, 🛒 Analyse vos interactions shopping (clics, ajouts panier) sur les apps e-commerce pour optimiser votre expérience d'achat. 🔒 Aucune donnée personnelle ou sensible collectée. ✅ Traitement local uniquement.]}, eventType=cross_app_cart_update}
10-01 12:16:16.296 16673 16673 D CrossAppTracking: 🛒 Produit envoyé: About Bascule Cross-App Tracking
10-01 12:16:16.296 16673 16673 D CrossAppTracking: 
10-01 12:16:16.296 16673 16673 D CrossAppTracking: 🛒 Analyse vos interactions shopping (clics, ajouts panier) sur les apps e-commerce pour optimiser votre expérience d'achat. 🔒 Aucune donnée personnelle ou sensible collectée. ✅ Traitement local uniquement. - Prix: N/A
10-01 12:16:16.326 16673 16786 D AndroidTracking: Event sent to server successfully
10-01 12:16:16.329 16673 16673 D AndroidTracking: Event tracked: ADD_TO_CART - {app=com.android.settings, packageName=com.android.settings, productInfo={cartAction=🛒 Analyse vos interactions shopping (clics, ajouts panier) sur les apps e-commerce pour optimiser votre expérience d'achat. 🔒 Aucune donnée personnelle ou sensible collectée. ✅ Traitement local uniquement., productName=About Bascule Cross-App Tracking
10-01 12:16:16.329 16673 16673 D AndroidTracking: 
10-01 12:16:16.329 16673 16673 D AndroidTracking: 🛒 Analyse vos interactions shopping (clics, ajouts panier) sur les apps e-commerce pour optimiser votre expérience d'achat. 🔒 Aucune donnée personnelle ou sensible collectée. ✅ Traitement local uniquement., allTexts=[Bascule Cross-App Tracking, Navigate up, Bascule Cross-App Tracking, Use Bascule Cross-App Tracking, Options, Bascule Cross-App Tracking shortcut, Off, Shortcut settings, App info, 🛒 Analyse vos interactions shopping (clics, ajouts panier) sur les apps e-commerce pour optimiser votre expérience d'achat. 🔒 Aucune donnée personnelle ou sensible collectée. ✅ Traitement local uniquement.]}, eventType=cross_app_cart_update}
10-01 12:16:16.331 16673 16673 D CrossAppTracking: 🛒 Produit envoyé: About Bascule Cross-App Tracking
10-01 12:16:16.331 16673 16673 D CrossAppTracking: 
10-01 12:16:16.331 16673 16673 D CrossAppTracking: 🛒 Analyse vos interactions shopping (clics, ajouts panier) sur les apps e-commerce pour optimiser votre expérience d'achat. 🔒 Aucune donnée personnelle ou sensible collectée. ✅ Traitement local uniquement. - Prix: N/A
10-01 12:16:16.344 16673 16786 D AndroidTracking: Event sent to server successfully
10-01 12:16:19.870 16673 16673 D CrossAppTracking: 📱 Événement reçu: 1 - com.android.settings
10-01 12:16:19.870 16673 16673 D CrossAppTracking: ✅ App ciblée détectée: com.android.settings
10-01 12:16:19.871 16673 16673 D CrossAppTracking: 📱 Événement reçu: 2048 - com.android.settings
10-01 12:16:19.871 16673 16673 D CrossAppTracking: ✅ App ciblée détectée: com.android.settings
10-01 12:16:20.251 16673 16673 D CrossAppTracking: 📱 Événement reçu: 2048 - com.android.settings
10-01 12:16:20.251 16673 16673 D CrossAppTracking: ✅ App ciblée détectée: com.android.settings
10-01 12:16:20.440 16673 16673 D CrossAppTracking: 📱 Événement reçu: 32 - com.android.settings
10-01 12:16:20.440 16673 16673 D CrossAppTracking: ✅ App ciblée détectée: com.android.settings
10-01 12:16:20.468 16673 16673 D CrossAppTracking: 📱 Événement reçu: 2048 - com.android.settings
10-01 12:16:20.468 16673 16673 D CrossAppTracking: ✅ App ciblée détectée: com.android.settings
10-01 12:16:20.502 16673 16673 D CrossAppTracking: 📱 Événement reçu: 2048 - com.android.settings
10-01 12:16:20.502 16673 16673 D CrossAppTracking: ✅ App ciblée détectée: com.android.settings
10-01 12:16:20.523 16673 16673 D CrossAppTracking: 📱 Événement reçu: 32 - com.android.settings
10-01 12:16:20.523 16673 16673 D CrossAppTracking: ✅ App ciblée détectée: com.android.settings
10-01 12:16:20.545 16673 16673 D CrossAppTracking: 📱 Événement reçu: 8 - com.android.settings
10-01 12:16:20.545 16673 16673 D CrossAppTracking: ✅ App ciblée détectée: com.android.settings
10-01 12:16:20.545 16673 16673 D CrossAppTracking: 📱 Événement reçu: 2048 - com.android.settings
10-01 12:16:20.545 16673 16673 D CrossAppTracking: ✅ App ciblée détectée: com.android.settings
10-01 12:16:20.572 16673 16673 D AndroidTracking: Event tracked: VIEW_CLICKED - {app=com.android.settings, packageName=com.android.settings, element={className=android.widget.ImageButton, contentDescription=Navigate up, text=, resourceId=, clickable=true, bounds={left=0, top=63, right=147, bottom=210}}, eventType=cross_app_click, timestamp=1759313779871}
10-01 12:16:20.574 16673 16673 D CrossAppTracking: Click envoyé dans com.android.settings: {className=android.widget.ImageButton, contentDescription=Navigate up, text=, resourceId=, clickable=true, bounds={left=0, top=63, right=147, bottom=210}}
10-01 12:16:20.576 16673 16673 D CrossAppTracking: 📱 Événement reçu: 2048 - com.android.settings
10-01 12:16:20.576 16673 16673 D CrossAppTracking: ✅ App ciblée détectée: com.android.settings
10-01 12:16:20.597 16673 16786 D AndroidTracking: Event sent to server successfully
10-01 12:16:20.753 16673 16673 D AndroidTracking: Event tracked: ADD_TO_CART - {app=com.android.settings, packageName=com.android.settings, productInfo={cartAction=Bascule Cross-App Tracking, productName=Off / Control device via large menu, allTexts=[Accessibility, Navigate up, Accessibility, Downloaded apps, Bascule Cross-App Tracking, On, Screen reader, TalkBack, Off / Speak items on screen, Display]}, eventType=cross_app_cart_update}
10-01 12:16:20.754 16673 16673 D CrossAppTracking: 🛒 Produit envoyé: Off / Control device via large menu - Prix: N/A
10-01 12:16:20.771 16673 16786 D AndroidTracking: Event sent to server successfully
10-01 12:16:20.942 16673 16673 D AndroidTracking: Event tracked: ADD_TO_CART - {app=com.android.settings, packageName=com.android.settings, productInfo={cartAction=Bascule Cross-App Tracking, productName=Off / Control device via large menu, allTexts=[Accessibility, Navigate up, Accessibility, Downloaded apps, Bascule Cross-App Tracking, On, Screen reader, TalkBack, Off / Speak items on screen, Display]}, eventType=cross_app_cart_update}
10-01 12:16:20.945 16673 16673 D CrossAppTracking: 🛒 Produit envoyé: Off / Control device via large menu - Prix: N/A
10-01 12:16:20.960 16673 16786 D AndroidTracking: Event sent to server successfully
10-01 12:16:20.976 16673 16673 D AndroidTracking: Event tracked: ADD_TO_CART - {app=com.android.settings, packageName=com.android.settings, productInfo={cartAction=Bascule Cross-App Tracking, productName=Off / Control device via large menu, allTexts=[Accessibility, Navigate up, Accessibility, Downloaded apps, Bascule Cross-App Tracking, On, Screen reader, TalkBack, Off / Speak items on screen, Display]}, eventType=cross_app_cart_update}
10-01 12:16:20.978 16673 16673 D CrossAppTracking: 🛒 Produit envoyé: Off / Control device via large menu - Prix: N/A
10-01 12:16:20.991 16673 16786 D AndroidTracking: Event sent to server successfully
10-01 12:16:21.003 16673 16673 D AndroidTracking: Event tracked: ADD_TO_CART - {app=com.android.settings, packageName=com.android.settings, productInfo={cartAction=Bascule Cross-App Tracking, productName=Off / Control device via large menu, allTexts=[Downloaded apps, Bascule Cross-App Tracking, On, Screen reader, TalkBack, Off / Speak items on screen, Display, Display size and text, Color and motion, Magnification]}, eventType=cross_app_cart_update}
10-01 12:16:21.005 16673 16673 D CrossAppTracking: 🛒 Produit envoyé: Off / Control device via large menu - Prix: N/A
10-01 12:16:21.015 16673 16786 D AndroidTracking: Event sent to server successfully
10-01 12:16:21.025 16673 16673 D AndroidTracking: Event tracked: ADD_TO_CART - {app=com.android.settings, packageName=com.android.settings, productInfo={cartAction=Bascule Cross-App Tracking, productName=Off / Control device via large menu, allTexts=[Downloaded apps, Bascule Cross-App Tracking, On, Screen reader, TalkBack, Off / Speak items on screen, Display, Display size and text, Color and motion, Magnification]}, eventType=cross_app_cart_update}
10-01 12:16:21.027 16673 16673 D CrossAppTracking: 🛒 Produit envoyé: Off / Control device via large menu - Prix: N/A
10-01 12:16:21.042 16673 16786 D AndroidTracking: Event sent to server successfully
10-01 12:16:21.049 16673 16673 D AndroidTracking: Event tracked: ADD_TO_CART - {app=com.android.settings, packageName=com.android.settings, productInfo={cartAction=Bascule Cross-App Tracking, productName=Off / Control device via large menu, allTexts=[Accessibility, Navigate up, Accessibility, Downloaded apps, Bascule Cross-App Tracking, On, Screen reader, TalkBack, Off / Speak items on screen, Display]}, eventType=cross_app_cart_update}
10-01 12:16:21.052 16673 16673 D CrossAppTracking: 🛒 Produit envoyé: Off / Control device via large menu - Prix: N/A
10-01 12:16:21.067 16673 16786 D AndroidTracking: Event sent to server successfully
10-01 12:16:21.074 16673 16673 D AndroidTracking: Event tracked: ADD_TO_CART - {app=com.android.settings, packageName=com.android.settings, productInfo={cartAction=Bascule Cross-App Tracking, productName=Off / Control device via large menu, allTexts=[Downloaded apps, Bascule Cross-App Tracking, On, Screen reader, TalkBack, Off / Speak items on screen, Display, Display size and text, Color and motion, Magnification]}, eventType=cross_app_cart_update}
10-01 12:16:21.080 16673 16673 D CrossAppTracking: 🛒 Produit envoyé: Off / Control device via large menu - Prix: N/A
10-01 12:16:21.102 16673 16786 D AndroidTracking: Event sent to server successfully
10-01 12:16:21.163 16673 16673 D AndroidTracking: Event tracked: ADD_TO_CART - {app=com.android.settings, packageName=com.android.settings, productInfo={cartAction=Bascule Cross-App Tracking, productName=Off / Control device via large menu, allTexts=[Downloaded apps, Bascule Cross-App Tracking, On, Screen reader, TalkBack, Off / Speak items on screen, Display, Display size and text, Color and motion, Magnification]}, eventType=cross_app_cart_update}
10-01 12:16:21.164 16673 16673 D CrossAppTracking: 🛒 Produit envoyé: Off / Control device via large menu - Prix: N/A
10-01 12:16:21.186 16673 16786 D AndroidTracking: Event sent to server successfully
10-01 12:16:23.576 16673 16673 D CrossAppTracking: 📱 Événement reçu: 1 - com.android.settings
10-01 12:16:23.577 16673 16673 D CrossAppTracking: ✅ App ciblée détectée: com.android.settings
10-01 12:16:24.057 16673 16673 D CrossAppTracking: 📱 Événement reçu: 2048 - com.google.android.apps.nexuslauncher
10-01 12:16:24.057 16673 16673 D CrossAppTracking: ✅ App ciblée détectée: com.google.android.apps.nexuslauncher
10-01 12:16:24.225 16673 16673 D CrossAppTracking: 📱 Événement reçu: 2048 - com.google.android.apps.nexuslauncher
10-01 12:16:24.225 16673 16673 D CrossAppTracking: ✅ App ciblée détectée: com.google.android.apps.nexuslauncher
10-01 12:16:24.256 16673 16673 D CrossAppTracking: 📱 Événement reçu: 2048 - com.google.android.apps.nexuslauncher
10-01 12:16:24.256 16673 16673 D CrossAppTracking: ✅ App ciblée détectée: com.google.android.apps.nexuslauncher
10-01 12:16:24.387 16673 16673 D CrossAppTracking: 📱 Événement reçu: 32 - com.google.android.apps.nexuslauncher
10-01 12:16:24.387 16673 16673 D CrossAppTracking: ✅ App ciblée détectée: com.google.android.apps.nexuslauncher
10-01 12:16:24.438 16673 16673 D AndroidTracking: Event tracked: VIEW_CLICKED - {app=com.android.settings, packageName=com.android.settings, element={}, eventType=cross_app_click, timestamp=1759313783582}
10-01 12:16:24.441 16673 16673 D CrossAppTracking: Click envoyé dans com.android.settings: {}
10-01 12:16:24.441 16673 16673 D CrossAppTracking: 📱 Événement reçu: 2048 - com.google.android.apps.nexuslauncher
10-01 12:16:24.441 16673 16673 D CrossAppTracking: ✅ App ciblée détectée: com.google.android.apps.nexuslauncher
10-01 12:16:24.453 16673 16786 D AndroidTracking: Event sent to server successfully
10-01 12:16:24.550 16673 16673 D CrossAppTracking: 📱 Événement reçu: 2048 - com.google.android.apps.nexuslauncher
10-01 12:16:24.550 16673 16673 D CrossAppTracking: ✅ App ciblée détectée: com.google.android.apps.nexuslauncher
10-01 12:16:24.584 16673 16673 D CrossAppTracking: 📱 Événement reçu: 2048 - com.google.android.apps.nexuslauncher
10-01 12:16:24.585 16673 16673 D CrossAppTracking: ✅ App ciblée détectée: com.google.android.apps.nexuslauncher
10-01 12:16:24.797 16673 16673 D CrossAppTracking: 📱 Événement reçu: 2048 - com.google.android.apps.nexuslauncher
10-01 12:16:24.798 16673 16673 D CrossAppTracking: ✅ App ciblée détectée: com.google.android.apps.nexuslauncher
10-01 12:16:25.030 16673 16673 D CrossAppTracking: 📱 Événement reçu: 2048 - com.google.android.apps.nexuslauncher
10-01 12:16:25.030 16673 16673 D CrossAppTracking: ✅ App ciblée détectée: com.google.android.apps.nexuslauncher
10-01 12:16:25.095 16673 16673 D AndroidTracking: Event tracked: ADD_TO_CART - {app=com.google.android.apps.nexuslauncher, packageName=com.google.android.apps.nexuslauncher, productInfo={cartAction=Bascule Cross-App Tracking, productName=Predicted app: Bascule Cross-App Tracking, allTexts=[At a glance, Wed, Oct 1, Wed, Oct 1, Play Store, Play Store, Gmail, Gmail, Photos, Photos, YouTube]}, eventType=cross_app_cart_update}
10-01 12:16:25.100 16673 16673 D CrossAppTracking: 🛒 Produit envoyé: Predicted app: Bascule Cross-App Tracking - Prix: N/A
10-01 12:16:25.100 16673 16673 D AndroidTracking: Event tracked: ADD_TO_CART - {app=com.google.android.apps.nexuslauncher, packageName=com.google.android.apps.nexuslauncher, productInfo={cartAction=Bascule Cross-App Tracking, productName=Predicted app: Bascule Cross-App Tracking, allTexts=[At a glance, Wed, Oct 1, Wed, Oct 1, Play Store, Play Store, Gmail, Gmail, Photos, Photos, YouTube]}, eventType=cross_app_cart_update}
10-01 12:16:25.102 16673 16673 D CrossAppTracking: 🛒 Produit envoyé: Predicted app: Bascule Cross-App Tracking - Prix: N/A
10-01 12:16:25.102 16673 16673 D AndroidTracking: Event tracked: ADD_TO_CART - {app=com.google.android.apps.nexuslauncher, packageName=com.google.android.apps.nexuslauncher, productInfo={cartAction=Bascule Cross-App Tracking, productName=Predicted app: Bascule Cross-App Tracking, allTexts=[At a glance, Wed, Oct 1, Wed, Oct 1, Play Store, Play Store, Gmail, Gmail, Photos, Photos, YouTube]}, eventType=cross_app_cart_update}
10-01 12:16:25.108 16673 16673 D CrossAppTracking: 🛒 Produit envoyé: Predicted app: Bascule Cross-App Tracking - Prix: N/A
10-01 12:16:25.108 16673 16673 D AndroidTracking: Event tracked: ADD_TO_CART - {app=com.google.android.apps.nexuslauncher, packageName=com.google.android.apps.nexuslauncher, productInfo={cartAction=Bascule Cross-App Tracking, productName=Predicted app: Bascule Cross-App Tracking, allTexts=[At a glance, Wed, Oct 1, Wed, Oct 1, Play Store, Play Store, Gmail, Gmail, Photos, Photos, YouTube]}, eventType=cross_app_cart_update}
10-01 12:16:25.113 16673 16673 D CrossAppTracking: 🛒 Produit envoyé: Predicted app: Bascule Cross-App Tracking - Prix: N/A
10-01 12:16:25.113 16673 16673 D AndroidTracking: Event tracked: ADD_TO_CART - {app=com.google.android.apps.nexuslauncher, packageName=com.google.android.apps.nexuslauncher, productInfo={cartAction=Bascule Cross-App Tracking, productName=Predicted app: Bascule Cross-App Tracking, allTexts=[At a glance, Wed, Oct 1, Wed, Oct 1, Play Store, Play Store, Gmail, Gmail, Photos, Photos, YouTube]}, eventType=cross_app_cart_update}
10-01 12:16:25.116 16673 16673 D CrossAppTracking: 🛒 Produit envoyé: Predicted app: Bascule Cross-App Tracking - Prix: N/A
10-01 12:16:25.117 16673 16673 D AndroidTracking: Event tracked: ADD_TO_CART - {app=com.google.android.apps.nexuslauncher, packageName=com.google.android.apps.nexuslauncher, productInfo={cartAction=Bascule Cross-App Tracking, productName=Predicted app: Bascule Cross-App Tracking, allTexts=[At a glance, Wed, Oct 1, Wed, Oct 1, Play Store, Play Store, Gmail, Gmail, Photos, Photos, YouTube]}, eventType=cross_app_cart_update}
10-01 12:16:25.118 16673 16673 D CrossAppTracking: 🛒 Produit envoyé: Predicted app: Bascule Cross-App Tracking - Prix: N/A
10-01 12:16:25.124 16673 16673 D CrossAppTracking: 📱 Événement reçu: 2048 - com.google.android.apps.nexuslauncher
10-01 12:16:25.125 16673 16673 D CrossAppTracking: ✅ App ciblée détectée: com.google.android.apps.nexuslauncher
10-01 12:16:25.133 16673 16786 D AndroidTracking: Event sent to server successfully
10-01 12:16:25.158 16673 16785 D AndroidTracking: Event sent to server successfully
10-01 12:16:25.173 16673 16673 D CrossAppTracking: 📱 Événement reçu: 2048 - com.google.android.apps.nexuslauncher
10-01 12:16:25.173 16673 16673 D CrossAppTracking: ✅ App ciblée détectée: com.google.android.apps.nexuslauncher
10-01 12:16:25.175 16673 16930 D AndroidTracking: Event sent to server successfully
10-01 12:16:25.176 16673 16788 D AndroidTracking: Event sent to server successfully
10-01 12:16:25.185 16673 16787 D AndroidTracking: Event sent to server successfully
10-01 12:16:25.197 16673 16932 D AndroidTracking: Event sent to server successfully
10-01 12:16:25.235 16673 16673 D CrossAppTracking: 📱 Événement reçu: 2048 - com.google.android.apps.nexuslauncher
10-01 12:16:25.235 16673 16673 D CrossAppTracking: ✅ App ciblée détectée: com.google.android.apps.nexuslauncher
10-01 12:16:25.298 16673 16673 D AndroidTracking: Event tracked: ADD_TO_CART - {app=com.google.android.apps.nexuslauncher, packageName=com.google.android.apps.nexuslauncher, productInfo={cartAction=Bascule Cross-App Tracking, productName=Predicted app: Bascule Cross-App Tracking, allTexts=[At a glance, Wed, Oct 1, Wed, Oct 1, Play Store, Play Store, Gmail, Gmail, Photos, Photos, YouTube]}, eventType=cross_app_cart_update}
10-01 12:16:25.301 16673 16673 D CrossAppTracking: 🛒 Produit envoyé: Predicted app: Bascule Cross-App Tracking - Prix: N/A
10-01 12:16:25.312 16673 16932 D AndroidTracking: Event sent to server successfully
10-01 12:16:25.532 16673 16673 D AndroidTracking: Event tracked: ADD_TO_CART - {app=com.google.android.apps.nexuslauncher, packageName=com.google.android.apps.nexuslauncher, productInfo={cartAction=Bascule Cross-App Tracking, productName=Predicted app: Bascule Cross-App Tracking, allTexts=[At a glance, Wed, Oct 1, Wed, Oct 1, Play Store, Play Store, Gmail, Gmail, Photos, Photos, YouTube]}, eventType=cross_app_cart_update}
10-01 12:16:25.541 16673 16673 D CrossAppTracking: 🛒 Produit envoyé: Predicted app: Bascule Cross-App Tracking - Prix: N/A
10-01 12:16:25.562 16673 16932 D AndroidTracking: Event sent to server successfully
10-01 12:16:25.597 16673 16673 D AndroidTracking: Event tracked: ADD_TO_CART - {app=com.google.android.apps.nexuslauncher, packageName=com.google.android.apps.nexuslauncher, productInfo={cartAction=Bascule Cross-App Tracking, productName=Predicted app: Bascule Cross-App Tracking, allTexts=[At a glance, Wed, Oct 1, Wed, Oct 1, Play Store, Play Store, Gmail, Gmail, Photos, Photos, YouTube]}, eventType=cross_app_cart_update}
10-01 12:16:25.599 16673 16673 D CrossAppTracking: 🛒 Produit envoyé: Predicted app: Bascule Cross-App Tracking - Prix: N/A
10-01 12:16:25.611 16673 16932 D AndroidTracking: Event sent to server successfully
10-01 12:16:25.674 16673 16673 D AndroidTracking: Event tracked: ADD_TO_CART - {app=com.google.android.apps.nexuslauncher, packageName=com.google.android.apps.nexuslauncher, productInfo={cartAction=Bascule Cross-App Tracking, productName=Predicted app: Bascule Cross-App Tracking, allTexts=[At a glance, Wed, Oct 1, Wed, Oct 1, Play Store, Play Store, Gmail, Gmail, Photos, Photos, YouTube]}, eventType=cross_app_cart_update}
10-01 12:16:25.675 16673 16673 D CrossAppTracking: 🛒 Produit envoyé: Predicted app: Bascule Cross-App Tracking - Prix: N/A
10-01 12:16:25.687 16673 16932 D AndroidTracking: Event sent to server successfully
10-01 12:16:25.740 16673 16673 D AndroidTracking: Event tracked: ADD_TO_CART - {app=com.google.android.apps.nexuslauncher, packageName=com.google.android.apps.nexuslauncher, productInfo={cartAction=Bascule Cross-App Tracking, productName=Predicted app: Bascule Cross-App Tracking, allTexts=[At a glance, Wed, Oct 1, Wed, Oct 1, Play Store, Play Store, Gmail, Gmail, Photos, Photos, YouTube]}, eventType=cross_app_cart_update}
10-01 12:16:25.741 16673 16673 D CrossAppTracking: 🛒 Produit envoyé: Predicted app: Bascule Cross-App Tracking - Prix: N/A
10-01 12:16:25.757 16673 16932 D AndroidTracking: Event sent to server successfully
10-01 12:16:25.772 16673 16673 D AndroidTracking: Event tracked: ADD_TO_CART - {app=com.google.android.apps.nexuslauncher, packageName=com.google.android.apps.nexuslauncher, productInfo={cartAction=Bascule Cross-App Tracking, productName=Predicted app: Bascule Cross-App Tracking, allTexts=[At a glance, Wed, Oct 1, Wed, Oct 1, Play Store, Play Store, Gmail, Gmail, Photos, Photos, YouTube]}, eventType=cross_app_cart_update}
10-01 12:16:25.779 16673 16673 D CrossAppTracking: 🛒 Produit envoyé: Predicted app: Bascule Cross-App Tracking - Prix: N/A
10-01 12:16:25.797 16673 16932 D AndroidTracking: Event sent to server successfully
10-01 12:16:25.885 16673 16673 D CrossAppTracking: 📱 Événement reçu: 2048 - com.google.android.apps.nexuslauncher
10-01 12:16:25.885 16673 16673 D CrossAppTracking: ✅ App ciblée détectée: com.google.android.apps.nexuslauncher
10-01 12:16:27.097 16673 16673 D CrossAppTracking: 📱 Événement reçu: 2048 - com.google.android.apps.nexuslauncher
10-01 12:16:27.098 16673 16673 D CrossAppTracking: ✅ App ciblée détectée: com.google.android.apps.nexuslauncher
10-01 12:16:27.105 16673 16673 D CrossAppTracking: 📱 Événement reçu: 1 - com.google.android.apps.nexuslauncher
10-01 12:16:27.105 16673 16673 D CrossAppTracking: ✅ App ciblée détectée: com.google.android.apps.nexuslauncher
10-01 12:16:27.117 16673 16673 D CrossAppTracking: 📱 Événement reçu: 2048 - com.google.android.apps.nexuslauncher
10-01 12:16:27.118 16673 16673 D CrossAppTracking: ✅ App ciblée détectée: com.google.android.apps.nexuslauncher
10-01 12:16:27.125 16673 16673 D AndroidTracking: Event tracked: ADD_TO_CART - {app=com.google.android.apps.nexuslauncher, packageName=com.google.android.apps.nexuslauncher, productInfo={cartAction=Bascule Cross-App Tracking, productName=Predicted app: Bascule Cross-App Tracking, allTexts=[Bascule Cross-App Tracking, Predicted app: Bascule Cross-App Tracking]}, eventType=cross_app_cart_update}
10-01 12:16:27.131 16673 16673 D CrossAppTracking: 🛒 Produit envoyé: Predicted app: Bascule Cross-App Tracking - Prix: N/A
10-01 12:16:27.131 16673 16673 D CrossAppTracking: 📱 Événement reçu: 2048 - com.google.android.apps.nexuslauncher
10-01 12:16:27.131 16673 16673 D CrossAppTracking: ✅ App ciblée détectée: com.google.android.apps.nexuslauncher
10-01 12:16:27.142 16673 16673 D CrossAppTracking: 📱 Événement reçu: 32 - com.bascule.leclerctracking
10-01 12:16:27.142 16673 16673 D CrossAppTracking: ✅ App ciblée détectée: com.bascule.leclerctracking
10-01 12:16:27.149 16673 16932 D AndroidTracking: Event sent to server successfully
10-01 12:16:27.153 16673 16673 D CrossAppTracking: 📱 Événement reçu: 2048 - com.google.android.apps.nexuslauncher
10-01 12:16:27.154 16673 16673 D CrossAppTracking: ✅ App ciblée détectée: com.google.android.apps.nexuslauncher
10-01 12:16:27.166 16673 16673 D CrossAppTracking: 📱 Événement reçu: 2048 - com.google.android.apps.nexuslauncher
10-01 12:16:27.167 16673 16673 D CrossAppTracking: ✅ App ciblée détectée: com.google.android.apps.nexuslauncher
10-01 12:16:27.178 16673 16673 D CrossAppTracking: 📱 Événement reçu: 2048 - com.google.android.apps.nexuslauncher
10-01 12:16:27.179 16673 16673 D CrossAppTracking: ✅ App ciblée détectée: com.google.android.apps.nexuslauncher
10-01 12:16:27.185 16673 16673 D CrossAppTracking: 📱 Événement reçu: 2048 - com.google.android.apps.nexuslauncher
10-01 12:16:27.185 16673 16673 D CrossAppTracking: ✅ App ciblée détectée: com.google.android.apps.nexuslauncher
10-01 12:16:27.456 16673 16673 D CrossAppTracking: 📱 Événement reçu: 2048 - com.bascule.leclerctracking
10-01 12:16:27.457 16673 16673 D CrossAppTracking: ✅ App ciblée détectée: com.bascule.leclerctracking
10-01 12:16:27.618 16673 16673 D AndroidTracking: Event tracked: VIEW_CLICKED - {app=com.google.android.apps.nexuslauncher, packageName=com.google.android.apps.nexuslauncher, element={}, eventType=cross_app_click, timestamp=1759313787115}
10-01 12:16:27.619 16673 16673 D CrossAppTracking: Click envoyé dans com.google.android.apps.nexuslauncher: {}
10-01 12:16:27.656 16673 16673 D CrossAppTracking: 📱 Événement reçu: 32 - com.bascule.leclerctracking
10-01 12:16:27.656 16673 16673 D CrossAppTracking: ✅ App ciblée détectée: com.bascule.leclerctracking
10-01 12:16:27.680 16673 16932 D AndroidTracking: Event sent to server successfully
10-01 12:16:28.039 16673 16673 D AndroidTracking: Event tracked: ADD_TO_CART - {app=com.bascule.leclerctracking, packageName=com.bascule.leclerctracking, productInfo={cartAction=En activant ce service, vous acceptez que Bascule analyse vos interactions dans les apps e-commerce pour améliorer l'expérience utilisateur. Aucune donnée personnelle n'est collectée., productName=Cette application peut analyser vos interactions sur les apps e-commerce 
10-01 12:16:28.039 16673 16673 D AndroidTracking: pour améliorer votre expérience d'achat.
10-01 12:16:28.039 16673 16673 D AndroidTracking: 
10-01 12:16:28.039 16673 16673 D AndroidTracking: Apps supportées:
10-01 12:16:28.039 16673 16673 D AndroidTracking: • E.Leclerc Drive
10-01 12:16:28.039 16673 16673 D AndroidTracking: • Carrefour
10-01 12:16:28.039 16673 16673 D AndroidTracking: • Auchan Drive  
10-01 12:16:28.039 16673 16673 D AndroidTracking: • Casino Drive
10-01 12:16:28.039 16673 16673 D AndroidTracking: • Amazon Shopping
10-01 12:16:28.039 16673 16673 D AndroidTracking: • Cdiscount
10-01 12:16:28.039 16673 16673 D AndroidTracking: • Monoprix
10-01 12:16:28.039 16673 16673 D AndroidTracking: 
10-01 12:16:28.039 16673 16673 D AndroidTracking: Vos données restent privées et anonymes., allTexts=[Bascule Cross-App Tracking, ✅ Service activé - Tracking cross-app fonctionnel, 📱 Tracking Cross-App, Cette application peut analyser vos interactions sur les apps e-commerce 
10-01 12:16:28.039 16673 16673 D AndroidTracking: pour améliorer votre expérience d'achat.
10-01 12:16:28.039 16673 16673 D AndroidTracking: 
10-01 12:16:28.039 16673 16673 D AndroidTracking: Apps supportées:
10-01 12:16:28.039 16673 16673 D AndroidTracking: • E.Leclerc Drive
10-01 12:16:28.039 16673 16673 D AndroidTracking: • Carrefour
10-01 12:16:28.039 16673 16673 D AndroidTracking: • Auchan Drive  
10-01 12:16:28.039 16673 16673 D AndroidTracking: • Casino Drive
10-01 12:16:28.039 16673 16673 D AndroidTracking: • Amazon Shopping
10-01 12:16:28.039 16673 16673 D AndroidTracking: • Cdiscount
10-01 12:16:28.039 16673 16673 D AndroidTracking: • Monoprix
10-01 12:16:28.039 16673 16673 D AndroidTracking: 
10-01 12:16:28.039 16673 16673 D AndroidTracking: Vos données restent privées et anonymes., 🔒 Confidentialité et Permissions, Permissions requises:
10-01 12:16:28.039 16673 16673 D AndroidTracking: 
10-01 12:16:28.039 16673 16673 D AndroidTracking: 🔍 Service d'Accessibilité
10-01 12:16:28.039 16673 16673 D AndroidTracking: Permet de détecter les interactions dans les autres apps
10-01 12:16:28.039 16673 16673 D AndroidTracking: 
10-01 12:16:28.039 16673 16673 D AndroidTracking: 🔒 Confidentialité Garantie
10-01 12:16:28.039 16673 16673 D AndroidTracking: • Aucune donnée personnelle collectée
10-01 12:16:28.039 16673 16673 D AndroidTracking: • Pas d'accès aux mots de passe
10-01 12:16:28.039 16673 16673 D AndroidTracking: • Tracking anonyme uniquement
10-01 12:16:28.039 16673 16673 D AndroidTracking: • Données stockées localement, DÉSACTIVER LE SERVICE, OUVRIR PARAMÈTRES D'ACCESSIBILITÉ, MODE INTRA-APP SEULEMENT, 🧪 TEST AUTOMATIQUE CARREFOUR]}, eventType=cross_app_cart_update}
10-01 12:16:28.042 16673 16673 D CrossAppTracking: 🛒 Produit envoyé: Cette application peut analyser vos interactions sur les apps e-commerce 
10-01 12:16:28.042 16673 16673 D CrossAppTracking: pour améliorer votre expérience d'achat.
10-01 12:16:28.042 16673 16673 D CrossAppTracking: 
10-01 12:16:28.042 16673 16673 D CrossAppTracking: Apps supportées:
10-01 12:16:28.042 16673 16673 D CrossAppTracking: • E.Leclerc Drive
10-01 12:16:28.042 16673 16673 D CrossAppTracking: • Carrefour
10-01 12:16:28.042 16673 16673 D CrossAppTracking: • Auchan Drive  
10-01 12:16:28.042 16673 16673 D CrossAppTracking: • Casino Drive
10-01 12:16:28.042 16673 16673 D CrossAppTracking: • Amazon Shopping
10-01 12:16:28.042 16673 16673 D CrossAppTracking: • Cdiscount
10-01 12:16:28.042 16673 16673 D CrossAppTracking: • Monoprix
10-01 12:16:28.042 16673 16673 D CrossAppTracking: 
10-01 12:16:28.042 16673 16673 D CrossAppTracking: Vos données restent privées et anonymes. - Prix: N/A
10-01 12:16:28.078 16673 16932 D AndroidTracking: Event sent to server successfully
10-01 12:16:28.252 16673 16673 D AndroidTracking: Event tracked: ADD_TO_CART - {app=com.bascule.leclerctracking, packageName=com.bascule.leclerctracking, productInfo={cartAction=En activant ce service, vous acceptez que Bascule analyse vos interactions dans les apps e-commerce pour améliorer l'expérience utilisateur. Aucune donnée personnelle n'est collectée., productName=Cette application peut analyser vos interactions sur les apps e-commerce 
10-01 12:16:28.252 16673 16673 D AndroidTracking: pour améliorer votre expérience d'achat.
10-01 12:16:28.252 16673 16673 D AndroidTracking: 
10-01 12:16:28.252 16673 16673 D AndroidTracking: Apps supportées:
10-01 12:16:28.252 16673 16673 D AndroidTracking: • E.Leclerc Drive
10-01 12:16:28.252 16673 16673 D AndroidTracking: • Carrefour
10-01 12:16:28.252 16673 16673 D AndroidTracking: • Auchan Drive  
10-01 12:16:28.252 16673 16673 D AndroidTracking: • Casino Drive
10-01 12:16:28.252 16673 16673 D AndroidTracking: • Amazon Shopping
10-01 12:16:28.252 16673 16673 D AndroidTracking: • Cdiscount
10-01 12:16:28.252 16673 16673 D AndroidTracking: • Monoprix
10-01 12:16:28.252 16673 16673 D AndroidTracking: 
10-01 12:16:28.252 16673 16673 D AndroidTracking: Vos données restent privées et anonymes., allTexts=[Bascule Cross-App Tracking, ✅ Service activé - Tracking cross-app fonctionnel, 📱 Tracking Cross-App, Cette application peut analyser vos interactions sur les apps e-commerce 
10-01 12:16:28.252 16673 16673 D AndroidTracking: pour améliorer votre expérience d'achat.
10-01 12:16:28.252 16673 16673 D AndroidTracking: 
10-01 12:16:28.252 16673 16673 D AndroidTracking: Apps supportées:
10-01 12:16:28.252 16673 16673 D AndroidTracking: • E.Leclerc Drive
10-01 12:16:28.252 16673 16673 D AndroidTracking: • Carrefour
10-01 12:16:28.252 16673 16673 D AndroidTracking: • Auchan Drive  
10-01 12:16:28.252 16673 16673 D AndroidTracking: • Casino Drive
10-01 12:16:28.252 16673 16673 D AndroidTracking: • Amazon Shopping
10-01 12:16:28.252 16673 16673 D AndroidTracking: • Cdiscount
10-01 12:16:28.252 16673 16673 D AndroidTracking: • Monoprix
10-01 12:16:28.252 16673 16673 D AndroidTracking: 
10-01 12:16:28.252 16673 16673 D AndroidTracking: Vos données restent privées et anonymes., 🔒 Confidentialité et Permissions, Permissions requises:
10-01 12:16:28.252 16673 16673 D AndroidTracking: 
10-01 12:16:28.252 16673 16673 D AndroidTracking: 🔍 Service d'Accessibilité
10-01 12:16:28.252 16673 16673 D AndroidTracking: Permet de détecter les interactions dans les autres apps
10-01 12:16:28.252 16673 16673 D AndroidTracking: 
10-01 12:16:28.252 16673 16673 D AndroidTracking: 🔒 Confidentialité Garantie
10-01 12:16:28.252 16673 16673 D AndroidTracking: • Aucune donnée personnelle collectée
10-01 12:16:28.252 16673 16673 D AndroidTracking: • Pas d'accès aux mots de passe
10-01 12:16:28.252 16673 16673 D AndroidTracking: • Tracking anonyme uniquement
10-01 12:16:28.252 16673 16673 D AndroidTracking: • Données stockées localement, DÉSACTIVER LE SERVICE, OUVRIR PARAMÈTRES D'ACCESSIBILITÉ, MODE INTRA-APP SEULEMENT, 🧪 TEST AUTOMATIQUE CARREFOUR]}, eventType=cross_app_cart_update}
10-01 12:16:28.253 16673 16673 D CrossAppTracking: 🛒 Produit envoyé: Cette application peut analyser vos interactions sur les apps e-commerce 
10-01 12:16:28.253 16673 16673 D CrossAppTracking: pour améliorer votre expérience d'achat.
10-01 12:16:28.253 16673 16673 D CrossAppTracking: 
10-01 12:16:28.253 16673 16673 D CrossAppTracking: Apps supportées:
10-01 12:16:28.253 16673 16673 D CrossAppTracking: • E.Leclerc Drive
10-01 12:16:28.253 16673 16673 D CrossAppTracking: • Carrefour
10-01 12:16:28.253 16673 16673 D CrossAppTracking: • Auchan Drive  
10-01 12:16:28.253 16673 16673 D CrossAppTracking: • Casino Drive
10-01 12:16:28.253 16673 16673 D CrossAppTracking: • Amazon Shopping
10-01 12:16:28.253 16673 16673 D CrossAppTracking: • Cdiscount
10-01 12:16:28.253 16673 16673 D CrossAppTracking: • Monoprix
10-01 12:16:28.253 16673 16673 D CrossAppTracking: 
10-01 12:16:28.253 16673 16673 D CrossAppTracking: Vos données restent privées et anonymes. - Prix: N/A
10-01 12:16:28.265 16673 16932 D AndroidTracking: Event sent to server successfully
10-01 12:16:30.022 16673 16673 D CrossAppTracking: 📱 Événement reçu: 2048 - com.bascule.leclerctracking
10-01 12:16:30.023 16673 16673 D CrossAppTracking: ✅ App ciblée détectée: com.bascule.leclerctracking
10-01 12:16:30.127 16673 16673 D CrossAppTracking: 📱 Événement reçu: 2048 - com.bascule.leclerctracking
10-01 12:16:30.127 16673 16673 D CrossAppTracking: ✅ App ciblée détectée: com.bascule.leclerctracking
10-01 12:16:30.166 16673 16673 D CrossAppTracking: 📱 Événement reçu: 4096 - com.bascule.leclerctracking
10-01 12:16:30.166 16673 16673 D CrossAppTracking: ✅ App ciblée détectée: com.bascule.leclerctracking
10-01 12:16:30.166 16673 16673 D AndroidTracking: Event tracked: SCROLL - {app=com.bascule.leclerctracking, packageName=com.bascule.leclerctracking, scrollX=0, scrollY=255, eventType=cross_app_scroll}
10-01 12:16:30.189 16673 16932 D AndroidTracking: Event sent to server successfully
10-01 12:16:30.241 16673 16673 D CrossAppTracking: 📱 Événement reçu: 2048 - com.bascule.leclerctracking
10-01 12:16:30.241 16673 16673 D CrossAppTracking: ✅ App ciblée détectée: com.bascule.leclerctracking
10-01 12:16:30.291 16673 16673 D CrossAppTracking: 📱 Événement reçu: 2048 - com.bascule.leclerctracking
10-01 12:16:30.292 16673 16673 D CrossAppTracking: ✅ App ciblée détectée: com.bascule.leclerctracking
10-01 12:16:30.333 16673 16673 D CrossAppTracking: 📱 Événement reçu: 4096 - com.bascule.leclerctracking
10-01 12:16:30.334 16673 16673 D CrossAppTracking: ✅ App ciblée détectée: com.bascule.leclerctracking
10-01 12:16:30.334 16673 16673 D AndroidTracking: Event tracked: SCROLL - {app=com.bascule.leclerctracking, packageName=com.bascule.leclerctracking, scrollX=0, scrollY=609, eventType=cross_app_scroll}
10-01 12:16:30.346 16673 16932 D AndroidTracking: Event sent to server successfully
10-01 12:16:30.424 16673 16673 D CrossAppTracking: 📱 Événement reçu: 2048 - com.bascule.leclerctracking
10-01 12:16:30.424 16673 16673 D CrossAppTracking: ✅ App ciblée détectée: com.bascule.leclerctracking
10-01 12:16:30.458 16673 16673 D CrossAppTracking: 📱 Événement reçu: 4096 - com.bascule.leclerctracking
10-01 12:16:30.458 16673 16673 D CrossAppTracking: ✅ App ciblée détectée: com.bascule.leclerctracking
10-01 12:16:30.458 16673 16673 D AndroidTracking: Event tracked: SCROLL - {app=com.bascule.leclerctracking, packageName=com.bascule.leclerctracking, scrollX=0, scrollY=769, eventType=cross_app_scroll}
10-01 12:16:30.482 16673 16932 D AndroidTracking: Event sent to server successfully
10-01 12:16:30.530 16673 16673 D CrossAppTracking: 📱 Événement reçu: 2048 - com.bascule.leclerctracking
10-01 12:16:30.530 16673 16673 D CrossAppTracking: ✅ App ciblée détectée: com.bascule.leclerctracking
10-01 12:16:30.570 16673 16673 D AndroidTracking: Event tracked: ADD_TO_CART - {app=com.bascule.leclerctracking, packageName=com.bascule.leclerctracking, productInfo={cartAction=En activant ce service, vous acceptez que Bascule analyse vos interactions dans les apps e-commerce pour améliorer l'expérience utilisateur. Aucune donnée personnelle n'est collectée., productName=Cette application peut analyser vos interactions sur les apps e-commerce 
10-01 12:16:30.570 16673 16673 D AndroidTracking: pour améliorer votre expérience d'achat.
10-01 12:16:30.570 16673 16673 D AndroidTracking: 
10-01 12:16:30.570 16673 16673 D AndroidTracking: Apps supportées:
10-01 12:16:30.570 16673 16673 D AndroidTracking: • E.Leclerc Drive
10-01 12:16:30.570 16673 16673 D AndroidTracking: • Carrefour
10-01 12:16:30.570 16673 16673 D AndroidTracking: • Auchan Drive  
10-01 12:16:30.570 16673 16673 D AndroidTracking: • Casino Drive
10-01 12:16:30.570 16673 16673 D AndroidTracking: • Amazon Shopping
10-01 12:16:30.570 16673 16673 D AndroidTracking: • Cdiscount
10-01 12:16:30.570 16673 16673 D AndroidTracking: • Monoprix
10-01 12:16:30.570 16673 16673 D AndroidTracking: 
