--------- beginning of main
10-01 10:18:02.970  2066  2066 D AndroidTracking: Event tracked: SESSION_START - {platform=android_native, sessionId=android_session_1759306682967_7bd8e2b2, deviceInfo={manufacturer=Google, model=sdk_gphone64_x86_64, version=16, sdk=36, screenDensity=2.625, screenWidth=1080, screenHeight=2337}}
10-01 10:18:02.984  2066  2066 D CrossAppTracking: Service de tracking cross-app dÃ©marrÃ©
10-01 10:18:03.053  2066  2066 D CrossAppTracking: ðŸš€ Accessibility Service connectÃ© !
10-01 10:18:03.064  2066  2066 D CrossAppTracking: Service d'accessibilitÃ© configurÃ© pour TOUTES les apps
10-01 10:18:03.064  2066  2066 D CrossAppTracking: ðŸ“‹ Event types: -1
10-01 10:18:03.064  2066  2066 D CrossAppTracking: ðŸ“‹ Flags: 80
10-01 10:18:11.757  2066  2066 D CrossAppTracking: ðŸ“± Ã‰vÃ©nement reÃ§u: 2048 - com.android.systemui
10-01 10:18:11.757  2066  2066 D CrossAppTracking: âœ… App ciblÃ©e dÃ©tectÃ©e: com.android.systemui
10-01 10:18:12.267  2066  2066 D AndroidTracking: Event tracked: ADD_TO_CART - {app=com.android.systemui, packageName=com.android.systemui, productInfo={cartAction=T-Mobile, three bars., productName=T-Mobile, three bars., allTexts=[T-Mobile, three bars.]}, eventType=cross_app_cart_update}
10-01 10:18:12.274  2066  2066 D CrossAppTracking: ðŸ›’ Produit envoyÃ©: T-Mobile, three bars. - Prix: N/A
10-01 10:18:13.013  2066  9864 W AndroidTracking: Failed to send event to server: failed to connect to /10.0.2.2 (port 3001) from /10.0.2.16 (port 51520) after 10000ms
10-01 10:18:22.283  2066  9895 W AndroidTracking: Failed to send event to server: failed to connect to /10.0.2.2 (port 3001) from /10.0.2.16 (port 41438) after 10000ms
10-01 10:18:41.745  2066  2066 D CrossAppTracking: ðŸ“± Ã‰vÃ©nement reÃ§u: 2048 - com.android.systemui
10-01 10:18:41.745  2066  2066 D CrossAppTracking: âœ… App ciblÃ©e dÃ©tectÃ©e: com.android.systemui
10-01 10:18:42.249  2066  2066 D AndroidTracking: Event tracked: ADD_TO_CART - {app=com.android.systemui, packageName=com.android.systemui, productInfo={cartAction=T-Mobile, two bars., productName=T-Mobile, two bars., allTexts=[T-Mobile, two bars.]}, eventType=cross_app_cart_update}
10-01 10:18:42.250  2066  2066 D CrossAppTracking: ðŸ›’ Produit envoyÃ©: T-Mobile, two bars. - Prix: N/A
10-01 10:18:52.265  2066  9895 W AndroidTracking: Failed to send event to server: failed to connect to /10.0.2.2 (port 3001) from /10.0.2.16 (port 55514) after 10000ms
10-01 10:19:00.121  2066  2066 D CrossAppTracking: ðŸ“± Ã‰vÃ©nement reÃ§u: 2048 - com.android.systemui
10-01 10:19:00.121  2066  2066 D CrossAppTracking: âœ… App ciblÃ©e dÃ©tectÃ©e: com.android.systemui
10-01 10:19:00.228  2066  2066 D CrossAppTracking: ðŸ“± Ã‰vÃ©nement reÃ§u: 2048 - com.android.systemui
10-01 10:19:00.228  2066  2066 D CrossAppTracking: âœ… App ciblÃ©e dÃ©tectÃ©e: com.android.systemui
10-01 10:19:00.628  2066  2066 D AndroidTracking: Event tracked: ADD_TO_CART - {app=com.android.systemui, packageName=com.android.systemui, productInfo={productName=10:19â€¯AM, allTexts=[10:19, 10:19â€¯AM]}, eventType=cross_app_cart_update}
10-01 10:19:00.630  2066  2066 D CrossAppTracking: ðŸ›’ Produit envoyÃ©: 10:19â€¯AM - Prix: N/A
10-01 10:19:00.731  2066  2066 D AndroidTracking: Event tracked: ADD_TO_CART - {app=com.android.systemui, packageName=com.android.systemui, productInfo={productName=10:19â€¯AM, allTexts=[10:19, 10:19â€¯AM]}, eventType=cross_app_cart_update}
10-01 10:19:00.732  2066  2066 D CrossAppTracking: ðŸ›’ Produit envoyÃ©: 10:19â€¯AM - Prix: N/A
10-01 10:19:01.744  2066  2066 D CrossAppTracking: ðŸ“± Ã‰vÃ©nement reÃ§u: 2048 - com.android.systemui
10-01 10:19:01.744  2066  2066 D CrossAppTracking: âœ… App ciblÃ©e dÃ©tectÃ©e: com.android.systemui
10-01 10:19:02.247  2066  2066 D AndroidTracking: Event tracked: ADD_TO_CART - {app=com.android.systemui, packageName=com.android.systemui, productInfo={cartAction=T-Mobile, one bar., productName=T-Mobile, one bar., allTexts=[T-Mobile, one bar.]}, eventType=cross_app_cart_update}
10-01 10:19:02.250  2066  2066 D CrossAppTracking: ðŸ›’ Produit envoyÃ©: T-Mobile, one bar. - Prix: N/A
10-01 10:19:10.649  2066  9895 W AndroidTracking: Failed to send event to server: failed to connect to /10.0.2.2 (port 3001) from /10.0.2.16 (port 51230) after 10000ms
10-01 10:19:10.745  2066  9864 W AndroidTracking: Failed to send event to server: failed to connect to /10.0.2.2 (port 3001) from /10.0.2.16 (port 51236) after 9999ms
10-01 10:19:12.264  2066  9904 W AndroidTracking: Failed to send event to server: failed to connect to /10.0.2.2 (port 3001) from /10.0.2.16 (port 51238) after 10000ms
10-01 10:19:41.815  2066  2066 D CrossAppTracking: ðŸ“± Ã‰vÃ©nement reÃ§u: 2048 - com.android.systemui
10-01 10:19:41.815  2066  2066 D CrossAppTracking: âœ… App ciblÃ©e dÃ©tectÃ©e: com.android.systemui
10-01 10:19:42.327  2066  2066 D AndroidTracking: Event tracked: ADD_TO_CART - {app=com.android.systemui, packageName=com.android.systemui, productInfo={cartAction=T-Mobile, no signal., productName=T-Mobile, no signal., allTexts=[T-Mobile, no signal.]}, eventType=cross_app_cart_update}
10-01 10:19:42.336  2066  2066 D CrossAppTracking: ðŸ›’ Produit envoyÃ©: T-Mobile, no signal. - Prix: N/A
10-01 10:19:52.358  2066  9904 W AndroidTracking: Failed to send event to server: failed to connect to /10.0.2.2 (port 3001) from /10.0.2.16 (port 59802) after 10000ms
10-01 10:20:00.138  2066  2066 D CrossAppTracking: ðŸ“± Ã‰vÃ©nement reÃ§u: 2048 - com.android.systemui
10-01 10:20:00.138  2066  2066 D CrossAppTracking: âœ… App ciblÃ©e dÃ©tectÃ©e: com.android.systemui
10-01 10:20:00.238  2066  2066 D CrossAppTracking: ðŸ“± Ã‰vÃ©nement reÃ§u: 2048 - com.android.systemui
10-01 10:20:00.238  2066  2066 D CrossAppTracking: âœ… App ciblÃ©e dÃ©tectÃ©e: com.android.systemui
10-01 10:20:00.644  2066  2066 D AndroidTracking: Event tracked: ADD_TO_CART - {app=com.android.systemui, packageName=com.android.systemui, productInfo={productName=10:20â€¯AM, allTexts=[10:20, 10:20â€¯AM]}, eventType=cross_app_cart_update}
10-01 10:20:00.645  2066  2066 D CrossAppTracking: ðŸ›’ Produit envoyÃ©: 10:20â€¯AM - Prix: N/A
10-01 10:20:00.744  2066  2066 D AndroidTracking: Event tracked: ADD_TO_CART - {app=com.android.systemui, packageName=com.android.systemui, productInfo={productName=10:20â€¯AM, allTexts=[10:20, 10:20â€¯AM]}, eventType=cross_app_cart_update}
10-01 10:20:00.745  2066  2066 D CrossAppTracking: ðŸ›’ Produit envoyÃ©: 10:20â€¯AM - Prix: N/A
10-01 10:20:10.650  2066  9904 W AndroidTracking: Failed to send event to server: failed to connect to /10.0.2.2 (port 3001) from /10.0.2.16 (port 40754) after 9999ms
10-01 10:20:10.760  2066  9864 W AndroidTracking: Failed to send event to server: failed to connect to /10.0.2.2 (port 3001) from /10.0.2.16 (port 40766) after 10000ms
10-01 10:20:21.745  2066  2066 D CrossAppTracking: ðŸ“± Ã‰vÃ©nement reÃ§u: 2048 - com.android.systemui
10-01 10:20:21.745  2066  2066 D CrossAppTracking: âœ… App ciblÃ©e dÃ©tectÃ©e: com.android.systemui
10-01 10:20:22.249  2066  2066 D AndroidTracking: Event tracked: ADD_TO_CART - {app=com.android.systemui, packageName=com.android.systemui, productInfo={cartAction=T-Mobile, signal full., productName=T-Mobile, signal full., allTexts=[T-Mobile, signal full.]}, eventType=cross_app_cart_update}
10-01 10:20:22.250  2066  2066 D CrossAppTracking: ðŸ›’ Produit envoyÃ©: T-Mobile, signal full. - Prix: N/A
10-01 10:20:32.263  2066  9864 W AndroidTracking: Failed to send event to server: failed to connect to /10.0.2.2 (port 3001) from /10.0.2.16 (port 47142) after 9999ms
10-01 10:21:03.079  2066  2066 D AndroidTracking: Event tracked: SESSION_START - {platform=android_native, sessionId=android_session_1759306863078_9595b688, deviceInfo={manufacturer=Google, model=sdk_gphone64_x86_64, version=16, sdk=36, screenDensity=2.625, screenWidth=1080, screenHeight=2337}}
10-01 10:21:03.085  2066  2066 D CrossAppTracking: Service de tracking cross-app dÃ©marrÃ©
10-01 10:21:03.182  2066  2066 D CrossAppTracking: ðŸš€ Accessibility Service connectÃ© !
10-01 10:21:03.184  2066  2066 D CrossAppTracking: Service d'accessibilitÃ© configurÃ© pour TOUTES les apps
10-01 10:21:03.184  2066  2066 D CrossAppTracking: ðŸ“‹ Event types: -1
10-01 10:21:03.184  2066  2066 D CrossAppTracking: ðŸ“‹ Flags: 80
10-01 10:21:11.745  2066  2066 D CrossAppTracking: ðŸ“± Ã‰vÃ©nement reÃ§u: 2048 - com.android.systemui
10-01 10:21:11.745  2066  2066 D CrossAppTracking: âœ… App ciblÃ©e dÃ©tectÃ©e: com.android.systemui
10-01 10:21:12.259  2066  2066 D AndroidTracking: Event tracked: ADD_TO_CART - {app=com.android.systemui, packageName=com.android.systemui, productInfo={cartAction=T-Mobile, three bars., productName=T-Mobile, three bars., allTexts=[T-Mobile, three bars.]}, eventType=cross_app_cart_update}
10-01 10:21:12.275  2066  2066 D CrossAppTracking: ðŸ›’ Produit envoyÃ©: T-Mobile, three bars. - Prix: N/A
10-01 10:21:13.102  2066 10143 W AndroidTracking: Failed to send event to server: failed to connect to /10.0.2.2 (port 3001) from /10.0.2.16 (port 41968) after 10000ms
10-01 10:21:22.295  2066 10174 W AndroidTracking: Failed to send event to server: failed to connect to /10.0.2.2 (port 3001) from /10.0.2.16 (port 46538) after 10000ms
10-01 10:21:41.743  2066  2066 D CrossAppTracking: ðŸ“± Ã‰vÃ©nement reÃ§u: 2048 - com.android.systemui
10-01 10:21:41.744  2066  2066 D CrossAppTracking: âœ… App ciblÃ©e dÃ©tectÃ©e: com.android.systemui
10-01 10:21:42.248  2066  2066 D AndroidTracking: Event tracked: ADD_TO_CART - {app=com.android.systemui, packageName=com.android.systemui, productInfo={cartAction=T-Mobile, two bars., productName=T-Mobile, two bars., allTexts=[T-Mobile, two bars.]}, eventType=cross_app_cart_update}
10-01 10:21:42.249  2066  2066 D CrossAppTracking: ðŸ›’ Produit envoyÃ©: T-Mobile, two bars. - Prix: N/A
10-01 10:21:52.260  2066 10174 W AndroidTracking: Failed to send event to server: failed to connect to /10.0.2.2 (port 3001) from /10.0.2.16 (port 58400) after 10000ms
10-01 10:22:00.129  2066  2066 D CrossAppTracking: ðŸ“± Ã‰vÃ©nement reÃ§u: 2048 - com.android.systemui
10-01 10:22:00.129  2066  2066 D CrossAppTracking: âœ… App ciblÃ©e dÃ©tectÃ©e: com.android.systemui
10-01 10:22:00.236  2066  2066 D CrossAppTracking: ðŸ“± Ã‰vÃ©nement reÃ§u: 2048 - com.android.systemui
10-01 10:22:00.236  2066  2066 D CrossAppTracking: âœ… App ciblÃ©e dÃ©tectÃ©e: com.android.systemui
10-01 10:22:00.636  2066  2066 D AndroidTracking: Event tracked: ADD_TO_CART - {app=com.android.systemui, packageName=com.android.systemui, productInfo={productName=10:22â€¯AM, allTexts=[10:22, 10:22â€¯AM]}, eventType=cross_app_cart_update}
10-01 10:22:00.638  2066  2066 D CrossAppTracking: ðŸ›’ Produit envoyÃ©: 10:22â€¯AM - Prix: N/A
10-01 10:22:00.744  2066  2066 D AndroidTracking: Event tracked: ADD_TO_CART - {app=com.android.systemui, packageName=com.android.systemui, productInfo={productName=10:22â€¯AM, allTexts=[10:22, 10:22â€¯AM]}, eventType=cross_app_cart_update}
10-01 10:22:00.747  2066  2066 D CrossAppTracking: ðŸ›’ Produit envoyÃ©: 10:22â€¯AM - Prix: N/A
10-01 10:22:01.756  2066  2066 D CrossAppTracking: ðŸ“± Ã‰vÃ©nement reÃ§u: 2048 - com.android.systemui
10-01 10:22:01.756  2066  2066 D CrossAppTracking: âœ… App ciblÃ©e dÃ©tectÃ©e: com.android.systemui
10-01 10:22:02.258  2066  2066 D AndroidTracking: Event tracked: ADD_TO_CART - {app=com.android.systemui, packageName=com.android.systemui, productInfo={cartAction=T-Mobile, one bar., productName=T-Mobile, one bar., allTexts=[T-Mobile, one bar.]}, eventType=cross_app_cart_update}
10-01 10:22:02.259  2066  2066 D CrossAppTracking: ðŸ›’ Produit envoyÃ©: T-Mobile, one bar. - Prix: N/A
10-01 10:22:10.660  2066 10174 W AndroidTracking: Failed to send event to server: failed to connect to /10.0.2.2 (port 3001) from /10.0.2.16 (port 50970) after 10000ms
10-01 10:22:10.772  2066 10143 W AndroidTracking: Failed to send event to server: failed to connect to /10.0.2.2 (port 3001) from /10.0.2.16 (port 50978) after 10000ms
10-01 10:22:12.272  2066 10185 W AndroidTracking: Failed to send event to server: failed to connect to /10.0.2.2 (port 3001) from /10.0.2.16 (port 50984) after 10000ms
10-01 10:22:41.745  2066  2066 D CrossAppTracking: ðŸ“± Ã‰vÃ©nement reÃ§u: 2048 - com.android.systemui
10-01 10:22:41.745  2066  2066 D CrossAppTracking: âœ… App ciblÃ©e dÃ©tectÃ©e: com.android.systemui
10-01 10:22:42.247  2066  2066 D AndroidTracking: Event tracked: ADD_TO_CART - {app=com.android.systemui, packageName=com.android.systemui, productInfo={cartAction=T-Mobile, no signal., productName=T-Mobile, no signal., allTexts=[T-Mobile, no signal.]}, eventType=cross_app_cart_update}
10-01 10:22:42.250  2066  2066 D CrossAppTracking: ðŸ›’ Produit envoyÃ©: T-Mobile, no signal. - Prix: N/A
10-01 10:22:52.262  2066 10185 W AndroidTracking: Failed to send event to server: failed to connect to /10.0.2.2 (port 3001) from /10.0.2.16 (port 46884) after 10000ms
10-01 10:23:00.134  2066  2066 D CrossAppTracking: ðŸ“± Ã‰vÃ©nement reÃ§u: 2048 - com.android.systemui
10-01 10:23:00.135  2066  2066 D CrossAppTracking: âœ… App ciblÃ©e dÃ©tectÃ©e: com.android.systemui
10-01 10:23:00.236  2066  2066 D CrossAppTracking: ðŸ“± Ã‰vÃ©nement reÃ§u: 2048 - com.android.systemui
10-01 10:23:00.236  2066  2066 D CrossAppTracking: âœ… App ciblÃ©e dÃ©tectÃ©e: com.android.systemui
10-01 10:23:00.640  2066  2066 D AndroidTracking: Event tracked: ADD_TO_CART - {app=com.android.systemui, packageName=com.android.systemui, productInfo={productName=10:23â€¯AM, allTexts=[10:23, 10:23â€¯AM]}, eventType=cross_app_cart_update}
10-01 10:23:00.641  2066  2066 D CrossAppTracking: ðŸ›’ Produit envoyÃ©: 10:23â€¯AM - Prix: N/A
10-01 10:23:00.740  2066  2066 D AndroidTracking: Event tracked: ADD_TO_CART - {app=com.android.systemui, packageName=com.android.systemui, productInfo={productName=10:23â€¯AM, allTexts=[10:23, 10:23â€¯AM]}, eventType=cross_app_cart_update}
10-01 10:23:00.752  2066  2066 D CrossAppTracking: ðŸ›’ Produit envoyÃ©: 10:23â€¯AM - Prix: N/A
10-01 10:23:10.649  2066 10185 W AndroidTracking: Failed to send event to server: failed to connect to /10.0.2.2 (port 3001) from /10.0.2.16 (port 49066) after 10000ms
10-01 10:23:10.765  2066 10143 W AndroidTracking: Failed to send event to server: failed to connect to /10.0.2.2 (port 3001) from /10.0.2.16 (port 49076) after 10000ms
10-01 10:23:21.752  2066  2066 D CrossAppTracking: ðŸ“± Ã‰vÃ©nement reÃ§u: 2048 - com.android.systemui
10-01 10:23:21.752  2066  2066 D CrossAppTracking: âœ… App ciblÃ©e dÃ©tectÃ©e: com.android.systemui
10-01 10:23:22.253  2066  2066 D AndroidTracking: Event tracked: ADD_TO_CART - {app=com.android.systemui, packageName=com.android.systemui, productInfo={cartAction=T-Mobile, signal full., productName=T-Mobile, signal full., allTexts=[T-Mobile, signal full.]}, eventType=cross_app_cart_update}
10-01 10:23:22.254  2066  2066 D CrossAppTracking: ðŸ›’ Produit envoyÃ©: T-Mobile, signal full. - Prix: N/A
10-01 10:23:32.269  2066 10143 W AndroidTracking: Failed to send event to server: failed to connect to /10.0.2.2 (port 3001) from /10.0.2.16 (port 34784) after 10000ms
10-01 10:24:00.118  2066  2066 D CrossAppTracking: ðŸ“± Ã‰vÃ©nement reÃ§u: 2048 - com.android.systemui
10-01 10:24:00.118  2066  2066 D CrossAppTracking: âœ… App ciblÃ©e dÃ©tectÃ©e: com.android.systemui
10-01 10:24:00.215  2066  2066 D CrossAppTracking: ðŸ“± Ã‰vÃ©nement reÃ§u: 2048 - com.android.systemui
10-01 10:24:00.215  2066  2066 D CrossAppTracking: âœ… App ciblÃ©e dÃ©tectÃ©e: com.android.systemui
10-01 10:24:00.620  2066  2066 D AndroidTracking: Event tracked: ADD_TO_CART - {app=com.android.systemui, packageName=com.android.systemui, productInfo={productName=10:24â€¯AM, allTexts=[10:24, 10:24â€¯AM]}, eventType=cross_app_cart_update}
10-01 10:24:00.621  2066  2066 D CrossAppTracking: ðŸ›’ Produit envoyÃ©: 10:24â€¯AM - Prix: N/A
10-01 10:24:00.718  2066  2066 D AndroidTracking: Event tracked: ADD_TO_CART - {app=com.android.systemui, packageName=com.android.systemui, productInfo={productName=10:24â€¯AM, allTexts=[10:24, 10:24â€¯AM]}, eventType=cross_app_cart_update}
10-01 10:24:00.719  2066  2066 D CrossAppTracking: ðŸ›’ Produit envoyÃ©: 10:24â€¯AM - Prix: N/A
10-01 10:24:10.636  2066 10143 W AndroidTracking: Failed to send event to server: failed to connect to /10.0.2.2 (port 3001) from /10.0.2.16 (port 37050) after 10000ms
10-01 10:24:10.735  2066 10185 W AndroidTracking: Failed to send event to server: failed to connect to /10.0.2.2 (port 3001) from /10.0.2.16 (port 37066) after 10000ms
10-01 10:24:11.760  2066  2066 D CrossAppTracking: ðŸ“± Ã‰vÃ©nement reÃ§u: 2048 - com.android.systemui
10-01 10:24:11.760  2066  2066 D CrossAppTracking: âœ… App ciblÃ©e dÃ©tectÃ©e: com.android.systemui
10-01 10:24:12.264  2066  2066 D AndroidTracking: Event tracked: ADD_TO_CART - {app=com.android.systemui, packageName=com.android.systemui, productInfo={cartAction=T-Mobile, three bars., productName=T-Mobile, three bars., allTexts=[T-Mobile, three bars.]}, eventType=cross_app_cart_update}
10-01 10:24:12.273  2066  2066 D CrossAppTracking: ðŸ›’ Produit envoyÃ©: T-Mobile, three bars. - Prix: N/A
10-01 10:24:22.280  2066 10185 W AndroidTracking: Failed to send event to server: failed to connect to /10.0.2.2 (port 3001) from /10.0.2.16 (port 51008) after 10000ms
10-01 10:24:41.746  2066  2066 D CrossAppTracking: ðŸ“± Ã‰vÃ©nement reÃ§u: 2048 - com.android.systemui
10-01 10:24:41.747  2066  2066 D CrossAppTracking: âœ… App ciblÃ©e dÃ©tectÃ©e: com.android.systemui
10-01 10:24:42.250  2066  2066 D AndroidTracking: Event tracked: ADD_TO_CART - {app=com.android.systemui, packageName=com.android.systemui, productInfo={cartAction=T-Mobile, two bars., productName=T-Mobile, two bars., allTexts=[T-Mobile, two bars.]}, eventType=cross_app_cart_update}
10-01 10:24:42.253  2066  2066 D CrossAppTracking: ðŸ›’ Produit envoyÃ©: T-Mobile, two bars. - Prix: N/A
10-01 10:24:52.267  2066 10185 W AndroidTracking: Failed to send event to server: failed to connect to /10.0.2.2 (port 3001) from /10.0.2.16 (port 38656) after 10000ms
10-01 10:25:00.128  2066  2066 D CrossAppTracking: ðŸ“± Ã‰vÃ©nement reÃ§u: 2048 - com.android.systemui
10-01 10:25:00.128  2066  2066 D CrossAppTracking: âœ… App ciblÃ©e dÃ©tectÃ©e: com.android.systemui
10-01 10:25:00.231  2066  2066 D CrossAppTracking: ðŸ“± Ã‰vÃ©nement reÃ§u: 2048 - com.android.systemui
10-01 10:25:00.231  2066  2066 D CrossAppTracking: âœ… App ciblÃ©e dÃ©tectÃ©e: com.android.systemui
10-01 10:25:00.631  2066  2066 D AndroidTracking: Event tracked: ADD_TO_CART - {app=com.android.systemui, packageName=com.android.systemui, productInfo={productName=10:25â€¯AM, allTexts=[10:25, 10:25â€¯AM]}, eventType=cross_app_cart_update}
10-01 10:25:00.632  2066  2066 D CrossAppTracking: ðŸ›’ Produit envoyÃ©: 10:25â€¯AM - Prix: N/A
10-01 10:25:00.735  2066  2066 D AndroidTracking: Event tracked: ADD_TO_CART - {app=com.android.systemui, packageName=com.android.systemui, productInfo={productName=10:25â€¯AM, allTexts=[10:25, 10:25â€¯AM]}, eventType=cross_app_cart_update}
10-01 10:25:00.738  2066  2066 D CrossAppTracking: ðŸ›’ Produit envoyÃ©: 10:25â€¯AM - Prix: N/A
10-01 10:25:01.758  2066  2066 D CrossAppTracking: ðŸ“± Ã‰vÃ©nement reÃ§u: 2048 - com.android.systemui
10-01 10:25:01.758  2066  2066 D CrossAppTracking: âœ… App ciblÃ©e dÃ©tectÃ©e: com.android.systemui
10-01 10:25:02.261  2066  2066 D AndroidTracking: Event tracked: ADD_TO_CART - {app=com.android.systemui, packageName=com.android.systemui, productInfo={cartAction=T-Mobile, one bar., productName=T-Mobile, one bar., allTexts=[T-Mobile, one bar.]}, eventType=cross_app_cart_update}
10-01 10:25:02.268  2066  2066 D CrossAppTracking: ðŸ›’ Produit envoyÃ©: T-Mobile, one bar. - Prix: N/A
10-01 10:25:10.651  2066 10185 W AndroidTracking: Failed to send event to server: failed to connect to /10.0.2.2 (port 3001) from /10.0.2.16 (port 50128) after 9999ms
10-01 10:25:10.754  2066 10143 W AndroidTracking: Failed to send event to server: failed to connect to /10.0.2.2 (port 3001) from /10.0.2.16 (port 50132) after 10000ms
10-01 10:25:12.283  2066 10217 W AndroidTracking: Failed to send event to server: failed to connect to /10.0.2.2 (port 3001) from /10.0.2.16 (port 50144) after 10000ms
10-01 10:25:41.752  2066  2066 D CrossAppTracking: ðŸ“± Ã‰vÃ©nement reÃ§u: 2048 - com.android.systemui
10-01 10:25:41.752  2066  2066 D CrossAppTracking: âœ… App ciblÃ©e dÃ©tectÃ©e: com.android.systemui
10-01 10:25:42.256  2066  2066 D AndroidTracking: Event tracked: ADD_TO_CART - {app=com.android.systemui, packageName=com.android.systemui, productInfo={cartAction=T-Mobile, no signal., productName=T-Mobile, no signal., allTexts=[T-Mobile, no signal.]}, eventType=cross_app_cart_update}
10-01 10:25:42.257  2066  2066 D CrossAppTracking: ðŸ›’ Produit envoyÃ©: T-Mobile, no signal. - Prix: N/A
10-01 10:25:52.278  2066 10217 W AndroidTracking: Failed to send event to server: failed to connect to /10.0.2.2 (port 3001) from /10.0.2.16 (port 49758) after 10000ms
10-01 10:26:00.123  2066  2066 D CrossAppTracking: ðŸ“± Ã‰vÃ©nement reÃ§u: 2048 - com.android.systemui
10-01 10:26:00.123  2066  2066 D CrossAppTracking: âœ… App ciblÃ©e dÃ©tectÃ©e: com.android.systemui
10-01 10:26:00.228  2066  2066 D CrossAppTracking: ðŸ“± Ã‰vÃ©nement reÃ§u: 2048 - com.android.systemui
10-01 10:26:00.229  2066  2066 D CrossAppTracking: âœ… App ciblÃ©e dÃ©tectÃ©e: com.android.systemui
10-01 10:26:00.628  2066  2066 D AndroidTracking: Event tracked: ADD_TO_CART - {app=com.android.systemui, packageName=com.android.systemui, productInfo={productName=10:26â€¯AM, allTexts=[10:26, 10:26â€¯AM]}, eventType=cross_app_cart_update}
10-01 10:26:00.629  2066  2066 D CrossAppTracking: ðŸ›’ Produit envoyÃ©: 10:26â€¯AM - Prix: N/A
10-01 10:26:00.733  2066  2066 D AndroidTracking: Event tracked: ADD_TO_CART - {app=com.android.systemui, packageName=com.android.systemui, productInfo={productName=10:26â€¯AM, allTexts=[10:26, 10:26â€¯AM]}, eventType=cross_app_cart_update}
10-01 10:26:00.733  2066  2066 D CrossAppTracking: ðŸ›’ Produit envoyÃ©: 10:26â€¯AM - Prix: N/A
10-01 10:26:10.642  2066 10217 W AndroidTracking: Failed to send event to server: failed to connect to /10.0.2.2 (port 3001) from /10.0.2.16 (port 46604) after 10000ms
10-01 10:26:10.749  2066 10143 W AndroidTracking: Failed to send event to server: failed to connect to /10.0.2.2 (port 3001) from /10.0.2.16 (port 46620) after 10000ms
10-01 10:26:21.761  2066  2066 D CrossAppTracking: ðŸ“± Ã‰vÃ©nement reÃ§u: 2048 - com.android.systemui
10-01 10:26:21.761  2066  2066 D CrossAppTracking: âœ… App ciblÃ©e dÃ©tectÃ©e: com.android.systemui
10-01 10:26:22.267  2066  2066 D AndroidTracking: Event tracked: ADD_TO_CART - {app=com.android.systemui, packageName=com.android.systemui, productInfo={cartAction=T-Mobile, signal full., productName=T-Mobile, signal full., allTexts=[T-Mobile, signal full.]}, eventType=cross_app_cart_update}
10-01 10:26:22.268  2066  2066 D CrossAppTracking: ðŸ›’ Produit envoyÃ©: T-Mobile, signal full. - Prix: N/A
10-01 10:26:32.281  2066 10143 W AndroidTracking: Failed to send event to server: failed to connect to /10.0.2.2 (port 3001) from /10.0.2.16 (port 43066) after 10000ms
10-01 10:27:00.154  2066  2066 D CrossAppTracking: ðŸ“± Ã‰vÃ©nement reÃ§u: 2048 - com.android.systemui
10-01 10:27:00.155  2066  2066 D CrossAppTracking: âœ… App ciblÃ©e dÃ©tectÃ©e: com.android.systemui
10-01 10:27:00.250  2066  2066 D CrossAppTracking: ðŸ“± Ã‰vÃ©nement reÃ§u: 2048 - com.android.systemui
10-01 10:27:00.250  2066  2066 D CrossAppTracking: âœ… App ciblÃ©e dÃ©tectÃ©e: com.android.systemui
10-01 10:27:00.657  2066  2066 D AndroidTracking: Event tracked: ADD_TO_CART - {app=com.android.systemui, packageName=com.android.systemui, productInfo={productName=10:27â€¯AM, allTexts=[10:27, 10:27â€¯AM]}, eventType=cross_app_cart_update}
10-01 10:27:00.658  2066  2066 D CrossAppTracking: ðŸ›’ Produit envoyÃ©: 10:27â€¯AM - Prix: N/A
10-01 10:27:00.753  2066  2066 D AndroidTracking: Event tracked: ADD_TO_CART - {app=com.android.systemui, packageName=com.android.systemui, productInfo={productName=10:27â€¯AM, allTexts=[10:27, 10:27â€¯AM]}, eventType=cross_app_cart_update}
10-01 10:27:00.755  2066  2066 D CrossAppTracking: ðŸ›’ Produit envoyÃ©: 10:27â€¯AM - Prix: N/A
10-01 10:27:10.671  2066 10143 W AndroidTracking: Failed to send event to server: failed to connect to /10.0.2.2 (port 3001) from /10.0.2.16 (port 59900) after 10000ms
10-01 10:27:10.770  2066 10217 W AndroidTracking: Failed to send event to server: failed to connect to /10.0.2.2 (port 3001) from /10.0.2.16 (port 59902) after 10000ms
10-01 10:27:11.762  2066  2066 D CrossAppTracking: ðŸ“± Ã‰vÃ©nement reÃ§u: 2048 - com.android.systemui
10-01 10:27:11.762  2066  2066 D CrossAppTracking: âœ… App ciblÃ©e dÃ©tectÃ©e: com.android.systemui
10-01 10:27:12.264  2066  2066 D AndroidTracking: Event tracked: ADD_TO_CART - {app=com.android.systemui, packageName=com.android.systemui, productInfo={cartAction=T-Mobile, three bars., productName=T-Mobile, three bars., allTexts=[T-Mobile, three bars.]}, eventType=cross_app_cart_update}
10-01 10:27:12.266  2066  2066 D CrossAppTracking: ðŸ›’ Produit envoyÃ©: T-Mobile, three bars. - Prix: N/A
10-01 10:27:18.745  2066  2066 D CrossAppTracking: ðŸ“± Ã‰vÃ©nement reÃ§u: 2048 - com.android.systemui
10-01 10:27:18.746  2066  2066 D CrossAppTracking: âœ… App ciblÃ©e dÃ©tectÃ©e: com.android.systemui
10-01 10:27:18.852  2066  2066 D CrossAppTracking: ðŸ“± Ã‰vÃ©nement reÃ§u: 2048 - com.android.systemui
10-01 10:27:18.858  2066  2066 D CrossAppTracking: âœ… App ciblÃ©e dÃ©tectÃ©e: com.android.systemui
10-01 10:27:19.265  2066  2066 D AndroidTracking: Event tracked: ADD_TO_CART - {app=com.android.systemui, packageName=com.android.systemui, productInfo={cartAction=T-Mobile, three bars., productName=T-Mobile, three bars., allTexts=[T-Mobile, three bars., 5G, Battery 100 percent.]}, eventType=cross_app_cart_update}
10-01 10:27:19.266  2066  2066 D CrossAppTracking: ðŸ›’ Produit envoyÃ©: T-Mobile, three bars. - Prix: N/A
10-01 10:27:19.418  2066  2066 D AndroidTracking: Event tracked: ADD_TO_CART - {app=com.android.systemui, packageName=com.android.systemui, productInfo={cartAction=T-Mobile, three bars., productName=Google Play services notification: , allTexts=[10:27, 10:27â€¯AM, Appium Settings notification: , Google Play services notification: , Security & privacy notification: , Google Play services notification: , T-Mobile, three bars., 5G, Battery 100 percent.]}, eventType=cross_app_cart_update}
10-01 10:27:19.420  2066  2066 D CrossAppTracking: ðŸ›’ Produit envoyÃ©: Google Play services notification:  - Prix: N/A
10-01 10:27:19.815  2066  2066 D CrossAppTracking: ðŸ“± Ã‰vÃ©nement reÃ§u: 2048 - com.android.systemui
10-01 10:27:19.815  2066  2066 D CrossAppTracking: âœ… App ciblÃ©e dÃ©tectÃ©e: com.android.systemui
10-01 10:27:20.012  2066  2066 D CrossAppTracking: ðŸ“± Ã‰vÃ©nement reÃ§u: 2048 - com.android.systemui
10-01 10:27:20.013  2066  2066 D CrossAppTracking: âœ… App ciblÃ©e dÃ©tectÃ©e: com.android.systemui
10-01 10:27:20.098  2066  2066 D CrossAppTracking: ðŸ“± Ã‰vÃ©nement reÃ§u: 2048 - com.android.systemui
10-01 10:27:20.099  2066  2066 D CrossAppTracking: âœ… App ciblÃ©e dÃ©tectÃ©e: com.android.systemui
10-01 10:27:20.188  2066  2066 D CrossAppTracking: ðŸ“± Ã‰vÃ©nement reÃ§u: 2048 - com.android.systemui
10-01 10:27:20.188  2066  2066 D CrossAppTracking: âœ… App ciblÃ©e dÃ©tectÃ©e: com.android.systemui
10-01 10:27:20.513  2066  2066 D AndroidTracking: Event tracked: ADD_TO_CART - {app=com.android.systemui, packageName=com.android.systemui, productInfo={cartAction=T-Mobile, three bars., productName=T-Mobile, three bars., allTexts=[Wifi signal full., T-Mobile, three bars., Battery 100 percent.]}, eventType=cross_app_cart_update}
10-01 10:27:20.514  2066  2066 D CrossAppTracking: ðŸ›’ Produit envoyÃ©: T-Mobile, three bars. - Prix: N/A
10-01 10:27:20.600  2066  2066 D AndroidTracking: Event tracked: ADD_TO_CART - {app=com.android.systemui, packageName=com.android.systemui, productInfo={cartAction=T-Mobile, three bars., productName=Google Play services notification: , allTexts=[10:27, 10:27â€¯AM, Appium Settings notification: , Google Play services notification: , Security & privacy notification: , Google Play services notification: , Wifi signal full., T-Mobile, three bars., Battery 100 percent.]}, eventType=cross_app_cart_update}
10-01 10:27:20.600  2066  2066 D CrossAppTracking: ðŸ›’ Produit envoyÃ©: Google Play services notification:  - Prix: N/A
10-01 10:27:20.611  2066  2066 D AndroidTracking: Event tracked: ADD_TO_CART - {app=com.android.systemui, packageName=com.android.systemui, productInfo={cartAction=T-Mobile, three bars., productName=T-Mobile, three bars., allTexts=[Wifi signal full., T-Mobile, three bars., Battery 100 percent.]}, eventType=cross_app_cart_update}
10-01 10:27:20.612  2066  2066 D CrossAppTracking: ðŸ›’ Produit envoyÃ©: T-Mobile, three bars. - Prix: N/A
10-01 10:27:20.696  2066  2066 D AndroidTracking: Event tracked: ADD_TO_CART - {app=com.android.systemui, packageName=com.android.systemui, productInfo={cartAction=T-Mobile, three bars., productName=T-Mobile, three bars., allTexts=[Wifi signal full., T-Mobile, three bars., Battery 100 percent.]}, eventType=cross_app_cart_update}
10-01 10:27:20.697  2066  2066 D CrossAppTracking: ðŸ›’ Produit envoyÃ©: T-Mobile, three bars. - Prix: N/A
10-01 10:27:22.283  2066 10217 W AndroidTracking: Failed to send event to server: failed to connect to /10.0.2.2 (port 3001) from /10.0.2.16 (port 56294) after 10000ms
10-01 10:27:29.278  2066 10143 W AndroidTracking: Failed to send event to server: failed to connect to /10.0.2.2 (port 3001) from /10.0.2.15 (port 46484) after 10000ms
10-01 10:27:29.435  2066 10263 W AndroidTracking: Failed to send event to server: failed to connect to /10.0.2.2 (port 3001) from /10.0.2.15 (port 46500) after 10000ms
10-01 10:27:30.529  2066 10298 W AndroidTracking: Failed to send event to server: failed to connect to /10.0.2.2 (port 3001) from /10.0.2.16 (port 41460) after 9999ms
10-01 10:27:30.613  2066 10299 W AndroidTracking: Failed to send event to server: failed to connect to /10.0.2.2 (port 3001) from /10.0.2.16 (port 41466) after 10000ms
10-01 10:27:32.299  2066 10300 W AndroidTracking: Failed to send event to server: failed to connect to /10.0.2.2 (port 3001) from /10.0.2.16 (port 41474) after 10000ms
10-01 10:27:39.293  2066 10217 W AndroidTracking: Failed to send event to server: failed to connect to /10.0.2.2 (port 3001) from /10.0.2.16 (port 42122) after 10000ms
10-01 10:27:41.768  2066  2066 D CrossAppTracking: ðŸ“± Ã‰vÃ©nement reÃ§u: 2048 - com.android.systemui
10-01 10:27:41.768  2066  2066 D CrossAppTracking: âœ… App ciblÃ©e dÃ©tectÃ©e: com.android.systemui
10-01 10:27:42.271  2066  2066 D AndroidTracking: Event tracked: ADD_TO_CART - {app=com.android.systemui, packageName=com.android.systemui, productInfo={cartAction=T-Mobile, two bars., productName=T-Mobile, two bars., allTexts=[T-Mobile, two bars.]}, eventType=cross_app_cart_update}
10-01 10:27:42.273  2066  2066 D CrossAppTracking: ðŸ›’ Produit envoyÃ©: T-Mobile, two bars. - Prix: N/A
10-01 10:27:52.288  2066 10217 W AndroidTracking: Failed to send event to server: failed to connect to /10.0.2.2 (port 3001) from /10.0.2.16 (port 60182) after 10000ms
10-01 10:28:00.114  2066  2066 D CrossAppTracking: ðŸ“± Ã‰vÃ©nement reÃ§u: 2048 - com.android.systemui
10-01 10:28:00.114  2066  2066 D CrossAppTracking: âœ… App ciblÃ©e dÃ©tectÃ©e: com.android.systemui
10-01 10:28:00.219  2066  2066 D CrossAppTracking: ðŸ“± Ã‰vÃ©nement reÃ§u: 2048 - com.android.systemui
10-01 10:28:00.219  2066  2066 D CrossAppTracking: âœ… App ciblÃ©e dÃ©tectÃ©e: com.android.systemui
10-01 10:28:00.619  2066  2066 D AndroidTracking: Event tracked: ADD_TO_CART - {app=com.android.systemui, packageName=com.android.systemui, productInfo={productName=10:28â€¯AM, allTexts=[10:28, 10:28â€¯AM]}, eventType=cross_app_cart_update}
10-01 10:28:00.621  2066  2066 D CrossAppTracking: ðŸ›’ Produit envoyÃ©: 10:28â€¯AM - Prix: N/A
10-01 10:28:00.724  2066  2066 D AndroidTracking: Event tracked: ADD_TO_CART - {app=com.android.systemui, packageName=com.android.systemui, productInfo={productName=10:28â€¯AM, allTexts=[10:28, 10:28â€¯AM]}, eventType=cross_app_cart_update}
10-01 10:28:00.725  2066  2066 D CrossAppTracking: ðŸ›’ Produit envoyÃ©: 10:28â€¯AM - Prix: N/A
10-01 10:28:01.772  2066  2066 D CrossAppTracking: ðŸ“± Ã‰vÃ©nement reÃ§u: 2048 - com.android.systemui
10-01 10:28:01.772  2066  2066 D CrossAppTracking: âœ… App ciblÃ©e dÃ©tectÃ©e: com.android.systemui
10-01 10:28:02.275  2066  2066 D AndroidTracking: Event tracked: ADD_TO_CART - {app=com.android.systemui, packageName=com.android.systemui, productInfo={cartAction=T-Mobile, one bar., productName=T-Mobile, one bar., allTexts=[T-Mobile, one bar.]}, eventType=cross_app_cart_update}
10-01 10:28:02.277  2066  2066 D CrossAppTracking: ðŸ›’ Produit envoyÃ©: T-Mobile, one bar. - Prix: N/A
10-01 10:28:10.638  2066 10217 W AndroidTracking: Failed to send event to server: failed to connect to /10.0.2.2 (port 3001) from /10.0.2.16 (port 35234) after 10000ms
10-01 10:28:10.743  2066 10300 W AndroidTracking: Failed to send event to server: failed to connect to /10.0.2.2 (port 3001) from /10.0.2.16 (port 35248) after 10000ms
10-01 10:28:12.291  2066 10299 W AndroidTracking: Failed to send event to server: failed to connect to /10.0.2.2 (port 3001) from /10.0.2.16 (port 35254) after 10000ms
10-01 10:28:41.765  2066  2066 D CrossAppTracking: ðŸ“± Ã‰vÃ©nement reÃ§u: 2048 - com.android.systemui
10-01 10:28:41.765  2066  2066 D CrossAppTracking: âœ… App ciblÃ©e dÃ©tectÃ©e: com.android.systemui
10-01 10:28:42.268  2066  2066 D AndroidTracking: Event tracked: ADD_TO_CART - {app=com.android.systemui, packageName=com.android.systemui, productInfo={cartAction=T-Mobile, no signal., productName=T-Mobile, no signal., allTexts=[T-Mobile, no signal.]}, eventType=cross_app_cart_update}
10-01 10:28:42.269  2066  2066 D CrossAppTracking: ðŸ›’ Produit envoyÃ©: T-Mobile, no signal. - Prix: N/A
10-01 10:28:52.285  2066 10299 W AndroidTracking: Failed to send event to server: failed to connect to /10.0.2.2 (port 3001) from /10.0.2.16 (port 46036) after 10000ms
10-01 10:29:00.134  2066  2066 D CrossAppTracking: ðŸ“± Ã‰vÃ©nement reÃ§u: 2048 - com.android.systemui
10-01 10:29:00.134  2066  2066 D CrossAppTracking: âœ… App ciblÃ©e dÃ©tectÃ©e: com.android.systemui
10-01 10:29:00.235  2066  2066 D CrossAppTracking: ðŸ“± Ã‰vÃ©nement reÃ§u: 2048 - com.android.systemui
10-01 10:29:00.235  2066  2066 D CrossAppTracking: âœ… App ciblÃ©e dÃ©tectÃ©e: com.android.systemui
10-01 10:29:00.637  2066  2066 D AndroidTracking: Event tracked: ADD_TO_CART - {app=com.android.systemui, packageName=com.android.systemui, productInfo={productName=10:29â€¯AM, allTexts=[10:29, 10:29â€¯AM]}, eventType=cross_app_cart_update}
10-01 10:29:00.639  2066  2066 D CrossAppTracking: ðŸ›’ Produit envoyÃ©: 10:29â€¯AM - Prix: N/A
10-01 10:29:00.738  2066  2066 D AndroidTracking: Event tracked: ADD_TO_CART - {app=com.android.systemui, packageName=com.android.systemui, productInfo={productName=10:29â€¯AM, allTexts=[10:29, 10:29â€¯AM]}, eventType=cross_app_cart_update}
10-01 10:29:00.739  2066  2066 D CrossAppTracking: ðŸ›’ Produit envoyÃ©: 10:29â€¯AM - Prix: N/A
10-01 10:29:10.661  2066 10299 W AndroidTracking: Failed to send event to server: failed to connect to /10.0.2.2 (port 3001) from /10.0.2.16 (port 51552) after 10000ms
10-01 10:29:10.750  2066 10300 W AndroidTracking: Failed to send event to server: failed to connect to /10.0.2.2 (port 3001) from /10.0.2.16 (port 51564) after 10000ms
10-01 10:29:21.759  2066  2066 D CrossAppTracking: ðŸ“± Ã‰vÃ©nement reÃ§u: 2048 - com.android.systemui
10-01 10:29:21.759  2066  2066 D CrossAppTracking: âœ… App ciblÃ©e dÃ©tectÃ©e: com.android.systemui
10-01 10:29:22.265  2066  2066 D AndroidTracking: Event tracked: ADD_TO_CART - {app=com.android.systemui, packageName=com.android.systemui, productInfo={cartAction=T-Mobile, signal full., productName=T-Mobile, signal full., allTexts=[T-Mobile, signal full.]}, eventType=cross_app_cart_update}
10-01 10:29:22.266  2066  2066 D CrossAppTracking: ðŸ›’ Produit envoyÃ©: T-Mobile, signal full. - Prix: N/A
10-01 10:29:32.273  2066 10300 W AndroidTracking: Failed to send event to server: failed to connect to /10.0.2.2 (port 3001) from /10.0.2.16 (port 43394) after 10000ms
10-01 10:30:00.129  2066  2066 D CrossAppTracking: ðŸ“± Ã‰vÃ©nement reÃ§u: 2048 - com.android.systemui
10-01 10:30:00.129  2066  2066 D CrossAppTracking: âœ… App ciblÃ©e dÃ©tectÃ©e: com.android.systemui
10-01 10:30:00.229  2066  2066 D CrossAppTracking: ðŸ“± Ã‰vÃ©nement reÃ§u: 2048 - com.android.systemui
10-01 10:30:00.229  2066  2066 D CrossAppTracking: âœ… App ciblÃ©e dÃ©tectÃ©e: com.android.systemui
10-01 10:30:00.634  2066  2066 D AndroidTracking: Event tracked: ADD_TO_CART - {app=com.android.systemui, packageName=com.android.systemui, productInfo={productName=10:30â€¯AM, allTexts=[10:30, 10:30â€¯AM]}, eventType=cross_app_cart_update}
10-01 10:30:00.636  2066  2066 D CrossAppTracking: ðŸ›’ Produit envoyÃ©: 10:30â€¯AM - Prix: N/A
10-01 10:30:00.733  2066  2066 D AndroidTracking: Event tracked: ADD_TO_CART - {app=com.android.systemui, packageName=com.android.systemui, productInfo={productName=10:30â€¯AM, allTexts=[10:30, 10:30â€¯AM]}, eventType=cross_app_cart_update}
10-01 10:30:00.734  2066  2066 D CrossAppTracking: ðŸ›’ Produit envoyÃ©: 10:30â€¯AM - Prix: N/A
10-01 10:30:10.651  2066 10300 W AndroidTracking: Failed to send event to server: failed to connect to /10.0.2.2 (port 3001) from /10.0.2.16 (port 59084) after 10000ms
10-01 10:30:10.753  2066 10299 W AndroidTracking: Failed to send event to server: failed to connect to /10.0.2.2 (port 3001) from /10.0.2.16 (port 59086) after 10000ms
10-01 10:30:11.765  2066  2066 D CrossAppTracking: ðŸ“± Ã‰vÃ©nement reÃ§u: 2048 - com.android.systemui
10-01 10:30:11.765  2066  2066 D CrossAppTracking: âœ… App ciblÃ©e dÃ©tectÃ©e: com.android.systemui
10-01 10:30:12.268  2066  2066 D AndroidTracking: Event tracked: ADD_TO_CART - {app=com.android.systemui, packageName=com.android.systemui, productInfo={cartAction=T-Mobile, three bars., productName=T-Mobile, three bars., allTexts=[T-Mobile, three bars.]}, eventType=cross_app_cart_update}
10-01 10:30:12.269  2066  2066 D CrossAppTracking: ðŸ›’ Produit envoyÃ©: T-Mobile, three bars. - Prix: N/A
10-01 10:30:22.283  2066 10299 W AndroidTracking: Failed to send event to server: failed to connect to /10.0.2.2 (port 3001) from /10.0.2.16 (port 36722) after 9999ms
10-01 10:30:41.754  2066  2066 D CrossAppTracking: ðŸ“± Ã‰vÃ©nement reÃ§u: 2048 - com.android.systemui
10-01 10:30:41.754  2066  2066 D CrossAppTracking: âœ… App ciblÃ©e dÃ©tectÃ©e: com.android.systemui
10-01 10:30:42.257  2066  2066 D AndroidTracking: Event tracked: ADD_TO_CART - {app=com.android.systemui, packageName=com.android.systemui, productInfo={cartAction=T-Mobile, two bars., productName=T-Mobile, two bars., allTexts=[T-Mobile, two bars.]}, eventType=cross_app_cart_update}
10-01 10:30:42.258  2066  2066 D CrossAppTracking: ðŸ›’ Produit envoyÃ©: T-Mobile, two bars. - Prix: N/A
10-01 10:30:52.272  2066 10299 W AndroidTracking: Failed to send event to server: failed to connect to /10.0.2.2 (port 3001) from /10.0.2.16 (port 42768) after 10000ms
10-01 10:31:00.111  2066  2066 D CrossAppTracking: ðŸ“± Ã‰vÃ©nement reÃ§u: 2048 - com.android.systemui
10-01 10:31:00.111  2066  2066 D CrossAppTracking: âœ… App ciblÃ©e dÃ©tectÃ©e: com.android.systemui
10-01 10:31:00.214  2066  2066 D CrossAppTracking: ðŸ“± Ã‰vÃ©nement reÃ§u: 2048 - com.android.systemui
10-01 10:31:00.214  2066  2066 D CrossAppTracking: âœ… App ciblÃ©e dÃ©tectÃ©e: com.android.systemui
10-01 10:31:00.615  2066  2066 D AndroidTracking: Event tracked: ADD_TO_CART - {app=com.android.systemui, packageName=com.android.systemui, productInfo={productName=10:31â€¯AM, allTexts=[10:31, 10:31â€¯AM]}, eventType=cross_app_cart_update}
10-01 10:31:00.616  2066  2066 D CrossAppTracking: ðŸ›’ Produit envoyÃ©: 10:31â€¯AM - Prix: N/A
10-01 10:31:00.717  2066  2066 D AndroidTracking: Event tracked: ADD_TO_CART - {app=com.android.systemui, packageName=com.android.systemui, productInfo={productName=10:31â€¯AM, allTexts=[10:31, 10:31â€¯AM]}, eventType=cross_app_cart_update}
10-01 10:31:00.717  2066  2066 D CrossAppTracking: ðŸ›’ Produit envoyÃ©: 10:31â€¯AM - Prix: N/A
10-01 10:31:01.762  2066  2066 D CrossAppTracking: ðŸ“± Ã‰vÃ©nement reÃ§u: 2048 - com.android.systemui
10-01 10:31:01.762  2066  2066 D CrossAppTracking: âœ… App ciblÃ©e dÃ©tectÃ©e: com.android.systemui
10-01 10:31:02.265  2066  2066 D AndroidTracking: Event tracked: ADD_TO_CART - {app=com.android.systemui, packageName=com.android.systemui, productInfo={cartAction=T-Mobile, one bar., productName=T-Mobile, one bar., allTexts=[T-Mobile, one bar.]}, eventType=cross_app_cart_update}
10-01 10:31:02.266  2066  2066 D CrossAppTracking: ðŸ›’ Produit envoyÃ©: T-Mobile, one bar. - Prix: N/A
10-01 10:31:10.629  2066 10299 W AndroidTracking: Failed to send event to server: failed to connect to /10.0.2.2 (port 3001) from /10.0.2.16 (port 57096) after 10000ms
10-01 10:31:10.730  2066 10300 W AndroidTracking: Failed to send event to server: failed to connect to /10.0.2.2 (port 3001) from /10.0.2.16 (port 57102) after 10000ms
10-01 10:31:12.290  2066 10326 W AndroidTracking: Failed to send event to server: failed to connect to /10.0.2.2 (port 3001) from /10.0.2.16 (port 57108) after 9999ms
10-01 10:31:41.753  2066  2066 D CrossAppTracking: ðŸ“± Ã‰vÃ©nement reÃ§u: 2048 - com.android.systemui
10-01 10:31:41.753  2066  2066 D CrossAppTracking: âœ… App ciblÃ©e dÃ©tectÃ©e: com.android.systemui
10-01 10:31:42.257  2066  2066 D AndroidTracking: Event tracked: ADD_TO_CART - {app=com.android.systemui, packageName=com.android.systemui, productInfo={cartAction=T-Mobile, no signal., productName=T-Mobile, no signal., allTexts=[T-Mobile, no signal.]}, eventType=cross_app_cart_update}
10-01 10:31:42.258  2066  2066 D CrossAppTracking: ðŸ›’ Produit envoyÃ©: T-Mobile, no signal. - Prix: N/A
10-01 10:31:52.270  2066 10326 W AndroidTracking: Failed to send event to server: failed to connect to /10.0.2.2 (port 3001) from /10.0.2.16 (port 48722) after 10000ms
10-01 10:32:00.126  2066  2066 D CrossAppTracking: ðŸ“± Ã‰vÃ©nement reÃ§u: 2048 - com.android.systemui
10-01 10:32:00.126  2066  2066 D CrossAppTracking: âœ… App ciblÃ©e dÃ©tectÃ©e: com.android.systemui
10-01 10:32:00.228  2066  2066 D CrossAppTracking: ðŸ“± Ã‰vÃ©nement reÃ§u: 2048 - com.android.systemui
10-01 10:32:00.228  2066  2066 D CrossAppTracking: âœ… App ciblÃ©e dÃ©tectÃ©e: com.android.systemui
10-01 10:32:00.633  2066  2066 D AndroidTracking: Event tracked: ADD_TO_CART - {app=com.android.systemui, packageName=com.android.systemui, productInfo={productName=10:32â€¯AM, allTexts=[10:32, 10:32â€¯AM]}, eventType=cross_app_cart_update}
10-01 10:32:00.634  2066  2066 D CrossAppTracking: ðŸ›’ Produit envoyÃ©: 10:32â€¯AM - Prix: N/A
10-01 10:32:00.730  2066  2066 D AndroidTracking: Event tracked: ADD_TO_CART - {app=com.android.systemui, packageName=com.android.systemui, productInfo={productName=10:32â€¯AM, allTexts=[10:32, 10:32â€¯AM]}, eventType=cross_app_cart_update}
10-01 10:32:00.732  2066  2066 D CrossAppTracking: ðŸ›’ Produit envoyÃ©: 10:32â€¯AM - Prix: N/A
10-01 10:32:10.646  2066 10326 W AndroidTracking: Failed to send event to server: failed to connect to /10.0.2.2 (port 3001) from /10.0.2.16 (port 48918) after 9999ms
10-01 10:32:10.746  2066 10300 W AndroidTracking: Failed to send event to server: failed to connect to /10.0.2.2 (port 3001) from /10.0.2.16 (port 48920) after 10000ms
10-01 10:32:21.771  2066  2066 D CrossAppTracking: ðŸ“± Ã‰vÃ©nement reÃ§u: 2048 - com.android.systemui
10-01 10:32:21.771  2066  2066 D CrossAppTracking: âœ… App ciblÃ©e dÃ©tectÃ©e: com.android.systemui
10-01 10:32:22.274  2066  2066 D AndroidTracking: Event tracked: ADD_TO_CART - {app=com.android.systemui, packageName=com.android.systemui, productInfo={cartAction=T-Mobile, signal full., productName=T-Mobile, signal full., allTexts=[T-Mobile, signal full.]}, eventType=cross_app_cart_update}
10-01 10:32:22.277  2066  2066 D CrossAppTracking: ðŸ›’ Produit envoyÃ©: T-Mobile, signal full. - Prix: N/A
10-01 10:32:32.297  2066 10300 W AndroidTracking: Failed to send event to server: failed to connect to /10.0.2.2 (port 3001) from /10.0.2.16 (port 54686) after 10000ms
10-01 10:33:00.130  2066  2066 D CrossAppTracking: ðŸ“± Ã‰vÃ©nement reÃ§u: 2048 - com.android.systemui
10-01 10:33:00.130  2066  2066 D CrossAppTracking: âœ… App ciblÃ©e dÃ©tectÃ©e: com.android.systemui
10-01 10:33:00.234  2066  2066 D CrossAppTracking: ðŸ“± Ã‰vÃ©nement reÃ§u: 2048 - com.android.systemui
10-01 10:33:00.235  2066  2066 D CrossAppTracking: âœ… App ciblÃ©e dÃ©tectÃ©e: com.android.systemui
10-01 10:33:00.634  2066  2066 D AndroidTracking: Event tracked: ADD_TO_CART - {app=com.android.systemui, packageName=com.android.systemui, productInfo={productName=10:33â€¯AM, allTexts=[10:33, 10:33â€¯AM]}, eventType=cross_app_cart_update}
10-01 10:33:00.635  2066  2066 D CrossAppTracking: ðŸ›’ Produit envoyÃ©: 10:33â€¯AM - Prix: N/A
10-01 10:33:00.741  2066  2066 D AndroidTracking: Event tracked: ADD_TO_CART - {app=com.android.systemui, packageName=com.android.systemui, productInfo={productName=10:33â€¯AM, allTexts=[10:33, 10:33â€¯AM]}, eventType=cross_app_cart_update}
10-01 10:33:00.743  2066  2066 D CrossAppTracking: ðŸ›’ Produit envoyÃ©: 10:33â€¯AM - Prix: N/A
10-01 10:33:10.649  2066 10300 W AndroidTracking: Failed to send event to server: failed to connect to /10.0.2.2 (port 3001) from /10.0.2.16 (port 37434) after 10000ms
10-01 10:33:10.750  2066 10326 W AndroidTracking: Failed to send event to server: failed to connect to /10.0.2.2 (port 3001) from /10.0.2.16 (port 37438) after 10000ms
10-01 10:33:11.777  2066  2066 D CrossAppTracking: ðŸ“± Ã‰vÃ©nement reÃ§u: 2048 - com.android.systemui
10-01 10:33:11.777  2066  2066 D CrossAppTracking: âœ… App ciblÃ©e dÃ©tectÃ©e: com.android.systemui
10-01 10:33:12.281  2066  2066 D AndroidTracking: Event tracked: ADD_TO_CART - {app=com.android.systemui, packageName=com.android.systemui, productInfo={cartAction=T-Mobile, three bars., productName=T-Mobile, three bars., allTexts=[T-Mobile, three bars.]}, eventType=cross_app_cart_update}
10-01 10:33:12.282  2066  2066 D CrossAppTracking: ðŸ›’ Produit envoyÃ©: T-Mobile, three bars. - Prix: N/A
10-01 10:33:22.298  2066 10326 W AndroidTracking: Failed to send event to server: failed to connect to /10.0.2.2 (port 3001) from /10.0.2.16 (port 34622) after 10000ms
10-01 10:33:41.772  2066  2066 D CrossAppTracking: ðŸ“± Ã‰vÃ©nement reÃ§u: 2048 - com.android.systemui
10-01 10:33:41.772  2066  2066 D CrossAppTracking: âœ… App ciblÃ©e dÃ©tectÃ©e: com.android.systemui
10-01 10:33:42.276  2066  2066 D AndroidTracking: Event tracked: ADD_TO_CART - {app=com.android.systemui, packageName=com.android.systemui, productInfo={cartAction=T-Mobile, two bars., productName=T-Mobile, two bars., allTexts=[T-Mobile, two bars.]}, eventType=cross_app_cart_update}
10-01 10:33:42.276  2066  2066 D CrossAppTracking: ðŸ›’ Produit envoyÃ©: T-Mobile, two bars. - Prix: N/A
10-01 10:33:52.290  2066 10326 W AndroidTracking: Failed to send event to server: failed to connect to /10.0.2.2 (port 3001) from /10.0.2.16 (port 60768) after 10000ms
10-01 10:34:00.143  2066  2066 D CrossAppTracking: ðŸ“± Ã‰vÃ©nement reÃ§u: 2048 - com.android.systemui
10-01 10:34:00.143  2066  2066 D CrossAppTracking: âœ… App ciblÃ©e dÃ©tectÃ©e: com.android.systemui
10-01 10:34:00.248  2066  2066 D CrossAppTracking: ðŸ“± Ã‰vÃ©nement reÃ§u: 2048 - com.android.systemui
10-01 10:34:00.248  2066  2066 D CrossAppTracking: âœ… App ciblÃ©e dÃ©tectÃ©e: com.android.systemui
10-01 10:34:00.646  2066  2066 D AndroidTracking: Event tracked: ADD_TO_CART - {app=com.android.systemui, packageName=com.android.systemui, productInfo={productName=10:34â€¯AM, allTexts=[10:34, 10:34â€¯AM]}, eventType=cross_app_cart_update}
10-01 10:34:00.647  2066  2066 D CrossAppTracking: ðŸ›’ Produit envoyÃ©: 10:34â€¯AM - Prix: N/A
10-01 10:34:00.752  2066  2066 D AndroidTracking: Event tracked: ADD_TO_CART - {app=com.android.systemui, packageName=com.android.systemui, productInfo={productName=10:34â€¯AM, allTexts=[10:34, 10:34â€¯AM]}, eventType=cross_app_cart_update}
10-01 10:34:00.753  2066  2066 D CrossAppTracking: ðŸ›’ Produit envoyÃ©: 10:34â€¯AM - Prix: N/A
10-01 10:34:01.769  2066  2066 D CrossAppTracking: ðŸ“± Ã‰vÃ©nement reÃ§u: 2048 - com.android.systemui
10-01 10:34:01.770  2066  2066 D CrossAppTracking: âœ… App ciblÃ©e dÃ©tectÃ©e: com.android.systemui
10-01 10:34:02.274  2066  2066 D AndroidTracking: Event tracked: ADD_TO_CART - {app=com.android.systemui, packageName=com.android.systemui, productInfo={cartAction=T-Mobile, one bar., productName=T-Mobile, one bar., allTexts=[T-Mobile, one bar.]}, eventType=cross_app_cart_update}
10-01 10:34:02.276  2066  2066 D CrossAppTracking: ðŸ›’ Produit envoyÃ©: T-Mobile, one bar. - Prix: N/A
10-01 10:34:10.651  2066 10326 W AndroidTracking: Failed to send event to server: failed to connect to /10.0.2.2 (port 3001) from /10.0.2.16 (port 43108) after 10000ms
10-01 10:34:10.770  2066 10300 W AndroidTracking: Failed to send event to server: failed to connect to /10.0.2.2 (port 3001) from /10.0.2.16 (port 43122) after 10000ms
10-01 10:34:12.291  2066 10388 W AndroidTracking: Failed to send event to server: failed to connect to /10.0.2.2 (port 3001) from /10.0.2.16 (port 43134) after 10000ms
10-01 10:34:41.823  2066  2066 D CrossAppTracking: ðŸ“± Ã‰vÃ©nement reÃ§u: 2048 - com.android.systemui
10-01 10:34:41.823  2066  2066 D CrossAppTracking: âœ… App ciblÃ©e dÃ©tectÃ©e: com.android.systemui
