10-01 12:17:33.211 16673 16673 D AndroidTracking: Event tracked: ADD_TO_CART - {app=Carrefour, packageName=com.carrefour.fid.android, productInfo={productName=Bouton de substitution, allTexts=[Bouton de substitution]}, eventType=cross_app_cart_update}
10-01 12:17:33.214 16673 16673 D CrossAppTracking: 🛒 Produit envoyé: Bouton de substitution - Prix: N/A
10-01 12:17:33.215 16673 16673 D AndroidTracking: Event tracked: ADD_TO_CART - {app=Carrefour, packageName=com.carrefour.fid.android, productInfo={cartAction=Vider tout le panier, productName=Vider tout le panier, allTexts=[Vider tout le panier, Vider tout le panier]}, eventType=cross_app_cart_update}
10-01 12:17:33.218 16673 16673 D CrossAppTracking: 🛒 Produit envoyé: Vider tout le panier - Prix: N/A
10-01 12:17:33.218 16673 16673 D AndroidTracking: Event tracked: ADD_TO_CART - {app=Carrefour, packageName=com.carrefour.fid.android, productInfo={price=Promotion: -10% Club. vous avez cagnottés0.0€. produits concernés: Kiwi Hayward ., cartAction=-10% Club, productName=-10% Club, allTexts=[Promotion: -10% Club. vous avez cagnottés0.0€. produits concernés: Kiwi Hayward ., -10% Club]}, eventType=cross_app_cart_update}
10-01 12:17:33.219 16673 16673 D CrossAppTracking: 🛒 Produit envoyé: -10% Club - Prix: Promotion: -10% Club. vous avez cagnottés0.0€. produits concernés: Kiwi Hayward .
10-01 12:17:33.219 16673 16673 D AndroidTracking: Event tracked: CONTENT_CHANGED - {app=Carrefour, packageName=com.carrefour.fid.android, eventType=cross_app_content_change, timestamp=1759313852660}
10-01 12:17:33.222 16673 16930 D AndroidTracking: Event sent to server successfully
10-01 12:17:33.222 16673 16673 D AndroidTracking: Event tracked: ADD_TO_CART - {app=Carrefour, packageName=com.carrefour.fid.android, productInfo={productName=Ananas en morceaux CARREFOUR LE MARCHE, allTexts=[Ananas en morceaux CARREFOUR LE MARCHE]}, eventType=cross_app_cart_update}
10-01 12:17:33.222 16673 16673 D CrossAppTracking: 🛒 Produit envoyé: Ananas en morceaux CARREFOUR LE MARCHE - Prix: N/A
10-01 12:17:33.223 16673 16673 D AndroidTracking: Event tracked: ADD_TO_CART - {app=Carrefour, packageName=com.carrefour.fid.android, productInfo={productName=Découvrez nos meilleurs alternatives pour remplacer vos produits indisponibles., allTexts=[Découvrez nos meilleurs alternatives pour remplacer vos produits indisponibles.]}, eventType=cross_app_cart_update}
10-01 12:17:33.224 16673 16673 D CrossAppTracking: 🛒 Produit envoyé: Découvrez nos meilleurs alternatives pour remplacer vos produits indisponibles. - Prix: N/A
10-01 12:17:33.234 16673 16785 D AndroidTracking: Event sent to server successfully
10-01 12:17:33.235 16673 16932 D AndroidTracking: Event sent to server successfully
10-01 12:17:33.238 16673 16788 D AndroidTracking: Event sent to server successfully
10-01 12:17:33.249 16673 16786 D AndroidTracking: Event sent to server successfully
10-01 12:17:33.250 16673 16673 D AndroidTracking: Event tracked: ADD_TO_CART - {app=Carrefour, packageName=com.carrefour.fid.android, productInfo={productName=Panier, allTexts=[Panier]}, eventType=cross_app_cart_update}
10-01 12:17:33.250 16673 16787 D AndroidTracking: Event sent to server successfully
10-01 12:17:33.250 16673 16673 D CrossAppTracking: 🛒 Produit envoyé: Panier - Prix: N/A
10-01 12:17:33.257 16673 16673 D AndroidTracking: Event tracked: ADD_TO_CART - {app=Carrefour, packageName=com.carrefour.fid.android, productInfo={productName=Poires CARREFOUR BIO, allTexts=[Poires CARREFOUR BIO]}, eventType=cross_app_cart_update}
10-01 12:17:33.257 16673 16673 D CrossAppTracking: 🛒 Produit envoyé: Poires CARREFOUR BIO - Prix: N/A
10-01 12:17:33.274 16673 16930 D AndroidTracking: Event sent to server successfully
10-01 12:17:33.290 16673 16932 D AndroidTracking: Event sent to server successfully
10-01 12:17:33.293 16673 16785 D AndroidTracking: Event sent to server successfully
10-01 12:17:33.294 16673 16786 D AndroidTracking: Event sent to server successfully
10-01 12:17:33.295 16673 16673 D AndroidTracking: Event tracked: ADD_TO_CART - {app=Carrefour, packageName=com.carrefour.fid.android, productInfo={cartAction=Retirer un produit du panier, productName=Retirer un produit du panier, allTexts=[Retirer un produit du panier]}, eventType=cross_app_cart_update}
10-01 12:17:33.296 16673 16673 D CrossAppTracking: 🛒 Produit envoyé: Retirer un produit du panier - Prix: N/A
10-01 12:17:33.298 16673 16787 D AndroidTracking: Event sent to server successfully
10-01 12:17:33.301 16673 16788 D AndroidTracking: Event sent to server successfully
10-01 12:17:33.318 16673 16930 D AndroidTracking: Event sent to server successfully
10-01 12:17:33.321 16673 16932 D AndroidTracking: Event sent to server successfully
10-01 12:17:33.322 16673 16786 D AndroidTracking: Event sent to server successfully
10-01 12:17:33.324 16673 16785 D AndroidTracking: Event sent to server successfully
10-01 12:17:33.342 16673 16787 D AndroidTracking: Event sent to server successfully
10-01 12:17:33.343 16673 16673 D AndroidTracking: Event tracked: CONTENT_CHANGED - {app=Carrefour, packageName=com.carrefour.fid.android, eventType=cross_app_content_change, timestamp=1759313852831}
10-01 12:17:33.356 16673 16788 D AndroidTracking: Event sent to server successfully
10-01 12:17:33.367 16673 16673 D AndroidTracking: Event tracked: CONTENT_CHANGED - {app=Carrefour, packageName=com.carrefour.fid.android, eventType=cross_app_content_change, timestamp=1759313852865}
10-01 12:17:33.369 16673 16787 D AndroidTracking: Event sent to server successfully
10-01 12:17:33.383 16673 16788 D AndroidTracking: Event sent to server successfully
10-01 12:17:33.508 16673 16673 D AndroidTracking: Event tracked: ADD_TO_CART - {app=Carrefour, packageName=com.carrefour.fid.android, productInfo={price=Promotion: -10% Club. vous avez cagnottés0.0€. produits concernés: Kiwi Hayward ., cartAction=Vider tout le panier, productName=Découvrez nos meilleurs alternatives pour remplacer vos produits indisponibles., allTexts=[2 produits à remplacer, Découvrez nos meilleurs alternatives pour remplacer vos produits indisponibles., Ananas en morceaux CARREFOUR LE MARCHE, Supprimer, Bouton de substitution, Poires CARREFOUR BIO, Supprimer, Bouton de substitution, Promotion: -10% Club. vous avez cagnottés0.0€. produits concernés: Bananes Bio Cavendish., -10% Club]}, eventType=cross_app_cart_update}
10-01 12:17:33.509 16673 16673 D CrossAppTracking: 🛒 Produit envoyé: Découvrez nos meilleurs alternatives pour remplacer vos produits indisponibles. - Prix: Promotion: -10% Club. vous avez cagnottés0.0€. produits concernés: Kiwi Hayward .
10-01 12:17:33.526 16673 16788 D AndroidTracking: Event sent to server successfully
10-01 12:17:33.607 16673 16673 D AndroidTracking: Event tracked: ADD_TO_CART - {app=Carrefour, packageName=com.carrefour.fid.android, productInfo={price=3,38€, cartAction=3,38€, productName=Découvrez nos meilleurs alternatives pour remplacer vos produits indisponibles., allTexts=[2 produits à remplacer, Découvrez nos meilleurs alternatives pour remplacer vos produits indisponibles., Ananas en morceaux CARREFOUR LE MARCHE, Supprimer, Bouton de substitution, Poires CARREFOUR BIO, Supprimer, Bouton de substitution, Promotion: -10% Club. vous avez cagnottés0.0€. produits concernés: Bananes Bio Cavendish., -10% Club]}, eventType=cross_app_cart_update}
10-01 12:17:33.608 16673 16673 D CrossAppTracking: 🛒 Produit envoyé: Découvrez nos meilleurs alternatives pour remplacer vos produits indisponibles. - Prix: 3,38€
10-01 12:17:33.632 16673 16673 D AndroidTracking: Event tracked: ADD_TO_CART - {app=Carrefour, packageName=com.carrefour.fid.android, productInfo={cartAction=Ajouter un produit dans le panier, productName=1 produits déjà ajoutés au panier, allTexts=[Kiwi Hayward , la pièce, FRANCE, 1,39, 1 euros et 39 centimes., €, Retirer un produit du panier, 1, 1 produits déjà ajoutés au panier, Ajouter un produit dans le panier]}, eventType=cross_app_cart_update}
10-01 12:17:33.632 16673 16788 D AndroidTracking: Event sent to server successfully
10-01 12:17:33.633 16673 16673 D CrossAppTracking: 🛒 Produit envoyé: 1 produits déjà ajoutés au panier - Prix: N/A
10-01 12:17:33.650 16673 16787 D AndroidTracking: Event sent to server successfully
10-01 12:17:33.682 16673 16673 D AndroidTracking: Event tracked: ADD_TO_CART - {app=Carrefour, packageName=com.carrefour.fid.android, productInfo={cartAction=Ajouter un produit dans le panier, productName=1 produits déjà ajoutés au panier, allTexts=[Bananes Bio Cavendish, le sachet de 5 fruits, PEROU, 1,99, 1 euros et 99 centimes., €, Retirer un produit du panier, 1, 1 produits déjà ajoutés au panier, Ajouter un produit dans le panier]}, eventType=cross_app_cart_update}
10-01 12:17:33.682 16673 16673 D CrossAppTracking: 🛒 Produit envoyé: 1 produits déjà ajoutés au panier - Prix: N/A
10-01 12:17:33.711 16673 16787 D AndroidTracking: Event sent to server successfully
10-01 12:17:52.806 16673 16673 D CrossAppTracking: 📱 Événement reçu: 32 - com.google.android.apps.nexuslauncher
10-01 12:17:52.806 16673 16673 D CrossAppTracking: ✅ App ciblée détectée: com.google.android.apps.nexuslauncher
10-01 12:17:53.163 16673 16673 D CrossAppTracking: 📱 Événement reçu: 2048 - com.google.android.apps.nexuslauncher
10-01 12:17:53.173 16673 16673 D CrossAppTracking: ✅ App ciblée détectée: com.google.android.apps.nexuslauncher
10-01 12:17:53.446 16673 16673 D CrossAppTracking: 📱 Événement reçu: 2048 - com.google.android.apps.nexuslauncher
10-01 12:17:53.446 16673 16673 D CrossAppTracking: ✅ App ciblée détectée: com.google.android.apps.nexuslauncher
10-01 12:17:53.523 16673 16673 D CrossAppTracking: 📱 Événement reçu: 2048 - com.google.android.apps.nexuslauncher
10-01 12:17:53.524 16673 16673 D CrossAppTracking: ✅ App ciblée détectée: com.google.android.apps.nexuslauncher
10-01 12:17:53.609 16673 16673 D CrossAppTracking: 📱 Événement reçu: 2048 - com.google.android.apps.nexuslauncher
10-01 12:17:53.609 16673 16673 D CrossAppTracking: ✅ App ciblée détectée: com.google.android.apps.nexuslauncher
10-01 12:17:53.677 16673 16673 D CrossAppTracking: 📱 Événement reçu: 32 - com.google.android.apps.nexuslauncher
10-01 12:17:53.677 16673 16673 D CrossAppTracking: ✅ App ciblée détectée: com.google.android.apps.nexuslauncher
10-01 12:17:53.749 16673 16673 D CrossAppTracking: 📱 Événement reçu: 8 - com.google.android.apps.nexuslauncher
10-01 12:17:53.749 16673 16673 D CrossAppTracking: ✅ App ciblée détectée: com.google.android.apps.nexuslauncher
10-01 12:17:53.749 16673 16673 D CrossAppTracking: 📱 Événement reçu: 2048 - com.google.android.apps.nexuslauncher
10-01 12:17:53.749 16673 16673 D CrossAppTracking: ✅ App ciblée détectée: com.google.android.apps.nexuslauncher
10-01 12:17:53.810 16673 16673 D CrossAppTracking: 📱 Événement reçu: 2048 - com.google.android.apps.nexuslauncher
10-01 12:17:53.810 16673 16673 D CrossAppTracking: ✅ App ciblée détectée: com.google.android.apps.nexuslauncher
10-01 12:17:53.875 16673 16673 D AndroidTracking: Event tracked: ADD_TO_CART - {app=com.google.android.apps.nexuslauncher, packageName=com.google.android.apps.nexuslauncher, productInfo={cartAction=Bascule Cross-App Tracking, productName=Bascule Cross-App Tracking, allTexts=[Clear all, Settings Accessibility, Bascule Cross-App Tracking, Carrefour]}, eventType=cross_app_cart_update}
10-01 12:17:53.875 16673 16673 D CrossAppTracking: 🛒 Produit envoyé: Bascule Cross-App Tracking - Prix: N/A
10-01 12:17:53.909 16673 16787 D AndroidTracking: Event sent to server successfully
10-01 12:17:53.950 16673 16673 D AndroidTracking: Event tracked: ADD_TO_CART - {app=com.google.android.apps.nexuslauncher, packageName=com.google.android.apps.nexuslauncher, productInfo={cartAction=Bascule Cross-App Tracking, productName=Bascule Cross-App Tracking, allTexts=[Clear all, Settings Accessibility, Bascule Cross-App Tracking, Carrefour]}, eventType=cross_app_cart_update}
10-01 12:17:53.951 16673 16673 D CrossAppTracking: 🛒 Produit envoyé: Bascule Cross-App Tracking - Prix: N/A
10-01 12:17:53.969 16673 16787 D AndroidTracking: Event sent to server successfully
10-01 12:17:54.026 16673 16673 D AndroidTracking: Event tracked: ADD_TO_CART - {app=com.google.android.apps.nexuslauncher, packageName=com.google.android.apps.nexuslauncher, productInfo={cartAction=Bascule Cross-App Tracking, productName=Bascule Cross-App Tracking, allTexts=[Clear all, Settings Accessibility, Bascule Cross-App Tracking, Carrefour]}, eventType=cross_app_cart_update}
10-01 12:17:54.027 16673 16673 D CrossAppTracking: 🛒 Produit envoyé: Bascule Cross-App Tracking - Prix: N/A
10-01 12:17:54.043 16673 16787 D AndroidTracking: Event sent to server successfully
10-01 12:17:54.111 16673 16673 D AndroidTracking: Event tracked: ADD_TO_CART - {app=com.google.android.apps.nexuslauncher, packageName=com.google.android.apps.nexuslauncher, productInfo={cartAction=Bascule Cross-App Tracking, productName=Bascule Cross-App Tracking, allTexts=[Clear all, Settings Accessibility, Bascule Cross-App Tracking, Carrefour]}, eventType=cross_app_cart_update}
10-01 12:17:54.112 16673 16673 D CrossAppTracking: 🛒 Produit envoyé: Bascule Cross-App Tracking - Prix: N/A
10-01 12:17:54.125 16673 16787 D AndroidTracking: Event sent to server successfully
10-01 12:17:54.177 16673 16673 D AndroidTracking: Event tracked: ADD_TO_CART - {app=com.google.android.apps.nexuslauncher, packageName=com.google.android.apps.nexuslauncher, productInfo={cartAction=Bascule Cross-App Tracking, productName=Bascule Cross-App Tracking, allTexts=[Clear all, Settings Accessibility, Bascule Cross-App Tracking, Carrefour, Screenshot, Select]}, eventType=cross_app_cart_update}
10-01 12:17:54.179 16673 16673 D CrossAppTracking: 🛒 Produit envoyé: Bascule Cross-App Tracking - Prix: N/A
10-01 12:17:54.202 16673 16787 D AndroidTracking: Event sent to server successfully
10-01 12:17:54.251 16673 16673 D AndroidTracking: Event tracked: ADD_TO_CART - {app=com.google.android.apps.nexuslauncher, packageName=com.google.android.apps.nexuslauncher, productInfo={cartAction=Bascule Cross-App Tracking, productName=Bascule Cross-App Tracking, allTexts=[Clear all, Settings Accessibility, Bascule Cross-App Tracking, Carrefour, Screenshot, Select]}, eventType=cross_app_cart_update}
10-01 12:17:54.253 16673 16673 D CrossAppTracking: 🛒 Produit envoyé: Bascule Cross-App Tracking - Prix: N/A
10-01 12:17:54.290 16673 16787 D AndroidTracking: Event sent to server successfully
10-01 12:17:54.314 16673 16673 D AndroidTracking: Event tracked: ADD_TO_CART - {app=com.google.android.apps.nexuslauncher, packageName=com.google.android.apps.nexuslauncher, productInfo={cartAction=Bascule Cross-App Tracking, productName=Bascule Cross-App Tracking, allTexts=[Clear all, Settings Accessibility, Bascule Cross-App Tracking, Carrefour]}, eventType=cross_app_cart_update}
10-01 12:17:54.319 16673 16673 D CrossAppTracking: 🛒 Produit envoyé: Bascule Cross-App Tracking - Prix: N/A
10-01 12:17:54.342 16673 16787 D AndroidTracking: Event sent to server successfully
10-01 12:17:54.378 16673 16673 D AndroidTracking: Event tracked: ADD_TO_CART - {app=com.google.android.apps.nexuslauncher, packageName=com.google.android.apps.nexuslauncher, productInfo={cartAction=Bascule Cross-App Tracking, productName=Bascule Cross-App Tracking, allTexts=[Clear all, Settings Accessibility, Bascule Cross-App Tracking, Carrefour]}, eventType=cross_app_cart_update}
10-01 12:17:54.401 16673 16673 D CrossAppTracking: 🛒 Produit envoyé: Bascule Cross-App Tracking - Prix: N/A
10-01 12:17:54.443 16673 16787 D AndroidTracking: Event sent to server successfully
10-01 12:17:54.832 16673 16673 D CrossAppTracking: 📱 Événement reçu: 1 - com.google.android.apps.nexuslauncher
10-01 12:17:54.833 16673 16673 D CrossAppTracking: ✅ App ciblée détectée: com.google.android.apps.nexuslauncher
10-01 12:17:54.863 16673 16673 D CrossAppTracking: 📱 Événement reçu: 2048 - com.google.android.apps.nexuslauncher
10-01 12:17:54.866 16673 16673 D CrossAppTracking: ✅ App ciblée détectée: com.google.android.apps.nexuslauncher
10-01 12:17:54.877 16673 16673 D CrossAppTracking: 📱 Événement reçu: 2048 - com.bascule.leclerctracking
10-01 12:17:54.877 16673 16673 D CrossAppTracking: ✅ App ciblée détectée: com.bascule.leclerctracking
10-01 12:17:55.091 16673 16673 D CrossAppTracking: 📱 Événement reçu: 32 - com.bascule.leclerctracking
10-01 12:17:55.093 16673 16673 D CrossAppTracking: ✅ App ciblée détectée: com.bascule.leclerctracking
10-01 12:17:55.209 16673 16673 D CrossAppTracking: 📱 Événement reçu: 32 - com.bascule.leclerctracking
10-01 12:17:55.209 16673 16673 D CrossAppTracking: ✅ App ciblée détectée: com.bascule.leclerctracking
10-01 12:17:55.295 16673 16673 D CrossAppTracking: 📱 Événement reçu: 16384 - com.google.android.apps.nexuslauncher
10-01 12:17:55.295 16673 16673 D CrossAppTracking: ✅ App ciblée détectée: com.google.android.apps.nexuslauncher
10-01 12:17:55.342 16673 16673 D AndroidTracking: Event tracked: VIEW_CLICKED - {app=com.google.android.apps.nexuslauncher, packageName=com.google.android.apps.nexuslauncher, element={}, eventType=cross_app_click, timestamp=1759313874840}
10-01 12:17:55.343 16673 16673 D CrossAppTracking: Click envoyé dans com.google.android.apps.nexuslauncher: {}
10-01 12:17:55.397 16673 16787 D AndroidTracking: Event sent to server successfully
10-01 12:17:55.459 16673 16673 D AndroidTracking: Event tracked: ADD_TO_CART - {app=com.bascule.leclerctracking, packageName=com.bascule.leclerctracking, productInfo={cartAction=12:16:36 🚀 Démarrage du test automatique Carrefour
10-01 12:17:55.459 16673 16673 D AndroidTracking: 12:16:36 📱 Lancement de Carrefour...
10-01 12:17:55.459 16673 16673 D AndroidTracking: 12:16:37 ✅ Carrefour lancé
10-01 12:17:55.459 16673 16673 D AndroidTracking: 12:16:38 ⏳ Attente du chargement de Carrefour (5s)...
10-01 12:17:55.459 16673 16673 D AndroidTracking: 12:16:43 🔍 Recherche du panier...
10-01 12:17:55.459 16673 16673 D AndroidTracking: 12:16:43 💡 Le service d'accessibilité va détecter les actions
10-01 12:17:55.459 16673 16673 D AndroidTracking: 12:16:43 ⏳ Attente de 10 secondes pour observer les événements...
10-01 12:17:55.459 16673 16673 D AndroidTracking: 12:16:53 ✅ Test terminé
10-01 12:17:55.459 16673 16673 D AndroidTracking: 12:16:53 📊 Vérifie les logs du service pour voir les événements capturés
10-01 12:17:55.459 16673 16673 D AndroidTracking: 12:16:53 
10-01 12:17:55.459 16673 16673 D AndroidTracking: 12:16:53 Pour revenir à l'app de tracking, appuie sur le bouton Retour
10-01 12:17:55.459 16673 16673 D AndroidTracking: 12:17:25 🚀 Démarrage du test automatique Carrefour
10-01 12:17:55.459 16673 16673 D AndroidTracking: 12:17:25 📱 Lancement de Carrefour...
10-01 12:17:55.459 16673 16673 D AndroidTracking: 12:17:25 ✅ Carrefour lancé
10-01 12:17:55.459 16673 16673 D AndroidTracking: 12:17:27 ⏳ Attente du chargement de Carrefour (5s)...
10-01 12:17:55.459 16673 16673 D AndroidTracking: 12:17:33 🔍 Recherche du panier...
10-01 12:17:55.459 16673 16673 D AndroidTracking: 12:17:33 💡 Le service d'accessibilité va détecter les actions
10-01 12:17:55.459 16673 16673 D AndroidTracking: 12:17:33 ⏳ Attente de 10 secondes pour observer les événements...
10-01 12:17:55.459 16673 16673 D AndroidTracking: 12:17:43 ✅ Test terminé
10-01 12:17:55.459 16673 16673 D AndroidTracking: 12:17:43 📊 Vérifie les logs du service pour voir les événements capturés
10-01 12:17:55.459 16673 16673 D AndroidTracking: 12:17:43 
10-01 12:17:55.459 16673 16673 D AndroidTracking: 12:17:43 Pour revenir à l'app de tracking, appuie sur le bouton Retour
10-01 12:17:55.459 16673 16673 D AndroidTracking: , productName=12:16:36 🚀 Démarrage du test automatique Carrefour
10-01 12:17:55.459 16673 16673 D AndroidTracking: 12:16:36 📱 Lancement de Carrefour...
10-01 12:17:55.459 16673 16673 D AndroidTracking: 12:16:37 ✅ Carrefour lancé
10-01 12:17:55.459 16673 16673 D AndroidTracking: 12:16:38 ⏳ Attente du chargement de Carrefour (5s)...
10-01 12:17:55.459 16673 16673 D AndroidTracking: 12:16:43 🔍 Recherche du panier...
10-01 12:17:55.459 16673 16673 D AndroidTracking: 12:16:43 💡 Le service d'accessibilité va détecter les actions
10-01 12:17:55.459 16673 16673 D AndroidTracking: 12:16:43 ⏳ Attente de 10 secondes pour observer les événements...
10-01 12:17:55.459 16673 16673 D AndroidTracking: 12:16:53 ✅ Test terminé
10-01 12:17:55.459 16673 16673 D AndroidTracking: 12:16:53 📊 Vérifie les logs du service pour voir les événements capturés
10-01 12:17:55.459 16673 16673 D AndroidTracking: 12:16:53 
10-01 12:17:55.459 16673 16673 D AndroidTracking: 12:16:53 Pour revenir à l'app de tracking, appuie sur le bouton Retour
10-01 12:17:55.459 16673 16673 D AndroidTracking: 12:17:25 🚀 Démarrage du test automatique Carrefour
10-01 12:17:55.459 16673 16673 D AndroidTracking: 12:17:25 📱 Lancement de Carrefour...
10-01 12:17:55.459 16673 16673 D AndroidTracking: 12:17:25 ✅ Carrefour lancé
10-01 12:17:55.459 16673 16673 D AndroidTracking: 12:17:27 ⏳ Attente du chargement de Carrefour (5s)...
10-01 12:17:55.459 16673 16673 D AndroidTracking: 12:17:33 🔍 Recherche du panier...
10-01 12:17:55.459 16673 16673 D AndroidTracking: 12:17:33 💡 Le service d'accessibilité va détecter les actions
10-01 12:17:55.459 16673 16673 D AndroidTracking: 12:17:33 ⏳ Attente de 10 secondes pour observer les événements...
10-01 12:17:55.459 16673 16673 D AndroidTracking: 12:17:43 ✅ Test terminé
10-01 12:17:55.459 16673 16673 D AndroidTracking: 12:17:43 📊 Vérifie les logs du service pour voir les événements capturés
10-01 12:17:55.459 16673 16673 D AndroidTracking: 12:17:43 
10-01 12:17:55.459 16673 16673 D AndroidTracking: 12:17:43 Pour revenir à l'app de tracking, appuie sur le bouton Retour
10-01 12:17:55.459 16673 16673 D AndroidTracking: , allTexts=[Test Automatique Carrefour, Ce test va lancer Carrefour et observer les événements capturés par le service d'accessibilité., 🚀 DÉMARRER LE TEST, Logs du test :, 12:16:36 🚀 Démarrage du test automatique Carrefour
10-01 12:17:55.459 16673 16673 D AndroidTracking: 12:16:36 📱 Lancement de Carrefour...
10-01 12:17:55.459 16673 16673 D AndroidTracking: 12:16:37 ✅ Carrefour lancé
10-01 12:17:55.459 16673 16673 D AndroidTracking: 12:16:38 ⏳ Attente du chargement de Carrefour (5s)...
10-01 12:17:55.459 16673 16673 D AndroidTracking: 12:16:43 🔍 Recherche du panier...
10-01 12:17:55.459 16673 16673 D AndroidTracking: 12:16:43 💡 Le service d'accessibilité va détecter les actions
10-01 12:17:55.459 16673 16673 D AndroidTracking: 12:16:43 ⏳ Attente de 10 secondes pour observer les événements...
10-01 12:17:55.459 16673 16673 D AndroidTracking: 12:16:53 ✅ Test terminé
10-01 12:17:55.459 16673 16673 D AndroidTracking: 12:16:53 📊 Vérifie les logs du service pour voir les événements capturés
10-01 12:17:55.459 16673 16673 D AndroidTracking: 12:16:53 
10-01 12:17:55.459 16673 16673 D AndroidTracking: 12:16:53 Pour revenir à l'app de tracking, appuie sur le bouton Retour
10-01 12:17:55.459 16673 16673 D AndroidTracking: 12:17:25 🚀 Démarrage du test automatique Carrefour
10-01 12:17:55.459 16673 16673 D AndroidTracking: 12:17:25 📱 Lancement de Carrefour...
10-01 12:17:55.459 16673 16673 D AndroidTracking: 12:17:25 ✅ Carrefour lancé
10-01 12:17:55.459 16673 16673 D AndroidTracking: 12:17:27 ⏳ Attente du chargement de Carrefour (5s)...
10-01 12:17:55.459 16673 16673 D AndroidTracking: 12:17:33 🔍 Recherche du panier...
10-01 12:17:55.459 16673 16673 D AndroidTracking: 12:17:33 💡 Le service d'accessibilité va détecter les actions
10-01 12:17:55.459 16673 16673 D AndroidTracking: 12:17:33 ⏳ Attente de 10 secondes pour observer les événements...
10-01 12:17:55.459 16673 16673 D AndroidTracking: 12:17:43 ✅ Test terminé
10-01 12:17:55.459 16673 16673 D AndroidTracking: 12:17:43 📊 Vérifie les logs du service pour voir les événements capturés
10-01 12:17:55.459 16673 16673 D AndroidTracking: 12:17:43 
10-01 12:17:55.459 16673 16673 D AndroidTracking: 12:17:43 Pour revenir à l'app de tracking, appuie sur le bouton Retour
10-01 12:17:55.459 16673 16673 D AndroidTracking: ]}, eventType=cross_app_cart_update}
10-01 12:17:55.474 16673 16673 D CrossAppTracking: 🛒 Produit envoyé: 12:16:36 🚀 Démarrage du test automatique Carrefour
10-01 12:17:55.474 16673 16673 D CrossAppTracking: 12:16:36 📱 Lancement de Carrefour...
10-01 12:17:55.474 16673 16673 D CrossAppTracking: 12:16:37 ✅ Carrefour lancé
10-01 12:17:55.474 16673 16673 D CrossAppTracking: 12:16:38 ⏳ Attente du chargement de Carrefour (5s)...
10-01 12:17:55.474 16673 16673 D CrossAppTracking: 12:16:43 🔍 Recherche du panier...
10-01 12:17:55.474 16673 16673 D CrossAppTracking: 12:16:43 💡 Le service d'accessibilité va détecter les actions
10-01 12:17:55.474 16673 16673 D CrossAppTracking: 12:16:43 ⏳ Attente de 10 secondes pour observer les événements...
10-01 12:17:55.474 16673 16673 D CrossAppTracking: 12:16:53 ✅ Test terminé
10-01 12:17:55.474 16673 16673 D CrossAppTracking: 12:16:53 📊 Vérifie les logs du service pour voir les événements capturés
10-01 12:17:55.474 16673 16673 D CrossAppTracking: 12:16:53 
10-01 12:17:55.474 16673 16673 D CrossAppTracking: 12:16:53 Pour revenir à l'app de tracking, appuie sur le bouton Retour
10-01 12:17:55.474 16673 16673 D CrossAppTracking: 12:17:25 🚀 Démarrage du test automatique Carrefour
10-01 12:17:55.474 16673 16673 D CrossAppTracking: 12:17:25 📱 Lancement de Carrefour...
10-01 12:17:55.474 16673 16673 D CrossAppTracking: 12:17:25 ✅ Carrefour lancé
10-01 12:17:55.474 16673 16673 D CrossAppTracking: 12:17:27 ⏳ Attente du chargement de Carrefour (5s)...
10-01 12:17:55.474 16673 16673 D CrossAppTracking: 12:17:33 🔍 Recherche du panier...
10-01 12:17:55.474 16673 16673 D CrossAppTracking: 12:17:33 💡 Le service d'accessibilité va détecter les actions
10-01 12:17:55.474 16673 16673 D CrossAppTracking: 12:17:33 ⏳ Attente de 10 secondes pour observer les événements...
10-01 12:17:55.474 16673 16673 D CrossAppTracking: 12:17:43 ✅ Test terminé
10-01 12:17:55.474 16673 16673 D CrossAppTracking: 12:17:43 📊 Vérifie les logs du service pour voir les événements capturés
10-01 12:17:55.474 16673 16673 D CrossAppTracking: 12:17:43 
10-01 12:17:55.474 16673 16673 D CrossAppTracking: 12:17:43 Pour revenir à l'app de tracking, appuie sur le bouton Retour
10-01 12:17:55.474 16673 16673 D CrossAppTracking:  - Prix: N/A
10-01 12:17:55.522 16673 16787 D AndroidTracking: Event sent to server successfully
10-01 12:17:55.700 16673 16673 D AndroidTracking: Event tracked: ADD_TO_CART - {app=com.bascule.leclerctracking, packageName=com.bascule.leclerctracking, productInfo={cartAction=12:16:36 🚀 Démarrage du test automatique Carrefour
10-01 12:17:55.700 16673 16673 D AndroidTracking: 12:16:36 📱 Lancement de Carrefour...
10-01 12:17:55.700 16673 16673 D AndroidTracking: 12:16:37 ✅ Carrefour lancé
10-01 12:17:55.700 16673 16673 D AndroidTracking: 12:16:38 ⏳ Attente du chargement de Carrefour (5s)...
10-01 12:17:55.700 16673 16673 D AndroidTracking: 12:16:43 🔍 Recherche du panier...
10-01 12:17:55.700 16673 16673 D AndroidTracking: 12:16:43 💡 Le service d'accessibilité va détecter les actions
10-01 12:17:55.700 16673 16673 D AndroidTracking: 12:16:43 ⏳ Attente de 10 secondes pour observer les événements...
10-01 12:17:55.700 16673 16673 D AndroidTracking: 12:16:53 ✅ Test terminé
10-01 12:17:55.700 16673 16673 D AndroidTracking: 12:16:53 📊 Vérifie les logs du service pour voir les événements capturés
10-01 12:17:55.700 16673 16673 D AndroidTracking: 12:16:53 
10-01 12:17:55.700 16673 16673 D AndroidTracking: 12:16:53 Pour revenir à l'app de tracking, appuie sur le bouton Retour
10-01 12:17:55.700 16673 16673 D AndroidTracking: 12:17:25 🚀 Démarrage du test automatique Carrefour
10-01 12:17:55.700 16673 16673 D AndroidTracking: 12:17:25 📱 Lancement de Carrefour...
10-01 12:17:55.700 16673 16673 D AndroidTracking: 12:17:25 ✅ Carrefour lancé
10-01 12:17:55.700 16673 16673 D AndroidTracking: 12:17:27 ⏳ Attente du chargement de Carrefour (5s)...
10-01 12:17:55.700 16673 16673 D AndroidTracking: 12:17:33 🔍 Recherche du panier...
10-01 12:17:55.700 16673 16673 D AndroidTracking: 12:17:33 💡 Le service d'accessibilité va détecter les actions
10-01 12:17:55.700 16673 16673 D AndroidTracking: 12:17:33 ⏳ Attente de 10 secondes pour observer les événements...
10-01 12:17:55.700 16673 16673 D AndroidTracking: 12:17:43 ✅ Test terminé
10-01 12:17:55.700 16673 16673 D AndroidTracking: 12:17:43 📊 Vérifie les logs du service pour voir les événements capturés
10-01 12:17:55.700 16673 16673 D AndroidTracking: 12:17:43 
10-01 12:17:55.700 16673 16673 D AndroidTracking: 12:17:43 Pour revenir à l'app de tracking, appuie sur le bouton Retour
10-01 12:17:55.700 16673 16673 D AndroidTracking: , productName=12:16:36 🚀 Démarrage du test automatique Carrefour
10-01 12:17:55.700 16673 16673 D AndroidTracking: 12:16:36 📱 Lancement de Carrefour...
10-01 12:17:55.700 16673 16673 D AndroidTracking: 12:16:37 ✅ Carrefour lancé
10-01 12:17:55.700 16673 16673 D AndroidTracking: 12:16:38 ⏳ Attente du chargement de Carrefour (5s)...
10-01 12:17:55.700 16673 16673 D AndroidTracking: 12:16:43 🔍 Recherche du panier...
10-01 12:17:55.700 16673 16673 D AndroidTracking: 12:16:43 💡 Le service d'accessibilité va détecter les actions
10-01 12:17:55.700 16673 16673 D AndroidTracking: 12:16:43 ⏳ Attente de 10 secondes pour observer les événements...
10-01 12:17:55.700 16673 16673 D AndroidTracking: 12:16:53 ✅ Test terminé
10-01 12:17:55.700 16673 16673 D AndroidTracking: 12:16:53 📊 Vérifie les logs du service pour voir les événements capturés
10-01 12:17:55.700 16673 16673 D AndroidTracking: 12:16:53 
10-01 12:17:55.700 16673 16673 D AndroidTracking: 12:16:53 Pour revenir à l'app de tracking, appuie sur le bouton Retour
10-01 12:17:55.700 16673 16673 D AndroidTracking: 12:17:25 🚀 Démarrage du test automatique Carrefour
10-01 12:17:55.700 16673 16673 D AndroidTracking: 12:17:25 📱 Lancement de Carrefour...
10-01 12:17:55.700 16673 16673 D AndroidTracking: 12:17:25 ✅ Carrefour lancé
10-01 12:17:55.700 16673 16673 D AndroidTracking: 12:17:27 ⏳ Attente du chargement de Carrefour (5s)...
10-01 12:17:55.700 16673 16673 D AndroidTracking: 12:17:33 🔍 Recherche du panier...
10-01 12:17:55.700 16673 16673 D AndroidTracking: 12:17:33 💡 Le service d'accessibilité va détecter les actions
10-01 12:17:55.700 16673 16673 D AndroidTracking: 12:17:33 ⏳ Attente de 10 secondes pour observer les événements...
10-01 12:17:55.700 16673 16673 D AndroidTracking: 12:17:43 ✅ Test terminé
10-01 12:17:55.700 16673 16673 D AndroidTracking: 12:17:43 📊 Vérifie les logs du service pour voir les événements capturés
10-01 12:17:55.700 16673 16673 D AndroidTracking: 12:17:43 
10-01 12:17:55.700 16673 16673 D AndroidTracking: 12:17:43 Pour revenir à l'app de tracking, appuie sur le bouton Retour
10-01 12:17:55.700 16673 16673 D AndroidTracking: , allTexts=[Test Automatique Carrefour, Ce test va lancer Carrefour et observer les événements capturés par le service d'accessibilité., 🚀 DÉMARRER LE TEST, Logs du test :, 12:16:36 🚀 Démarrage du test automatique Carrefour
10-01 12:17:55.700 16673 16673 D AndroidTracking: 12:16:36 📱 Lancement de Carrefour...
10-01 12:17:55.700 16673 16673 D AndroidTracking: 12:16:37 ✅ Carrefour lancé
10-01 12:17:55.700 16673 16673 D AndroidTracking: 12:16:38 ⏳ Attente du chargement de Carrefour (5s)...
10-01 12:17:55.700 16673 16673 D AndroidTracking: 12:16:43 🔍 Recherche du panier...
10-01 12:17:55.700 16673 16673 D AndroidTracking: 12:16:43 💡 Le service d'accessibilité va détecter les actions
10-01 12:17:55.700 16673 16673 D AndroidTracking: 12:16:43 ⏳ Attente de 10 secondes pour observer les événements...
10-01 12:17:55.700 16673 16673 D AndroidTracking: 12:16:53 ✅ Test terminé
10-01 12:17:55.700 16673 16673 D AndroidTracking: 12:16:53 📊 Vérifie les logs du service pour voir les événements capturés
10-01 12:17:55.700 16673 16673 D AndroidTracking: 12:16:53 
10-01 12:17:55.700 16673 16673 D AndroidTracking: 12:16:53 Pour revenir à l'app de tracking, appuie sur le bouton Retour
10-01 12:17:55.700 16673 16673 D AndroidTracking: 12:17:25 🚀 Démarrage du test automatique Carrefour
10-01 12:17:55.700 16673 16673 D AndroidTracking: 12:17:25 📱 Lancement de Carrefour...
10-01 12:17:55.700 16673 16673 D AndroidTracking: 12:17:25 ✅ Carrefour lancé
10-01 12:17:55.700 16673 16673 D AndroidTracking: 12:17:27 ⏳ Attente du chargement de Carrefour (5s)...
10-01 12:17:55.700 16673 16673 D AndroidTracking: 12:17:33 🔍 Recherche du panier...
10-01 12:17:55.700 16673 16673 D AndroidTracking: 12:17:33 💡 Le service d'accessibilité va détecter les actions
10-01 12:17:55.700 16673 16673 D AndroidTracking: 12:17:33 ⏳ Attente de 10 secondes pour observer les événements...
10-01 12:17:55.700 16673 16673 D AndroidTracking: 12:17:43 ✅ Test terminé
10-01 12:17:55.700 16673 16673 D AndroidTracking: 12:17:43 📊 Vérifie les logs du service pour voir les événements capturés
10-01 12:17:55.700 16673 16673 D AndroidTracking: 12:17:43 
10-01 12:17:55.700 16673 16673 D AndroidTracking: 12:17:43 Pour revenir à l'app de tracking, appuie sur le bouton Retour
10-01 12:17:55.700 16673 16673 D AndroidTracking: ]}, eventType=cross_app_cart_update}
10-01 12:17:55.702 16673 16673 D CrossAppTracking: 🛒 Produit envoyé: 12:16:36 🚀 Démarrage du test automatique Carrefour
10-01 12:17:55.702 16673 16673 D CrossAppTracking: 12:16:36 📱 Lancement de Carrefour...
10-01 12:17:55.702 16673 16673 D CrossAppTracking: 12:16:37 ✅ Carrefour lancé
10-01 12:17:55.702 16673 16673 D CrossAppTracking: 12:16:38 ⏳ Attente du chargement de Carrefour (5s)...
10-01 12:17:55.702 16673 16673 D CrossAppTracking: 12:16:43 🔍 Recherche du panier...
10-01 12:17:55.702 16673 16673 D CrossAppTracking: 12:16:43 💡 Le service d'accessibilité va détecter les actions
10-01 12:17:55.702 16673 16673 D CrossAppTracking: 12:16:43 ⏳ Attente de 10 secondes pour observer les événements...
10-01 12:17:55.702 16673 16673 D CrossAppTracking: 12:16:53 ✅ Test terminé
10-01 12:17:55.702 16673 16673 D CrossAppTracking: 12:16:53 📊 Vérifie les logs du service pour voir les événements capturés
10-01 12:17:55.702 16673 16673 D CrossAppTracking: 12:16:53 
10-01 12:17:55.702 16673 16673 D CrossAppTracking: 12:16:53 Pour revenir à l'app de tracking, appuie sur le bouton Retour
10-01 12:17:55.702 16673 16673 D CrossAppTracking: 12:17:25 🚀 Démarrage du test automatique Carrefour
10-01 12:17:55.702 16673 16673 D CrossAppTracking: 12:17:25 📱 Lancement de Carrefour...
10-01 12:17:55.702 16673 16673 D CrossAppTracking: 12:17:25 ✅ Carrefour lancé
10-01 12:17:55.702 16673 16673 D CrossAppTracking: 12:17:27 ⏳ Attente du chargement de Carrefour (5s)...
10-01 12:17:55.702 16673 16673 D CrossAppTracking: 12:17:33 🔍 Recherche du panier...
10-01 12:17:55.702 16673 16673 D CrossAppTracking: 12:17:33 💡 Le service d'accessibilité va détecter les actions
10-01 12:17:55.702 16673 16673 D CrossAppTracking: 12:17:33 ⏳ Attente de 10 secondes pour observer les événements...
10-01 12:17:55.702 16673 16673 D CrossAppTracking: 12:17:43 ✅ Test terminé
10-01 12:17:55.702 16673 16673 D CrossAppTracking: 12:17:43 📊 Vérifie les logs du service pour voir les événements capturés
10-01 12:17:55.702 16673 16673 D CrossAppTracking: 12:17:43 
10-01 12:17:55.702 16673 16673 D CrossAppTracking: 12:17:43 Pour revenir à l'app de tracking, appuie sur le bouton Retour
10-01 12:17:55.702 16673 16673 D CrossAppTracking:  - Prix: N/A
10-01 12:17:55.725 16673 16787 D AndroidTracking: Event sent to server successfully
10-01 12:17:55.795 16673 16673 D AndroidTracking: Event tracked: ADD_TO_CART - {app=com.bascule.leclerctracking, packageName=com.bascule.leclerctracking, productInfo={cartAction=12:16:36 🚀 Démarrage du test automatique Carrefour
10-01 12:17:55.795 16673 16673 D AndroidTracking: 12:16:36 📱 Lancement de Carrefour...
10-01 12:17:55.795 16673 16673 D AndroidTracking: 12:16:37 ✅ Carrefour lancé
10-01 12:17:55.795 16673 16673 D AndroidTracking: 12:16:38 ⏳ Attente du chargement de Carrefour (5s)...
10-01 12:17:55.795 16673 16673 D AndroidTracking: 12:16:43 🔍 Recherche du panier...
10-01 12:17:55.795 16673 16673 D AndroidTracking: 12:16:43 💡 Le service d'accessibilité va détecter les actions
10-01 12:17:55.795 16673 16673 D AndroidTracking: 12:16:43 ⏳ Attente de 10 secondes pour observer les événements...
10-01 12:17:55.795 16673 16673 D AndroidTracking: 12:16:53 ✅ Test terminé
10-01 12:17:55.795 16673 16673 D AndroidTracking: 12:16:53 📊 Vérifie les logs du service pour voir les événements capturés
10-01 12:17:55.795 16673 16673 D AndroidTracking: 12:16:53 
10-01 12:17:55.795 16673 16673 D AndroidTracking: 12:16:53 Pour revenir à l'app de tracking, appuie sur le bouton Retour
10-01 12:17:55.795 16673 16673 D AndroidTracking: 12:17:25 🚀 Démarrage du test automatique Carrefour
10-01 12:17:55.795 16673 16673 D AndroidTracking: 12:17:25 📱 Lancement de Carrefour...
10-01 12:17:55.795 16673 16673 D AndroidTracking: 12:17:25 ✅ Carrefour lancé
10-01 12:17:55.795 16673 16673 D AndroidTracking: 12:17:27 ⏳ Attente du chargement de Carrefour (5s)...
10-01 12:17:55.795 16673 16673 D AndroidTracking: 12:17:33 🔍 Recherche du panier...
10-01 12:17:55.795 16673 16673 D AndroidTracking: 12:17:33 💡 Le service d'accessibilité va détecter les actions
10-01 12:17:55.795 16673 16673 D AndroidTracking: 12:17:33 ⏳ Attente de 10 secondes pour observer les événements...
10-01 12:17:55.795 16673 16673 D AndroidTracking: 12:17:43 ✅ Test terminé
10-01 12:17:55.795 16673 16673 D AndroidTracking: 12:17:43 📊 Vérifie les logs du service pour voir les événements capturés
10-01 12:17:55.795 16673 16673 D AndroidTracking: 12:17:43 
10-01 12:17:55.795 16673 16673 D AndroidTracking: 12:17:43 Pour revenir à l'app de tracking, appuie sur le bouton Retour
10-01 12:17:55.795 16673 16673 D AndroidTracking: , productName=12:16:36 🚀 Démarrage du test automatique Carrefour
10-01 12:17:55.795 16673 16673 D AndroidTracking: 12:16:36 📱 Lancement de Carrefour...
10-01 12:17:55.795 16673 16673 D AndroidTracking: 12:16:37 ✅ Carrefour lancé
10-01 12:17:55.795 16673 16673 D AndroidTracking: 12:16:38 ⏳ Attente du chargement de Carrefour (5s)...
10-01 12:17:55.795 16673 16673 D AndroidTracking: 12:16:43 🔍 Recherche du panier...
10-01 12:17:55.795 16673 16673 D AndroidTracking: 12:16:43 💡 Le service d'accessibilité va détecter les actions
10-01 12:17:55.795 16673 16673 D AndroidTracking: 12:16:43 ⏳ Attente de 10 secondes pour observer les événements...
10-01 12:17:55.795 16673 16673 D AndroidTracking: 12:16:53 ✅ Test terminé
10-01 12:17:55.795 16673 16673 D AndroidTracking: 12:16:53 📊 Vérifie les logs du service pour voir les événements capturés
10-01 12:17:55.795 16673 16673 D AndroidTracking: 12:16:53 
10-01 12:17:55.795 16673 16673 D AndroidTracking: 12:16:53 Pour revenir à l'app de tracking, appuie sur le bouton Retour
10-01 12:17:55.795 16673 16673 D AndroidTracking: 12:17:25 🚀 Démarrage du test automatique Carrefour
10-01 12:17:55.795 16673 16673 D AndroidTracking: 12:17:25 📱 Lancement de Carrefour...
10-01 12:17:55.795 16673 16673 D AndroidTracking: 12:17:25 ✅ Carrefour lancé
10-01 12:17:55.795 16673 16673 D AndroidTracking: 12:17:27 ⏳ Attente du chargement de Carrefour (5s)...
10-01 12:17:55.795 16673 16673 D AndroidTracking: 12:17:33 🔍 Recherche du panier...
10-01 12:17:55.795 16673 16673 D AndroidTracking: 12:17:33 💡 Le service d'accessibilité va détecter les actions
10-01 12:17:55.795 16673 16673 D AndroidTracking: 12:17:33 ⏳ Attente de 10 secondes pour observer les événements...
10-01 12:17:55.795 16673 16673 D AndroidTracking: 12:17:43 ✅ Test terminé
10-01 12:17:55.795 16673 16673 D AndroidTracking: 12:17:43 📊 Vérifie les logs du service pour voir les événements capturés
10-01 12:17:55.795 16673 16673 D AndroidTracking: 12:17:43 
10-01 12:17:55.795 16673 16673 D AndroidTracking: 12:17:43 Pour revenir à l'app de tracking, appuie sur le bouton Retour
10-01 12:17:55.795 16673 16673 D AndroidTracking: , allTexts=[Test Automatique Carrefour, Ce test va lancer Carrefour et observer les événements capturés par le service d'accessibilité., 🚀 DÉMARRER LE TEST, Logs du test :, 12:16:36 🚀 Démarrage du test automatique Carrefour
10-01 12:17:55.795 16673 16673 D AndroidTracking: 12:16:36 📱 Lancement de Carrefour...
10-01 12:17:55.795 16673 16673 D AndroidTracking: 12:16:37 ✅ Carrefour lancé
10-01 12:17:55.795 16673 16673 D AndroidTracking: 12:16:38 ⏳ Attente du chargement de Carrefour (5s)...
10-01 12:17:55.795 16673 16673 D AndroidTracking: 12:16:43 🔍 Recherche du panier...
10-01 12:17:55.795 16673 16673 D AndroidTracking: 12:16:43 💡 Le service d'accessibilité va détecter les actions
10-01 12:17:55.795 16673 16673 D AndroidTracking: 12:16:43 ⏳ Attente de 10 secondes pour observer les événements...
10-01 12:17:55.795 16673 16673 D AndroidTracking: 12:16:53 ✅ Test terminé
10-01 12:17:55.795 16673 16673 D AndroidTracking: 12:16:53 📊 Vérifie les logs du service pour voir les événements capturés
10-01 12:17:55.795 16673 16673 D AndroidTracking: 12:16:53 
10-01 12:17:55.795 16673 16673 D AndroidTracking: 12:16:53 Pour revenir à l'app de tracking, appuie sur le bouton Retour
10-01 12:17:55.795 16673 16673 D AndroidTracking: 12:17:25 🚀 Démarrage du test automatique Carrefour
10-01 12:17:55.795 16673 16673 D AndroidTracking: 12:17:25 📱 Lancement de Carrefour...
10-01 12:17:55.795 16673 16673 D AndroidTracking: 12:17:25 ✅ Carrefour lancé
10-01 12:17:55.795 16673 16673 D AndroidTracking: 12:17:27 ⏳ Attente du chargement de Carrefour (5s)...
10-01 12:17:55.795 16673 16673 D AndroidTracking: 12:17:33 🔍 Recherche du panier...
10-01 12:17:55.795 16673 16673 D AndroidTracking: 12:17:33 💡 Le service d'accessibilité va détecter les actions
10-01 12:17:55.795 16673 16673 D AndroidTracking: 12:17:33 ⏳ Attente de 10 secondes pour observer les événements...
10-01 12:17:55.795 16673 16673 D AndroidTracking: 12:17:43 ✅ Test terminé
10-01 12:17:55.795 16673 16673 D AndroidTracking: 12:17:43 📊 Vérifie les logs du service pour voir les événements capturés
10-01 12:17:55.795 16673 16673 D AndroidTracking: 12:17:43 
10-01 12:17:55.795 16673 16673 D AndroidTracking: 12:17:43 Pour revenir à l'app de tracking, appuie sur le bouton Retour
10-01 12:17:55.795 16673 16673 D AndroidTracking: ]}, eventType=cross_app_cart_update}
10-01 12:17:55.796 16673 16673 D CrossAppTracking: 🛒 Produit envoyé: 12:16:36 🚀 Démarrage du test automatique Carrefour
10-01 12:17:55.796 16673 16673 D CrossAppTracking: 12:16:36 📱 Lancement de Carrefour...
10-01 12:17:55.796 16673 16673 D CrossAppTracking: 12:16:37 ✅ Carrefour lancé
10-01 12:17:55.796 16673 16673 D CrossAppTracking: 12:16:38 ⏳ Attente du chargement de Carrefour (5s)...
10-01 12:17:55.796 16673 16673 D CrossAppTracking: 12:16:43 🔍 Recherche du panier...
10-01 12:17:55.796 16673 16673 D CrossAppTracking: 12:16:43 💡 Le service d'accessibilité va détecter les actions
10-01 12:17:55.796 16673 16673 D CrossAppTracking: 12:16:43 ⏳ Attente de 10 secondes pour observer les événements...
10-01 12:17:55.796 16673 16673 D CrossAppTracking: 12:16:53 ✅ Test terminé
10-01 12:17:55.796 16673 16673 D CrossAppTracking: 12:16:53 📊 Vérifie les logs du service pour voir les événements capturés
10-01 12:17:55.796 16673 16673 D CrossAppTracking: 12:16:53 
10-01 12:17:55.796 16673 16673 D CrossAppTracking: 12:16:53 Pour revenir à l'app de tracking, appuie sur le bouton Retour
10-01 12:17:55.796 16673 16673 D CrossAppTracking: 12:17:25 🚀 Démarrage du test automatique Carrefour
10-01 12:17:55.796 16673 16673 D CrossAppTracking: 12:17:25 📱 Lancement de Carrefour...
10-01 12:17:55.796 16673 16673 D CrossAppTracking: 12:17:25 ✅ Carrefour lancé
10-01 12:17:55.796 16673 16673 D CrossAppTracking: 12:17:27 ⏳ Attente du chargement de Carrefour (5s)...
10-01 12:17:55.796 16673 16673 D CrossAppTracking: 12:17:33 🔍 Recherche du panier...
10-01 12:17:55.796 16673 16673 D CrossAppTracking: 12:17:33 💡 Le service d'accessibilité va détecter les actions
10-01 12:17:55.796 16673 16673 D CrossAppTracking: 12:17:33 ⏳ Attente de 10 secondes pour observer les événements...
10-01 12:17:55.796 16673 16673 D CrossAppTracking: 12:17:43 ✅ Test terminé
10-01 12:17:55.796 16673 16673 D CrossAppTracking: 12:17:43 📊 Vérifie les logs du service pour voir les événements capturés
10-01 12:17:55.796 16673 16673 D CrossAppTracking: 12:17:43 
10-01 12:17:55.796 16673 16673 D CrossAppTracking: 12:17:43 Pour revenir à l'app de tracking, appuie sur le bouton Retour
10-01 12:17:55.796 16673 16673 D CrossAppTracking:  - Prix: N/A
10-01 12:17:55.814 16673 16787 D AndroidTracking: Event sent to server successfully
10-01 12:18:00.123 16673 16673 D CrossAppTracking: 📱 Événement reçu: 2048 - com.android.systemui
10-01 12:18:00.123 16673 16673 D CrossAppTracking: ❌ App non ciblée: com.android.systemui
10-01 12:18:00.223 16673 16673 D CrossAppTracking: 📱 Événement reçu: 2048 - com.android.systemui
10-01 12:18:00.224 16673 16673 D CrossAppTracking: ❌ App non ciblée: com.android.systemui
10-01 12:18:11.940 16673 16673 D CrossAppTracking: 📱 Événement reçu: 2048 - com.android.systemui
10-01 12:18:11.940 16673 16673 D CrossAppTracking: ❌ App non ciblée: com.android.systemui
10-01 12:18:41.944 16673 16673 D CrossAppTracking: 📱 Événement reçu: 2048 - com.android.systemui
10-01 12:18:41.944 16673 16673 D CrossAppTracking: ❌ App non ciblée: com.android.systemui
10-01 12:19:00.120 16673 16673 D CrossAppTracking: 📱 Événement reçu: 2048 - com.android.systemui
10-01 12:19:00.121 16673 16673 D CrossAppTracking: ❌ App non ciblée: com.android.systemui
10-01 12:19:00.220 16673 16673 D CrossAppTracking: 📱 Événement reçu: 2048 - com.android.systemui
10-01 12:19:00.221 16673 16673 D CrossAppTracking: ❌ App non ciblée: com.android.systemui
10-01 12:19:01.942 16673 16673 D CrossAppTracking: 📱 Événement reçu: 2048 - com.android.systemui
10-01 12:19:01.942 16673 16673 D CrossAppTracking: ❌ App non ciblée: com.android.systemui
10-01 12:19:41.999 16673 16673 D CrossAppTracking: 📱 Événement reçu: 2048 - com.android.systemui
10-01 12:19:42.000 16673 16673 D CrossAppTracking: ❌ App non ciblée: com.android.systemui
10-01 12:20:00.139 16673 16673 D CrossAppTracking: 📱 Événement reçu: 2048 - com.android.systemui
10-01 12:20:00.139 16673 16673 D CrossAppTracking: ❌ App non ciblée: com.android.systemui
10-01 12:20:00.241 16673 16673 D CrossAppTracking: 📱 Événement reçu: 2048 - com.android.systemui
10-01 12:20:00.241 16673 16673 D CrossAppTracking: ❌ App non ciblée: com.android.systemui
10-01 12:20:21.952 16673 16673 D CrossAppTracking: 📱 Événement reçu: 2048 - com.android.systemui
10-01 12:20:21.952 16673 16673 D CrossAppTracking: ❌ App non ciblée: com.android.systemui
10-01 12:21:06.811 17392 17392 D AndroidTracking: Event tracked: SESSION_START - {platform=android_native, sessionId=android_session_1759314066725_405b193a, deviceInfo={manufacturer=Google, model=sdk_gphone64_x86_64, version=16, sdk=36, screenDensity=2.625, screenWidth=1080, screenHeight=2337}}
10-01 12:21:06.880 17392 17392 D CrossAppTracking: ========================================
10-01 12:21:06.880 17392 17392 D CrossAppTracking: Service de tracking cross-app démarré
10-01 12:21:06.880 17392 17392 D CrossAppTracking: 📦 Build: 2025-10-01 11:47 - Foreground Service v1.0
10-01 12:21:06.880 17392 17392 D CrossAppTracking: ========================================
10-01 12:21:06.990 17392 17392 D CrossAppTracking: ✅ Service démarré en foreground (ne sera pas gelé)
10-01 12:21:07.084 17392 17392 D CrossAppTracking: 🚀 Accessibility Service connecté !
10-01 12:21:07.111 17392 17392 D CrossAppTracking: Service d'accessibilité configuré pour TOUTES les apps
10-01 12:21:07.113 17392 17392 D CrossAppTracking: 📋 Event types: -1
10-01 12:21:07.113 17392 17392 D CrossAppTracking: 📋 Flags: 80
10-01 12:21:07.118 17392 17407 D AndroidTracking: Event sent to server successfully
10-01 12:21:07.321 17392 17392 D CrossAppTracking: 📱 Événement reçu: 1 - com.android.settings
10-01 12:21:07.321 17392 17392 D CrossAppTracking: ✅ App ciblée détectée: com.android.settings
10-01 12:21:07.456 17392 17392 D CrossAppTracking: 📱 Événement reçu: 2048 - com.android.settings
10-01 12:21:07.456 17392 17392 D CrossAppTracking: ✅ App ciblée détectée: com.android.settings
10-01 12:21:07.818 17392 17392 D CrossAppTracking: 📱 Événement reçu: 2048 - com.android.settings
10-01 12:21:07.818 17392 17392 D CrossAppTracking: ✅ App ciblée détectée: com.android.settings
10-01 12:21:08.374 17392 17392 D AndroidTracking: Event tracked: VIEW_CLICKED - {app=com.android.settings, packageName=com.android.settings, element={}, eventType=cross_app_click, timestamp=1759314067352}
10-01 12:21:08.381 17392 17392 D CrossAppTracking: Click envoyé dans com.android.settings: {}
10-01 12:21:08.382 17392 17392 D CrossAppTracking: 📱 Événement reçu: 2048 - com.android.settings
10-01 12:21:08.382 17392 17392 D CrossAppTracking: ✅ App ciblée détectée: com.android.settings
10-01 12:21:08.391 17392 17407 D AndroidTracking: Event sent to server successfully
10-01 12:21:08.515 17392 17392 D CrossAppTracking: 📱 Événement reçu: 2048 - com.android.settings
10-01 12:21:08.515 17392 17392 D CrossAppTracking: ✅ App ciblée détectée: com.android.settings
10-01 12:21:08.546 17392 17392 D CrossAppTracking: 📱 Événement reçu: 32 - com.android.settings
10-01 12:21:08.546 17392 17392 D CrossAppTracking: ✅ App ciblée détectée: com.android.settings
10-01 12:21:08.563 17392 17392 D CrossAppTracking: 📱 Événement reçu: 8 - com.android.settings
10-01 12:21:08.564 17392 17392 D CrossAppTracking: ✅ App ciblée détectée: com.android.settings
10-01 12:21:08.564 17392 17392 D CrossAppTracking: 📱 Événement reçu: 2048 - com.android.settings
10-01 12:21:08.564 17392 17392 D CrossAppTracking: ✅ App ciblée détectée: com.android.settings
10-01 12:21:08.603 17392 17392 D CrossAppTracking: 📱 Événement reçu: 2048 - com.android.settings
10-01 12:21:08.604 17392 17392 D CrossAppTracking: ✅ App ciblée détectée: com.android.settings
