10-01 10:57:01.318 11357 11357 D AndroidTracking: Event tracked: ADD_TO_CART - {app=com.android.systemui, packageName=com.android.systemui, productInfo={productName=10:57â€¯AM, allTexts=[10:57, 10:57â€¯AM]}, eventType=cross_app_cart_update}
10-01 10:57:01.321 11357 11357 D CrossAppTracking: ðŸ›’ Produit envoyÃ©: 10:57â€¯AM - Prix: N/A
10-01 10:57:02.474 11357 11357 D CrossAppTracking: ðŸ“± Ã‰vÃ©nement reÃ§u: 2048 - com.carrefour.fid.android
10-01 10:57:02.474 11357 11357 D CrossAppTracking: âœ… App ciblÃ©e dÃ©tectÃ©e: com.carrefour.fid.android
10-01 10:57:02.475 11357 11357 D CrossAppTracking: ðŸ“± Ã‰vÃ©nement reÃ§u: 2048 - com.carrefour.fid.android
10-01 10:57:02.475 11357 11357 D CrossAppTracking: âœ… App ciblÃ©e dÃ©tectÃ©e: com.carrefour.fid.android
10-01 10:57:02.596 11357 11357 D CrossAppTracking: ðŸ“± Ã‰vÃ©nement reÃ§u: 2048 - com.carrefour.fid.android
10-01 10:57:02.596 11357 11357 D CrossAppTracking: âœ… App ciblÃ©e dÃ©tectÃ©e: com.carrefour.fid.android
10-01 10:57:02.972 11357 11357 D CrossAppTracking: ðŸ“± Ã‰vÃ©nement reÃ§u: 2048 - com.carrefour.fid.android
10-01 10:57:02.972 11357 11357 D CrossAppTracking: âœ… App ciblÃ©e dÃ©tectÃ©e: com.carrefour.fid.android
10-01 10:57:03.032 11357 11441 W AndroidTracking: Failed to send event to server: failed to connect to /10.0.2.2 (port 3001) from /10.0.2.16 (port 53868) after 9999ms
10-01 10:57:03.369 11357 11357 D CrossAppTracking: ðŸ“± Ã‰vÃ©nement reÃ§u: 2048 - com.carrefour.fid.android
10-01 10:57:03.369 11357 11357 D CrossAppTracking: âœ… App ciblÃ©e dÃ©tectÃ©e: com.carrefour.fid.android
10-01 10:57:03.396 11357 11357 D CrossAppTracking: ðŸ“± Ã‰vÃ©nement reÃ§u: 2048 - com.carrefour.fid.android
10-01 10:57:03.397 11357 11357 D CrossAppTracking: âœ… App ciblÃ©e dÃ©tectÃ©e: com.carrefour.fid.android
10-01 10:57:03.427 11357 11357 D AndroidTracking: Event tracked: ADD_TO_CART - {app=Carrefour, packageName=com.carrefour.fid.android, productInfo={cartAction=6, productName=6 produits dÃ©jÃ  ajoutÃ©s au panier, allTexts=[6, 6 produits dÃ©jÃ  ajoutÃ©s au panier]}, eventType=cross_app_cart_update}
10-01 10:57:03.431 11357 11357 D CrossAppTracking: ðŸ›’ Produit envoyÃ©: 6 produits dÃ©jÃ  ajoutÃ©s au panier - Prix: N/A
10-01 10:57:03.431 11357 11357 D AndroidTracking: Event tracked: ADD_TO_CART - {app=Carrefour, packageName=com.carrefour.fid.android, productInfo={cartAction=Ajouter un produit dans le panier, productName=6 produits dÃ©jÃ  ajoutÃ©s au panier, allTexts=[Bananes Bio Cavendish, le sachet de 5 fruits, PEROU, 13,93, 13 euros et 93 centimes., â‚¬, Retirer un produit du panier, 6, 6 produits dÃ©jÃ  ajoutÃ©s au panier, Ajouter un produit dans le panier]}, eventType=cross_app_cart_update}
10-01 10:57:03.434 11357 11357 D CrossAppTracking: ðŸ›’ Produit envoyÃ©: 6 produits dÃ©jÃ  ajoutÃ©s au panier - Prix: N/A
10-01 10:57:03.435 11357 11357 D AndroidTracking: Event tracked: ADD_TO_CART - {app=Carrefour, packageName=com.carrefour.fid.android, productInfo={cartAction=Ajouter un produit dans le panier, productName=Ajouter un produit dans le panier, allTexts=[Ajouter un produit dans le panier]}, eventType=cross_app_cart_update}
10-01 10:57:03.436 11357 11357 D CrossAppTracking: ðŸ›’ Produit envoyÃ©: Ajouter un produit dans le panier - Prix: N/A
10-01 10:57:03.436 11357 11357 D CrossAppTracking: ðŸ“± Ã‰vÃ©nement reÃ§u: 2048 - com.carrefour.fid.android
10-01 10:57:03.436 11357 11357 D CrossAppTracking: âœ… App ciblÃ©e dÃ©tectÃ©e: com.carrefour.fid.android
10-01 10:57:03.474 11357 11357 D CrossAppTracking: ðŸ“± Ã‰vÃ©nement reÃ§u: 2048 - com.carrefour.fid.android
10-01 10:57:03.474 11357 11357 D CrossAppTracking: âœ… App ciblÃ©e dÃ©tectÃ©e: com.carrefour.fid.android
10-01 10:57:03.584 11357 11357 D CrossAppTracking: ðŸ“± Ã‰vÃ©nement reÃ§u: 16384 - com.carrefour.fid.android
10-01 10:57:03.584 11357 11357 D CrossAppTracking: âœ… App ciblÃ©e dÃ©tectÃ©e: com.carrefour.fid.android
10-01 10:57:03.585 11357 11357 D CrossAppTracking: ðŸ“± Ã‰vÃ©nement reÃ§u: 2048 - com.carrefour.fid.android
10-01 10:57:03.590 11357 11357 D CrossAppTracking: âœ… App ciblÃ©e dÃ©tectÃ©e: com.carrefour.fid.android
10-01 10:57:03.641 11357 11357 D CrossAppTracking: ðŸ“± Ã‰vÃ©nement reÃ§u: 2048 - com.carrefour.fid.android
10-01 10:57:03.641 11357 11357 D CrossAppTracking: âœ… App ciblÃ©e dÃ©tectÃ©e: com.carrefour.fid.android
10-01 10:57:03.655 11357 11357 D CrossAppTracking: ðŸ“± Ã‰vÃ©nement reÃ§u: 2048 - com.carrefour.fid.android
10-01 10:57:03.655 11357 11357 D CrossAppTracking: âœ… App ciblÃ©e dÃ©tectÃ©e: com.carrefour.fid.android
10-01 10:57:03.680 11357 11357 D CrossAppTracking: ðŸ“± Ã‰vÃ©nement reÃ§u: 2048 - com.carrefour.fid.android
10-01 10:57:03.680 11357 11357 D CrossAppTracking: âœ… App ciblÃ©e dÃ©tectÃ©e: com.carrefour.fid.android
10-01 10:57:03.682 11357 11357 D CrossAppTracking: ðŸ“± Ã‰vÃ©nement reÃ§u: 2048 - com.carrefour.fid.android
10-01 10:57:03.682 11357 11357 D CrossAppTracking: âœ… App ciblÃ©e dÃ©tectÃ©e: com.carrefour.fid.android
10-01 10:57:03.709 11357 11357 D CrossAppTracking: ðŸ“± Ã‰vÃ©nement reÃ§u: 2048 - com.carrefour.fid.android
10-01 10:57:03.709 11357 11357 D CrossAppTracking: âœ… App ciblÃ©e dÃ©tectÃ©e: com.carrefour.fid.android
10-01 10:57:03.870 11357 11357 D AndroidTracking: Event tracked: ADD_TO_CART - {app=Carrefour, packageName=com.carrefour.fid.android, productInfo={cartAction=Retirer un produit du panier, productName=Retirer un produit du panier, allTexts=[Bananes Bio Cavendish, le sachet de 5 fruits, PEROU, 13,93, 13 euros et 93 centimes., â‚¬, Retirer un produit du panier]}, eventType=cross_app_cart_update}
10-01 10:57:03.877 11357 11357 D CrossAppTracking: ðŸ›’ Produit envoyÃ©: Retirer un produit du panier - Prix: N/A
10-01 10:57:03.977 11357 11357 D AndroidTracking: Event tracked: ADD_TO_CART - {app=Carrefour, packageName=com.carrefour.fid.android, productInfo={cartAction=Retirer un produit du panier, productName=Retirer un produit du panier, allTexts=[Retirer un produit du panier]}, eventType=cross_app_cart_update}
10-01 10:57:03.978 11357 11357 D CrossAppTracking: ðŸ›’ Produit envoyÃ©: Retirer un produit du panier - Prix: N/A
10-01 10:57:04.085 11357 11357 D AndroidTracking: Event tracked: ADD_TO_CART - {app=Carrefour, packageName=com.carrefour.fid.android, productInfo={cartAction=Ajouter un produit dans le panier, productName=6 produits dÃ©jÃ  ajoutÃ©s au panier, allTexts=[Bananes Bio Cavendish, le sachet de 5 fruits, PEROU, 11,94, 11 euros et 94 centimes., â‚¬, Retirer un produit du panier, 6, 6 produits dÃ©jÃ  ajoutÃ©s au panier, Ajouter un produit dans le panier]}, eventType=cross_app_cart_update}
10-01 10:57:04.089 11357 11357 D CrossAppTracking: ðŸ›’ Produit envoyÃ©: 6 produits dÃ©jÃ  ajoutÃ©s au panier - Prix: N/A
10-01 10:57:04.138 11357 11357 D AndroidTracking: Event tracked: ADD_TO_CART - {app=Carrefour, packageName=com.carrefour.fid.android, productInfo={cartAction=Ajouter un produit dans le panier, productName=6 produits dÃ©jÃ  ajoutÃ©s au panier, allTexts=[Bananes Bio Cavendish, le sachet de 5 fruits, PEROU, 11,94, 11 euros et 94 centimes., â‚¬, Retirer un produit du panier, 6, 6 produits dÃ©jÃ  ajoutÃ©s au panier, Ajouter un produit dans le panier]}, eventType=cross_app_cart_update}
10-01 10:57:04.144 11357 11357 D CrossAppTracking: ðŸ›’ Produit envoyÃ©: 6 produits dÃ©jÃ  ajoutÃ©s au panier - Prix: N/A
10-01 10:57:04.144 11357 11357 D AndroidTracking: Event tracked: ADD_TO_CART - {app=Carrefour, packageName=com.carrefour.fid.android, productInfo={productName=11 euros et 94 centimes., allTexts=[11,94, 11 euros et 94 centimes.]}, eventType=cross_app_cart_update}
10-01 10:57:04.151 11357 11357 D CrossAppTracking: ðŸ›’ Produit envoyÃ©: 11 euros et 94 centimes. - Prix: N/A
10-01 10:57:04.167 11357 11357 D AndroidTracking: Event tracked: ADD_TO_CART - {app=Carrefour, packageName=com.carrefour.fid.android, productInfo={cartAction=Retirer un produit du panier, productName=Retirer un produit du panier, allTexts=[Retirer un produit du panier]}, eventType=cross_app_cart_update}
10-01 10:57:04.168 11357 11357 D CrossAppTracking: ðŸ›’ Produit envoyÃ©: Retirer un produit du panier - Prix: N/A
10-01 10:57:04.184 11357 11357 D AndroidTracking: Event tracked: ADD_TO_CART - {app=Carrefour, packageName=com.carrefour.fid.android, productInfo={cartAction=Retirer un produit du panier, productName=Retirer un produit du panier, allTexts=[Retirer un produit du panier]}, eventType=cross_app_cart_update}
10-01 10:57:04.185 11357 11357 D CrossAppTracking: ðŸ›’ Produit envoyÃ©: Retirer un produit du panier - Prix: N/A
10-01 10:57:04.208 11357 11357 D AndroidTracking: Event tracked: ADD_TO_CART - {app=Carrefour, packageName=com.carrefour.fid.android, productInfo={cartAction=Ajouter un produit dans le panier, productName=6 produits dÃ©jÃ  ajoutÃ©s au panier, allTexts=[Bananes Bio Cavendish, le sachet de 5 fruits, PEROU, 11,94, 11 euros et 94 centimes., â‚¬, Retirer un produit du panier, 6, 6 produits dÃ©jÃ  ajoutÃ©s au panier, Ajouter un produit dans le panier]}, eventType=cross_app_cart_update}
10-01 10:57:04.209 11357 11357 D CrossAppTracking: ðŸ›’ Produit envoyÃ©: 6 produits dÃ©jÃ  ajoutÃ©s au panier - Prix: N/A
10-01 10:57:04.250 11357 11357 D AndroidTracking: Event tracked: ADD_TO_CART - {app=Carrefour, packageName=com.carrefour.fid.android, productInfo={cartAction=Ajouter un produit dans le panier, productName=Ajouter un produit dans le panier, allTexts=[Ajouter un produit dans le panier]}, eventType=cross_app_cart_update}
10-01 10:57:04.251 11357 11357 D CrossAppTracking: ðŸ›’ Produit envoyÃ©: Ajouter un produit dans le panier - Prix: N/A
10-01 10:57:06.733 11357 11413 W AndroidTracking: Failed to send event to server: failed to connect to /10.0.2.2 (port 3001) from /10.0.2.16 (port 53876) after 10000ms
10-01 10:57:06.831 11357 11415 W AndroidTracking: Failed to send event to server: failed to connect to /10.0.2.2 (port 3001) from /10.0.2.16 (port 53882) after 9999ms
10-01 10:57:07.061 11357 11416 W AndroidTracking: Failed to send event to server: failed to connect to /10.0.2.2 (port 3001) from /10.0.2.16 (port 53896) after 10000ms
10-01 10:57:07.126 11357 11417 W AndroidTracking: Failed to send event to server: failed to connect to /10.0.2.2 (port 3001) from /10.0.2.16 (port 53908) after 9999ms
10-01 10:57:09.401 11357 11413 W AndroidTracking: Failed to send event to server: Failed to connect to /10.0.2.2:3001
10-01 10:57:09.403 11357 11441 W AndroidTracking: Failed to send event to server: Failed to connect to /10.0.2.2:3001
10-01 10:57:09.407 11357 11416 W AndroidTracking: Failed to send event to server: Failed to connect to /10.0.2.2:3001
10-01 10:57:09.408 11357 11415 W AndroidTracking: Failed to send event to server: Failed to connect to /10.0.2.2:3001
10-01 10:57:09.413 11357 11418 W AndroidTracking: Failed to send event to server: Failed to connect to /10.0.2.2:3001
10-01 10:57:22.026 11357 11417 W AndroidTracking: Failed to send event to server: Failed to connect to /10.0.2.2:3001
10-01 10:57:22.027 11357 11416 W AndroidTracking: Failed to send event to server: Failed to connect to /10.0.2.2:3001
10-01 10:57:22.030 11357 11415 W AndroidTracking: Failed to send event to server: Failed to connect to /10.0.2.2:3001
10-01 10:57:22.032 11357 11441 W AndroidTracking: Failed to send event to server: Failed to connect to /10.0.2.2:3001
10-01 10:57:22.047 11357 11413 W AndroidTracking: Failed to send event to server: Failed to connect to /10.0.2.2:3001
10-01 10:57:22.129 11357 11357 D AndroidTracking: Event tracked: SESSION_START - {platform=android_native, sessionId=android_session_1759309042128_a08e1f10, deviceInfo={manufacturer=Google, model=sdk_gphone64_x86_64, version=16, sdk=36, screenDensity=2.625, screenWidth=1080, screenHeight=2337}}
10-01 10:57:22.139 11357 11357 D CrossAppTracking: Service de tracking cross-app dÃ©marrÃ©
10-01 10:57:22.193 11357 11357 D CrossAppTracking: ðŸš€ Accessibility Service connectÃ© !
10-01 10:57:22.206 11357 11357 D CrossAppTracking: Service d'accessibilitÃ© configurÃ© pour TOUTES les apps
10-01 10:57:22.206 11357 11357 D CrossAppTracking: ðŸ“‹ Event types: -1
10-01 10:57:22.206 11357 11357 D CrossAppTracking: ðŸ“‹ Flags: 80
10-01 10:57:32.042 11357 11417 W AndroidTracking: Failed to send event to server: failed to connect to /10.0.2.2 (port 3001) from /10.0.2.16 (port 37260) after 10000ms
10-01 10:57:32.042 11357 11418 W AndroidTracking: Failed to send event to server: failed to connect to /10.0.2.2 (port 3001) from /10.0.2.16 (port 37266) after 10000ms
10-01 10:57:32.081 11357 11779 W AndroidTracking: Failed to send event to server: failed to connect to /10.0.2.2 (port 3001) from /10.0.2.16 (port 37272) after 9999ms
10-01 10:57:32.082 11357 11780 W AndroidTracking: Failed to send event to server: failed to connect to /10.0.2.2 (port 3001) from /10.0.2.16 (port 37274) after 10000ms
10-01 10:57:32.101 11357 11416 W AndroidTracking: Failed to send event to server: failed to connect to /10.0.2.2 (port 3001) from /10.0.2.16 (port 37286) after 10000ms
10-01 10:57:32.156 11357 11781 W AndroidTracking: Failed to send event to server: failed to connect to /10.0.2.2 (port 3001) from /10.0.2.16 (port 37288) after 10000ms
10-01 10:57:41.802 11357 11357 D CrossAppTracking: ðŸ“± Ã‰vÃ©nement reÃ§u: 2048 - com.android.systemui
10-01 10:57:41.802 11357 11357 D CrossAppTracking: âœ… App ciblÃ©e dÃ©tectÃ©e: com.android.systemui
10-01 10:57:42.058 11357 11417 W AndroidTracking: Failed to send event to server: failed to connect to /10.0.2.2 (port 3001) from /10.0.2.16 (port 45512) after 10000ms
10-01 10:57:42.062 11357 11413 W AndroidTracking: Failed to send event to server: failed to connect to /10.0.2.2 (port 3001) from /10.0.2.16 (port 45506) after 10000ms
10-01 10:57:42.098 11357 11418 W AndroidTracking: Failed to send event to server: failed to connect to /10.0.2.2 (port 3001) from /10.0.2.16 (port 45520) after 10000ms
10-01 10:57:42.098 11357 11779 W AndroidTracking: Failed to send event to server: failed to connect to /10.0.2.2 (port 3001) from /10.0.2.16 (port 45532) after 10000ms
10-01 10:57:42.121 11357 11780 W AndroidTracking: Failed to send event to server: failed to connect to /10.0.2.2 (port 3001) from /10.0.2.16 (port 45546) after 10000ms
10-01 10:57:42.316 11357 11357 D AndroidTracking: Event tracked: ADD_TO_CART - {app=com.android.systemui, packageName=com.android.systemui, productInfo={cartAction=T-Mobile, two bars., productName=T-Mobile, two bars., allTexts=[T-Mobile, two bars.]}, eventType=cross_app_cart_update}
10-01 10:57:42.322 11357 11357 D CrossAppTracking: ðŸ›’ Produit envoyÃ©: T-Mobile, two bars. - Prix: N/A
10-01 10:57:52.078 11357 11416 W AndroidTracking: Failed to send event to server: failed to connect to /10.0.2.2 (port 3001) from /10.0.2.16 (port 41384) after 10000ms
10-01 10:57:52.081 11357 11417 W AndroidTracking: Failed to send event to server: failed to connect to /10.0.2.2 (port 3001) from /10.0.2.16 (port 41394) after 10000ms
10-01 10:57:52.114 11357 11413 W AndroidTracking: Failed to send event to server: failed to connect to /10.0.2.2 (port 3001) from /10.0.2.16 (port 41406) after 10000ms
10-01 10:57:52.122 11357 11418 W AndroidTracking: Failed to send event to server: failed to connect to /10.0.2.2 (port 3001) from /10.0.2.16 (port 41420) after 9998ms
10-01 10:57:52.136 11357 11779 W AndroidTracking: Failed to send event to server: failed to connect to /10.0.2.2 (port 3001) from /10.0.2.16 (port 41426) after 10000ms
10-01 10:57:52.339 11357 11781 W AndroidTracking: Failed to send event to server: failed to connect to /10.0.2.2 (port 3001) from /10.0.2.16 (port 41440) after 10000ms
10-01 10:58:00.121 11357 11357 D CrossAppTracking: ðŸ“± Ã‰vÃ©nement reÃ§u: 2048 - com.android.systemui
10-01 10:58:00.121 11357 11357 D CrossAppTracking: âœ… App ciblÃ©e dÃ©tectÃ©e: com.android.systemui
10-01 10:58:00.231 11357 11357 D CrossAppTracking: ðŸ“± Ã‰vÃ©nement reÃ§u: 2048 - com.android.systemui
10-01 10:58:00.231 11357 11357 D CrossAppTracking: âœ… App ciblÃ©e dÃ©tectÃ©e: com.android.systemui
10-01 10:58:00.632 11357 11357 D AndroidTracking: Event tracked: ADD_TO_CART - {app=com.android.systemui, packageName=com.android.systemui, productInfo={productName=10:58â€¯AM, allTexts=[10:58, 10:58â€¯AM]}, eventType=cross_app_cart_update}
10-01 10:58:00.634 11357 11357 D CrossAppTracking: ðŸ›’ Produit envoyÃ©: 10:58â€¯AM - Prix: N/A
10-01 10:58:00.737 11357 11357 D AndroidTracking: Event tracked: ADD_TO_CART - {app=com.android.systemui, packageName=com.android.systemui, productInfo={productName=10:58â€¯AM, allTexts=[10:58, 10:58â€¯AM]}, eventType=cross_app_cart_update}
10-01 10:58:00.738 11357 11357 D CrossAppTracking: ðŸ›’ Produit envoyÃ©: 10:58â€¯AM - Prix: N/A
10-01 10:58:01.811 11357 11357 D CrossAppTracking: ðŸ“± Ã‰vÃ©nement reÃ§u: 2048 - com.android.systemui
10-01 10:58:01.811 11357 11357 D CrossAppTracking: âœ… App ciblÃ©e dÃ©tectÃ©e: com.android.systemui
10-01 10:58:02.101 11357 11780 W AndroidTracking: Failed to send event to server: failed to connect to /10.0.2.2 (port 3001) from /10.0.2.16 (port 55346) after 9999ms
10-01 10:58:02.102 11357 11416 W AndroidTracking: Failed to send event to server: failed to connect to /10.0.2.2 (port 3001) from /10.0.2.16 (port 55358) after 10000ms
10-01 10:58:02.126 11357 11417 W AndroidTracking: Failed to send event to server: failed to connect to /10.0.2.2 (port 3001) from /10.0.2.16 (port 55370) after 10000ms
10-01 10:58:02.141 11357 11413 W AndroidTracking: Failed to send event to server: failed to connect to /10.0.2.2 (port 3001) from /10.0.2.16 (port 55378) after 10000ms
10-01 10:58:02.150 11357 11418 W AndroidTracking: Failed to send event to server: failed to connect to /10.0.2.2 (port 3001) from /10.0.2.16 (port 55386) after 9999ms
10-01 10:58:02.315 11357 11357 D AndroidTracking: Event tracked: ADD_TO_CART - {app=com.android.systemui, packageName=com.android.systemui, productInfo={cartAction=T-Mobile, one bar., productName=T-Mobile, one bar., allTexts=[T-Mobile, one bar.]}, eventType=cross_app_cart_update}
10-01 10:58:02.318 11357 11357 D CrossAppTracking: ðŸ›’ Produit envoyÃ©: T-Mobile, one bar. - Prix: N/A
10-01 10:58:10.650 11357 11781 W AndroidTracking: Failed to send event to server: failed to connect to /10.0.2.2 (port 3001) from /10.0.2.16 (port 58784) after 10000ms
10-01 10:58:10.753 11357 11823 W AndroidTracking: Failed to send event to server: failed to connect to /10.0.2.2 (port 3001) from /10.0.2.16 (port 58790) after 10000ms
10-01 10:58:12.118 11357 11780 W AndroidTracking: Failed to send event to server: failed to connect to /10.0.2.2 (port 3001) from /10.0.2.16 (port 58812) after 10000ms
10-01 10:58:12.119 11357 11779 W AndroidTracking: Failed to send event to server: failed to connect to /10.0.2.2 (port 3001) from /10.0.2.16 (port 58800) after 10000ms
10-01 10:58:12.143 11357 11416 W AndroidTracking: Failed to send event to server: failed to connect to /10.0.2.2 (port 3001) from /10.0.2.16 (port 58822) after 10000ms
10-01 10:58:12.156 11357 11417 W AndroidTracking: Failed to send event to server: failed to connect to /10.0.2.2 (port 3001) from /10.0.2.16 (port 58824) after 10000ms
10-01 10:58:12.166 11357 11413 W AndroidTracking: Failed to send event to server: failed to connect to /10.0.2.2 (port 3001) from /10.0.2.16 (port 58828) after 10000ms
10-01 10:58:12.342 11357 11824 W AndroidTracking: Failed to send event to server: failed to connect to /10.0.2.2 (port 3001) from /10.0.2.16 (port 58842) after 10000ms
10-01 10:58:22.138 11357 11418 W AndroidTracking: Failed to send event to server: failed to connect to /10.0.2.2 (port 3001) from /10.0.2.16 (port 53520) after 10000ms
10-01 10:58:22.145 11357 11780 W AndroidTracking: Failed to send event to server: failed to connect to /10.0.2.2 (port 3001) from /10.0.2.16 (port 53524) after 9999ms
10-01 10:58:22.156 11357 11779 W AndroidTracking: Failed to send event to server: failed to connect to /10.0.2.2 (port 3001) from /10.0.2.16 (port 53534) after 10000ms
10-01 10:58:22.169 11357 11416 W AndroidTracking: Failed to send event to server: failed to connect to /10.0.2.2 (port 3001) from /10.0.2.16 (port 53536) after 10000ms
10-01 10:58:22.180 11357 11417 W AndroidTracking: Failed to send event to server: failed to connect to /10.0.2.2 (port 3001) from /10.0.2.16 (port 53544) after 9999ms
10-01 10:58:32.153 11357 11413 W AndroidTracking: Failed to send event to server: failed to connect to /10.0.2.2 (port 3001) from /10.0.2.16 (port 38962) after 10000ms
10-01 10:58:32.159 11357 11418 W AndroidTracking: Failed to send event to server: failed to connect to /10.0.2.2 (port 3001) from /10.0.2.16 (port 38970) after 10000ms
10-01 10:58:32.170 11357 11780 W AndroidTracking: Failed to send event to server: failed to connect to /10.0.2.2 (port 3001) from /10.0.2.16 (port 38986) after 10000ms
10-01 10:58:32.182 11357 11779 W AndroidTracking: Failed to send event to server: failed to connect to /10.0.2.2 (port 3001) from /10.0.2.16 (port 39002) after 10000ms
10-01 10:58:32.194 11357 11416 W AndroidTracking: Failed to send event to server: failed to connect to /10.0.2.2 (port 3001) from /10.0.2.16 (port 39004) after 9999ms
10-01 10:58:41.810 11357 11357 D CrossAppTracking: ðŸ“± Ã‰vÃ©nement reÃ§u: 2048 - com.android.systemui
10-01 10:58:41.810 11357 11357 D CrossAppTracking: âœ… App ciblÃ©e dÃ©tectÃ©e: com.android.systemui
10-01 10:58:42.169 11357 11417 W AndroidTracking: Failed to send event to server: failed to connect to /10.0.2.2 (port 3001) from /10.0.2.16 (port 52514) after 10000ms
10-01 10:58:42.174 11357 11413 W AndroidTracking: Failed to send event to server: failed to connect to /10.0.2.2 (port 3001) from /10.0.2.16 (port 52518) after 10000ms
10-01 10:58:42.197 11357 11418 W AndroidTracking: Failed to send event to server: failed to connect to /10.0.2.2 (port 3001) from /10.0.2.16 (port 52534) after 10000ms
10-01 10:58:42.204 11357 11780 W AndroidTracking: Failed to send event to server: failed to connect to /10.0.2.2 (port 3001) from /10.0.2.16 (port 52542) after 10000ms
10-01 10:58:42.210 11357 11779 W AndroidTracking: Failed to send event to server: failed to connect to /10.0.2.2 (port 3001) from /10.0.2.16 (port 52554) after 10000ms
10-01 10:58:42.312 11357 11357 D AndroidTracking: Event tracked: ADD_TO_CART - {app=com.android.systemui, packageName=com.android.systemui, productInfo={cartAction=T-Mobile, no signal., productName=T-Mobile, no signal., allTexts=[T-Mobile, no signal.]}, eventType=cross_app_cart_update}
10-01 10:58:42.314 11357 11357 D CrossAppTracking: ðŸ›’ Produit envoyÃ©: T-Mobile, no signal. - Prix: N/A
10-01 10:58:52.184 11357 11416 W AndroidTracking: Failed to send event to server: failed to connect to /10.0.2.2 (port 3001) from /10.0.2.16 (port 39146) after 10000ms
10-01 10:58:52.204 11357 11417 W AndroidTracking: Failed to send event to server: failed to connect to /10.0.2.2 (port 3001) from /10.0.2.16 (port 39160) after 10000ms
10-01 10:58:52.227 11357 11413 W AndroidTracking: Failed to send event to server: failed to connect to /10.0.2.2 (port 3001) from /10.0.2.16 (port 39166) after 10000ms
10-01 10:58:52.242 11357 11418 W AndroidTracking: Failed to send event to server: failed to connect to /10.0.2.2 (port 3001) from /10.0.2.16 (port 39182) after 10000ms
10-01 10:58:52.243 11357 11780 W AndroidTracking: Failed to send event to server: failed to connect to /10.0.2.2 (port 3001) from /10.0.2.16 (port 39190) after 10000ms
10-01 10:58:52.335 11357 11824 W AndroidTracking: Failed to send event to server: failed to connect to /10.0.2.2 (port 3001) from /10.0.2.16 (port 39200) after 10000ms
10-01 10:59:00.140 11357 11357 D CrossAppTracking: ðŸ“± Ã‰vÃ©nement reÃ§u: 2048 - com.android.systemui
10-01 10:59:00.140 11357 11357 D CrossAppTracking: âœ… App ciblÃ©e dÃ©tectÃ©e: com.android.systemui
10-01 10:59:00.248 11357 11357 D CrossAppTracking: ðŸ“± Ã‰vÃ©nement reÃ§u: 2048 - com.android.systemui
10-01 10:59:00.248 11357 11357 D CrossAppTracking: âœ… App ciblÃ©e dÃ©tectÃ©e: com.android.systemui
10-01 10:59:00.645 11357 11357 D AndroidTracking: Event tracked: ADD_TO_CART - {app=com.android.systemui, packageName=com.android.systemui, productInfo={productName=10:59â€¯AM, allTexts=[10:59, 10:59â€¯AM]}, eventType=cross_app_cart_update}
10-01 10:59:00.646 11357 11357 D CrossAppTracking: ðŸ›’ Produit envoyÃ©: 10:59â€¯AM - Prix: N/A
10-01 10:59:00.753 11357 11357 D AndroidTracking: Event tracked: ADD_TO_CART - {app=com.android.systemui, packageName=com.android.systemui, productInfo={productName=10:59â€¯AM, allTexts=[10:59, 10:59â€¯AM]}, eventType=cross_app_cart_update}
10-01 10:59:00.754 11357 11357 D CrossAppTracking: ðŸ›’ Produit envoyÃ©: 10:59â€¯AM - Prix: N/A
10-01 10:59:02.200 11357 11779 W AndroidTracking: Failed to send event to server: failed to connect to /10.0.2.2 (port 3001) from /10.0.2.16 (port 33004) after 10000ms
10-01 10:59:02.218 11357 11416 W AndroidTracking: Failed to send event to server: failed to connect to /10.0.2.2 (port 3001) from /10.0.2.16 (port 33012) after 10000ms
10-01 10:59:02.240 11357 11417 W AndroidTracking: Failed to send event to server: failed to connect to /10.0.2.2 (port 3001) from /10.0.2.16 (port 33016) after 10000ms
10-01 10:59:10.666 11357 11824 W AndroidTracking: Failed to send event to server: failed to connect to /10.0.2.2 (port 3001) from /10.0.2.16 (port 40254) after 10000ms
10-01 10:59:10.772 11357 11823 W AndroidTracking: Failed to send event to server: failed to connect to /10.0.2.2 (port 3001) from /10.0.2.16 (port 40256) after 9998ms
10-01 10:59:21.805 11357 11357 D CrossAppTracking: ðŸ“± Ã‰vÃ©nement reÃ§u: 2048 - com.android.systemui
10-01 10:59:21.805 11357 11357 D CrossAppTracking: âœ… App ciblÃ©e dÃ©tectÃ©e: com.android.systemui
10-01 10:59:22.308 11357 11357 D AndroidTracking: Event tracked: ADD_TO_CART - {app=com.android.systemui, packageName=com.android.systemui, productInfo={cartAction=T-Mobile, signal full., productName=T-Mobile, signal full., allTexts=[T-Mobile, signal full.]}, eventType=cross_app_cart_update}
10-01 10:59:22.309 11357 11357 D CrossAppTracking: ðŸ›’ Produit envoyÃ©: T-Mobile, signal full. - Prix: N/A
10-01 10:59:32.321 11357 11823 W AndroidTracking: Failed to send event to server: failed to connect to /10.0.2.2 (port 3001) from /10.0.2.16 (port 49348) after 9999ms
10-01 11:00:00.136 11357 11357 D CrossAppTracking: ðŸ“± Ã‰vÃ©nement reÃ§u: 2048 - com.android.systemui
10-01 11:00:00.136 11357 11357 D CrossAppTracking: âœ… App ciblÃ©e dÃ©tectÃ©e: com.android.systemui
10-01 11:00:00.236 11357 11357 D CrossAppTracking: ðŸ“± Ã‰vÃ©nement reÃ§u: 2048 - com.android.systemui
10-01 11:00:00.236 11357 11357 D CrossAppTracking: âœ… App ciblÃ©e dÃ©tectÃ©e: com.android.systemui
10-01 11:00:00.639 11357 11357 D AndroidTracking: Event tracked: ADD_TO_CART - {app=com.android.systemui, packageName=com.android.systemui, productInfo={productName=11:00â€¯AM, allTexts=[11:00, 11:00â€¯AM]}, eventType=cross_app_cart_update}
10-01 11:00:00.641 11357 11357 D CrossAppTracking: ðŸ›’ Produit envoyÃ©: 11:00â€¯AM - Prix: N/A
10-01 11:00:00.739 11357 11357 D AndroidTracking: Event tracked: ADD_TO_CART - {app=com.android.systemui, packageName=com.android.systemui, productInfo={productName=11:00â€¯AM, allTexts=[11:00, 11:00â€¯AM]}, eventType=cross_app_cart_update}
10-01 11:00:00.742 11357 11357 D CrossAppTracking: ðŸ›’ Produit envoyÃ©: 11:00â€¯AM - Prix: N/A
10-01 11:00:10.654 11357 11823 W AndroidTracking: Failed to send event to server: failed to connect to /10.0.2.2 (port 3001) from /10.0.2.16 (port 42550) after 10000ms
10-01 11:00:10.759 11357 11824 W AndroidTracking: Failed to send event to server: failed to connect to /10.0.2.2 (port 3001) from /10.0.2.16 (port 42564) after 10000ms
10-01 11:00:11.812 11357 11357 D CrossAppTracking: ðŸ“± Ã‰vÃ©nement reÃ§u: 2048 - com.android.systemui
10-01 11:00:11.812 11357 11357 D CrossAppTracking: âœ… App ciblÃ©e dÃ©tectÃ©e: com.android.systemui
10-01 11:00:12.316 11357 11357 D AndroidTracking: Event tracked: ADD_TO_CART - {app=com.android.systemui, packageName=com.android.systemui, productInfo={cartAction=T-Mobile, three bars., productName=T-Mobile, three bars., allTexts=[T-Mobile, three bars.]}, eventType=cross_app_cart_update}
10-01 11:00:12.322 11357 11357 D CrossAppTracking: ðŸ›’ Produit envoyÃ©: T-Mobile, three bars. - Prix: N/A
10-01 11:00:22.339 11357 11824 W AndroidTracking: Failed to send event to server: failed to connect to /10.0.2.2 (port 3001) from /10.0.2.16 (port 50362) after 9999ms
10-01 11:00:41.819 11357 11357 D CrossAppTracking: ðŸ“± Ã‰vÃ©nement reÃ§u: 2048 - com.android.systemui
10-01 11:00:41.819 11357 11357 D CrossAppTracking: âœ… App ciblÃ©e dÃ©tectÃ©e: com.android.systemui
10-01 11:00:42.322 11357 11357 D AndroidTracking: Event tracked: ADD_TO_CART - {app=com.android.systemui, packageName=com.android.systemui, productInfo={cartAction=T-Mobile, two bars., productName=T-Mobile, two bars., allTexts=[T-Mobile, two bars.]}, eventType=cross_app_cart_update}
10-01 11:00:42.323 11357 11357 D CrossAppTracking: ðŸ›’ Produit envoyÃ©: T-Mobile, two bars. - Prix: N/A
10-01 11:00:52.338 11357 11824 W AndroidTracking: Failed to send event to server: failed to connect to /10.0.2.2 (port 3001) from /10.0.2.16 (port 37570) after 10000ms
10-01 11:01:00.144 11357 11357 D CrossAppTracking: ðŸ“± Ã‰vÃ©nement reÃ§u: 2048 - com.android.systemui
10-01 11:01:00.144 11357 11357 D CrossAppTracking: âœ… App ciblÃ©e dÃ©tectÃ©e: com.android.systemui
10-01 11:01:00.249 11357 11357 D CrossAppTracking: ðŸ“± Ã‰vÃ©nement reÃ§u: 2048 - com.android.systemui
10-01 11:01:00.249 11357 11357 D CrossAppTracking: âœ… App ciblÃ©e dÃ©tectÃ©e: com.android.systemui
10-01 11:01:00.648 11357 11357 D AndroidTracking: Event tracked: ADD_TO_CART - {app=com.android.systemui, packageName=com.android.systemui, productInfo={productName=11:01â€¯AM, allTexts=[11:01, 11:01â€¯AM]}, eventType=cross_app_cart_update}
10-01 11:01:00.658 11357 11357 D CrossAppTracking: ðŸ›’ Produit envoyÃ©: 11:01â€¯AM - Prix: N/A
10-01 11:01:00.753 11357 11357 D AndroidTracking: Event tracked: ADD_TO_CART - {app=com.android.systemui, packageName=com.android.systemui, productInfo={productName=11:01â€¯AM, allTexts=[11:01, 11:01â€¯AM]}, eventType=cross_app_cart_update}
10-01 11:01:00.755 11357 11357 D CrossAppTracking: ðŸ›’ Produit envoyÃ©: 11:01â€¯AM - Prix: N/A
10-01 11:01:01.823 11357 11357 D CrossAppTracking: ðŸ“± Ã‰vÃ©nement reÃ§u: 2048 - com.android.systemui
10-01 11:01:01.824 11357 11357 D CrossAppTracking: âœ… App ciblÃ©e dÃ©tectÃ©e: com.android.systemui
10-01 11:01:02.329 11357 11357 D AndroidTracking: Event tracked: ADD_TO_CART - {app=com.android.systemui, packageName=com.android.systemui, productInfo={cartAction=T-Mobile, one bar., productName=T-Mobile, one bar., allTexts=[T-Mobile, one bar.]}, eventType=cross_app_cart_update}
10-01 11:01:02.338 11357 11357 D CrossAppTracking: ðŸ›’ Produit envoyÃ©: T-Mobile, one bar. - Prix: N/A
10-01 11:01:10.675 11357 11824 W AndroidTracking: Failed to send event to server: failed to connect to /10.0.2.2 (port 3001) from /10.0.2.16 (port 36108) after 10000ms
10-01 11:01:10.770 11357 11823 W AndroidTracking: Failed to send event to server: failed to connect to /10.0.2.2 (port 3001) from /10.0.2.16 (port 36124) after 10000ms
10-01 11:01:12.364 11357 11842 W AndroidTracking: Failed to send event to server: failed to connect to /10.0.2.2 (port 3001) from /10.0.2.16 (port 36138) after 10000ms
10-01 11:01:41.841 11357 11357 D CrossAppTracking: ðŸ“± Ã‰vÃ©nement reÃ§u: 2048 - com.android.systemui
10-01 11:01:41.841 11357 11357 D CrossAppTracking: âœ… App ciblÃ©e dÃ©tectÃ©e: com.android.systemui
10-01 11:01:42.348 11357 11357 D AndroidTracking: Event tracked: ADD_TO_CART - {app=com.android.systemui, packageName=com.android.systemui, productInfo={cartAction=T-Mobile, no signal., productName=T-Mobile, no signal., allTexts=[T-Mobile, no signal.]}, eventType=cross_app_cart_update}
10-01 11:01:42.353 11357 11357 D CrossAppTracking: ðŸ›’ Produit envoyÃ©: T-Mobile, no signal. - Prix: N/A
10-01 11:01:52.365 11357 11842 W AndroidTracking: Failed to send event to server: failed to connect to /10.0.2.2 (port 3001) from /10.0.2.16 (port 54524) after 10000ms
10-01 11:02:00.125 11357 11357 D CrossAppTracking: ðŸ“± Ã‰vÃ©nement reÃ§u: 2048 - com.android.systemui
10-01 11:02:00.125 11357 11357 D CrossAppTracking: âœ… App ciblÃ©e dÃ©tectÃ©e: com.android.systemui
10-01 11:02:00.225 11357 11357 D CrossAppTracking: ðŸ“± Ã‰vÃ©nement reÃ§u: 2048 - com.android.systemui
10-01 11:02:00.225 11357 11357 D CrossAppTracking: âœ… App ciblÃ©e dÃ©tectÃ©e: com.android.systemui
10-01 11:02:00.628 11357 11357 D AndroidTracking: Event tracked: ADD_TO_CART - {app=com.android.systemui, packageName=com.android.systemui, productInfo={productName=11:02â€¯AM, allTexts=[11:02, 11:02â€¯AM]}, eventType=cross_app_cart_update}
10-01 11:02:00.629 11357 11357 D CrossAppTracking: ðŸ›’ Produit envoyÃ©: 11:02â€¯AM - Prix: N/A
10-01 11:02:00.727 11357 11357 D AndroidTracking: Event tracked: ADD_TO_CART - {app=com.android.systemui, packageName=com.android.systemui, productInfo={productName=11:02â€¯AM, allTexts=[11:02, 11:02â€¯AM]}, eventType=cross_app_cart_update}
10-01 11:02:00.729 11357 11357 D CrossAppTracking: ðŸ›’ Produit envoyÃ©: 11:02â€¯AM - Prix: N/A
10-01 11:02:10.642 11357 11842 W AndroidTracking: Failed to send event to server: failed to connect to /10.0.2.2 (port 3001) from /10.0.2.16 (port 37558) after 10000ms
10-01 11:02:10.748 11357 11823 W AndroidTracking: Failed to send event to server: failed to connect to /10.0.2.2 (port 3001) from /10.0.2.16 (port 37574) after 10000ms
10-01 11:02:21.825 11357 11357 D CrossAppTracking: ðŸ“± Ã‰vÃ©nement reÃ§u: 2048 - com.android.systemui
10-01 11:02:21.825 11357 11357 D CrossAppTracking: âœ… App ciblÃ©e dÃ©tectÃ©e: com.android.systemui
10-01 11:02:22.329 11357 11357 D AndroidTracking: Event tracked: ADD_TO_CART - {app=com.android.systemui, packageName=com.android.systemui, productInfo={cartAction=T-Mobile, signal full., productName=T-Mobile, signal full., allTexts=[T-Mobile, signal full.]}, eventType=cross_app_cart_update}
10-01 11:02:22.337 11357 11357 D CrossAppTracking: ðŸ›’ Produit envoyÃ©: T-Mobile, signal full. - Prix: N/A
10-01 11:02:32.355 11357 11823 W AndroidTracking: Failed to send event to server: failed to connect to /10.0.2.2 (port 3001) from /10.0.2.16 (port 54962) after 10000ms
10-01 11:03:00.130 11357 11357 D CrossAppTracking: ðŸ“± Ã‰vÃ©nement reÃ§u: 2048 - com.android.systemui
10-01 11:03:00.130 11357 11357 D CrossAppTracking: âœ… App ciblÃ©e dÃ©tectÃ©e: com.android.systemui
10-01 11:03:00.232 11357 11357 D CrossAppTracking: ðŸ“± Ã‰vÃ©nement reÃ§u: 2048 - com.android.systemui
10-01 11:03:00.232 11357 11357 D CrossAppTracking: âœ… App ciblÃ©e dÃ©tectÃ©e: com.android.systemui
10-01 11:03:00.632 11357 11357 D AndroidTracking: Event tracked: ADD_TO_CART - {app=com.android.systemui, packageName=com.android.systemui, productInfo={productName=11:03â€¯AM, allTexts=[11:03, 11:03â€¯AM]}, eventType=cross_app_cart_update}
10-01 11:03:00.634 11357 11357 D CrossAppTracking: ðŸ›’ Produit envoyÃ©: 11:03â€¯AM - Prix: N/A
10-01 11:03:00.736 11357 11357 D AndroidTracking: Event tracked: ADD_TO_CART - {app=com.android.systemui, packageName=com.android.systemui, productInfo={productName=11:03â€¯AM, allTexts=[11:03, 11:03â€¯AM]}, eventType=cross_app_cart_update}
10-01 11:03:00.737 11357 11357 D CrossAppTracking: ðŸ›’ Produit envoyÃ©: 11:03â€¯AM - Prix: N/A
10-01 11:03:10.649 11357 11823 W AndroidTracking: Failed to send event to server: failed to connect to /10.0.2.2 (port 3001) from /10.0.2.16 (port 54296) after 9999ms
10-01 11:03:10.742 11357 11842 W AndroidTracking: Failed to send event to server: failed to connect to /10.0.2.2 (port 3001) from /10.0.2.16 (port 54308) after 10000ms
10-01 11:03:11.840 11357 11357 D CrossAppTracking: ðŸ“± Ã‰vÃ©nement reÃ§u: 2048 - com.android.systemui
10-01 11:03:11.841 11357 11357 D CrossAppTracking: âœ… App ciblÃ©e dÃ©tectÃ©e: com.android.systemui
10-01 11:03:12.344 11357 11357 D AndroidTracking: Event tracked: ADD_TO_CART - {app=com.android.systemui, packageName=com.android.systemui, productInfo={cartAction=T-Mobile, three bars., productName=T-Mobile, three bars., allTexts=[T-Mobile, three bars.]}, eventType=cross_app_cart_update}
10-01 11:03:12.345 11357 11357 D CrossAppTracking: ðŸ›’ Produit envoyÃ©: T-Mobile, three bars. - Prix: N/A
10-01 11:03:22.360 11357 11842 W AndroidTracking: Failed to send event to server: failed to connect to /10.0.2.2 (port 3001) from /10.0.2.16 (port 37996) after 10000ms
10-01 11:03:41.826 11357 11357 D CrossAppTracking: ðŸ“± Ã‰vÃ©nement reÃ§u: 2048 - com.android.systemui
10-01 11:03:41.826 11357 11357 D CrossAppTracking: âœ… App ciblÃ©e dÃ©tectÃ©e: com.android.systemui
10-01 11:03:42.329 11357 11357 D AndroidTracking: Event tracked: ADD_TO_CART - {app=com.android.systemui, packageName=com.android.systemui, productInfo={cartAction=T-Mobile, two bars., productName=T-Mobile, two bars., allTexts=[T-Mobile, two bars.]}, eventType=cross_app_cart_update}
10-01 11:03:42.333 11357 11357 D CrossAppTracking: ðŸ›’ Produit envoyÃ©: T-Mobile, two bars. - Prix: N/A
10-01 11:03:52.349 11357 11842 W AndroidTracking: Failed to send event to server: failed to connect to /10.0.2.2 (port 3001) from /10.0.2.16 (port 37840) after 10000ms
10-01 11:04:00.134 11357 11357 D CrossAppTracking: ðŸ“± Ã‰vÃ©nement reÃ§u: 2048 - com.android.systemui
10-01 11:04:00.134 11357 11357 D CrossAppTracking: âœ… App ciblÃ©e dÃ©tectÃ©e: com.android.systemui
10-01 11:04:00.242 11357 11357 D CrossAppTracking: ðŸ“± Ã‰vÃ©nement reÃ§u: 2048 - com.android.systemui
10-01 11:04:00.243 11357 11357 D CrossAppTracking: âœ… App ciblÃ©e dÃ©tectÃ©e: com.android.systemui
10-01 11:04:00.638 11357 11357 D AndroidTracking: Event tracked: ADD_TO_CART - {app=com.android.systemui, packageName=com.android.systemui, productInfo={productName=11:04â€¯AM, allTexts=[11:04, 11:04â€¯AM]}, eventType=cross_app_cart_update}
10-01 11:04:00.640 11357 11357 D CrossAppTracking: ðŸ›’ Produit envoyÃ©: 11:04â€¯AM - Prix: N/A
10-01 11:04:00.752 11357 11357 D AndroidTracking: Event tracked: ADD_TO_CART - {app=com.android.systemui, packageName=com.android.systemui, productInfo={productName=11:04â€¯AM, allTexts=[11:04, 11:04â€¯AM]}, eventType=cross_app_cart_update}
10-01 11:04:00.755 11357 11357 D CrossAppTracking: ðŸ›’ Produit envoyÃ©: 11:04â€¯AM - Prix: N/A
10-01 11:04:01.826 11357 11357 D CrossAppTracking: ðŸ“± Ã‰vÃ©nement reÃ§u: 2048 - com.android.systemui
10-01 11:04:01.826 11357 11357 D CrossAppTracking: âœ… App ciblÃ©e dÃ©tectÃ©e: com.android.systemui
10-01 11:04:02.332 11357 11357 D AndroidTracking: Event tracked: ADD_TO_CART - {app=com.android.systemui, packageName=com.android.systemui, productInfo={cartAction=T-Mobile, one bar., productName=T-Mobile, one bar., allTexts=[T-Mobile, one bar.]}, eventType=cross_app_cart_update}
10-01 11:04:02.334 11357 11357 D CrossAppTracking: ðŸ›’ Produit envoyÃ©: T-Mobile, one bar. - Prix: N/A
10-01 11:04:10.656 11357 11842 W AndroidTracking: Failed to send event to server: failed to connect to /10.0.2.2 (port 3001) from /10.0.2.16 (port 42494) after 10000ms
10-01 11:04:10.777 11357 11823 W AndroidTracking: Failed to send event to server: failed to connect to /10.0.2.2 (port 3001) from /10.0.2.16 (port 42498) after 10000ms
10-01 11:04:12.350 11357 11858 W AndroidTracking: Failed to send event to server: failed to connect to /10.0.2.2 (port 3001) from /10.0.2.16 (port 42500) after 10000ms
10-01 11:04:41.965 11357 11357 D CrossAppTracking: ðŸ“± Ã‰vÃ©nement reÃ§u: 2048 - com.android.systemui
10-01 11:04:41.966 11357 11357 D CrossAppTracking: âœ… App ciblÃ©e dÃ©tectÃ©e: com.android.systemui
10-01 11:04:42.490 11357 11357 D AndroidTracking: Event tracked: ADD_TO_CART - {app=com.android.systemui, packageName=com.android.systemui, productInfo={cartAction=T-Mobile, no signal., productName=T-Mobile, no signal., allTexts=[T-Mobile, no signal.]}, eventType=cross_app_cart_update}
10-01 11:04:42.500 11357 11357 D CrossAppTracking: ðŸ›’ Produit envoyÃ©: T-Mobile, no signal. - Prix: N/A
10-01 11:04:52.530 11357 11858 W AndroidTracking: Failed to send event to server: failed to connect to /10.0.2.2 (port 3001) from /10.0.2.16 (port 37754) after 10000ms
10-01 11:05:00.162 11357 11357 D CrossAppTracking: ðŸ“± Ã‰vÃ©nement reÃ§u: 2048 - com.android.systemui
10-01 11:05:00.162 11357 11357 D CrossAppTracking: âœ… App ciblÃ©e dÃ©tectÃ©e: com.android.systemui
10-01 11:05:00.267 11357 11357 D CrossAppTracking: ðŸ“± Ã‰vÃ©nement reÃ§u: 2048 - com.android.systemui
10-01 11:05:00.267 11357 11357 D CrossAppTracking: âœ… App ciblÃ©e dÃ©tectÃ©e: com.android.systemui
10-01 11:05:00.674 11357 11357 D AndroidTracking: Event tracked: ADD_TO_CART - {app=com.android.systemui, packageName=com.android.systemui, productInfo={productName=11:05â€¯AM, allTexts=[11:05, 11:05â€¯AM]}, eventType=cross_app_cart_update}
10-01 11:05:00.675 11357 11357 D CrossAppTracking: ðŸ›’ Produit envoyÃ©: 11:05â€¯AM - Prix: N/A
10-01 11:05:00.771 11357 11357 D AndroidTracking: Event tracked: ADD_TO_CART - {app=com.android.systemui, packageName=com.android.systemui, productInfo={productName=11:05â€¯AM, allTexts=[11:05, 11:05â€¯AM]}, eventType=cross_app_cart_update}
10-01 11:05:00.778 11357 11357 D CrossAppTracking: ðŸ›’ Produit envoyÃ©: 11:05â€¯AM - Prix: N/A
10-01 11:05:10.695 11357 11858 W AndroidTracking: Failed to send event to server: failed to connect to /10.0.2.2 (port 3001) from /10.0.2.16 (port 55054) after 10000ms
10-01 11:05:10.817 11357 11823 W AndroidTracking: Failed to send event to server: failed to connect to /10.0.2.2 (port 3001) from /10.0.2.16 (port 55070) after 9998ms
10-01 11:05:21.833 11357 11357 D CrossAppTracking: ðŸ“± Ã‰vÃ©nement reÃ§u: 2048 - com.android.systemui
10-01 11:05:21.833 11357 11357 D CrossAppTracking: âœ… App ciblÃ©e dÃ©tectÃ©e: com.android.systemui
10-01 11:05:22.336 11357 11357 D AndroidTracking: Event tracked: ADD_TO_CART - {app=com.android.systemui, packageName=com.android.systemui, productInfo={cartAction=T-Mobile, signal full., productName=T-Mobile, signal full., allTexts=[T-Mobile, signal full.]}, eventType=cross_app_cart_update}
10-01 11:05:22.341 11357 11357 D CrossAppTracking: ðŸ›’ Produit envoyÃ©: T-Mobile, signal full. - Prix: N/A
10-01 11:05:32.363 11357 11823 W AndroidTracking: Failed to send event to server: failed to connect to /10.0.2.2 (port 3001) from /10.0.2.16 (port 50156) after 10000ms
10-01 11:06:00.155 11357 11357 D CrossAppTracking: ðŸ“± Ã‰vÃ©nement reÃ§u: 2048 - com.android.systemui
10-01 11:06:00.155 11357 11357 D CrossAppTracking: âœ… App ciblÃ©e dÃ©tectÃ©e: com.android.systemui
10-01 11:06:00.258 11357 11357 D CrossAppTracking: ðŸ“± Ã‰vÃ©nement reÃ§u: 2048 - com.android.systemui
10-01 11:06:00.258 11357 11357 D CrossAppTracking: âœ… App ciblÃ©e dÃ©tectÃ©e: com.android.systemui
10-01 11:06:00.697 11357 11357 D AndroidTracking: Event tracked: ADD_TO_CART - {app=com.android.systemui, packageName=com.android.systemui, productInfo={productName=11:06â€¯AM, allTexts=[11:06, 11:06â€¯AM]}, eventType=cross_app_cart_update}
10-01 11:06:00.716 11357 11357 D CrossAppTracking: ðŸ›’ Produit envoyÃ©: 11:06â€¯AM - Prix: N/A
10-01 11:06:00.818 11357 11357 D AndroidTracking: Event tracked: ADD_TO_CART - {app=com.android.systemui, packageName=com.android.systemui, productInfo={productName=11:06â€¯AM, allTexts=[11:06, 11:06â€¯AM]}, eventType=cross_app_cart_update}
10-01 11:06:00.832 11357 11357 D CrossAppTracking: ðŸ›’ Produit envoyÃ©: 11:06â€¯AM - Prix: N/A
10-01 11:06:10.821 11357 11823 W AndroidTracking: Failed to send event to server: failed to connect to /10.0.2.2 (port 3001) from /10.0.2.16 (port 48166) after 10000ms
10-01 11:06:10.952 11357 11858 W AndroidTracking: Failed to send event to server: failed to connect to /10.0.2.2 (port 3001) from /10.0.2.16 (port 48182) after 10000ms
10-01 11:06:11.942 11357 11357 D CrossAppTracking: ðŸ“± Ã‰vÃ©nement reÃ§u: 2048 - com.android.systemui
10-01 11:06:11.942 11357 11357 D CrossAppTracking: âœ… App ciblÃ©e dÃ©tectÃ©e: com.android.systemui
10-01 11:06:12.447 11357 11357 D AndroidTracking: Event tracked: ADD_TO_CART - {app=com.android.systemui, packageName=com.android.systemui, productInfo={cartAction=T-Mobile, three bars., productName=T-Mobile, three bars., allTexts=[T-Mobile, three bars.]}, eventType=cross_app_cart_update}
10-01 11:06:12.451 11357 11357 D CrossAppTracking: ðŸ›’ Produit envoyÃ©: T-Mobile, three bars. - Prix: N/A
10-01 11:06:22.465 11357 11858 W AndroidTracking: Failed to send event to server: failed to connect to /10.0.2.2 (port 3001) from /10.0.2.16 (port 59422) after 10000ms
10-01 11:06:41.839 11357 11357 D CrossAppTracking: ðŸ“± Ã‰vÃ©nement reÃ§u: 2048 - com.android.systemui
10-01 11:06:41.839 11357 11357 D CrossAppTracking: âœ… App ciblÃ©e dÃ©tectÃ©e: com.android.systemui
10-01 11:06:42.343 11357 11357 D AndroidTracking: Event tracked: ADD_TO_CART - {app=com.android.systemui, packageName=com.android.systemui, productInfo={cartAction=T-Mobile, two bars., productName=T-Mobile, two bars., allTexts=[T-Mobile, two bars.]}, eventType=cross_app_cart_update}
10-01 11:06:42.344 11357 11357 D CrossAppTracking: ðŸ›’ Produit envoyÃ©: T-Mobile, two bars. - Prix: N/A
10-01 11:06:52.362 11357 11858 W AndroidTracking: Failed to send event to server: failed to connect to /10.0.2.2 (port 3001) from /10.0.2.16 (port 45048) after 10000ms
10-01 11:07:00.134 11357 11357 D CrossAppTracking: ðŸ“± Ã‰vÃ©nement reÃ§u: 2048 - com.android.systemui
10-01 11:07:00.134 11357 11357 D CrossAppTracking: âœ… App ciblÃ©e dÃ©tectÃ©e: com.android.systemui
10-01 11:07:00.236 11357 11357 D CrossAppTracking: ðŸ“± Ã‰vÃ©nement reÃ§u: 2048 - com.android.systemui
10-01 11:07:00.236 11357 11357 D CrossAppTracking: âœ… App ciblÃ©e dÃ©tectÃ©e: com.android.systemui
10-01 11:07:00.638 11357 11357 D AndroidTracking: Event tracked: ADD_TO_CART - {app=com.android.systemui, packageName=com.android.systemui, productInfo={productName=11:07â€¯AM, allTexts=[11:07, 11:07â€¯AM]}, eventType=cross_app_cart_update}
10-01 11:07:00.641 11357 11357 D CrossAppTracking: ðŸ›’ Produit envoyÃ©: 11:07â€¯AM - Prix: N/A
10-01 11:07:00.740 11357 11357 D AndroidTracking: Event tracked: ADD_TO_CART - {app=com.android.systemui, packageName=com.android.systemui, productInfo={productName=11:07â€¯AM, allTexts=[11:07, 11:07â€¯AM]}, eventType=cross_app_cart_update}
10-01 11:07:00.741 11357 11357 D CrossAppTracking: ðŸ›’ Produit envoyÃ©: 11:07â€¯AM - Prix: N/A
10-01 11:07:01.846 11357 11357 D CrossAppTracking: ðŸ“± Ã‰vÃ©nement reÃ§u: 2048 - com.android.systemui
10-01 11:07:01.846 11357 11357 D CrossAppTracking: âœ… App ciblÃ©e dÃ©tectÃ©e: com.android.systemui
10-01 11:07:02.352 11357 11357 D AndroidTracking: Event tracked: ADD_TO_CART - {app=com.android.systemui, packageName=com.android.systemui, productInfo={cartAction=T-Mobile, one bar., productName=T-Mobile, one bar., allTexts=[T-Mobile, one bar.]}, eventType=cross_app_cart_update}
10-01 11:07:02.354 11357 11357 D CrossAppTracking: ðŸ›’ Produit envoyÃ©: T-Mobile, one bar. - Prix: N/A
10-01 11:07:10.654 11357 11858 W AndroidTracking: Failed to send event to server: failed to connect to /10.0.2.2 (port 3001) from /10.0.2.16 (port 57424) after 10000ms
10-01 11:07:10.749 11357 11823 W AndroidTracking: Failed to send event to server: failed to connect to /10.0.2.2 (port 3001) from /10.0.2.16 (port 57440) after 9999ms
10-01 11:07:12.385 11357 11901 W AndroidTracking: Failed to send event to server: failed to connect to /10.0.2.2 (port 3001) from /10.0.2.16 (port 57444) after 9999ms
10-01 11:07:41.837 11357 11357 D CrossAppTracking: ðŸ“± Ã‰vÃ©nement reÃ§u: 2048 - com.android.systemui
10-01 11:07:41.837 11357 11357 D CrossAppTracking: âœ… App ciblÃ©e dÃ©tectÃ©e: com.android.systemui
10-01 11:07:42.339 11357 11357 D AndroidTracking: Event tracked: ADD_TO_CART - {app=com.android.systemui, packageName=com.android.systemui, productInfo={cartAction=T-Mobile, no signal., productName=T-Mobile, no signal., allTexts=[T-Mobile, no signal.]}, eventType=cross_app_cart_update}
10-01 11:07:42.341 11357 11357 D CrossAppTracking: ðŸ›’ Produit envoyÃ©: T-Mobile, no signal. - Prix: N/A
10-01 11:07:52.367 11357 11901 W AndroidTracking: Failed to send event to server: failed to connect to /10.0.2.2 (port 3001) from /10.0.2.16 (port 55078) after 10000ms
10-01 11:08:00.136 11357 11357 D CrossAppTracking: ðŸ“± Ã‰vÃ©nement reÃ§u: 2048 - com.android.systemui
10-01 11:08:00.136 11357 11357 D CrossAppTracking: âœ… App ciblÃ©e dÃ©tectÃ©e: com.android.systemui
10-01 11:08:00.236 11357 11357 D CrossAppTracking: ðŸ“± Ã‰vÃ©nement reÃ§u: 2048 - com.android.systemui
10-01 11:08:00.236 11357 11357 D CrossAppTracking: âœ… App ciblÃ©e dÃ©tectÃ©e: com.android.systemui
10-01 11:08:00.640 11357 11357 D AndroidTracking: Event tracked: ADD_TO_CART - {app=com.android.systemui, packageName=com.android.systemui, productInfo={productName=11:08â€¯AM, allTexts=[11:08, 11:08â€¯AM]}, eventType=cross_app_cart_update}
10-01 11:08:00.643 11357 11357 D CrossAppTracking: ðŸ›’ Produit envoyÃ©: 11:08â€¯AM - Prix: N/A
10-01 11:08:00.742 11357 11357 D AndroidTracking: Event tracked: ADD_TO_CART - {app=com.android.systemui, packageName=com.android.systemui, productInfo={productName=11:08â€¯AM, allTexts=[11:08, 11:08â€¯AM]}, eventType=cross_app_cart_update}
10-01 11:08:00.761 11357 11357 D CrossAppTracking: ðŸ›’ Produit envoyÃ©: 11:08â€¯AM - Prix: N/A
10-01 11:08:10.674 11357 11901 W AndroidTracking: Failed to send event to server: failed to connect to /10.0.2.2 (port 3001) from /10.0.2.16 (port 47964) after 10000ms
10-01 11:08:10.781 11357 11823 W AndroidTracking: Failed to send event to server: failed to connect to /10.0.2.2 (port 3001) from /10.0.2.16 (port 47972) after 10000ms
10-01 11:08:21.851 11357 11357 D CrossAppTracking: ðŸ“± Ã‰vÃ©nement reÃ§u: 2048 - com.android.systemui
10-01 11:08:21.851 11357 11357 D CrossAppTracking: âœ… App ciblÃ©e dÃ©tectÃ©e: com.android.systemui
