10-02 12:45:11.373 18808 18808 D CrossAppTracking: ≡ƒô▒ ├ëv├⌐nement re├ºu: 2048 - com.carrefour.fid.android
10-02 12:45:11.373 18808 18808 D CrossAppTracking: Γ£à App cibl├⌐e d├⌐tect├⌐e: com.carrefour.fid.android
10-02 12:45:11.440 18808 18808 D CrossAppTracking: ≡ƒöì DIFF STATE: 5 produits trouv├⌐s
10-02 12:45:11.440 18808 18808 D CrossAppTracking:   [0] 1 produit ├á remplacer - 6,06Γé¼ - btn='2' - minus=false
10-02 12:45:11.440 18808 18808 D CrossAppTracking:   [1] 1 produit ├á remplacer - 6,06Γé¼ - btn='2' - minus=false
10-02 12:45:11.440 18808 18808 D CrossAppTracking:   [2] 1 produit ├á remplacer - 6,06Γé¼ - btn='2' - minus=false
10-02 12:45:11.440 18808 18808 D CrossAppTracking:   [3] Gazpacho L'Original ALVALLE - 22,40Γé¼ - btn='5' - minus=false
10-02 12:45:11.440 18808 18808 D CrossAppTracking:   [4] la bouteille de 48cL - 46,75Γé¼ - btn='11' - minus=false
10-02 12:45:11.440 18808 18808 D CrossAppTracking: ΓÜá∩╕Å DIFF: Produit non trouv├⌐ dans l'├⌐tat pr├⌐c├⌐dent: 1 produit ├á remplacer
10-02 12:45:11.441 18808 18808 D CrossAppTracking: ΓÜá∩╕Å DIFF: Produit non trouv├⌐ dans l'├⌐tat pr├⌐c├⌐dent: 1 produit ├á remplacer
10-02 12:45:11.441 18808 18808 D CrossAppTracking: ΓÜá∩╕Å DIFF: Produit non trouv├⌐ dans l'├⌐tat pr├⌐c├⌐dent: 1 produit ├á remplacer
10-02 12:45:11.444 18808 18808 D CrossAppTracking: ≡ƒöä DIFF: Gazpacho L'Original ALVALLE - Aucun changement (5 ΓåÆ 5)
10-02 12:45:11.444 18808 18808 D CrossAppTracking: ΓÜá∩╕Å DIFF: Produit non trouv├⌐ dans l'├⌐tat pr├⌐c├⌐dent: la bouteille de 48cL
10-02 12:45:11.452 18808 18808 D CrossAppTracking: ΓÜá∩╕Å DIFF: Produit non trouv├⌐ dans l'├⌐tat pr├⌐c├⌐dent: 1 produit ├á remplacer
10-02 12:45:11.454 18808 18808 D CrossAppTracking: ΓÜá∩╕Å DIFF: Produit non trouv├⌐ dans l'├⌐tat pr├⌐c├⌐dent: 1 produit ├á remplacer
10-02 12:45:11.454 18808 18808 D CrossAppTracking: ΓÜá∩╕Å DIFF: Produit non trouv├⌐ dans l'├⌐tat pr├⌐c├⌐dent: 1 produit ├á remplacer
10-02 12:45:11.457 18808 18808 D CrossAppTracking: ≡ƒöä DIFF: Gazpacho L'Original ALVALLE - Aucun changement (5 ΓåÆ 5)
10-02 12:45:11.457 18808 18808 D CrossAppTracking: ΓÜá∩╕Å DIFF: Produit non trouv├⌐ dans l'├⌐tat pr├⌐c├⌐dent: la bouteille de 48cL
10-02 12:45:11.476 18808 18808 D CrossAppTracking: ≡ƒô▒ ├ëv├⌐nement re├ºu: 2048 - com.carrefour.fid.android
10-02 12:45:11.476 18808 18808 D CrossAppTracking: Γ£à App cibl├⌐e d├⌐tect├⌐e: com.carrefour.fid.android
10-02 12:45:11.480 18808 18808 D CrossAppTracking: ≡ƒöì DIFF STATE: 0 produits trouv├⌐s
10-02 12:45:11.481 18808 18808 D CrossAppTracking: ≡ƒô▒ ├ëv├⌐nement re├ºu: 2048 - com.carrefour.fid.android
10-02 12:45:11.481 18808 18808 D CrossAppTracking: Γ£à App cibl├⌐e d├⌐tect├⌐e: com.carrefour.fid.android
10-02 12:45:11.523 18808 18808 D CrossAppTracking: ≡ƒöì DIFF STATE: 3 produits trouv├⌐s
10-02 12:45:11.523 18808 18808 D CrossAppTracking:   [0] 1 produit ├á remplacer - 6,06Γé¼ - btn='2' - minus=false
10-02 12:45:11.523 18808 18808 D CrossAppTracking:   [1] Gazpacho L'Original ALVALLE - 22,40Γé¼ - btn='5' - minus=false
10-02 12:45:11.523 18808 18808 D CrossAppTracking:   [2] la bouteille de 48cL - 46,75Γé¼ - btn='11' - minus=false
10-02 12:45:11.523 18808 18808 D CrossAppTracking: ΓÜá∩╕Å DIFF: Produit non trouv├⌐ dans l'├⌐tat pr├⌐c├⌐dent: 1 produit ├á remplacer
10-02 12:45:11.523 18808 18808 D CrossAppTracking: ΓÜá∩╕Å DIFF: Produit non trouv├⌐ dans l'├⌐tat pr├⌐c├⌐dent: Gazpacho L'Original ALVALLE
10-02 12:45:11.523 18808 18808 D CrossAppTracking: ΓÜá∩╕Å DIFF: Produit non trouv├⌐ dans l'├⌐tat pr├⌐c├⌐dent: la bouteille de 48cL
10-02 12:45:11.523 18808 18808 D CrossAppTracking: ΓÜá∩╕Å DIFF: Produit non trouv├⌐ dans l'├⌐tat pr├⌐c├⌐dent: 1 produit ├á remplacer
10-02 12:45:11.523 18808 18808 D CrossAppTracking: ΓÜá∩╕Å DIFF: Produit non trouv├⌐ dans l'├⌐tat pr├⌐c├⌐dent: Gazpacho L'Original ALVALLE
10-02 12:45:11.523 18808 18808 D CrossAppTracking: ΓÜá∩╕Å DIFF: Produit non trouv├⌐ dans l'├⌐tat pr├⌐c├⌐dent: la bouteille de 48cL
10-02 12:45:11.548 18808 18808 D CrossAppTracking: ≡ƒô▒ ├ëv├⌐nement re├ºu: 2048 - com.carrefour.fid.android
10-02 12:45:11.548 18808 18808 D CrossAppTracking: Γ£à App cibl├⌐e d├⌐tect├⌐e: com.carrefour.fid.android
10-02 12:45:11.563 18808 18808 D CrossAppTracking: ≡ƒöì DIFF STATE: 0 produits trouv├⌐s
10-02 12:45:11.566 18808 18808 D CrossAppTracking: ≡ƒô▒ ├ëv├⌐nement re├ºu: 2048 - com.carrefour.fid.android
10-02 12:45:11.566 18808 18808 D CrossAppTracking: Γ£à App cibl├⌐e d├⌐tect├⌐e: com.carrefour.fid.android
10-02 12:45:11.582 18808 18808 D CrossAppTracking: ≡ƒöì DIFF STATE: 0 produits trouv├⌐s
10-02 12:45:11.585 18808 18808 D CrossAppTracking: ≡ƒô▒ ├ëv├⌐nement re├ºu: 2048 - com.carrefour.fid.android
10-02 12:45:11.588 18808 18808 D CrossAppTracking: Γ£à App cibl├⌐e d├⌐tect├⌐e: com.carrefour.fid.android
10-02 12:45:11.598 18808 18808 D CrossAppTracking: ≡ƒöì DIFF STATE: 0 produits trouv├⌐s
10-02 12:45:11.600 18808 18808 D CrossAppTracking: ≡ƒô▒ ├ëv├⌐nement re├ºu: 2048 - com.carrefour.fid.android
10-02 12:45:11.600 18808 18808 D CrossAppTracking: Γ£à App cibl├⌐e d├⌐tect├⌐e: com.carrefour.fid.android
10-02 12:45:11.613 18808 18808 D CrossAppTracking: ≡ƒöì DIFF STATE: 1 produits trouv├⌐s
10-02 12:45:11.613 18808 18808 D CrossAppTracking:   [0] la bouteille de 48cL - 46,75Γé¼ - btn='11' - minus=false
10-02 12:45:11.613 18808 18808 D CrossAppTracking: ΓÜá∩╕Å DIFF: Produit non trouv├⌐ dans l'├⌐tat pr├⌐c├⌐dent: la bouteille de 48cL
10-02 12:45:11.613 18808 18808 D CrossAppTracking: ΓÜá∩╕Å DIFF: Produit non trouv├⌐ dans l'├⌐tat pr├⌐c├⌐dent: la bouteille de 48cL
10-02 12:45:11.619 18808 18808 D CrossAppTracking: ≡ƒô▒ ├ëv├⌐nement re├ºu: 2048 - com.carrefour.fid.android
10-02 12:45:11.620 18808 18808 D CrossAppTracking: Γ£à App cibl├⌐e d├⌐tect├⌐e: com.carrefour.fid.android
10-02 12:45:11.628 18808 18808 D CrossAppTracking: ≡ƒöì DIFF STATE: 0 produits trouv├⌐s
10-02 12:45:11.628 18808 18808 D AndroidTracking: Event tracked: ADD_TO_CART - {app=Carrefour, packageName=com.carrefour.fid.android, productInfo={cartAction=Ajouter un produit dans le panier, productName=Jus D'orange 1OO%, Sans Pulpe CARREFOUR EXTRA, allTexts=[Jus D'orange 1OO%, Sans Pulpe CARREFOUR EXTRA, la brique de 1L, 6,06, 6 euros et 06 centimes., Γé¼, Retirer un produit du panier, 2, 2 produits d├⌐j├á ajout├⌐s au panier, Ajouter un produit dans le panier]}, eventType=cross_app_cart_update}
10-02 12:45:11.630 18808 18808 D CrossAppTracking: ≡ƒ¢Æ Produit envoy├⌐: Jus D'orange 1OO%, Sans Pulpe CARREFOUR EXTRA - Prix: N/A
10-02 12:45:11.632 18808 18808 D AndroidTracking: Event tracked: ADD_TO_CART - {app=Carrefour, packageName=com.carrefour.fid.android, productInfo={price=Promotion: -15% Mardi PASS. vous avez cagnott├⌐s0.0Γé¼. produits concern├⌐s: Jus D'orange 1OO%, Sans Pulpe CARREFOUR EXTRA., cartAction=Vider tout le panier, productName=D├⌐couvrez nos meilleurs alternatives pour remplacer vos produits indisponibles., allTexts=[1 produit ├á remplacer, D├⌐couvrez nos meilleurs alternatives pour remplacer vos produits indisponibles., Poires CARREFOUR BIO, Supprimer, Bouton de substitution, Promotion: -15% Mardi PASS. vous avez cagnott├⌐s0.0Γé¼. produits concern├⌐s: Jus D'orange 1OO%, Sans Pulpe CARREFOUR EXTRA., -15% Mardi PASS, Jus D'orange 1OO%, Sans Pulpe CARREFOUR EXTRA, la brique de 1L, 6,06]}, eventType=cross_app_cart_update}
10-02 12:45:11.635 18808 18808 D CrossAppTracking: ≡ƒ¢Æ Produit envoy├⌐: D├⌐couvrez nos meilleurs alternatives pour remplacer vos produits indisponibles. - Prix: Promotion: -15% Mardi PASS. vous avez cagnott├⌐s0.0Γé¼. produits concern├⌐s: Jus D'orange 1OO%, Sans Pulpe CARREFOUR EXTRA.
10-02 12:45:11.636 18808 18808 D AndroidTracking: Event tracked: CONTENT_CHANGED - {app=Carrefour, packageName=com.carrefour.fid.android, eventType=cross_app_content_change, timestamp=1759401910926}
10-02 12:45:11.637 18808 18808 D AndroidTracking: Event tracked: ADD_TO_CART - {app=Carrefour, packageName=com.carrefour.fid.android, productInfo={cartAction=Ajouter un produit dans le panier, productName=5 produits d├⌐j├á ajout├⌐s au panier, allTexts=[Gazpacho L'Original ALVALLE, la brique de 1L, 22,40, 22 euros et 40 centimes., Γé¼, Retirer un produit du panier, 5, 5 produits d├⌐j├á ajout├⌐s au panier, Ajouter un produit dans le panier]}, eventType=cross_app_cart_update}
10-02 12:45:11.641 18808 18808 D CrossAppTracking: ≡ƒ¢Æ Produit envoy├⌐: 5 produits d├⌐j├á ajout├⌐s au panier - Prix: N/A
10-02 12:45:11.644 18808 18808 D AndroidTracking: Event tracked: ADD_TO_CART - {app=Carrefour, packageName=com.carrefour.fid.android, productInfo={cartAction=Retirer un produit du panier, productName=Retirer un produit du panier, allTexts=[Retirer un produit du panier]}, eventType=cross_app_cart_update}
10-02 12:45:11.644 18808 18808 D CrossAppTracking: ≡ƒ¢Æ Produit envoy├⌐: Retirer un produit du panier - Prix: N/A
10-02 12:45:11.644 18808 18808 D AndroidTracking: Event tracked: ADD_TO_CART - {app=Carrefour, packageName=com.carrefour.fid.android, productInfo={productName=Bouton de substitution, allTexts=[Bouton de substitution]}, eventType=cross_app_cart_update}
10-02 12:45:11.645 18808 18808 D CrossAppTracking: ≡ƒ¢Æ Produit envoy├⌐: Bouton de substitution - Prix: N/A
10-02 12:45:11.645 18808 18808 D AndroidTracking: Event tracked: CONTENT_CHANGED - {app=Carrefour, packageName=com.carrefour.fid.android, eventType=cross_app_content_change, timestamp=1759401910988}
10-02 12:45:11.646 18808 18808 D AndroidTracking: Event tracked: ADD_TO_CART - {app=Carrefour, packageName=com.carrefour.fid.android, productInfo={cartAction=Ajouter un produit dans le panier, productName=Ajouter un produit dans le panier, allTexts=[Ajouter un produit dans le panier]}, eventType=cross_app_cart_update}
10-02 12:45:11.650 18808 18853 D AndroidTracking: Event sent to server successfully
10-02 12:45:11.654 18808 18808 D CrossAppTracking: ≡ƒ¢Æ Produit envoy├⌐: Ajouter un produit dans le panier - Prix: N/A
10-02 12:45:11.656 18808 18808 D AndroidTracking: Event tracked: ADD_TO_CART - {app=Carrefour, packageName=com.carrefour.fid.android, productInfo={cartAction=11, productName=11 produits d├⌐j├á ajout├⌐s au panier, allTexts=[Soupe aux 7 l├⌐gumes MARCEL BIO, la bouteille de 48cL, 46,75, 46 euros et 75 centimes., Γé¼, Retirer un produit du panier, 11, 11 produits d├⌐j├á ajout├⌐s au panier, MAX]}, eventType=cross_app_cart_update}
10-02 12:45:11.657 18808 18808 D CrossAppTracking: ≡ƒ¢Æ Produit envoy├⌐: 11 produits d├⌐j├á ajout├⌐s au panier - Prix: N/A
10-02 12:45:11.657 18808 18808 D AndroidTracking: Event tracked: ADD_TO_CART - {app=Carrefour, packageName=com.carrefour.fid.android, productInfo={productName=Rien oubli├⌐ ?, allTexts=[Rien oubli├⌐ ?]}, eventType=cross_app_cart_update}
10-02 12:45:11.659 18808 18808 D CrossAppTracking: ≡ƒ¢Æ Produit envoy├⌐: Rien oubli├⌐ ? - Prix: N/A
10-02 12:45:11.659 18808 18808 D AndroidTracking: Event tracked: ADD_TO_CART - {app=Carrefour, packageName=com.carrefour.fid.android, productInfo={cartAction=Ajouter un produit dans le panier, productName=Ajouter un produit dans le panier, allTexts=[Ajouter un produit dans le panier]}, eventType=cross_app_cart_update}
10-02 12:45:11.662 18808 18808 D CrossAppTracking: ≡ƒ¢Æ Produit envoy├⌐: Ajouter un produit dans le panier - Prix: N/A
10-02 12:45:11.664 18808 18808 D AndroidTracking: Event tracked: CONTENT_CHANGED - {app=Carrefour, packageName=com.carrefour.fid.android, eventType=cross_app_content_change, timestamp=1759401911061}
10-02 12:45:11.664 18808 18808 D AndroidTracking: Event tracked: ADD_TO_CART - {app=Carrefour, packageName=com.carrefour.fid.android, productInfo={productName=1 produit ├á remplacer, allTexts=[1 produit ├á remplacer]}, eventType=cross_app_cart_update}
10-02 12:45:11.665 18808 18808 D CrossAppTracking: ≡ƒ¢Æ Produit envoy├⌐: 1 produit ├á remplacer - Prix: N/A
10-02 12:45:11.665 18808 18808 D AndroidTracking: Event tracked: ADD_TO_CART - {app=Carrefour, packageName=com.carrefour.fid.android, productInfo={productName=Panier, allTexts=[Panier]}, eventType=cross_app_cart_update}
10-02 12:45:11.665 18808 18808 D CrossAppTracking: ≡ƒ¢Æ Produit envoy├⌐: Panier - Prix: N/A
10-02 12:45:11.666 18808 18808 D AndroidTracking: Event tracked: ADD_TO_CART - {app=Carrefour, packageName=com.carrefour.fid.android, productInfo={productName=Poires CARREFOUR BIO, allTexts=[Poires CARREFOUR BIO]}, eventType=cross_app_cart_update}
10-02 12:45:11.667 18808 18808 D CrossAppTracking: ≡ƒ¢Æ Produit envoy├⌐: Poires CARREFOUR BIO - Prix: N/A
10-02 12:45:11.668 18808 18808 D AndroidTracking: Event tracked: ADD_TO_CART - {app=Carrefour, packageName=com.carrefour.fid.android, productInfo={cartAction=75,21Γé¼, price=75,21Γé¼, productName=Valider mon panier, allTexts=[Valider mon panier, 75,21Γé¼]}, eventType=cross_app_cart_update}
10-02 12:45:11.668 18808 18808 D CrossAppTracking: ≡ƒ¢Æ Produit envoy├⌐: Valider mon panier - Prix: 75,21Γé¼
10-02 12:45:11.669 18808 18808 D AndroidTracking: Event tracked: ADD_TO_CART - {app=Carrefour, packageName=com.carrefour.fid.android, productInfo={productName=Supprimer, allTexts=[Supprimer]}, eventType=cross_app_cart_update}
10-02 12:45:11.669 18808 18808 D CrossAppTracking: ≡ƒ¢Æ Produit envoy├⌐: Supprimer - Prix: N/A
10-02 12:45:11.670 18808 18808 D AndroidTracking: Event tracked: ADD_TO_CART - {app=Carrefour, packageName=com.carrefour.fid.android, productInfo={productName=Panier, allTexts=[Panier]}, eventType=cross_app_cart_update}
10-02 12:45:11.670 18808 18808 D CrossAppTracking: ≡ƒ¢Æ Produit envoy├⌐: Panier - Prix: N/A
10-02 12:45:11.670 18808 18808 D AndroidTracking: Event tracked: ADD_TO_CART - {app=Carrefour, packageName=com.carrefour.fid.android, productInfo={cartAction=Vider tout le panier, productName=Vider tout le panier, allTexts=[Vider tout le panier, Vider tout le panier]}, eventType=cross_app_cart_update}
10-02 12:45:11.673 18808 18808 D CrossAppTracking: ≡ƒ¢Æ Produit envoy├⌐: Vider tout le panier - Prix: N/A
10-02 12:45:11.691 18808 18852 D AndroidTracking: Event sent to server successfully
10-02 12:45:11.691 18808 18823 D AndroidTracking: Event sent to server successfully
10-02 12:45:11.692 18808 18855 D AndroidTracking: Event sent to server successfully
10-02 12:45:11.696 18808 18896 D AndroidTracking: Event sent to server successfully
10-02 12:45:11.701 18808 18854 D AndroidTracking: Event sent to server successfully
10-02 12:45:11.714 18808 18851 D AndroidTracking: Event sent to server successfully
10-02 12:45:11.716 18808 18823 D AndroidTracking: Event sent to server successfully
10-02 12:45:11.719 18808 18853 D AndroidTracking: Event sent to server successfully
10-02 12:45:11.731 18808 18973 D AndroidTracking: Event sent to server successfully
10-02 12:45:11.736 18808 18854 D AndroidTracking: Event sent to server successfully
10-02 12:45:11.736 18808 18851 D AndroidTracking: Event sent to server successfully
10-02 12:45:11.736 18808 18808 D AndroidTracking: Event tracked: ADD_TO_CART - {app=Carrefour, packageName=com.carrefour.fid.android, productInfo={price=75,21Γé¼, cartAction=75,21Γé¼, productName=D├⌐couvrez nos meilleurs alternatives pour remplacer vos produits indisponibles., allTexts=[1 produit ├á remplacer, D├⌐couvrez nos meilleurs alternatives pour remplacer vos produits indisponibles., Poires CARREFOUR BIO, Supprimer, Bouton de substitution, Promotion: -15% Mardi PASS. vous avez cagnott├⌐s0.0Γé¼. produits concern├⌐s: Jus D'orange 1OO%, Sans Pulpe CARREFOUR EXTRA., -15% Mardi PASS, Jus D'orange 1OO%, Sans Pulpe CARREFOUR EXTRA, la brique de 1L, 6,06]}, eventType=cross_app_cart_update}
10-02 12:45:11.736 18808 18972 D AndroidTracking: Event sent to server successfully
10-02 12:45:11.737 18808 18823 D AndroidTracking: Event sent to server successfully
10-02 12:45:11.739 18808 18808 D CrossAppTracking: ≡ƒ¢Æ Produit envoy├⌐: D├⌐couvrez nos meilleurs alternatives pour remplacer vos produits indisponibles. - Prix: 75,21Γé¼
10-02 12:45:11.742 18808 18808 D AndroidTracking: Event tracked: ADD_TO_CART - {app=Carrefour, packageName=com.carrefour.fid.android, productInfo={cartAction=Retirer un produit du panier, productName=Retirer un produit du panier, allTexts=[Retirer un produit du panier]}, eventType=cross_app_cart_update}
10-02 12:45:11.744 18808 18853 D AndroidTracking: Event sent to server successfully
10-02 12:45:11.744 18808 18808 D CrossAppTracking: ≡ƒ¢Æ Produit envoy├⌐: Retirer un produit du panier - Prix: N/A
10-02 12:45:11.750 18808 18973 D AndroidTracking: Event sent to server successfully
10-02 12:45:11.752 18808 18896 D AndroidTracking: Event sent to server successfully
10-02 12:45:11.753 18808 18854 D AndroidTracking: Event sent to server successfully
10-02 12:45:11.757 18808 18972 D AndroidTracking: Event sent to server successfully
10-02 12:45:11.760 18808 18851 D AndroidTracking: Event sent to server successfully
10-02 12:45:11.761 18808 18808 D AndroidTracking: Event tracked: ADD_TO_CART - {app=Carrefour, packageName=com.carrefour.fid.android, productInfo={cartAction=Retirer un produit du panier, productName=Retirer un produit du panier, allTexts=[Retirer un produit du panier]}, eventType=cross_app_cart_update}
10-02 12:45:11.762 18808 18808 D CrossAppTracking: ≡ƒ¢Æ Produit envoy├⌐: Retirer un produit du panier - Prix: N/A
10-02 12:45:11.763 18808 18853 D AndroidTracking: Event sent to server successfully
10-02 12:45:11.768 18808 18808 D AndroidTracking: Event tracked: ADD_TO_CART - {app=Carrefour, packageName=com.carrefour.fid.android, productInfo={productName=D├⌐couvrez nos meilleurs alternatives pour remplacer vos produits indisponibles., allTexts=[D├⌐couvrez nos meilleurs alternatives pour remplacer vos produits indisponibles.]}, eventType=cross_app_cart_update}
10-02 12:45:11.771 18808 18851 D AndroidTracking: Event sent to server successfully
10-02 12:45:11.771 18808 18808 D CrossAppTracking: ≡ƒ¢Æ Produit envoy├⌐: D├⌐couvrez nos meilleurs alternatives pour remplacer vos produits indisponibles. - Prix: N/A
10-02 12:45:11.782 18808 18853 D AndroidTracking: Event sent to server successfully
10-02 12:45:11.788 18808 18808 D AndroidTracking: Event tracked: ADD_TO_CART - {app=Carrefour, packageName=com.carrefour.fid.android, productInfo={price=Promotion: -15% Mardi PASS. vous avez cagnott├⌐s0.0Γé¼. produits concern├⌐s: Jus D'orange 1OO%, Sans Pulpe CARREFOUR EXTRA., cartAction=-15% Mardi PASS, productName=-15% Mardi PASS, allTexts=[Promotion: -15% Mardi PASS. vous avez cagnott├⌐s0.0Γé¼. produits concern├⌐s: Jus D'orange 1OO%, Sans Pulpe CARREFOUR EXTRA., -15% Mardi PASS]}, eventType=cross_app_cart_update}
10-02 12:45:11.789 18808 18808 D CrossAppTracking: ≡ƒ¢Æ Produit envoy├⌐: -15% Mardi PASS - Prix: Promotion: -15% Mardi PASS. vous avez cagnott├⌐s0.0Γé¼. produits concern├⌐s: Jus D'orange 1OO%, Sans Pulpe CARREFOUR EXTRA.
10-02 12:45:11.800 18808 18853 D AndroidTracking: Event sent to server successfully
10-02 12:45:11.803 18808 18808 D AndroidTracking: Event tracked: ADD_TO_CART - {app=Carrefour, packageName=com.carrefour.fid.android, productInfo={productName=Voir tout, allTexts=[Voir tout]}, eventType=cross_app_cart_update}
10-02 12:45:11.809 18808 18808 D CrossAppTracking: ≡ƒ¢Æ Produit envoy├⌐: Voir tout - Prix: N/A
10-02 12:45:11.812 18808 18808 D AndroidTracking: Event tracked: CONTENT_CHANGED - {app=Carrefour, packageName=com.carrefour.fid.android, eventType=cross_app_content_change, timestamp=1759401911311}
10-02 12:45:11.820 18808 18853 D AndroidTracking: Event sent to server successfully
10-02 12:45:11.825 18808 18851 D AndroidTracking: Event sent to server successfully
10-02 12:45:11.874 18808 18808 D AndroidTracking: Event tracked: ADD_TO_CART - {app=Carrefour, packageName=com.carrefour.fid.android, productInfo={cartAction=Ajouter un produit dans le panier, productName=5 produits d├⌐j├á ajout├⌐s au panier, allTexts=[Gazpacho L'Original ALVALLE, la brique de 1L, 22,40, 22 euros et 40 centimes., Γé¼, Retirer un produit du panier, 5, 5 produits d├⌐j├á ajout├⌐s au panier, Ajouter un produit dans le panier]}, eventType=cross_app_cart_update}
10-02 12:45:11.880 18808 18808 D CrossAppTracking: ≡ƒ¢Æ Produit envoy├⌐: 5 produits d├⌐j├á ajout├⌐s au panier - Prix: N/A
10-02 12:45:11.893 18808 18851 D AndroidTracking: Event sent to server successfully
10-02 12:45:11.977 18808 18808 D AndroidTracking: Event tracked: ADD_TO_CART - {app=Carrefour, packageName=com.carrefour.fid.android, productInfo={price=75,21Γé¼, cartAction=75,21Γé¼, productName=D├⌐couvrez nos meilleurs alternatives pour remplacer vos produits indisponibles., allTexts=[1 produit ├á remplacer, D├⌐couvrez nos meilleurs alternatives pour remplacer vos produits indisponibles., Poires CARREFOUR BIO, Supprimer, Bouton de substitution, Promotion: -15% Mardi PASS. vous avez cagnott├⌐s0.0Γé¼. produits concern├⌐s: Jus D'orange 1OO%, Sans Pulpe CARREFOUR EXTRA., -15% Mardi PASS, Jus D'orange 1OO%, Sans Pulpe CARREFOUR EXTRA, la brique de 1L, 6,06]}, eventType=cross_app_cart_update}
10-02 12:45:11.979 18808 18808 D CrossAppTracking: ≡ƒ¢Æ Produit envoy├⌐: D├⌐couvrez nos meilleurs alternatives pour remplacer vos produits indisponibles. - Prix: 75,21Γé¼
10-02 12:45:11.981 18808 18808 D AndroidTracking: Event tracked: CONTENT_CHANGED - {app=Carrefour, packageName=com.carrefour.fid.android, eventType=cross_app_content_change, timestamp=1759401911480}
10-02 12:45:11.992 18808 18851 D AndroidTracking: Event sent to server successfully
10-02 12:45:11.997 18808 18853 D AndroidTracking: Event sent to server successfully
10-02 12:45:12.007 18808 18808 D CrossAppTracking: ≡ƒô╕ Capture du snapshot apr├¿s chargement...
10-02 12:45:12.027 18808 18808 D CrossAppTracking: ≡ƒôè Badge d├⌐tect├⌐: 18 articles (texte: 'Panier, 18 new notifications')
10-02 12:45:12.032 18808 18808 D CrossAppTracking: ≡ƒô╕ D├⌐but du scan des produits...
10-02 12:45:12.037 18808 18808 D CrossAppTracking: Γ£à Produit ajout├⌐ au snapshot: Jus D'orange 1OO%, Sans Pulpe CARREFOUR EXTRA - 6,06
10-02 12:45:12.037 18808 18808 D CrossAppTracking: ΓÜá∩╕Å Produit ignor├⌐ (X=937 > 100, probablement ├á remplacer)
10-02 12:45:12.038 18808 18808 D CrossAppTracking: Γ£à Produit ajout├⌐ au snapshot: Gazpacho L'Original ALVALLE - 22,40
10-02 12:45:12.040 18808 18808 D CrossAppTracking: ΓÜá∩╕Å Produit ignor├⌐ (X=913 > 100, probablement ├á remplacer)
10-02 12:45:12.041 18808 18808 D CrossAppTracking: Γ£à Produit ajout├⌐ au snapshot: Soupe aux 7 l├⌐gumes MARCEL BIO - 46,75
10-02 12:45:12.041 18808 18808 D CrossAppTracking: ΓÜá∩╕Å Produit ignor├⌐ (X=913 > 100, probablement ├á remplacer)
10-02 12:45:12.045 18808 18808 D CrossAppTracking: ΓÜá∩╕Å Produit ignor├⌐ (X=877 > 100, probablement ├á remplacer)
10-02 12:45:12.047 18808 18808 D CrossAppTracking: ≡ƒô╕ Fin du scan: 3 produits trouv├⌐s
10-02 12:45:12.047 18808 18808 W CrossAppTracking: ΓÜá∩╕Å Snapshot incomplet: 3/18 articles, 75.21Γé¼/75.21Γé¼
10-02 12:45:12.047 18808 18808 D CrossAppTracking: ≡ƒô╕ Snapshot captur├⌐: 3 produits trouv├⌐s
10-02 12:45:12.048 18808 18808 D AndroidTracking: Event tracked: ADD_TO_CART - {app=Carrefour, packageName=com.carrefour.fid.android, eventType=cart_snapshot, products=[{name=Jus D'orange 1OO%, Sans Pulpe CARREFOUR EXTRA, price=6,06, quantity=1}, {name=Gazpacho L'Original ALVALLE, price=22,40, quantity=1}, {name=Soupe aux 7 l├⌐gumes MARCEL BIO, price=46,75, quantity=1}], totalItemsInCart=18, totalCartValue=75.21, detectedValue=75.21, isComplete=false, snapshotTime=1759401912047}
10-02 12:45:12.049 18808 18808 D AndroidTracking: Event tracked: ADD_TO_CART - {app=Carrefour, packageName=com.carrefour.fid.android, productInfo={price=Promotion: -15% Mardi PASS. vous avez cagnott├⌐s0.0Γé¼. produits concern├⌐s: Jus D'orange 1OO%, Sans Pulpe CARREFOUR EXTRA., cartAction=Vider tout le panier, productName=D├⌐couvrez nos meilleurs alternatives pour remplacer vos produits indisponibles., allTexts=[1 produit ├á remplacer, D├⌐couvrez nos meilleurs alternatives pour remplacer vos produits indisponibles., Poires CARREFOUR BIO, Supprimer, Bouton de substitution, Promotion: -15% Mardi PASS. vous avez cagnott├⌐s0.0Γé¼. produits concern├⌐s: Jus D'orange 1OO%, Sans Pulpe CARREFOUR EXTRA., -15% Mardi PASS, Jus D'orange 1OO%, Sans Pulpe CARREFOUR EXTRA, la brique de 1L, 6,06]}, eventType=cross_app_cart_update}
10-02 12:45:12.053 18808 18808 D CrossAppTracking: ≡ƒ¢Æ Produit envoy├⌐: D├⌐couvrez nos meilleurs alternatives pour remplacer vos produits indisponibles. - Prix: Promotion: -15% Mardi PASS. vous avez cagnott├⌐s0.0Γé¼. produits concern├⌐s: Jus D'orange 1OO%, Sans Pulpe CARREFOUR EXTRA.
10-02 12:45:12.064 18808 18853 D AndroidTracking: Event sent to server successfully
10-02 12:45:12.067 18808 18851 D AndroidTracking: Event sent to server successfully
10-02 12:45:12.068 18808 18808 D AndroidTracking: Event tracked: ADD_TO_CART - {app=Carrefour, packageName=com.carrefour.fid.android, productInfo={cartAction=Ajouter un produit dans le panier, productName=Jus D'orange 1OO%, Sans Pulpe CARREFOUR EXTRA, allTexts=[Jus D'orange 1OO%, Sans Pulpe CARREFOUR EXTRA, la brique de 1L, 6,06, 6 euros et 06 centimes., Γé¼, Retirer un produit du panier, 2, 2 produits d├⌐j├á ajout├⌐s au panier, Ajouter un produit dans le panier]}, eventType=cross_app_cart_update}
10-02 12:45:12.069 18808 18808 D CrossAppTracking: ≡ƒ¢Æ Produit envoy├⌐: Jus D'orange 1OO%, Sans Pulpe CARREFOUR EXTRA - Prix: N/A
10-02 12:45:12.077 18808 18851 D AndroidTracking: Event sent to server successfully
10-02 12:45:12.087 18808 18808 D AndroidTracking: Event tracked: CONTENT_CHANGED - {app=Carrefour, packageName=com.carrefour.fid.android, eventType=cross_app_content_change, timestamp=1759401911584}
10-02 12:45:12.098 18808 18851 D AndroidTracking: Event sent to server successfully
10-02 12:45:12.100 18808 18808 D AndroidTracking: Event tracked: CONTENT_CHANGED - {app=Carrefour, packageName=com.carrefour.fid.android, eventType=cross_app_content_change, timestamp=1759401911599}
10-02 12:45:12.110 18808 18851 D AndroidTracking: Event sent to server successfully
10-02 12:45:12.120 18808 18808 D AndroidTracking: Event tracked: ADD_TO_CART - {app=Carrefour, packageName=com.carrefour.fid.android, productInfo={cartAction=11, productName=11 produits d├⌐j├á ajout├⌐s au panier, allTexts=[Soupe aux 7 l├⌐gumes MARCEL BIO, la bouteille de 48cL, 46,75, 46 euros et 75 centimes., Γé¼, Retirer un produit du panier, 11, 11 produits d├⌐j├á ajout├⌐s au panier, MAX]}, eventType=cross_app_cart_update}
10-02 12:45:12.121 18808 18808 D CrossAppTracking: ≡ƒ¢Æ Produit envoy├⌐: 11 produits d├⌐j├á ajout├⌐s au panier - Prix: N/A
10-02 12:45:12.129 18808 18851 D AndroidTracking: Event sent to server successfully
10-02 12:45:12.129 18808 18808 D AndroidTracking: Event tracked: CONTENT_CHANGED - {app=Carrefour, packageName=com.carrefour.fid.android, eventType=cross_app_content_change, timestamp=1759401911628}
10-02 12:45:12.137 18808 18851 D AndroidTracking: Event sent to server successfully
