--------- beginning of main
10-02 12:44:39.098 18808 18808 D AndroidTracking: Event tracked: SESSION_START - {platform=android_native, sessionId=android_session_1759401879094_88a963fa, deviceInfo={manufacturer=Google, model=sdk_gphone64_x86_64, version=16, sdk=36, screenDensity=2.625, screenWidth=1080, screenHeight=2337}}
10-02 12:44:39.120 18808 18808 D CrossAppTracking: ========================================
10-02 12:44:39.120 18808 18808 D CrossAppTracking: Service de tracking cross-app d├⌐marr├⌐
10-02 12:44:39.120 18808 18808 D CrossAppTracking: ≡ƒöº Build Fingerprint: BUILD_1759401879_DIFF_v1
10-02 12:44:39.120 18808 18808 D CrossAppTracking: ≡ƒôª Features: DIFF detection, Badge filtering
10-02 12:44:39.120 18808 18808 D CrossAppTracking: ========================================
10-02 12:44:39.163 18808 18808 D CrossAppTracking: ========================================
10-02 12:44:39.163 18808 18808 D CrossAppTracking: Γ£à Service d'accessibilit├⌐ connect├⌐
10-02 12:44:39.163 18808 18808 D CrossAppTracking: ≡ƒöû Build: BUILD_1759401879
10-02 12:44:39.163 18808 18808 D CrossAppTracking: ≡ƒô╕ Snapshot feature: ENABLED Γ£à
10-02 12:44:39.163 18808 18808 D CrossAppTracking: ========================================
10-02 12:44:39.267 18808 18808 D CrossAppTracking: Γ£à Service d├⌐marr├⌐ en foreground (ne sera pas gel├⌐)
10-02 12:44:39.267 18808 18808 D CrossAppTracking: ≡ƒÄ» Service configur├⌐ et pr├¬t ├á tracker
10-02 12:44:41.212 18808 18823 D AndroidTracking: Event sent to server successfully
10-02 12:44:44.071 18808 18808 D CrossAppTracking: ≡ƒô▒ ├ëv├⌐nement re├ºu: 2048 - com.carrefour.fid.android
10-02 12:44:44.071 18808 18808 D CrossAppTracking: Γ£à App cibl├⌐e d├⌐tect├⌐e: com.carrefour.fid.android
10-02 12:44:44.237 18808 18808 D CrossAppTracking: ≡ƒöì DIFF STATE: 0 produits trouv├⌐s
10-02 12:44:44.251 18808 18808 D CrossAppTracking: ≡ƒô▒ ├ëv├⌐nement re├ºu: 2048 - com.carrefour.fid.android
10-02 12:44:44.253 18808 18808 D CrossAppTracking: Γ£à App cibl├⌐e d├⌐tect├⌐e: com.carrefour.fid.android
10-02 12:44:44.364 18808 18808 D CrossAppTracking: ≡ƒöì DIFF STATE: 0 produits trouv├⌐s
10-02 12:44:44.372 18808 18808 D CrossAppTracking: ≡ƒô╕ Page panier d├⌐tect├⌐e, attente du chargement des produits...
10-02 12:44:44.373 18808 18808 D CrossAppTracking: ≡ƒô▒ ├ëv├⌐nement re├ºu: 2048 - com.carrefour.fid.android
10-02 12:44:44.373 18808 18808 D CrossAppTracking: Γ£à App cibl├⌐e d├⌐tect├⌐e: com.carrefour.fid.android
10-02 12:44:44.382 18808 18808 D CrossAppTracking: ≡ƒô▒ ├ëv├⌐nement re├ºu: 2048 - com.carrefour.fid.android
10-02 12:44:44.382 18808 18808 D CrossAppTracking: Γ£à App cibl├⌐e d├⌐tect├⌐e: com.carrefour.fid.android
10-02 12:44:44.398 18808 18808 D CrossAppTracking: ≡ƒöì DIFF STATE: 0 produits trouv├⌐s
10-02 12:44:44.410 18808 18808 D CrossAppTracking: ≡ƒô▒ ├ëv├⌐nement re├ºu: 2048 - com.carrefour.fid.android
10-02 12:44:44.410 18808 18808 D CrossAppTracking: Γ£à App cibl├⌐e d├⌐tect├⌐e: com.carrefour.fid.android
10-02 12:44:44.421 18808 18808 D CrossAppTracking: ≡ƒô▒ ├ëv├⌐nement re├ºu: 2048 - com.carrefour.fid.android
10-02 12:44:44.421 18808 18808 D CrossAppTracking: Γ£à App cibl├⌐e d├⌐tect├⌐e: com.carrefour.fid.android
10-02 12:44:44.426 18808 18808 D CrossAppTracking: ≡ƒô▒ ├ëv├⌐nement re├ºu: 2048 - com.carrefour.fid.android
10-02 12:44:44.427 18808 18808 D CrossAppTracking: Γ£à App cibl├⌐e d├⌐tect├⌐e: com.carrefour.fid.android
10-02 12:44:44.438 18808 18808 D CrossAppTracking: ≡ƒô▒ ├ëv├⌐nement re├ºu: 2048 - com.carrefour.fid.android
10-02 12:44:44.439 18808 18808 D CrossAppTracking: Γ£à App cibl├⌐e d├⌐tect├⌐e: com.carrefour.fid.android
10-02 12:44:44.445 18808 18808 D CrossAppTracking: ≡ƒô▒ ├ëv├⌐nement re├ºu: 2048 - com.carrefour.fid.android
10-02 12:44:44.446 18808 18808 D CrossAppTracking: Γ£à App cibl├⌐e d├⌐tect├⌐e: com.carrefour.fid.android
10-02 12:44:44.449 18808 18808 D CrossAppTracking: ≡ƒô▒ ├ëv├⌐nement re├ºu: 2048 - com.carrefour.fid.android
10-02 12:44:44.450 18808 18808 D CrossAppTracking: Γ£à App cibl├⌐e d├⌐tect├⌐e: com.carrefour.fid.android
10-02 12:44:44.460 18808 18808 D CrossAppTracking: ≡ƒô▒ ├ëv├⌐nement re├ºu: 2048 - com.carrefour.fid.android
10-02 12:44:44.460 18808 18808 D CrossAppTracking: Γ£à App cibl├⌐e d├⌐tect├⌐e: com.carrefour.fid.android
10-02 12:44:44.461 18808 18808 D CrossAppTracking: ≡ƒô▒ ├ëv├⌐nement re├ºu: 2048 - com.carrefour.fid.android
10-02 12:44:44.468 18808 18808 D CrossAppTracking: Γ£à App cibl├⌐e d├⌐tect├⌐e: com.carrefour.fid.android
10-02 12:44:44.476 18808 18808 D CrossAppTracking: ≡ƒô▒ ├ëv├⌐nement re├ºu: 2048 - com.carrefour.fid.android
10-02 12:44:44.477 18808 18808 D CrossAppTracking: Γ£à App cibl├⌐e d├⌐tect├⌐e: com.carrefour.fid.android
10-02 12:44:44.489 18808 18808 D CrossAppTracking: ≡ƒöì DIFF STATE: 0 produits trouv├⌐s
10-02 12:44:44.494 18808 18808 D CrossAppTracking: ≡ƒô▒ ├ëv├⌐nement re├ºu: 2048 - com.carrefour.fid.android
10-02 12:44:44.494 18808 18808 D CrossAppTracking: Γ£à App cibl├⌐e d├⌐tect├⌐e: com.carrefour.fid.android
10-02 12:44:44.497 18808 18808 D CrossAppTracking: ≡ƒô▒ ├ëv├⌐nement re├ºu: 2048 - com.carrefour.fid.android
10-02 12:44:44.498 18808 18808 D CrossAppTracking: Γ£à App cibl├⌐e d├⌐tect├⌐e: com.carrefour.fid.android
10-02 12:44:44.504 18808 18808 D CrossAppTracking: ≡ƒô▒ ├ëv├⌐nement re├ºu: 2048 - com.carrefour.fid.android
10-02 12:44:44.505 18808 18808 D CrossAppTracking: Γ£à App cibl├⌐e d├⌐tect├⌐e: com.carrefour.fid.android
10-02 12:44:44.509 18808 18808 D CrossAppTracking: ≡ƒô▒ ├ëv├⌐nement re├ºu: 2048 - com.carrefour.fid.android
10-02 12:44:44.509 18808 18808 D CrossAppTracking: Γ£à App cibl├⌐e d├⌐tect├⌐e: com.carrefour.fid.android
10-02 12:44:44.513 18808 18808 D CrossAppTracking: ≡ƒô▒ ├ëv├⌐nement re├ºu: 2048 - com.carrefour.fid.android
10-02 12:44:44.513 18808 18808 D CrossAppTracking: Γ£à App cibl├⌐e d├⌐tect├⌐e: com.carrefour.fid.android
10-02 12:44:44.516 18808 18808 D CrossAppTracking: ≡ƒô▒ ├ëv├⌐nement re├ºu: 2048 - com.carrefour.fid.android
10-02 12:44:44.516 18808 18808 D CrossAppTracking: Γ£à App cibl├⌐e d├⌐tect├⌐e: com.carrefour.fid.android
10-02 12:44:44.523 18808 18808 D CrossAppTracking: ≡ƒô▒ ├ëv├⌐nement re├ºu: 2048 - com.carrefour.fid.android
10-02 12:44:44.524 18808 18808 D CrossAppTracking: Γ£à App cibl├⌐e d├⌐tect├⌐e: com.carrefour.fid.android
10-02 12:44:44.530 18808 18808 D CrossAppTracking: ≡ƒô▒ ├ëv├⌐nement re├ºu: 2048 - com.carrefour.fid.android
10-02 12:44:44.530 18808 18808 D CrossAppTracking: Γ£à App cibl├⌐e d├⌐tect├⌐e: com.carrefour.fid.android
10-02 12:44:44.537 18808 18808 D CrossAppTracking: ≡ƒô▒ ├ëv├⌐nement re├ºu: 2048 - com.carrefour.fid.android
10-02 12:44:44.537 18808 18808 D CrossAppTracking: Γ£à App cibl├⌐e d├⌐tect├⌐e: com.carrefour.fid.android
10-02 12:44:44.555 18808 18808 D CrossAppTracking: ≡ƒöì DIFF STATE: 0 produits trouv├⌐s
10-02 12:44:44.566 18808 18808 D CrossAppTracking: ≡ƒô▒ ├ëv├⌐nement re├ºu: 2048 - com.carrefour.fid.android
10-02 12:44:44.569 18808 18808 D CrossAppTracking: Γ£à App cibl├⌐e d├⌐tect├⌐e: com.carrefour.fid.android
10-02 12:44:44.574 18808 18808 D CrossAppTracking: ≡ƒöì DIFF STATE: 0 produits trouv├⌐s
10-02 12:44:44.577 18808 18808 D CrossAppTracking: ≡ƒô▒ ├ëv├⌐nement re├ºu: 2048 - com.carrefour.fid.android
10-02 12:44:44.577 18808 18808 D CrossAppTracking: Γ£à App cibl├⌐e d├⌐tect├⌐e: com.carrefour.fid.android
10-02 12:44:44.590 18808 18808 D CrossAppTracking: ≡ƒöì DIFF STATE: 0 produits trouv├⌐s
10-02 12:44:44.596 18808 18808 D CrossAppTracking: ≡ƒô▒ ├ëv├⌐nement re├ºu: 2048 - com.carrefour.fid.android
10-02 12:44:44.598 18808 18808 D CrossAppTracking: Γ£à App cibl├⌐e d├⌐tect├⌐e: com.carrefour.fid.android
10-02 12:44:44.813 18808 18808 D CrossAppTracking: ≡ƒöì DIFF STATE: 0 produits trouv├⌐s
10-02 12:44:44.817 18808 18808 D CrossAppTracking: ≡ƒô▒ ├ëv├⌐nement re├ºu: 2048 - com.carrefour.fid.android
10-02 12:44:44.818 18808 18808 D CrossAppTracking: Γ£à App cibl├⌐e d├⌐tect├⌐e: com.carrefour.fid.android
10-02 12:44:44.967 18808 18808 D CrossAppTracking: ≡ƒöì DIFF STATE: 0 produits trouv├⌐s
10-02 12:44:44.969 18808 18808 D CrossAppTracking: ≡ƒô▒ ├ëv├⌐nement re├ºu: 2048 - com.carrefour.fid.android
10-02 12:44:44.970 18808 18808 D CrossAppTracking: Γ£à App cibl├⌐e d├⌐tect├⌐e: com.carrefour.fid.android
10-02 12:44:45.052 18808 18808 D CrossAppTracking: ≡ƒöì DIFF STATE: 0 produits trouv├⌐s
10-02 12:44:45.054 18808 18808 D CrossAppTracking: ≡ƒô▒ ├ëv├⌐nement re├ºu: 2048 - com.carrefour.fid.android
10-02 12:44:45.055 18808 18808 D CrossAppTracking: Γ£à App cibl├⌐e d├⌐tect├⌐e: com.carrefour.fid.android
10-02 12:44:45.220 18808 18808 D CrossAppTracking: ≡ƒöì DIFF STATE: 0 produits trouv├⌐s
10-02 12:44:45.224 18808 18808 D CrossAppTracking: ≡ƒô▒ ├ëv├⌐nement re├ºu: 2048 - com.carrefour.fid.android
10-02 12:44:45.224 18808 18808 D CrossAppTracking: Γ£à App cibl├⌐e d├⌐tect├⌐e: com.carrefour.fid.android
10-02 12:44:45.319 18808 18808 D CrossAppTracking: ≡ƒöì DIFF STATE: 0 produits trouv├⌐s
10-02 12:44:45.324 18808 18808 D CrossAppTracking: ≡ƒô▒ ├ëv├⌐nement re├ºu: 2048 - com.carrefour.fid.android
10-02 12:44:45.324 18808 18808 D CrossAppTracking: Γ£à App cibl├⌐e d├⌐tect├⌐e: com.carrefour.fid.android
10-02 12:44:45.464 18808 18808 D CrossAppTracking: ≡ƒöì DIFF STATE: 0 produits trouv├⌐s
10-02 12:44:45.470 18808 18808 D CrossAppTracking: ≡ƒô▒ ├ëv├⌐nement re├ºu: 2048 - com.carrefour.fid.android
10-02 12:44:45.471 18808 18808 D CrossAppTracking: Γ£à App cibl├⌐e d├⌐tect├⌐e: com.carrefour.fid.android
10-02 12:44:45.504 18808 18808 D CrossAppTracking: ≡ƒöì DIFF STATE: 0 produits trouv├⌐s
10-02 12:44:45.508 18808 18808 D AndroidTracking: Event tracked: ADD_TO_CART - {app=Carrefour, packageName=com.carrefour.fid.android, productInfo={productName=Accueil, allTexts=[Accueil]}, eventType=cross_app_cart_update}
10-02 12:44:45.521 18808 18808 D CrossAppTracking: ≡ƒ¢Æ Produit envoy├⌐: Accueil - Prix: N/A
10-02 12:44:45.524 18808 18808 D AndroidTracking: Event tracked: ADD_TO_CART - {app=Carrefour, packageName=com.carrefour.fid.android, productInfo={productName=Panier, 16 new notifications, allTexts=[Accueil, Rechercher, Mes produits, Promotions, Panier, 16 new notifications]}, eventType=cross_app_cart_update}
10-02 12:44:45.530 18808 18808 D CrossAppTracking: ≡ƒ¢Æ Produit envoy├⌐: Panier, 16 new notifications - Prix: N/A
10-02 12:44:45.533 18808 18808 D AndroidTracking: Event tracked: ADD_TO_CART - {app=Carrefour, packageName=com.carrefour.fid.android, productInfo={productName=Ouvre le scanner de code barre, allTexts=[Ouvre la page pr├⌐c├⌐dente, Pain, lait, ┼ôufsΓÇª, Ouvre le scanner de code barre]}, eventType=cross_app_cart_update}
10-02 12:44:45.539 18808 18823 D AndroidTracking: Event sent to server successfully
10-02 12:44:45.545 18808 18808 D CrossAppTracking: ≡ƒ¢Æ Produit envoy├⌐: Ouvre le scanner de code barre - Prix: N/A
10-02 12:44:45.545 18808 18808 D AndroidTracking: Event tracked: ADD_TO_CART - {app=Carrefour, packageName=com.carrefour.fid.android, productInfo={productName=Ouvre le scanner de code barre, allTexts=[Ouvre la page pr├⌐c├⌐dente, Pain, lait, ┼ôufsΓÇª, Ouvre le scanner de code barre, Accueil, Rechercher, Mes produits, Promotions, Panier, 16 new notifications]}, eventType=cross_app_cart_update}
10-02 12:44:45.547 18808 18808 D CrossAppTracking: ≡ƒ¢Æ Produit envoy├⌐: Ouvre le scanner de code barre - Prix: N/A
10-02 12:44:45.547 18808 18808 D AndroidTracking: Event tracked: ADD_TO_CART - {app=Carrefour, packageName=com.carrefour.fid.android, productInfo={productName=Ouvre le scanner de code barre, allTexts=[Ouvre la page pr├⌐c├⌐dente, Pain, lait, ┼ôufsΓÇª, Ouvre le scanner de code barre]}, eventType=cross_app_cart_update}
10-02 12:44:45.552 18808 18808 D CrossAppTracking: ≡ƒ¢Æ Produit envoy├⌐: Ouvre le scanner de code barre - Prix: N/A
10-02 12:44:45.553 18808 18808 D AndroidTracking: Event tracked: CONTENT_CHANGED - {app=Carrefour, packageName=com.carrefour.fid.android, eventType=cross_app_content_change, timestamp=1759401884574}
10-02 12:44:45.555 18808 18808 D AndroidTracking: Event tracked: ADD_TO_CART - {app=Carrefour, packageName=com.carrefour.fid.android, productInfo={productName=Ouvre le scanner de code barre, allTexts=[Ouvre la page pr├⌐c├⌐dente, Pain, lait, ┼ôufsΓÇª, Ouvre le scanner de code barre]}, eventType=cross_app_cart_update}
10-02 12:44:45.557 18808 18808 D CrossAppTracking: ≡ƒ¢Æ Produit envoy├⌐: Ouvre le scanner de code barre - Prix: N/A
10-02 12:44:45.561 18808 18808 D AndroidTracking: Event tracked: ADD_TO_CART - {app=Carrefour, packageName=com.carrefour.fid.android, productInfo={productName=Ouvre le scanner de code barre, allTexts=[Pain, lait, ┼ôufsΓÇª, Ouvre le scanner de code barre]}, eventType=cross_app_cart_update}
10-02 12:44:45.564 18808 18808 D CrossAppTracking: ≡ƒ¢Æ Produit envoy├⌐: Ouvre le scanner de code barre - Prix: N/A
10-02 12:44:45.565 18808 18808 D AndroidTracking: Event tracked: ADD_TO_CART - {app=Carrefour, packageName=com.carrefour.fid.android, productInfo={productName=Ouvre la page pr├⌐c├⌐dente, allTexts=[Ouvre la page pr├⌐c├⌐dente]}, eventType=cross_app_cart_update}
10-02 12:44:45.566 18808 18852 D AndroidTracking: Event sent to server successfully
10-02 12:44:45.567 18808 18808 D CrossAppTracking: ≡ƒ¢Æ Produit envoy├⌐: Ouvre la page pr├⌐c├⌐dente - Prix: N/A
10-02 12:44:45.573 18808 18808 D AndroidTracking: Event tracked: ADD_TO_CART - {app=Carrefour, packageName=com.carrefour.fid.android, productInfo={productName=Ouvre le scanner de code barre, allTexts=[Ouvre le scanner de code barre]}, eventType=cross_app_cart_update}
10-02 12:44:45.577 18808 18808 D CrossAppTracking: ≡ƒ¢Æ Produit envoy├⌐: Ouvre le scanner de code barre - Prix: N/A
10-02 12:44:45.617 18808 18823 D AndroidTracking: Event sent to server successfully
10-02 12:44:45.637 18808 18853 D AndroidTracking: Event sent to server successfully
10-02 12:44:45.650 18808 18854 D AndroidTracking: Event sent to server successfully
10-02 12:44:45.660 18808 18852 D AndroidTracking: Event sent to server successfully
10-02 12:44:45.669 18808 18823 D AndroidTracking: Event sent to server successfully
10-02 12:44:45.669 18808 18855 D AndroidTracking: Event sent to server successfully
10-02 12:44:45.674 18808 18853 D AndroidTracking: Event sent to server successfully
10-02 12:44:45.678 18808 18851 D AndroidTracking: Event sent to server successfully
10-02 12:44:45.725 18808 18808 D AndroidTracking: Event tracked: ADD_TO_CART - {app=Carrefour, packageName=com.carrefour.fid.android, productInfo={productName=Pain, lait, ┼ôufsΓÇª, allTexts=[Pain, lait, ┼ôufsΓÇª]}, eventType=cross_app_cart_update}
10-02 12:44:45.727 18808 18808 D CrossAppTracking: ≡ƒ¢Æ Produit envoy├⌐: Pain, lait, ┼ôufsΓÇª - Prix: N/A
10-02 12:44:45.738 18808 18851 D AndroidTracking: Event sent to server successfully
10-02 12:44:45.828 18808 18808 D AndroidTracking: Event tracked: ADD_TO_CART - {app=Carrefour, packageName=com.carrefour.fid.android, productInfo={productName=Ouvre le scanner de code barre, allTexts=[Ouvre la page pr├⌐c├⌐dente, Pain, lait, ┼ôufsΓÇª, Ouvre le scanner de code barre]}, eventType=cross_app_cart_update}
10-02 12:44:45.830 18808 18808 D CrossAppTracking: ≡ƒ¢Æ Produit envoy├⌐: Ouvre le scanner de code barre - Prix: N/A
10-02 12:44:45.840 18808 18851 D AndroidTracking: Event sent to server successfully
10-02 12:44:45.973 18808 18808 D AndroidTracking: Event tracked: ADD_TO_CART - {app=Carrefour, packageName=com.carrefour.fid.android, productInfo={productName=Ouvre le scanner de code barre, allTexts=[Ouvre la page pr├⌐c├⌐dente, Pain, lait, ┼ôufsΓÇª, Ouvre le scanner de code barre]}, eventType=cross_app_cart_update}
10-02 12:44:45.976 18808 18808 D CrossAppTracking: ≡ƒ¢Æ Produit envoy├⌐: Ouvre le scanner de code barre - Prix: N/A
10-02 12:44:45.985 18808 18851 D AndroidTracking: Event sent to server successfully
10-02 12:44:46.007 18808 18808 D AndroidTracking: Event tracked: CONTENT_CHANGED - {app=Carrefour, packageName=com.carrefour.fid.android, eventType=cross_app_content_change, timestamp=1759401885505}
10-02 12:44:46.017 18808 18851 D AndroidTracking: Event sent to server successfully
10-02 12:44:46.590 18808 18808 D CrossAppTracking: ≡ƒô▒ ├ëv├⌐nement re├ºu: 2048 - com.carrefour.fid.android
10-02 12:44:46.591 18808 18808 D CrossAppTracking: Γ£à App cibl├⌐e d├⌐tect├⌐e: com.carrefour.fid.android
10-02 12:44:46.638 18808 18808 D CrossAppTracking: ≡ƒöì DIFF STATE: 0 produits trouv├⌐s
10-02 12:44:46.642 18808 18808 D CrossAppTracking: ≡ƒô▒ ├ëv├⌐nement re├ºu: 2048 - com.carrefour.fid.android
10-02 12:44:46.642 18808 18808 D CrossAppTracking: Γ£à App cibl├⌐e d├⌐tect├⌐e: com.carrefour.fid.android
10-02 12:44:46.688 18808 18808 D CrossAppTracking: ≡ƒöì DIFF STATE: 1 produits trouv├⌐s
10-02 12:44:46.690 18808 18808 D CrossAppTracking:   [0] Jus D'Ananas 100% Pur Jus CARREFOUR EXTRA - 3,33Γé¼ - btn='Acheter' - minus=false
10-02 12:44:46.690 18808 18808 D CrossAppTracking: ΓÜá∩╕Å DIFF: Produit non trouv├⌐ dans l'├⌐tat pr├⌐c├⌐dent: Jus D'Ananas 100% Pur Jus CARREFOUR EXTRA
10-02 12:44:46.691 18808 18808 D CrossAppTracking: ΓÜá∩╕Å DIFF: Produit non trouv├⌐ dans l'├⌐tat pr├⌐c├⌐dent: Jus D'Ananas 100% Pur Jus CARREFOUR EXTRA
10-02 12:44:46.705 18808 18808 D CrossAppTracking: ≡ƒô▒ ├ëv├⌐nement re├ºu: 2048 - com.carrefour.fid.android
10-02 12:44:46.705 18808 18808 D CrossAppTracking: Γ£à App cibl├⌐e d├⌐tect├⌐e: com.carrefour.fid.android
10-02 12:44:46.750 18808 18808 D CrossAppTracking: ≡ƒöì DIFF STATE: 0 produits trouv├⌐s
10-02 12:44:46.754 18808 18808 D CrossAppTracking: ≡ƒô▒ ├ëv├⌐nement re├ºu: 2048 - com.carrefour.fid.android
10-02 12:44:46.754 18808 18808 D CrossAppTracking: Γ£à App cibl├⌐e d├⌐tect├⌐e: com.carrefour.fid.android
10-02 12:44:46.817 18808 18808 D CrossAppTracking: ≡ƒöì DIFF STATE: 0 produits trouv├⌐s
10-02 12:44:46.824 18808 18808 D CrossAppTracking: ≡ƒô▒ ├ëv├⌐nement re├ºu: 2048 - com.carrefour.fid.android
10-02 12:44:46.825 18808 18808 D CrossAppTracking: Γ£à App cibl├⌐e d├⌐tect├⌐e: com.carrefour.fid.android
10-02 12:44:46.865 18808 18808 D CrossAppTracking: ≡ƒöì DIFF STATE: 1 produits trouv├⌐s
10-02 12:44:46.866 18808 18808 D CrossAppTracking:   [0] Ce produit est not├⌐ 4,39 sur 5 par les utilisateurs, 329 avis, aller ├á la r├⌐partition des avis - 3,03Γé¼ - btn='Acheter' - minus=false
10-02 12:44:46.867 18808 18808 D CrossAppTracking: ΓÜá∩╕Å DIFF: Produit non trouv├⌐ dans l'├⌐tat pr├⌐c├⌐dent: Ce produit est not├⌐ 4,39 sur 5 par les utilisateurs, 329 avis, aller ├á la r├⌐partition des avis
10-02 12:44:46.867 18808 18808 D CrossAppTracking: ΓÜá∩╕Å DIFF: Produit non trouv├⌐ dans l'├⌐tat pr├⌐c├⌐dent: Ce produit est not├⌐ 4,39 sur 5 par les utilisateurs, 329 avis, aller ├á la r├⌐partition des avis
10-02 12:44:46.875 18808 18808 D CrossAppTracking: ≡ƒô▒ ├ëv├⌐nement re├ºu: 2048 - com.carrefour.fid.android
10-02 12:44:46.875 18808 18808 D CrossAppTracking: Γ£à App cibl├⌐e d├⌐tect├⌐e: com.carrefour.fid.android
10-02 12:44:46.900 18808 18808 D CrossAppTracking: ≡ƒöì DIFF STATE: 0 produits trouv├⌐s
10-02 12:44:46.903 18808 18808 D CrossAppTracking: ≡ƒô▒ ├ëv├⌐nement re├ºu: 2048 - com.carrefour.fid.android
10-02 12:44:46.904 18808 18808 D CrossAppTracking: Γ£à App cibl├⌐e d├⌐tect├⌐e: com.carrefour.fid.android
10-02 12:44:46.909 18808 18808 D CrossAppTracking: ≡ƒô▒ ├ëv├⌐nement re├ºu: 2048 - com.carrefour.fid.android
10-02 12:44:46.909 18808 18808 D CrossAppTracking: Γ£à App cibl├⌐e d├⌐tect├⌐e: com.carrefour.fid.android
10-02 12:44:46.940 18808 18808 D CrossAppTracking: ≡ƒöì DIFF STATE: 0 produits trouv├⌐s
10-02 12:44:46.944 18808 18808 D CrossAppTracking: ≡ƒô▒ ├ëv├⌐nement re├ºu: 2048 - com.carrefour.fid.android
10-02 12:44:46.945 18808 18808 D CrossAppTracking: Γ£à App cibl├⌐e d├⌐tect├⌐e: com.carrefour.fid.android
10-02 12:44:46.961 18808 18808 D CrossAppTracking: ≡ƒöì DIFF STATE: 0 produits trouv├⌐s
10-02 12:44:46.964 18808 18808 D CrossAppTracking: ≡ƒô▒ ├ëv├⌐nement re├ºu: 2048 - com.carrefour.fid.android
10-02 12:44:46.964 18808 18808 D CrossAppTracking: Γ£à App cibl├⌐e d├⌐tect├⌐e: com.carrefour.fid.android
10-02 12:44:46.973 18808 18808 D CrossAppTracking: ≡ƒô▒ ├ëv├⌐nement re├ºu: 2048 - com.carrefour.fid.android
10-02 12:44:46.973 18808 18808 D CrossAppTracking: Γ£à App cibl├⌐e d├⌐tect├⌐e: com.carrefour.fid.android
10-02 12:44:46.987 18808 18808 D CrossAppTracking: ≡ƒöì DIFF STATE: 0 produits trouv├⌐s
10-02 12:44:46.988 18808 18808 D CrossAppTracking: ≡ƒô▒ ├ëv├⌐nement re├ºu: 2048 - com.carrefour.fid.android
10-02 12:44:46.988 18808 18808 D CrossAppTracking: Γ£à App cibl├⌐e d├⌐tect├⌐e: com.carrefour.fid.android
10-02 12:44:46.997 18808 18808 D CrossAppTracking: ≡ƒöì DIFF STATE: 0 produits trouv├⌐s
10-02 12:44:46.998 18808 18808 D CrossAppTracking: ≡ƒô▒ ├ëv├⌐nement re├ºu: 2048 - com.carrefour.fid.android
10-02 12:44:47.002 18808 18808 D CrossAppTracking: Γ£à App cibl├⌐e d├⌐tect├⌐e: com.carrefour.fid.android
10-02 12:44:47.012 18808 18808 D CrossAppTracking: ≡ƒöì DIFF STATE: 0 produits trouv├⌐s
10-02 12:44:47.023 18808 18808 D CrossAppTracking: ≡ƒô▒ ├ëv├⌐nement re├ºu: 2048 - com.carrefour.fid.android
10-02 12:44:47.024 18808 18808 D CrossAppTracking: Γ£à App cibl├⌐e d├⌐tect├⌐e: com.carrefour.fid.android
10-02 12:44:47.033 18808 18808 D CrossAppTracking: ≡ƒöì DIFF STATE: 0 produits trouv├⌐s
10-02 12:44:47.039 18808 18808 D CrossAppTracking: ≡ƒô▒ ├ëv├⌐nement re├ºu: 2048 - com.carrefour.fid.android
10-02 12:44:47.039 18808 18808 D CrossAppTracking: Γ£à App cibl├⌐e d├⌐tect├⌐e: com.carrefour.fid.android
10-02 12:44:47.047 18808 18808 D CrossAppTracking: ≡ƒöì DIFF STATE: 0 produits trouv├⌐s
10-02 12:44:47.049 18808 18808 D CrossAppTracking: ≡ƒô▒ ├ëv├⌐nement re├ºu: 2048 - com.carrefour.fid.android
10-02 12:44:47.050 18808 18808 D CrossAppTracking: Γ£à App cibl├⌐e d├⌐tect├⌐e: com.carrefour.fid.android
10-02 12:44:47.055 18808 18808 D CrossAppTracking: ≡ƒô▒ ├ëv├⌐nement re├ºu: 2048 - com.carrefour.fid.android
10-02 12:44:47.056 18808 18808 D CrossAppTracking: Γ£à App cibl├⌐e d├⌐tect├⌐e: com.carrefour.fid.android
10-02 12:44:47.084 18808 18808 D CrossAppTracking: ≡ƒöì DIFF STATE: 3 produits trouv├⌐s
10-02 12:44:47.084 18808 18808 D CrossAppTracking:   [0] Jus D'Ananas 100% Pur Jus CARREFOUR EXTRA - 3,33Γé¼ - btn='Acheter' - minus=false
10-02 12:44:47.084 18808 18808 D CrossAppTracking:   [1] Jus D'Ananas 100% Pur Jus CARREFOUR EXTRA - 3,33Γé¼ - btn='Acheter' - minus=false
10-02 12:44:47.084 18808 18808 D CrossAppTracking:   [2] Ce produit est not├⌐ 4,39 sur 5 par les utilisateurs, 329 avis, aller ├á la r├⌐partition des avis - 3,03Γé¼ - btn='Acheter' - minus=false
10-02 12:44:47.084 18808 18808 D CrossAppTracking: ΓÜá∩╕Å DIFF: Produit non trouv├⌐ dans l'├⌐tat pr├⌐c├⌐dent: Jus D'Ananas 100% Pur Jus CARREFOUR EXTRA
10-02 12:44:47.084 18808 18808 D CrossAppTracking: ΓÜá∩╕Å DIFF: Produit non trouv├⌐ dans l'├⌐tat pr├⌐c├⌐dent: Jus D'Ananas 100% Pur Jus CARREFOUR EXTRA
10-02 12:44:47.084 18808 18808 D CrossAppTracking: ΓÜá∩╕Å DIFF: Produit non trouv├⌐ dans l'├⌐tat pr├⌐c├⌐dent: Ce produit est not├⌐ 4,39 sur 5 par les utilisateurs, 329 avis, aller ├á la r├⌐partition des avis
10-02 12:44:47.084 18808 18808 D CrossAppTracking: ΓÜá∩╕Å DIFF: Produit non trouv├⌐ dans l'├⌐tat pr├⌐c├⌐dent: Jus D'Ananas 100% Pur Jus CARREFOUR EXTRA
10-02 12:44:47.084 18808 18808 D CrossAppTracking: ΓÜá∩╕Å DIFF: Produit non trouv├⌐ dans l'├⌐tat pr├⌐c├⌐dent: Jus D'Ananas 100% Pur Jus CARREFOUR EXTRA
10-02 12:44:47.084 18808 18808 D CrossAppTracking: ΓÜá∩╕Å DIFF: Produit non trouv├⌐ dans l'├⌐tat pr├⌐c├⌐dent: Ce produit est not├⌐ 4,39 sur 5 par les utilisateurs, 329 avis, aller ├á la r├⌐partition des avis
10-02 12:44:47.095 18808 18808 D CrossAppTracking: ≡ƒô▒ ├ëv├⌐nement re├ºu: 2048 - com.carrefour.fid.android
10-02 12:44:47.095 18808 18808 D CrossAppTracking: Γ£à App cibl├⌐e d├⌐tect├⌐e: com.carrefour.fid.android
10-02 12:44:47.102 18808 18808 D CrossAppTracking: ≡ƒöì DIFF STATE: 0 produits trouv├⌐s
10-02 12:44:47.104 18808 18808 D CrossAppTracking: ≡ƒô▒ ├ëv├⌐nement re├ºu: 2048 - com.carrefour.fid.android
10-02 12:44:47.105 18808 18808 D CrossAppTracking: Γ£à App cibl├⌐e d├⌐tect├⌐e: com.carrefour.fid.android
10-02 12:44:47.112 18808 18808 D CrossAppTracking: ≡ƒô▒ ├ëv├⌐nement re├ºu: 2048 - com.carrefour.fid.android
10-02 12:44:47.112 18808 18808 D CrossAppTracking: Γ£à App cibl├⌐e d├⌐tect├⌐e: com.carrefour.fid.android
10-02 12:44:47.182 18808 18808 D CrossAppTracking: ≡ƒöì DIFF STATE: 4 produits trouv├⌐s
10-02 12:44:47.182 18808 18808 D CrossAppTracking:   [0] Jus D'Ananas 100% Pur Jus CARREFOUR EXTRA - 3,33Γé¼ - btn='Acheter' - minus=false
10-02 12:44:47.183 18808 18808 D CrossAppTracking:   [1] Jus D'Ananas 100% Pur Jus CARREFOUR EXTRA - 3,33Γé¼ - btn='Acheter' - minus=false
10-02 12:44:47.183 18808 18808 D CrossAppTracking:   [2] Jus D'Ananas 100% Pur Jus CARREFOUR EXTRA - 3,33Γé¼ - btn='Acheter' - minus=false
10-02 12:44:47.183 18808 18808 D CrossAppTracking:   [3] Ce produit est not├⌐ 4,39 sur 5 par les utilisateurs, 329 avis, aller ├á la r├⌐partition des avis - 3,03Γé¼ - btn='Acheter' - minus=false
10-02 12:44:47.183 18808 18808 D CrossAppTracking: ΓÜá∩╕Å DIFF: Produit non trouv├⌐ dans l'├⌐tat pr├⌐c├⌐dent: Jus D'Ananas 100% Pur Jus CARREFOUR EXTRA
10-02 12:44:47.183 18808 18808 D CrossAppTracking: ΓÜá∩╕Å DIFF: Produit non trouv├⌐ dans l'├⌐tat pr├⌐c├⌐dent: Jus D'Ananas 100% Pur Jus CARREFOUR EXTRA
10-02 12:44:47.183 18808 18808 D CrossAppTracking: ΓÜá∩╕Å DIFF: Produit non trouv├⌐ dans l'├⌐tat pr├⌐c├⌐dent: Jus D'Ananas 100% Pur Jus CARREFOUR EXTRA
10-02 12:44:47.183 18808 18808 D CrossAppTracking: ΓÜá∩╕Å DIFF: Produit non trouv├⌐ dans l'├⌐tat pr├⌐c├⌐dent: Ce produit est not├⌐ 4,39 sur 5 par les utilisateurs, 329 avis, aller ├á la r├⌐partition des avis
10-02 12:44:47.183 18808 18808 D CrossAppTracking: ΓÜá∩╕Å DIFF: Produit non trouv├⌐ dans l'├⌐tat pr├⌐c├⌐dent: Jus D'Ananas 100% Pur Jus CARREFOUR EXTRA
10-02 12:44:47.183 18808 18808 D CrossAppTracking: ΓÜá∩╕Å DIFF: Produit non trouv├⌐ dans l'├⌐tat pr├⌐c├⌐dent: Jus D'Ananas 100% Pur Jus CARREFOUR EXTRA
10-02 12:44:47.183 18808 18808 D CrossAppTracking: ΓÜá∩╕Å DIFF: Produit non trouv├⌐ dans l'├⌐tat pr├⌐c├⌐dent: Jus D'Ananas 100% Pur Jus CARREFOUR EXTRA
10-02 12:44:47.183 18808 18808 D CrossAppTracking: ΓÜá∩╕Å DIFF: Produit non trouv├⌐ dans l'├⌐tat pr├⌐c├⌐dent: Ce produit est not├⌐ 4,39 sur 5 par les utilisateurs, 329 avis, aller ├á la r├⌐partition des avis
10-02 12:44:47.196 18808 18808 D CrossAppTracking: ≡ƒô▒ ├ëv├⌐nement re├ºu: 2048 - com.carrefour.fid.android
10-02 12:44:47.196 18808 18808 D CrossAppTracking: Γ£à App cibl├⌐e d├⌐tect├⌐e: com.carrefour.fid.android
10-02 12:44:47.205 18808 18808 D CrossAppTracking: ≡ƒöì DIFF STATE: 0 produits trouv├⌐s
10-02 12:44:47.209 18808 18808 D CrossAppTracking: ≡ƒô▒ ├ëv├⌐nement re├ºu: 2048 - com.carrefour.fid.android
10-02 12:44:47.209 18808 18808 D CrossAppTracking: Γ£à App cibl├⌐e d├⌐tect├⌐e: com.carrefour.fid.android
10-02 12:44:47.218 18808 18808 D CrossAppTracking: ≡ƒöì DIFF STATE: 0 produits trouv├⌐s
10-02 12:44:47.221 18808 18808 D CrossAppTracking: ≡ƒô▒ ├ëv├⌐nement re├ºu: 2048 - com.carrefour.fid.android
10-02 12:44:47.223 18808 18808 D CrossAppTracking: Γ£à App cibl├⌐e d├⌐tect├⌐e: com.carrefour.fid.android
10-02 12:44:47.231 18808 18808 D CrossAppTracking: ≡ƒöì DIFF STATE: 0 produits trouv├⌐s
10-02 12:44:47.233 18808 18808 D CrossAppTracking: ≡ƒô▒ ├ëv├⌐nement re├ºu: 2048 - com.carrefour.fid.android
10-02 12:44:47.233 18808 18808 D CrossAppTracking: Γ£à App cibl├⌐e d├⌐tect├⌐e: com.carrefour.fid.android
10-02 12:44:47.246 18808 18808 D CrossAppTracking: ≡ƒöì DIFF STATE: 0 produits trouv├⌐s
10-02 12:44:47.249 18808 18808 D CrossAppTracking: ≡ƒô▒ ├ëv├⌐nement re├ºu: 2048 - com.carrefour.fid.android
10-02 12:44:47.249 18808 18808 D CrossAppTracking: Γ£à App cibl├⌐e d├⌐tect├⌐e: com.carrefour.fid.android
10-02 12:44:47.255 18808 18808 D CrossAppTracking: ≡ƒöì DIFF STATE: 0 produits trouv├⌐s
10-02 12:44:47.256 18808 18808 D CrossAppTracking: ≡ƒô▒ ├ëv├⌐nement re├ºu: 2048 - com.carrefour.fid.android
10-02 12:44:47.256 18808 18808 D CrossAppTracking: Γ£à App cibl├⌐e d├⌐tect├⌐e: com.carrefour.fid.android
10-02 12:44:47.268 18808 18808 D CrossAppTracking: ≡ƒöì DIFF STATE: 0 produits trouv├⌐s
10-02 12:44:47.272 18808 18808 D CrossAppTracking: ≡ƒô▒ ├ëv├⌐nement re├ºu: 2048 - com.carrefour.fid.android
10-02 12:44:47.273 18808 18808 D CrossAppTracking: Γ£à App cibl├⌐e d├⌐tect├⌐e: com.carrefour.fid.android
10-02 12:44:47.293 18808 18808 D CrossAppTracking: ≡ƒöì DIFF STATE: 0 produits trouv├⌐s
10-02 12:44:47.297 18808 18808 D CrossAppTracking: ≡ƒô▒ ├ëv├⌐nement re├ºu: 2048 - com.carrefour.fid.android
10-02 12:44:47.298 18808 18808 D CrossAppTracking: Γ£à App cibl├⌐e d├⌐tect├⌐e: com.carrefour.fid.android
10-02 12:44:47.305 18808 18808 D CrossAppTracking: ≡ƒöì DIFF STATE: 0 produits trouv├⌐s
10-02 12:44:47.306 18808 18808 D CrossAppTracking: ≡ƒô▒ ├ëv├⌐nement re├ºu: 2048 - com.carrefour.fid.android
10-02 12:44:47.306 18808 18808 D CrossAppTracking: Γ£à App cibl├⌐e d├⌐tect├⌐e: com.carrefour.fid.android
10-02 12:44:47.319 18808 18808 D CrossAppTracking: ≡ƒöì DIFF STATE: 0 produits trouv├⌐s
10-02 12:44:47.320 18808 18808 D CrossAppTracking: ≡ƒô▒ ├ëv├⌐nement re├ºu: 2048 - com.carrefour.fid.android
10-02 12:44:47.320 18808 18808 D CrossAppTracking: Γ£à App cibl├⌐e d├⌐tect├⌐e: com.carrefour.fid.android
10-02 12:44:47.326 18808 18808 D CrossAppTracking: ≡ƒöì DIFF STATE: 0 produits trouv├⌐s
10-02 12:44:47.326 18808 18808 D CrossAppTracking: ≡ƒô▒ ├ëv├⌐nement re├ºu: 2048 - com.carrefour.fid.android
10-02 12:44:47.326 18808 18808 D CrossAppTracking: Γ£à App cibl├⌐e d├⌐tect├⌐e: com.carrefour.fid.android
10-02 12:44:47.406 18808 18808 D CrossAppTracking: ≡ƒöì DIFF STATE: 5 produits trouv├⌐s
10-02 12:44:47.407 18808 18808 D CrossAppTracking:   [0] Jus D'Ananas 100% Pur Jus CARREFOUR EXTRA - 3,33Γé¼ - btn='Acheter' - minus=false
10-02 12:44:47.407 18808 18808 D CrossAppTracking:   [1] Jus D'Ananas 100% Pur Jus CARREFOUR EXTRA - 3,33Γé¼ - btn='Acheter' - minus=false
10-02 12:44:47.407 18808 18808 D CrossAppTracking:   [2] Jus D'Ananas 100% Pur Jus CARREFOUR EXTRA - 3,33Γé¼ - btn='Acheter' - minus=false
10-02 12:44:47.407 18808 18808 D CrossAppTracking:   [3] Jus D'Ananas 100% Pur Jus CARREFOUR EXTRA - 3,33Γé¼ - btn='Acheter' - minus=false
10-02 12:44:47.407 18808 18808 D CrossAppTracking:   [4] Ce produit est not├⌐ 4,39 sur 5 par les utilisateurs, 329 avis, aller ├á la r├⌐partition des avis - 3,03Γé¼ - btn='Acheter' - minus=false
10-02 12:44:47.407 18808 18808 D CrossAppTracking: ΓÜá∩╕Å DIFF: Produit non trouv├⌐ dans l'├⌐tat pr├⌐c├⌐dent: Jus D'Ananas 100% Pur Jus CARREFOUR EXTRA
10-02 12:44:47.407 18808 18808 D CrossAppTracking: ΓÜá∩╕Å DIFF: Produit non trouv├⌐ dans l'├⌐tat pr├⌐c├⌐dent: Jus D'Ananas 100% Pur Jus CARREFOUR EXTRA
10-02 12:44:47.407 18808 18808 D CrossAppTracking: ΓÜá∩╕Å DIFF: Produit non trouv├⌐ dans l'├⌐tat pr├⌐c├⌐dent: Jus D'Ananas 100% Pur Jus CARREFOUR EXTRA
10-02 12:44:47.407 18808 18808 D CrossAppTracking: ΓÜá∩╕Å DIFF: Produit non trouv├⌐ dans l'├⌐tat pr├⌐c├⌐dent: Jus D'Ananas 100% Pur Jus CARREFOUR EXTRA
10-02 12:44:47.407 18808 18808 D CrossAppTracking: ΓÜá∩╕Å DIFF: Produit non trouv├⌐ dans l'├⌐tat pr├⌐c├⌐dent: Ce produit est not├⌐ 4,39 sur 5 par les utilisateurs, 329 avis, aller ├á la r├⌐partition des avis
10-02 12:44:47.407 18808 18808 D CrossAppTracking: ΓÜá∩╕Å DIFF: Produit non trouv├⌐ dans l'├⌐tat pr├⌐c├⌐dent: Jus D'Ananas 100% Pur Jus CARREFOUR EXTRA
10-02 12:44:47.407 18808 18808 D CrossAppTracking: ΓÜá∩╕Å DIFF: Produit non trouv├⌐ dans l'├⌐tat pr├⌐c├⌐dent: Jus D'Ananas 100% Pur Jus CARREFOUR EXTRA
10-02 12:44:47.407 18808 18808 D CrossAppTracking: ΓÜá∩╕Å DIFF: Produit non trouv├⌐ dans l'├⌐tat pr├⌐c├⌐dent: Jus D'Ananas 100% Pur Jus CARREFOUR EXTRA
10-02 12:44:47.407 18808 18808 D CrossAppTracking: ΓÜá∩╕Å DIFF: Produit non trouv├⌐ dans l'├⌐tat pr├⌐c├⌐dent: Jus D'Ananas 100% Pur Jus CARREFOUR EXTRA
10-02 12:44:47.407 18808 18808 D CrossAppTracking: ΓÜá∩╕Å DIFF: Produit non trouv├⌐ dans l'├⌐tat pr├⌐c├⌐dent: Ce produit est not├⌐ 4,39 sur 5 par les utilisateurs, 329 avis, aller ├á la r├⌐partition des avis
10-02 12:44:47.427 18808 18808 D CrossAppTracking: ≡ƒô▒ ├ëv├⌐nement re├ºu: 2048 - com.carrefour.fid.android
10-02 12:44:47.428 18808 18808 D CrossAppTracking: Γ£à App cibl├⌐e d├⌐tect├⌐e: com.carrefour.fid.android
10-02 12:44:47.441 18808 18808 D CrossAppTracking: ≡ƒöì DIFF STATE: 0 produits trouv├⌐s
10-02 12:44:47.444 18808 18808 D CrossAppTracking: ≡ƒô▒ ├ëv├⌐nement re├ºu: 2048 - com.carrefour.fid.android
10-02 12:44:47.445 18808 18808 D CrossAppTracking: Γ£à App cibl├⌐e d├⌐tect├⌐e: com.carrefour.fid.android
10-02 12:44:47.480 18808 18808 D CrossAppTracking: ≡ƒöì DIFF STATE: 3 produits trouv├⌐s
10-02 12:44:47.480 18808 18808 D CrossAppTracking:   [0] Jus D'Ananas 100% Pur Jus CARREFOUR EXTRA - 3,33Γé¼ - btn='Acheter' - minus=false
10-02 12:44:47.480 18808 18808 D CrossAppTracking:   [1] Jus D'Ananas 100% Pur Jus CARREFOUR EXTRA - 3,33Γé¼ - btn='Acheter' - minus=false
10-02 12:44:47.480 18808 18808 D CrossAppTracking:   [2] Ce produit est not├⌐ 4,39 sur 5 par les utilisateurs, 329 avis, aller ├á la r├⌐partition des avis - 3,03Γé¼ - btn='Acheter' - minus=false
10-02 12:44:47.480 18808 18808 D CrossAppTracking: ΓÜá∩╕Å DIFF: Produit non trouv├⌐ dans l'├⌐tat pr├⌐c├⌐dent: Jus D'Ananas 100% Pur Jus CARREFOUR EXTRA
10-02 12:44:47.480 18808 18808 D CrossAppTracking: ΓÜá∩╕Å DIFF: Produit non trouv├⌐ dans l'├⌐tat pr├⌐c├⌐dent: Jus D'Ananas 100% Pur Jus CARREFOUR EXTRA
10-02 12:44:47.480 18808 18808 D CrossAppTracking: ΓÜá∩╕Å DIFF: Produit non trouv├⌐ dans l'├⌐tat pr├⌐c├⌐dent: Ce produit est not├⌐ 4,39 sur 5 par les utilisateurs, 329 avis, aller ├á la r├⌐partition des avis
10-02 12:44:47.480 18808 18808 D CrossAppTracking: ΓÜá∩╕Å DIFF: Produit non trouv├⌐ dans l'├⌐tat pr├⌐c├⌐dent: Jus D'Ananas 100% Pur Jus CARREFOUR EXTRA
10-02 12:44:47.480 18808 18808 D CrossAppTracking: ΓÜá∩╕Å DIFF: Produit non trouv├⌐ dans l'├⌐tat pr├⌐c├⌐dent: Jus D'Ananas 100% Pur Jus CARREFOUR EXTRA
10-02 12:44:47.480 18808 18808 D CrossAppTracking: ΓÜá∩╕Å DIFF: Produit non trouv├⌐ dans l'├⌐tat pr├⌐c├⌐dent: Ce produit est not├⌐ 4,39 sur 5 par les utilisateurs, 329 avis, aller ├á la r├⌐partition des avis
10-02 12:44:47.505 18808 18808 D CrossAppTracking: ≡ƒô▒ ├ëv├⌐nement re├ºu: 2048 - com.carrefour.fid.android
10-02 12:44:47.505 18808 18808 D CrossAppTracking: Γ£à App cibl├⌐e d├⌐tect├⌐e: com.carrefour.fid.android
10-02 12:44:47.514 18808 18808 D CrossAppTracking: ≡ƒöì DIFF STATE: 0 produits trouv├⌐s
10-02 12:44:47.520 18808 18808 D CrossAppTracking: ≡ƒô▒ ├ëv├⌐nement re├ºu: 2048 - com.carrefour.fid.android
10-02 12:44:47.520 18808 18808 D CrossAppTracking: Γ£à App cibl├⌐e d├⌐tect├⌐e: com.carrefour.fid.android
10-02 12:44:47.539 18808 18808 D CrossAppTracking: ≡ƒöì DIFF STATE: 0 produits trouv├⌐s
10-02 12:44:47.549 18808 18808 D CrossAppTracking: ≡ƒô▒ ├ëv├⌐nement re├ºu: 2048 - com.carrefour.fid.android
10-02 12:44:47.549 18808 18808 D CrossAppTracking: Γ£à App cibl├⌐e d├⌐tect├⌐e: com.carrefour.fid.android
10-02 12:44:47.562 18808 18808 D CrossAppTracking: ≡ƒöì DIFF STATE: 0 produits trouv├⌐s
10-02 12:44:47.566 18808 18808 D CrossAppTracking: ≡ƒô▒ ├ëv├⌐nement re├ºu: 2048 - com.carrefour.fid.android
10-02 12:44:47.568 18808 18808 D CrossAppTracking: Γ£à App cibl├⌐e d├⌐tect├⌐e: com.carrefour.fid.android
10-02 12:44:47.589 18808 18808 D CrossAppTracking: ≡ƒöì DIFF STATE: 1 produits trouv├⌐s
10-02 12:44:47.589 18808 18808 D CrossAppTracking:   [0] Jus D'Ananas 100% Pur Jus CARREFOUR EXTRA - 3,33Γé¼ - btn='Acheter' - minus=false
10-02 12:44:47.589 18808 18808 D CrossAppTracking: ΓÜá∩╕Å DIFF: Produit non trouv├⌐ dans l'├⌐tat pr├⌐c├⌐dent: Jus D'Ananas 100% Pur Jus CARREFOUR EXTRA
10-02 12:44:47.589 18808 18808 D CrossAppTracking: ΓÜá∩╕Å DIFF: Produit non trouv├⌐ dans l'├⌐tat pr├⌐c├⌐dent: Jus D'Ananas 100% Pur Jus CARREFOUR EXTRA
10-02 12:44:47.596 18808 18808 D CrossAppTracking: ≡ƒô▒ ├ëv├⌐nement re├ºu: 2048 - com.carrefour.fid.android
10-02 12:44:47.596 18808 18808 D CrossAppTracking: Γ£à App cibl├⌐e d├⌐tect├⌐e: com.carrefour.fid.android
10-02 12:44:47.612 18808 18808 D CrossAppTracking: ≡ƒöì DIFF STATE: 1 produits trouv├⌐s
10-02 12:44:47.613 18808 18808 D CrossAppTracking:   [0] Ce produit est not├⌐ 4,39 sur 5 par les utilisateurs, 329 avis, aller ├á la r├⌐partition des avis - 3,03Γé¼ - btn='Acheter' - minus=false
10-02 12:44:47.613 18808 18808 D CrossAppTracking: ΓÜá∩╕Å DIFF: Produit non trouv├⌐ dans l'├⌐tat pr├⌐c├⌐dent: Ce produit est not├⌐ 4,39 sur 5 par les utilisateurs, 329 avis, aller ├á la r├⌐partition des avis
10-02 12:44:47.613 18808 18808 D CrossAppTracking: ΓÜá∩╕Å DIFF: Produit non trouv├⌐ dans l'├⌐tat pr├⌐c├⌐dent: Ce produit est not├⌐ 4,39 sur 5 par les utilisateurs, 329 avis, aller ├á la r├⌐partition des avis
10-02 12:44:47.622 18808 18808 D AndroidTracking: Event tracked: ADD_TO_CART - {app=Carrefour, packageName=com.carrefour.fid.android, productInfo={cartAction=Ajouter au panier, productName=Ajouter au panier, allTexts=[Ajouter au panier, Acheter]}, eventType=cross_app_cart_update}
10-02 12:44:47.626 18808 18808 D CrossAppTracking: ≡ƒ¢Æ Produit envoy├⌐: Ajouter au panier - Prix: N/A
10-02 12:44:47.627 18808 18808 D AndroidTracking: Event tracked: ADD_TO_CART - {app=Carrefour, packageName=com.carrefour.fid.android, productInfo={cartAction=Ajouter au panier, price=3,33Γé¼/L, productName=Ce produit est not├⌐ 4,49 sur 5 par les utilisateurs, 49 avis, aller ├á la r├⌐partition des avis, allTexts=[-15% Mardi PASS, 1L, Nutriscore c, CARREFOUR EXTRA, Jus D'Ananas 100% Pur Jus CARREFOUR EXTRA, Ce produit est not├⌐ 4,49 sur 5 par les utilisateurs, 49 avis, aller ├á la r├⌐partition des avis, (49), 3,33Γé¼, 3 euros et 33 centimes., 3,33Γé¼/L]}, eventType=cross_app_cart_update}
10-02 12:44:47.629 18808 18808 D CrossAppTracking: ≡ƒ¢Æ Produit envoy├⌐: Ce produit est not├⌐ 4,49 sur 5 par les utilisateurs, 49 avis, aller ├á la r├⌐partition des avis - Prix: 3,33Γé¼/L
10-02 12:44:47.629 18808 18808 D AndroidTracking: Event tracked: ADD_TO_CART - {app=Carrefour, packageName=com.carrefour.fid.android, productInfo={productName=Jus plus zest d├⌐fense INNOCENT, allTexts=[Sponsoris├⌐, INNOCENT, Jus plus zest d├⌐fense INNOCENT]}, eventType=cross_app_cart_update}
10-02 12:44:47.634 18808 18808 D CrossAppTracking: ≡ƒ¢Æ Produit envoy├⌐: Jus plus zest d├⌐fense INNOCENT - Prix: N/A
10-02 12:44:47.637 18808 18808 D AndroidTracking: Event tracked: ADD_TO_CART - {app=Carrefour, packageName=com.carrefour.fid.android, productInfo={cartAction=Ajouter au panier, productName=Ajouter au panier, allTexts=[Ajouter au panier, Acheter]}, eventType=cross_app_cart_update}
10-02 12:44:47.637 18808 18851 D AndroidTracking: Event sent to server successfully
10-02 12:44:47.639 18808 18808 D CrossAppTracking: ≡ƒ¢Æ Produit envoy├⌐: Ajouter au panier - Prix: N/A
10-02 12:44:47.639 18808 18808 D AndroidTracking: Event tracked: ADD_TO_CART - {app=Carrefour, packageName=com.carrefour.fid.android, productInfo={cartAction=Ajouter au panier, price=3,03Γé¼/L, productName=Ce produit est not├⌐ 4,39 sur 5 par les utilisateurs, 329 avis, aller ├á la r├⌐partition des avis, allTexts=[-15% Mardi PASS, 1L, Nutriscore c, CARREFOUR EXTRA, Jus D'orange 1OO%, Sans Pulpe CARREFOUR EXTRA, Ce produit est not├⌐ 4,39 sur 5 par les utilisateurs, 329 avis, aller ├á la r├⌐partition des avis, (329), 3,03Γé¼, 3 euros et 03 centimes., 3,03Γé¼/L]}, eventType=cross_app_cart_update}
10-02 12:44:47.641 18808 18853 D AndroidTracking: Event sent to server successfully
10-02 12:44:47.643 18808 18808 D CrossAppTracking: ≡ƒ¢Æ Produit envoy├⌐: Ce produit est not├⌐ 4,39 sur 5 par les utilisateurs, 329 avis, aller ├á la r├⌐partition des avis - Prix: 3,03Γé¼/L
10-02 12:44:47.643 18808 18808 D AndroidTracking: Event tracked: ADD_TO_CART - {app=Carrefour, packageName=com.carrefour.fid.android, productInfo={productName=Ouvre le scanner de code barre, allTexts=[Pain, lait, ┼ôufsΓÇª, Ouvre le scanner de code barre]}, eventType=cross_app_cart_update}
10-02 12:44:47.645 18808 18808 D CrossAppTracking: ≡ƒ¢Æ Produit envoy├⌐: Ouvre le scanner de code barre - Prix: N/A
10-02 12:44:47.646 18808 18808 D AndroidTracking: Event tracked: ADD_TO_CART - {app=Carrefour, packageName=com.carrefour.fid.android, productInfo={allTexts=[Bio]}, eventType=cross_app_cart_update}
10-02 12:44:47.647 18808 18808 D CrossAppTracking: ≡ƒ¢Æ Produit envoy├⌐: Inconnu - Prix: N/A
10-02 12:44:47.647 18808 18808 D AndroidTracking: Event tracked: ADD_TO_CART - {app=Carrefour, packageName=com.carrefour.fid.android, productInfo={productName=Jus de fruits (32), allTexts=[Jus de fruits (32)]}, eventType=cross_app_cart_update}
10-02 12:44:47.648 18808 18855 D AndroidTracking: Event sent to server successfully
10-02 12:44:47.652 18808 18808 D CrossAppTracking: ≡ƒ¢Æ Produit envoy├⌐: Jus de fruits (32) - Prix: N/A
10-02 12:44:47.652 18808 18808 D AndroidTracking: Event tracked: ADD_TO_CART - {app=Carrefour, packageName=com.carrefour.fid.android, productInfo={productName=Ouvre la page pr├⌐c├⌐dente, allTexts=[Ouvre la page pr├⌐c├⌐dente]}, eventType=cross_app_cart_update}
10-02 12:44:47.653 18808 18851 D AndroidTracking: Event sent to server successfully
10-02 12:44:47.657 18808 18808 D CrossAppTracking: ≡ƒ¢Æ Produit envoy├⌐: Ouvre la page pr├⌐c├⌐dente - Prix: N/A
10-02 12:44:47.658 18808 18808 D AndroidTracking: Event tracked: ADD_TO_CART - {app=Carrefour, packageName=com.carrefour.fid.android, productInfo={productName=Pain, lait, ┼ôufsΓÇª, allTexts=[Pain, lait, ┼ôufsΓÇª]}, eventType=cross_app_cart_update}
10-02 12:44:47.662 18808 18823 D AndroidTracking: Event sent to server successfully
10-02 12:44:47.667 18808 18808 D CrossAppTracking: ≡ƒ¢Æ Produit envoy├⌐: Pain, lait, ┼ôufsΓÇª - Prix: N/A
10-02 12:44:47.667 18808 18808 D AndroidTracking: Event tracked: ADD_TO_CART - {app=Carrefour, packageName=com.carrefour.fid.android, productInfo={productName=Ouvre le scanner de code barre, allTexts=[Ouvre la page pr├⌐c├⌐dente, Pain, lait, ┼ôufsΓÇª, Ouvre le scanner de code barre, Jus de fruits (32), Filtrer & trier, Promotions, Bio, Produits Carrefour]}, eventType=cross_app_cart_update}
10-02 12:44:47.672 18808 18855 D AndroidTracking: Event sent to server successfully
10-02 12:44:47.675 18808 18853 D AndroidTracking: Event sent to server successfully
10-02 12:44:47.676 18808 18808 D CrossAppTracking: ≡ƒ¢Æ Produit envoy├⌐: Ouvre le scanner de code barre - Prix: N/A
10-02 12:44:47.676 18808 18808 D AndroidTracking: Event tracked: ADD_TO_CART - {app=Carrefour, packageName=com.carrefour.fid.android, productInfo={productName=Ce produit est not├⌐ 4,39 sur 5 par les utilisateurs, 329 avis, aller ├á la r├⌐partition des avis, allTexts=[Ce produit est not├⌐ 4,39 sur 5 par les utilisateurs, 329 avis, aller ├á la r├⌐partition des avis, (329)]}, eventType=cross_app_cart_update}
10-02 12:44:47.677 18808 18808 D CrossAppTracking: ≡ƒ¢Æ Produit envoy├⌐: Ce produit est not├⌐ 4,39 sur 5 par les utilisateurs, 329 avis, aller ├á la r├⌐partition des avis - Prix: N/A
10-02 12:44:47.677 18808 18808 D AndroidTracking: Event tracked: ADD_TO_CART - {app=Carrefour, packageName=com.carrefour.fid.android, productInfo={productName=Produits Carrefour, allTexts=[Produits Carrefour]}, eventType=cross_app_cart_update}
10-02 12:44:47.678 18808 18808 D CrossAppTracking: ≡ƒ¢Æ Produit envoy├⌐: Produits Carrefour - Prix: N/A
10-02 12:44:47.678 18808 18808 D AndroidTracking: Event tracked: ADD_TO_CART - {app=Carrefour, packageName=com.carrefour.fid.android, productInfo={cartAction=Ajouter au panier, price=3,03Γé¼/L, productName=Ce produit est not├⌐ 4,39 sur 5 par les utilisateurs, 329 avis, aller ├á la r├⌐partition des avis, allTexts=[-15% Mardi PASS, 1L, Nutriscore c, CARREFOUR EXTRA, Jus D'Ananas 100% Pur Jus CARREFOUR EXTRA, Ce produit est not├⌐ 4,49 sur 5 par les utilisateurs, 49 avis, aller ├á la r├⌐partition des avis, (49), 3,33Γé¼, 3 euros et 33 centimes., 3,33Γé¼/L]}, eventType=cross_app_cart_update}
10-02 12:44:47.681 18808 18852 D AndroidTracking: Event sent to server successfully
10-02 12:44:47.681 18808 18808 D CrossAppTracking: ≡ƒ¢Æ Produit envoy├⌐: Ce produit est not├⌐ 4,39 sur 5 par les utilisateurs, 329 avis, aller ├á la r├⌐partition des avis - Prix: 3,03Γé¼/L
10-02 12:44:47.681 18808 18808 D AndroidTracking: Event tracked: ADD_TO_CART - {app=Carrefour, packageName=com.carrefour.fid.android, productInfo={productName=Promotions, allTexts=[Promotions]}, eventType=cross_app_cart_update}
10-02 12:44:47.685 18808 18808 D CrossAppTracking: ≡ƒ¢Æ Produit envoy├⌐: Promotions - Prix: N/A
10-02 12:44:47.687 18808 18854 D AndroidTracking: Event sent to server successfully
10-02 12:44:47.689 18808 18808 D AndroidTracking: Event tracked: ADD_TO_CART - {app=Carrefour, packageName=com.carrefour.fid.android, productInfo={cartAction=Ajouter au panier, price=3,03Γé¼/L, productName=Ce produit est not├⌐ 4,39 sur 5 par les utilisateurs, 329 avis, aller ├á la r├⌐partition des avis, allTexts=[-15% Mardi PASS, 1L, Nutriscore c, CARREFOUR EXTRA, Jus D'Ananas 100% Pur Jus CARREFOUR EXTRA, Ce produit est not├⌐ 4,49 sur 5 par les utilisateurs, 49 avis, aller ├á la r├⌐partition des avis, (49), 3,33Γé¼, 3 euros et 33 centimes., 3,33Γé¼/L]}, eventType=cross_app_cart_update}
10-02 12:44:47.694 18808 18808 D CrossAppTracking: ≡ƒ¢Æ Produit envoy├⌐: Ce produit est not├⌐ 4,39 sur 5 par les utilisateurs, 329 avis, aller ├á la r├⌐partition des avis - Prix: 3,03Γé¼/L
10-02 12:44:47.705 18808 18808 D CrossAppTracking: ≡ƒô╕ Capture du snapshot apr├¿s chargement...
10-02 12:44:47.708 18808 18855 D AndroidTracking: Event sent to server successfully
10-02 12:44:47.708 18808 18851 D AndroidTracking: Event sent to server successfully
10-02 12:44:47.712 18808 18853 D AndroidTracking: Event sent to server successfully
10-02 12:44:47.713 18808 18823 D AndroidTracking: Event sent to server successfully
10-02 12:44:47.721 18808 18896 D AndroidTracking: Event sent to server successfully
10-02 12:44:47.726 18808 18854 D AndroidTracking: Event sent to server successfully
10-02 12:44:47.731 18808 18852 D AndroidTracking: Event sent to server successfully
10-02 12:44:47.745 18808 18808 D CrossAppTracking: ≡ƒôè Badge d├⌐tect├⌐: 16 articles (texte: 'Panier, 16 new notifications')
10-02 12:44:47.750 18808 18808 D CrossAppTracking: ≡ƒô╕ D├⌐but du scan des produits...
10-02 12:44:47.753 18808 18808 D CrossAppTracking: Γ£à Produit ajout├⌐ au snapshot: -15% Mardi PASS - 3,33
10-02 12:44:47.755 18808 18808 D CrossAppTracking: ΓÜá∩╕Å Produit ignor├⌐ (X=442 > 100, probablement ├á remplacer)
10-02 12:44:47.756 18808 18808 D CrossAppTracking: Γ£à Produit ajout├⌐ au snapshot: -15% Mardi PASS - 3,03
10-02 12:44:47.757 18808 18808 D CrossAppTracking: ΓÜá∩╕Å Produit ignor├⌐ (X=442 > 100, probablement ├á remplacer)
10-02 12:44:47.761 18808 18808 D CrossAppTracking: ≡ƒô╕ Fin du scan: 2 produits trouv├⌐s
10-02 12:44:47.761 18808 18808 W CrossAppTracking: ΓÜá∩╕Å Snapshot incomplet: 2/16 articles, 6.36Γé¼/3.33Γé¼
10-02 12:44:47.761 18808 18808 D CrossAppTracking: ≡ƒô╕ Snapshot captur├⌐: 2 produits trouv├⌐s
10-02 12:44:47.763 18808 18808 D AndroidTracking: Event tracked: ADD_TO_CART - {app=Carrefour, packageName=com.carrefour.fid.android, eventType=cart_snapshot, products=[{name=-15% Mardi PASS, price=3,33, quantity=1}, {name=-15% Mardi PASS, price=3,03, quantity=1}], totalItemsInCart=16, totalCartValue=3.33, detectedValue=6.359999999999999, isComplete=false, snapshotTime=1759401887761}
10-02 12:44:47.769 18808 18808 D AndroidTracking: Event tracked: ADD_TO_CART - {app=Carrefour, packageName=com.carrefour.fid.android, productInfo={productName=Ouvre le scanner de code barre, allTexts=[Ouvre la page pr├⌐c├⌐dente, Pain, lait, ┼ôufsΓÇª, Ouvre le scanner de code barre]}, eventType=cross_app_cart_update}
10-02 12:44:47.772 18808 18808 D CrossAppTracking: ≡ƒ¢Æ Produit envoy├⌐: Ouvre le scanner de code barre - Prix: N/A
10-02 12:44:47.772 18808 18808 D AndroidTracking: Event tracked: ADD_TO_CART - {app=Carrefour, packageName=com.carrefour.fid.android, productInfo={productName=(49), allTexts=[(49)]}, eventType=cross_app_cart_update}
10-02 12:44:47.776 18808 18808 D CrossAppTracking: ≡ƒ¢Æ Produit envoy├⌐: (49) - Prix: N/A
10-02 12:44:47.777 18808 18808 D AndroidTracking: Event tracked: ADD_TO_CART - {app=Carrefour, packageName=com.carrefour.fid.android, productInfo={productName=Filtrer & trier, allTexts=[Filtrer & trier]}, eventType=cross_app_cart_update}
10-02 12:44:47.777 18808 18852 D AndroidTracking: Event sent to server successfully
10-02 12:44:47.778 18808 18808 D CrossAppTracking: ≡ƒ¢Æ Produit envoy├⌐: Filtrer & trier - Prix: N/A
10-02 12:44:47.779 18808 18808 D AndroidTracking: Event tracked: ADD_TO_CART - {app=Carrefour, packageName=com.carrefour.fid.android, productInfo={productName=(329), allTexts=[(329)]}, eventType=cross_app_cart_update}
10-02 12:44:47.779 18808 18808 D CrossAppTracking: ≡ƒ¢Æ Produit envoy├⌐: (329) - Prix: N/A
10-02 12:44:47.779 18808 18808 D AndroidTracking: Event tracked: CONTENT_CHANGED - {app=Carrefour, packageName=com.carrefour.fid.android, eventType=cross_app_content_change, timestamp=1759401887255}
10-02 12:44:47.781 18808 18808 D AndroidTracking: Event tracked: ADD_TO_CART - {app=Carrefour, packageName=com.carrefour.fid.android, productInfo={productName=Ce produit est not├⌐ 4,49 sur 5 par les utilisateurs, 49 avis, aller ├á la r├⌐partition des avis, allTexts=[Ce produit est not├⌐ 4,49 sur 5 par les utilisateurs, 49 avis, aller ├á la r├⌐partition des avis, (49)]}, eventType=cross_app_cart_update}
10-02 12:44:47.781 18808 18808 D CrossAppTracking: ≡ƒ¢Æ Produit envoy├⌐: Ce produit est not├⌐ 4,49 sur 5 par les utilisateurs, 49 avis, aller ├á la r├⌐partition des avis - Prix: N/A
10-02 12:44:47.784 18808 18854 D AndroidTracking: Event sent to server successfully
10-02 12:44:47.791 18808 18896 D AndroidTracking: Event sent to server successfully
10-02 12:44:47.797 18808 18823 D AndroidTracking: Event sent to server successfully
10-02 12:44:47.797 18808 18853 D AndroidTracking: Event sent to server successfully
10-02 12:44:47.799 18808 18808 D AndroidTracking: Event tracked: ADD_TO_CART - {app=Carrefour, packageName=com.carrefour.fid.android, productInfo={productName=Produits Carrefour, allTexts=[Promotions, Bio, Produits Carrefour]}, eventType=cross_app_cart_update}
