10-02 12:44:47.801 18808 18852 D AndroidTracking: Event sent to server successfully
10-02 12:44:47.802 18808 18855 D AndroidTracking: Event sent to server successfully
10-02 12:44:47.805 18808 18808 D CrossAppTracking: ≡ƒ¢Æ Produit envoy├⌐: Produits Carrefour - Prix: N/A
10-02 12:44:47.809 18808 18808 D AndroidTracking: Event tracked: ADD_TO_CART - {app=Carrefour, packageName=com.carrefour.fid.android, productInfo={productName=Jus de fruits (32), allTexts=[Jus de fruits (32)]}, eventType=cross_app_cart_update}
10-02 12:44:47.816 18808 18808 D CrossAppTracking: ≡ƒ¢Æ Produit envoy├⌐: Jus de fruits (32) - Prix: N/A
10-02 12:44:47.823 18808 18808 D AndroidTracking: Event tracked: ADD_TO_CART - {app=Carrefour, packageName=com.carrefour.fid.android, productInfo={productName=Ouvre le scanner de code barre, allTexts=[Ouvre le scanner de code barre]}, eventType=cross_app_cart_update}
10-02 12:44:47.825 18808 18808 D CrossAppTracking: ≡ƒ¢Æ Produit envoy├⌐: Ouvre le scanner de code barre - Prix: N/A
10-02 12:44:47.826 18808 18852 D AndroidTracking: Event sent to server successfully
10-02 12:44:47.830 18808 18808 D AndroidTracking: Event tracked: CONTENT_CHANGED - {app=Carrefour, packageName=com.carrefour.fid.android, eventType=cross_app_content_change, timestamp=1759401887326}
10-02 12:44:47.830 18808 18855 D AndroidTracking: Event sent to server successfully
10-02 12:44:47.845 18808 18853 D AndroidTracking: Event sent to server successfully
10-02 12:44:47.852 18808 18855 D AndroidTracking: Event sent to server successfully
10-02 12:44:47.929 18808 18808 D AndroidTracking: Event tracked: ADD_TO_CART - {app=Carrefour, packageName=com.carrefour.fid.android, productInfo={cartAction=Ajouter au panier, price=3,03Γé¼/L, productName=Ce produit est not├⌐ 4,39 sur 5 par les utilisateurs, 329 avis, aller ├á la r├⌐partition des avis, allTexts=[-15% Mardi PASS, 1L, Nutriscore c, CARREFOUR EXTRA, Jus D'Ananas 100% Pur Jus CARREFOUR EXTRA, Ce produit est not├⌐ 4,49 sur 5 par les utilisateurs, 49 avis, aller ├á la r├⌐partition des avis, (49), 3,33Γé¼, 3 euros et 33 centimes., 3,33Γé¼/L]}, eventType=cross_app_cart_update}
10-02 12:44:47.931 18808 18808 D CrossAppTracking: ≡ƒ¢Æ Produit envoy├⌐: Ce produit est not├⌐ 4,39 sur 5 par les utilisateurs, 329 avis, aller ├á la r├⌐partition des avis - Prix: 3,03Γé¼/L
10-02 12:44:47.942 18808 18855 D AndroidTracking: Event sent to server successfully
10-02 12:44:47.947 18808 18808 D AndroidTracking: Event tracked: ADD_TO_CART - {app=Carrefour, packageName=com.carrefour.fid.android, productInfo={productName=Jus plus zest d├⌐fense INNOCENT, allTexts=[Sponsoris├⌐, INNOCENT, Jus plus zest d├⌐fense INNOCENT]}, eventType=cross_app_cart_update}
10-02 12:44:47.950 18808 18808 D CrossAppTracking: ≡ƒ¢Æ Produit envoy├⌐: Jus plus zest d├⌐fense INNOCENT - Prix: N/A
10-02 12:44:47.961 18808 18855 D AndroidTracking: Event sent to server successfully
10-02 12:44:48.007 18808 18808 D AndroidTracking: Event tracked: ADD_TO_CART - {app=Carrefour, packageName=com.carrefour.fid.android, productInfo={cartAction=Ajouter au panier, price=3,03Γé¼/L, productName=Ce produit est not├⌐ 4,39 sur 5 par les utilisateurs, 329 avis, aller ├á la r├⌐partition des avis, allTexts=[-15% Mardi PASS, 1L, Nutriscore c, CARREFOUR EXTRA, Jus D'Ananas 100% Pur Jus CARREFOUR EXTRA, Ce produit est not├⌐ 4,49 sur 5 par les utilisateurs, 49 avis, aller ├á la r├⌐partition des avis, (49), 3,33Γé¼, 3 euros et 33 centimes., 3,33Γé¼/L]}, eventType=cross_app_cart_update}
10-02 12:44:48.008 18808 18808 D CrossAppTracking: ≡ƒ¢Æ Produit envoy├⌐: Ce produit est not├⌐ 4,39 sur 5 par les utilisateurs, 329 avis, aller ├á la r├⌐partition des avis - Prix: 3,03Γé¼/L
10-02 12:44:48.017 18808 18855 D AndroidTracking: Event sent to server successfully
10-02 12:44:48.022 18808 18808 D AndroidTracking: Event tracked: ADD_TO_CART - {app=Carrefour, packageName=com.carrefour.fid.android, productInfo={productName=Produits Carrefour, allTexts=[Promotions, Bio, Produits Carrefour]}, eventType=cross_app_cart_update}
10-02 12:44:48.026 18808 18808 D CrossAppTracking: ≡ƒ¢Æ Produit envoy├⌐: Produits Carrefour - Prix: N/A
10-02 12:44:48.037 18808 18855 D AndroidTracking: Event sent to server successfully
10-02 12:44:48.051 18808 18808 D AndroidTracking: Event tracked: ADD_TO_CART - {app=Carrefour, packageName=com.carrefour.fid.android, productInfo={productName=(49), allTexts=[(49)]}, eventType=cross_app_cart_update}
10-02 12:44:48.058 18808 18808 D CrossAppTracking: ≡ƒ¢Æ Produit envoy├⌐: (49) - Prix: N/A
10-02 12:44:48.064 18808 18855 D AndroidTracking: Event sent to server successfully
10-02 12:44:48.067 18808 18808 D AndroidTracking: Event tracked: ADD_TO_CART - {app=Carrefour, packageName=com.carrefour.fid.android, productInfo={productName=(329), allTexts=[(329)]}, eventType=cross_app_cart_update}
10-02 12:44:48.069 18808 18808 D CrossAppTracking: ≡ƒ¢Æ Produit envoy├⌐: (329) - Prix: N/A
10-02 12:44:48.077 18808 18855 D AndroidTracking: Event sent to server successfully
10-02 12:44:48.097 18808 18808 D AndroidTracking: Event tracked: ADD_TO_CART - {app=Carrefour, packageName=com.carrefour.fid.android, productInfo={cartAction=Ajouter au panier, price=3,33Γé¼/L, productName=Ce produit est not├⌐ 4,49 sur 5 par les utilisateurs, 49 avis, aller ├á la r├⌐partition des avis, allTexts=[-15% Mardi PASS, 1L, Nutriscore c, CARREFOUR EXTRA, Jus D'Ananas 100% Pur Jus CARREFOUR EXTRA, Ce produit est not├⌐ 4,49 sur 5 par les utilisateurs, 49 avis, aller ├á la r├⌐partition des avis, (49), 3,33Γé¼, 3 euros et 33 centimes., 3,33Γé¼/L]}, eventType=cross_app_cart_update}
10-02 12:44:48.102 18808 18808 D CrossAppTracking: ≡ƒ¢Æ Produit envoy├⌐: Ce produit est not├⌐ 4,49 sur 5 par les utilisateurs, 49 avis, aller ├á la r├⌐partition des avis - Prix: 3,33Γé¼/L
10-02 12:44:48.112 18808 18855 D AndroidTracking: Event sent to server successfully
10-02 12:44:48.124 18808 18808 D AndroidTracking: Event tracked: ADD_TO_CART - {app=Carrefour, packageName=com.carrefour.fid.android, productInfo={cartAction=Ajouter au panier, price=3,03Γé¼/L, productName=Ce produit est not├⌐ 4,39 sur 5 par les utilisateurs, 329 avis, aller ├á la r├⌐partition des avis, allTexts=[-15% Mardi PASS, 1L, Nutriscore c, CARREFOUR EXTRA, Jus D'orange 1OO%, Sans Pulpe CARREFOUR EXTRA, Ce produit est not├⌐ 4,39 sur 5 par les utilisateurs, 329 avis, aller ├á la r├⌐partition des avis, (329), 3,03Γé¼, 3 euros et 03 centimes., 3,03Γé¼/L]}, eventType=cross_app_cart_update}
10-02 12:44:48.125 18808 18808 D CrossAppTracking: ≡ƒ¢Æ Produit envoy├⌐: Ce produit est not├⌐ 4,39 sur 5 par les utilisateurs, 329 avis, aller ├á la r├⌐partition des avis - Prix: 3,03Γé¼/L
10-02 12:44:48.136 18808 18855 D AndroidTracking: Event sent to server successfully
10-02 12:44:48.448 18808 18808 D CrossAppTracking: ≡ƒô▒ ├ëv├⌐nement re├ºu: 2048 - com.carrefour.fid.android
10-02 12:44:48.448 18808 18808 D CrossAppTracking: Γ£à App cibl├⌐e d├⌐tect├⌐e: com.carrefour.fid.android
10-02 12:44:49.156 18808 18808 D CrossAppTracking: ≡ƒöì DIFF STATE: 5 produits trouv├⌐s
10-02 12:44:49.156 18808 18808 D CrossAppTracking:   [0] Jus D'Ananas 100% Pur Jus CARREFOUR EXTRA - 3,33Γé¼ - btn='Acheter' - minus=false
10-02 12:44:49.157 18808 18808 D CrossAppTracking:   [1] Jus D'Ananas 100% Pur Jus CARREFOUR EXTRA - 3,33Γé¼ - btn='Acheter' - minus=false
10-02 12:44:49.157 18808 18808 D CrossAppTracking:   [2] Jus D'Ananas 100% Pur Jus CARREFOUR EXTRA - 3,33Γé¼ - btn='Acheter' - minus=false
10-02 12:44:49.157 18808 18808 D CrossAppTracking:   [3] Jus D'Ananas 100% Pur Jus CARREFOUR EXTRA - 3,33Γé¼ - btn='Acheter' - minus=false
10-02 12:44:49.157 18808 18808 D CrossAppTracking:   [4] Ce produit est not├⌐ 4,39 sur 5 par les utilisateurs, 329 avis, aller ├á la r├⌐partition des avis - 3,03Γé¼ - btn='' - minus=false
10-02 12:44:49.157 18808 18808 D CrossAppTracking: ΓÜá∩╕Å DIFF: Produit non trouv├⌐ dans l'├⌐tat pr├⌐c├⌐dent: Jus D'Ananas 100% Pur Jus CARREFOUR EXTRA
10-02 12:44:49.157 18808 18808 D CrossAppTracking: ΓÜá∩╕Å DIFF: Produit non trouv├⌐ dans l'├⌐tat pr├⌐c├⌐dent: Jus D'Ananas 100% Pur Jus CARREFOUR EXTRA
10-02 12:44:49.157 18808 18808 D CrossAppTracking: ΓÜá∩╕Å DIFF: Produit non trouv├⌐ dans l'├⌐tat pr├⌐c├⌐dent: Jus D'Ananas 100% Pur Jus CARREFOUR EXTRA
10-02 12:44:49.157 18808 18808 D CrossAppTracking: ΓÜá∩╕Å DIFF: Produit non trouv├⌐ dans l'├⌐tat pr├⌐c├⌐dent: Jus D'Ananas 100% Pur Jus CARREFOUR EXTRA
10-02 12:44:49.157 18808 18808 D CrossAppTracking: ≡ƒöä DIFF: Ce produit est not├⌐ 4,39 sur 5 par les utilisateurs, 329 avis, aller ├á la r├⌐partition des avis - Aucun changement (0 ΓåÆ 0)
10-02 12:44:49.157 18808 18808 D CrossAppTracking: ΓÜá∩╕Å DIFF: Produit non trouv├⌐ dans l'├⌐tat pr├⌐c├⌐dent: Jus D'Ananas 100% Pur Jus CARREFOUR EXTRA
10-02 12:44:49.157 18808 18808 D CrossAppTracking: ΓÜá∩╕Å DIFF: Produit non trouv├⌐ dans l'├⌐tat pr├⌐c├⌐dent: Jus D'Ananas 100% Pur Jus CARREFOUR EXTRA
10-02 12:44:49.157 18808 18808 D CrossAppTracking: ΓÜá∩╕Å DIFF: Produit non trouv├⌐ dans l'├⌐tat pr├⌐c├⌐dent: Jus D'Ananas 100% Pur Jus CARREFOUR EXTRA
10-02 12:44:49.157 18808 18808 D CrossAppTracking: ΓÜá∩╕Å DIFF: Produit non trouv├⌐ dans l'├⌐tat pr├⌐c├⌐dent: Jus D'Ananas 100% Pur Jus CARREFOUR EXTRA
10-02 12:44:49.157 18808 18808 D CrossAppTracking: ≡ƒöä DIFF: Ce produit est not├⌐ 4,39 sur 5 par les utilisateurs, 329 avis, aller ├á la r├⌐partition des avis - Aucun changement (0 ΓåÆ 0)
10-02 12:44:49.183 18808 18808 D CrossAppTracking: ≡ƒô▒ ├ëv├⌐nement re├ºu: 2048 - com.carrefour.fid.android
10-02 12:44:49.183 18808 18808 D CrossAppTracking: Γ£à App cibl├⌐e d├⌐tect├⌐e: com.carrefour.fid.android
10-02 12:44:49.203 18808 18808 D CrossAppTracking: ≡ƒô▒ ├ëv├⌐nement re├ºu: 2048 - com.carrefour.fid.android
10-02 12:44:49.203 18808 18808 D CrossAppTracking: Γ£à App cibl├⌐e d├⌐tect├⌐e: com.carrefour.fid.android
10-02 12:44:49.207 18808 18808 D CrossAppTracking: ≡ƒô▒ ├ëv├⌐nement re├ºu: 2048 - com.carrefour.fid.android
10-02 12:44:49.207 18808 18808 D CrossAppTracking: Γ£à App cibl├⌐e d├⌐tect├⌐e: com.carrefour.fid.android
10-02 12:44:49.214 18808 18808 D CrossAppTracking: ≡ƒô▒ ├ëv├⌐nement re├ºu: 2048 - com.carrefour.fid.android
10-02 12:44:49.214 18808 18808 D CrossAppTracking: Γ£à App cibl├⌐e d├⌐tect├⌐e: com.carrefour.fid.android
10-02 12:44:49.230 18808 18808 D CrossAppTracking: ≡ƒöì DIFF STATE: 1 produits trouv├⌐s
10-02 12:44:49.230 18808 18808 D CrossAppTracking:   [0] Ce produit est not├⌐ 4,39 sur 5 par les utilisateurs, 329 avis, aller ├á la r├⌐partition des avis - 3,03Γé¼ - btn='1' - minus=false
10-02 12:44:49.230 18808 18808 D CrossAppTracking: >>> DIFF: Ce produit est not├⌐ 4,39 sur 5 par les utilisateurs, 329 avis, aller ├á la r├⌐partition des avis - 0 ΓåÆ 1 (Ajout au panier)
10-02 12:44:49.231 18808 18808 D CrossAppTracking: >>> DIFF: Ce produit est not├⌐ 4,39 sur 5 par les utilisateurs, 329 avis, aller ├á la r├⌐partition des avis - 0 ΓåÆ 1 (Ajout au panier)
10-02 12:44:49.233 18808 18808 D CrossAppTracking: ≡ƒô▒ ├ëv├⌐nement re├ºu: 2048 - com.carrefour.fid.android
10-02 12:44:49.233 18808 18808 D CrossAppTracking: Γ£à App cibl├⌐e d├⌐tect├⌐e: com.carrefour.fid.android
10-02 12:44:49.263 18808 18808 D CrossAppTracking: ≡ƒöì DIFF STATE: 1 produits trouv├⌐s
10-02 12:44:49.264 18808 18808 D CrossAppTracking:   [0] Ce produit est not├⌐ 4,39 sur 5 par les utilisateurs, 329 avis, aller ├á la r├⌐partition des avis - 3,03Γé¼ - btn='1' - minus=false
10-02 12:44:49.265 18808 18808 D CrossAppTracking: ≡ƒöä DIFF: Ce produit est not├⌐ 4,39 sur 5 par les utilisateurs, 329 avis, aller ├á la r├⌐partition des avis - Aucun changement (1 ΓåÆ 1)
10-02 12:44:49.265 18808 18808 D CrossAppTracking: ≡ƒöä DIFF: Ce produit est not├⌐ 4,39 sur 5 par les utilisateurs, 329 avis, aller ├á la r├⌐partition des avis - Aucun changement (1 ΓåÆ 1)
10-02 12:44:49.277 18808 18808 D CrossAppTracking: ≡ƒô▒ ├ëv├⌐nement re├ºu: 2048 - com.carrefour.fid.android
10-02 12:44:49.277 18808 18808 D CrossAppTracking: Γ£à App cibl├⌐e d├⌐tect├⌐e: com.carrefour.fid.android
10-02 12:44:49.316 18808 18808 D CrossAppTracking: ≡ƒöì DIFF STATE: 1 produits trouv├⌐s
10-02 12:44:49.317 18808 18808 D CrossAppTracking:   [0] Ce produit est not├⌐ 4,39 sur 5 par les utilisateurs, 329 avis, aller ├á la r├⌐partition des avis - 3,03Γé¼ - btn='1' - minus=false
10-02 12:44:49.317 18808 18808 D CrossAppTracking: ≡ƒöä DIFF: Ce produit est not├⌐ 4,39 sur 5 par les utilisateurs, 329 avis, aller ├á la r├⌐partition des avis - Aucun changement (1 ΓåÆ 1)
10-02 12:44:49.317 18808 18808 D CrossAppTracking: ≡ƒöä DIFF: Ce produit est not├⌐ 4,39 sur 5 par les utilisateurs, 329 avis, aller ├á la r├⌐partition des avis - Aucun changement (1 ΓåÆ 1)
10-02 12:44:49.329 18808 18808 D CrossAppTracking: ≡ƒô▒ ├ëv├⌐nement re├ºu: 2048 - com.carrefour.fid.android
10-02 12:44:49.329 18808 18808 D CrossAppTracking: Γ£à App cibl├⌐e d├⌐tect├⌐e: com.carrefour.fid.android
10-02 12:44:49.340 18808 18808 D CrossAppTracking: ≡ƒöì DIFF STATE: 0 produits trouv├⌐s
10-02 12:44:49.341 18808 18808 D CrossAppTracking: ≡ƒô▒ ├ëv├⌐nement re├ºu: 2048 - com.carrefour.fid.android
10-02 12:44:49.342 18808 18808 D CrossAppTracking: Γ£à App cibl├⌐e d├⌐tect├⌐e: com.carrefour.fid.android
10-02 12:44:49.357 18808 18808 D CrossAppTracking: ≡ƒöì DIFF STATE: 1 produits trouv├⌐s
10-02 12:44:49.357 18808 18808 D CrossAppTracking:   [0] Ce produit est not├⌐ 4,39 sur 5 par les utilisateurs, 329 avis, aller ├á la r├⌐partition des avis - 3,03Γé¼ - btn='1' - minus=false
10-02 12:44:49.357 18808 18808 D CrossAppTracking: ΓÜá∩╕Å DIFF: Produit non trouv├⌐ dans l'├⌐tat pr├⌐c├⌐dent: Ce produit est not├⌐ 4,39 sur 5 par les utilisateurs, 329 avis, aller ├á la r├⌐partition des avis
10-02 12:44:49.357 18808 18808 D CrossAppTracking: ΓÜá∩╕Å DIFF: Produit non trouv├⌐ dans l'├⌐tat pr├⌐c├⌐dent: Ce produit est not├⌐ 4,39 sur 5 par les utilisateurs, 329 avis, aller ├á la r├⌐partition des avis
10-02 12:44:49.375 18808 18808 D CrossAppTracking: ≡ƒô▒ ├ëv├⌐nement re├ºu: 2048 - com.carrefour.fid.android
10-02 12:44:49.375 18808 18808 D CrossAppTracking: Γ£à App cibl├⌐e d├⌐tect├⌐e: com.carrefour.fid.android
10-02 12:44:49.380 18808 18808 D CrossAppTracking: ≡ƒöì DIFF STATE: 0 produits trouv├⌐s
10-02 12:44:49.686 18808 18808 D AndroidTracking: Event tracked: ADD_TO_CART - {app=Carrefour, packageName=com.carrefour.fid.android, productInfo={cartAction=Ajouter un produit dans le panier, price=3,03Γé¼/L, productName=Ce produit est not├⌐ 4,39 sur 5 par les utilisateurs, 329 avis, aller ├á la r├⌐partition des avis, allTexts=[-15% Mardi PASS, 1L, Nutriscore c, CARREFOUR EXTRA, Jus D'Ananas 100% Pur Jus CARREFOUR EXTRA, Ce produit est not├⌐ 4,49 sur 5 par les utilisateurs, 49 avis, aller ├á la r├⌐partition des avis, (49), 3,33Γé¼, 3 euros et 33 centimes., 3,33Γé¼/L]}, eventType=cross_app_cart_update}
10-02 12:44:49.688 18808 18808 D CrossAppTracking: ≡ƒ¢Æ Produit envoy├⌐: Ce produit est not├⌐ 4,39 sur 5 par les utilisateurs, 329 avis, aller ├á la r├⌐partition des avis - Prix: 3,03Γé¼/L
10-02 12:44:49.700 18808 18855 D AndroidTracking: Event sent to server successfully
10-02 12:44:49.730 18808 18808 D AndroidTracking: Event tracked: ADD_TO_CART - {app=Carrefour, packageName=com.carrefour.fid.android, productInfo={productName=Ce produit est not├⌐ 4,39 sur 5 par les utilisateurs, 329 avis, aller ├á la r├⌐partition des avis, price=3,03, action=Ajout au panier, oldQuantity=0, newQuantity=1, quantityDiff=1}, eventType=cross_app_cart_update}
10-02 12:44:49.731 18808 18808 D CrossAppTracking: ≡ƒ¢Æ DIFF DETECTE: Ajout au panier - Ce produit est not├⌐ 4,39 sur 5 par les utilisateurs, 329 avis, aller ├á la r├⌐partition des avis (0 ΓåÆ 1)
10-02 12:44:49.738 18808 18855 D AndroidTracking: Event sent to server successfully
10-02 12:44:49.778 18808 18808 D AndroidTracking: Event tracked: ADD_TO_CART - {app=Carrefour, packageName=com.carrefour.fid.android, productInfo={cartAction=Ajouter un produit dans le panier, price=3,03Γé¼/L, productName=Ce produit est not├⌐ 4,39 sur 5 par les utilisateurs, 329 avis, aller ├á la r├⌐partition des avis, allTexts=[-15% Mardi PASS, 1L, Nutriscore c, CARREFOUR EXTRA, Jus D'orange 1OO%, Sans Pulpe CARREFOUR EXTRA, Ce produit est not├⌐ 4,39 sur 5 par les utilisateurs, 329 avis, aller ├á la r├⌐partition des avis, (329), 3,03Γé¼, 3 euros et 03 centimes., 3,03Γé¼/L]}, eventType=cross_app_cart_update}
10-02 12:44:49.781 18808 18808 D CrossAppTracking: ≡ƒ¢Æ Produit envoy├⌐: Ce produit est not├⌐ 4,39 sur 5 par les utilisateurs, 329 avis, aller ├á la r├⌐partition des avis - Prix: 3,03Γé¼/L
10-02 12:44:49.800 18808 18855 D AndroidTracking: Event sent to server successfully
10-02 12:44:49.830 18808 18808 D AndroidTracking: Event tracked: ADD_TO_CART - {app=Carrefour, packageName=com.carrefour.fid.android, productInfo={cartAction=Ajouter un produit dans le panier, price=3,03Γé¼/L, productName=Ce produit est not├⌐ 4,39 sur 5 par les utilisateurs, 329 avis, aller ├á la r├⌐partition des avis, allTexts=[-15% Mardi PASS, 1L, Nutriscore c, CARREFOUR EXTRA, Jus D'orange 1OO%, Sans Pulpe CARREFOUR EXTRA, Ce produit est not├⌐ 4,39 sur 5 par les utilisateurs, 329 avis, aller ├á la r├⌐partition des avis, (329), 3,03Γé¼, 3 euros et 03 centimes., 3,03Γé¼/L]}, eventType=cross_app_cart_update}
10-02 12:44:49.831 18808 18808 D CrossAppTracking: ≡ƒ¢Æ Produit envoy├⌐: Ce produit est not├⌐ 4,39 sur 5 par les utilisateurs, 329 avis, aller ├á la r├⌐partition des avis - Prix: 3,03Γé¼/L
10-02 12:44:49.844 18808 18808 D AndroidTracking: Event tracked: ADD_TO_CART - {app=Carrefour, packageName=com.carrefour.fid.android, productInfo={cartAction=Retirer un produit du panier, productName=Retirer un produit du panier, allTexts=[Retirer un produit du panier]}, eventType=cross_app_cart_update}
10-02 12:44:49.844 18808 18855 D AndroidTracking: Event sent to server successfully
10-02 12:44:49.849 18808 18808 D CrossAppTracking: ≡ƒ¢Æ Produit envoy├⌐: Retirer un produit du panier - Prix: N/A
10-02 12:44:49.861 18808 18855 D AndroidTracking: Event sent to server successfully
10-02 12:44:49.875 18808 18808 D AndroidTracking: Event tracked: ADD_TO_CART - {app=Carrefour, packageName=com.carrefour.fid.android, productInfo={cartAction=Ajouter un produit dans le panier, price=3,03Γé¼/L, productName=Ce produit est not├⌐ 4,39 sur 5 par les utilisateurs, 329 avis, aller ├á la r├⌐partition des avis, allTexts=[-15% Mardi PASS, 1L, Nutriscore c, CARREFOUR EXTRA, Jus D'orange 1OO%, Sans Pulpe CARREFOUR EXTRA, Ce produit est not├⌐ 4,39 sur 5 par les utilisateurs, 329 avis, aller ├á la r├⌐partition des avis, (329), 3,03Γé¼, 3 euros et 03 centimes., 3,03Γé¼/L]}, eventType=cross_app_cart_update}
10-02 12:44:49.880 18808 18808 D CrossAppTracking: ≡ƒ¢Æ Produit envoy├⌐: Ce produit est not├⌐ 4,39 sur 5 par les utilisateurs, 329 avis, aller ├á la r├⌐partition des avis - Prix: 3,03Γé¼/L
10-02 12:44:49.884 18808 18808 D AndroidTracking: Event tracked: ADD_TO_CART - {app=Carrefour, packageName=com.carrefour.fid.android, productInfo={cartAction=Ajouter un produit dans le panier, productName=Ajouter un produit dans le panier, allTexts=[Ajouter un produit dans le panier]}, eventType=cross_app_cart_update}
10-02 12:44:49.892 18808 18855 D AndroidTracking: Event sent to server successfully
10-02 12:44:49.893 18808 18808 D CrossAppTracking: ≡ƒ¢Æ Produit envoy├⌐: Ajouter un produit dans le panier - Prix: N/A
10-02 12:44:49.905 18808 18853 D AndroidTracking: Event sent to server successfully
10-02 12:44:50.337 18808 18808 D CrossAppTracking: ≡ƒô▒ ├ëv├⌐nement re├ºu: 2048 - com.carrefour.fid.android
10-02 12:44:50.337 18808 18808 D CrossAppTracking: Γ£à App cibl├⌐e d├⌐tect├⌐e: com.carrefour.fid.android
10-02 12:44:50.393 18808 18808 D CrossAppTracking: ≡ƒöì DIFF STATE: 0 produits trouv├⌐s
10-02 12:44:50.394 18808 18808 D CrossAppTracking: ≡ƒô▒ ├ëv├⌐nement re├ºu: 2048 - com.carrefour.fid.android
10-02 12:44:50.394 18808 18808 D CrossAppTracking: Γ£à App cibl├⌐e d├⌐tect├⌐e: com.carrefour.fid.android
10-02 12:44:50.477 18808 18808 D CrossAppTracking: ≡ƒöì DIFF STATE: 0 produits trouv├⌐s
10-02 12:44:50.479 18808 18808 D CrossAppTracking: ≡ƒô▒ ├ëv├⌐nement re├ºu: 2048 - com.carrefour.fid.android
10-02 12:44:50.479 18808 18808 D CrossAppTracking: Γ£à App cibl├⌐e d├⌐tect├⌐e: com.carrefour.fid.android
10-02 12:44:50.515 18808 18808 D CrossAppTracking: ≡ƒöì DIFF STATE: 0 produits trouv├⌐s
10-02 12:44:50.516 18808 18808 D CrossAppTracking: ≡ƒô▒ ├ëv├⌐nement re├ºu: 2048 - com.carrefour.fid.android
10-02 12:44:50.520 18808 18808 D CrossAppTracking: Γ£à App cibl├⌐e d├⌐tect├⌐e: com.carrefour.fid.android
10-02 12:44:50.792 18808 18808 D CrossAppTracking: ≡ƒöì DIFF STATE: 1 produits trouv├⌐s
10-02 12:44:50.792 18808 18808 D CrossAppTracking:   [0] Ce produit est not├⌐ 4,39 sur 5 par les utilisateurs, 329 avis, aller ├á la r├⌐partition des avis - 3,03Γé¼ - btn='' - minus=false
10-02 12:44:50.792 18808 18808 D CrossAppTracking: ΓÜá∩╕Å DIFF: Produit non trouv├⌐ dans l'├⌐tat pr├⌐c├⌐dent: Ce produit est not├⌐ 4,39 sur 5 par les utilisateurs, 329 avis, aller ├á la r├⌐partition des avis
10-02 12:44:50.792 18808 18808 D CrossAppTracking: ΓÜá∩╕Å DIFF: Produit non trouv├⌐ dans l'├⌐tat pr├⌐c├⌐dent: Ce produit est not├⌐ 4,39 sur 5 par les utilisateurs, 329 avis, aller ├á la r├⌐partition des avis
10-02 12:44:50.809 18808 18808 D CrossAppTracking: ≡ƒô▒ ├ëv├⌐nement re├ºu: 2048 - com.carrefour.fid.android
10-02 12:44:50.809 18808 18808 D CrossAppTracking: Γ£à App cibl├⌐e d├⌐tect├⌐e: com.carrefour.fid.android
10-02 12:44:50.828 18808 18808 D CrossAppTracking: ≡ƒöì DIFF STATE: 1 produits trouv├⌐s
10-02 12:44:50.828 18808 18808 D CrossAppTracking:   [0] Ce produit est not├⌐ 4,39 sur 5 par les utilisateurs, 329 avis, aller ├á la r├⌐partition des avis - 3,03Γé¼ - btn='2' - minus=false
10-02 12:44:50.828 18808 18808 D CrossAppTracking: >>> DIFF: Ce produit est not├⌐ 4,39 sur 5 par les utilisateurs, 329 avis, aller ├á la r├⌐partition des avis - 0 ΓåÆ 2 (Ajout au panier)
10-02 12:44:50.829 18808 18808 D CrossAppTracking: >>> DIFF: Ce produit est not├⌐ 4,39 sur 5 par les utilisateurs, 329 avis, aller ├á la r├⌐partition des avis - 0 ΓåÆ 2 (Ajout au panier)
10-02 12:44:50.857 18808 18808 D CrossAppTracking: ≡ƒô▒ ├ëv├⌐nement re├ºu: 2048 - com.carrefour.fid.android
10-02 12:44:50.857 18808 18808 D CrossAppTracking: Γ£à App cibl├⌐e d├⌐tect├⌐e: com.carrefour.fid.android
10-02 12:44:50.871 18808 18808 D CrossAppTracking: ≡ƒöì DIFF STATE: 0 produits trouv├⌐s
10-02 12:44:50.872 18808 18808 D CrossAppTracking: ≡ƒô▒ ├ëv├⌐nement re├ºu: 2048 - com.carrefour.fid.android
10-02 12:44:50.873 18808 18808 D CrossAppTracking: Γ£à App cibl├⌐e d├⌐tect├⌐e: com.carrefour.fid.android
10-02 12:44:50.892 18808 18808 D CrossAppTracking: ≡ƒöì DIFF STATE: 0 produits trouv├⌐s
10-02 12:44:50.893 18808 18808 D CrossAppTracking: ≡ƒô▒ ├ëv├⌐nement re├ºu: 2048 - com.carrefour.fid.android
10-02 12:44:50.896 18808 18808 D CrossAppTracking: Γ£à App cibl├⌐e d├⌐tect├⌐e: com.carrefour.fid.android
10-02 12:44:50.909 18808 18808 D CrossAppTracking: ≡ƒöì DIFF STATE: 1 produits trouv├⌐s
10-02 12:44:50.909 18808 18808 D CrossAppTracking:   [0] Ce produit est not├⌐ 4,39 sur 5 par les utilisateurs, 329 avis, aller ├á la r├⌐partition des avis - 3,03Γé¼ - btn='2' - minus=false
10-02 12:44:50.909 18808 18808 D CrossAppTracking: ΓÜá∩╕Å DIFF: Produit non trouv├⌐ dans l'├⌐tat pr├⌐c├⌐dent: Ce produit est not├⌐ 4,39 sur 5 par les utilisateurs, 329 avis, aller ├á la r├⌐partition des avis
10-02 12:44:50.909 18808 18808 D CrossAppTracking: ΓÜá∩╕Å DIFF: Produit non trouv├⌐ dans l'├⌐tat pr├⌐c├⌐dent: Ce produit est not├⌐ 4,39 sur 5 par les utilisateurs, 329 avis, aller ├á la r├⌐partition des avis
10-02 12:44:50.922 18808 18808 D AndroidTracking: Event tracked: ADD_TO_CART - {app=Carrefour, packageName=com.carrefour.fid.android, productInfo={cartAction=Ajouter un produit dans le panier, productName=Ajouter un produit dans le panier, allTexts=[Ajouter un produit dans le panier]}, eventType=cross_app_cart_update}
10-02 12:44:50.929 18808 18808 D CrossAppTracking: ≡ƒ¢Æ Produit envoy├⌐: Ajouter un produit dans le panier - Prix: N/A
10-02 12:44:50.943 18808 18853 D AndroidTracking: Event sent to server successfully
10-02 12:44:50.960 18808 18808 D CrossAppTracking: ≡ƒô▒ ├ëv├⌐nement re├ºu: 2048 - com.carrefour.fid.android
10-02 12:44:50.960 18808 18808 D CrossAppTracking: Γ£à App cibl├⌐e d├⌐tect├⌐e: com.carrefour.fid.android
10-02 12:44:50.976 18808 18808 D CrossAppTracking: ≡ƒöì DIFF STATE: 1 produits trouv├⌐s
10-02 12:44:50.976 18808 18808 D CrossAppTracking:   [0] Ce produit est not├⌐ 4,39 sur 5 par les utilisateurs, 329 avis, aller ├á la r├⌐partition des avis - 3,03Γé¼ - btn='2' - minus=false
10-02 12:44:50.976 18808 18808 D CrossAppTracking: ≡ƒöä DIFF: Ce produit est not├⌐ 4,39 sur 5 par les utilisateurs, 329 avis, aller ├á la r├⌐partition des avis - Aucun changement (2 ΓåÆ 2)
10-02 12:44:50.976 18808 18808 D CrossAppTracking: ≡ƒöä DIFF: Ce produit est not├⌐ 4,39 sur 5 par les utilisateurs, 329 avis, aller ├á la r├⌐partition des avis - Aucun changement (2 ΓåÆ 2)
10-02 12:44:50.988 18808 18808 D AndroidTracking: Event tracked: ADD_TO_CART - {app=Carrefour, packageName=com.carrefour.fid.android, productInfo={cartAction=Retirer un produit du panier, productName=Retirer un produit du panier, allTexts=[Retirer un produit du panier]}, eventType=cross_app_cart_update}
10-02 12:44:50.989 18808 18808 D CrossAppTracking: ≡ƒ¢Æ Produit envoy├⌐: Retirer un produit du panier - Prix: N/A
10-02 12:44:50.999 18808 18853 D AndroidTracking: Event sent to server successfully
10-02 12:44:51.019 18808 18808 D AndroidTracking: Event tracked: CONTENT_CHANGED - {app=Carrefour, packageName=com.carrefour.fid.android, eventType=cross_app_content_change, timestamp=1759401890515}
10-02 12:44:51.028 18808 18853 D AndroidTracking: Event sent to server successfully
10-02 12:44:51.312 18808 18808 D AndroidTracking: Event tracked: ADD_TO_CART - {app=Carrefour, packageName=com.carrefour.fid.android, productInfo={cartAction=Retirer un produit du panier, price=3,03Γé¼/L, productName=Ce produit est not├⌐ 4,39 sur 5 par les utilisateurs, 329 avis, aller ├á la r├⌐partition des avis, allTexts=[-15% Mardi PASS, 1L, Nutriscore c, CARREFOUR EXTRA, Jus D'orange 1OO%, Sans Pulpe CARREFOUR EXTRA, Ce produit est not├⌐ 4,39 sur 5 par les utilisateurs, 329 avis, aller ├á la r├⌐partition des avis, (329), 3,03Γé¼, 3 euros et 03 centimes., 3,03Γé¼/L]}, eventType=cross_app_cart_update}
10-02 12:44:51.313 18808 18808 D CrossAppTracking: ≡ƒ¢Æ Produit envoy├⌐: Ce produit est not├⌐ 4,39 sur 5 par les utilisateurs, 329 avis, aller ├á la r├⌐partition des avis - Prix: 3,03Γé¼/L
10-02 12:44:51.330 18808 18808 D AndroidTracking: Event tracked: ADD_TO_CART - {app=Carrefour, packageName=com.carrefour.fid.android, productInfo={productName=Ce produit est not├⌐ 4,39 sur 5 par les utilisateurs, 329 avis, aller ├á la r├⌐partition des avis, price=3,03, action=Ajout au panier, oldQuantity=0, newQuantity=2, quantityDiff=2}, eventType=cross_app_cart_update}
10-02 12:44:51.331 18808 18808 D CrossAppTracking: ≡ƒ¢Æ DIFF DETECTE: Ajout au panier - Ce produit est not├⌐ 4,39 sur 5 par les utilisateurs, 329 avis, aller ├á la r├⌐partition des avis (0 ΓåÆ 2)
10-02 12:44:51.333 18808 18853 D AndroidTracking: Event sent to server successfully
10-02 12:44:51.344 18808 18855 D AndroidTracking: Event sent to server successfully
10-02 12:44:51.375 18808 18808 D AndroidTracking: Event tracked: ADD_TO_CART - {app=Carrefour, packageName=com.carrefour.fid.android, productInfo={cartAction=Ajouter un produit dans le panier, productName=Ajouter un produit dans le panier, allTexts=[Ajouter un produit dans le panier]}, eventType=cross_app_cart_update}
10-02 12:44:51.376 18808 18808 D CrossAppTracking: ≡ƒ¢Æ Produit envoy├⌐: Ajouter un produit dans le panier - Prix: N/A
10-02 12:44:51.394 18808 18855 D AndroidTracking: Event sent to server successfully
10-02 12:44:51.397 18808 18808 D AndroidTracking: Event tracked: ADD_TO_CART - {app=Carrefour, packageName=com.carrefour.fid.android, productInfo={cartAction=Retirer un produit du panier, productName=Retirer un produit du panier, allTexts=[Retirer un produit du panier]}, eventType=cross_app_cart_update}
10-02 12:44:51.400 18808 18808 D CrossAppTracking: ≡ƒ¢Æ Produit envoy├⌐: Retirer un produit du panier - Prix: N/A
10-02 12:44:51.413 18808 18855 D AndroidTracking: Event sent to server successfully
10-02 12:44:51.424 18808 18808 D AndroidTracking: Event tracked: ADD_TO_CART - {app=Carrefour, packageName=com.carrefour.fid.android, productInfo={cartAction=Ajouter un produit dans le panier, price=3,03Γé¼/L, productName=Ce produit est not├⌐ 4,39 sur 5 par les utilisateurs, 329 avis, aller ├á la r├⌐partition des avis, allTexts=[-15% Mardi PASS, 1L, Nutriscore c, CARREFOUR EXTRA, Jus D'orange 1OO%, Sans Pulpe CARREFOUR EXTRA, Ce produit est not├⌐ 4,39 sur 5 par les utilisateurs, 329 avis, aller ├á la r├⌐partition des avis, (329), 3,03Γé¼, 3 euros et 03 centimes., 3,03Γé¼/L]}, eventType=cross_app_cart_update}
10-02 12:44:51.426 18808 18808 D CrossAppTracking: ≡ƒ¢Æ Produit envoy├⌐: Ce produit est not├⌐ 4,39 sur 5 par les utilisateurs, 329 avis, aller ├á la r├⌐partition des avis - Prix: 3,03Γé¼/L
10-02 12:44:51.433 18808 18855 D AndroidTracking: Event sent to server successfully
10-02 12:44:51.489 18808 18808 D AndroidTracking: Event tracked: ADD_TO_CART - {app=Carrefour, packageName=com.carrefour.fid.android, productInfo={cartAction=Ajouter un produit dans le panier, price=3,03Γé¼/L, productName=Ce produit est not├⌐ 4,39 sur 5 par les utilisateurs, 329 avis, aller ├á la r├⌐partition des avis, allTexts=[-15% Mardi PASS, 1L, Nutriscore c, CARREFOUR EXTRA, Jus D'orange 1OO%, Sans Pulpe CARREFOUR EXTRA, Ce produit est not├⌐ 4,39 sur 5 par les utilisateurs, 329 avis, aller ├á la r├⌐partition des avis, (329), 3,03Γé¼, 3 euros et 03 centimes., 3,03Γé¼/L]}, eventType=cross_app_cart_update}
10-02 12:44:51.490 18808 18808 D CrossAppTracking: ≡ƒ¢Æ Produit envoy├⌐: Ce produit est not├⌐ 4,39 sur 5 par les utilisateurs, 329 avis, aller ├á la r├⌐partition des avis - Prix: 3,03Γé¼/L
10-02 12:44:51.497 18808 18855 D AndroidTracking: Event sent to server successfully
10-02 12:45:08.641 18808 18808 D CrossAppTracking: ≡ƒô▒ ├ëv├⌐nement re├ºu: 2048 - com.carrefour.fid.android
10-02 12:45:08.641 18808 18808 D CrossAppTracking: Γ£à App cibl├⌐e d├⌐tect├⌐e: com.carrefour.fid.android
10-02 12:45:08.972 18808 18808 D CrossAppTracking: ≡ƒöì DIFF STATE: 0 produits trouv├⌐s
10-02 12:45:09.000 18808 18808 D CrossAppTracking: ≡ƒô╕ Page panier d├⌐tect├⌐e, attente du chargement des produits...
10-02 12:45:09.377 18808 18808 D CrossAppTracking: ≡ƒô▒ ├ëv├⌐nement re├ºu: 1 - com.carrefour.fid.android
10-02 12:45:09.379 18808 18808 D CrossAppTracking: Γ£à App cibl├⌐e d├⌐tect├⌐e: com.carrefour.fid.android
10-02 12:45:09.381 18808 18808 D CrossAppTracking: ≡ƒô▒ ├ëv├⌐nement re├ºu: 2048 - com.carrefour.fid.android
10-02 12:45:09.381 18808 18808 D CrossAppTracking: Γ£à App cibl├⌐e d├⌐tect├⌐e: com.carrefour.fid.android
10-02 12:45:09.468 18808 18808 D CrossAppTracking: ≡ƒöì DIFF STATE: 0 produits trouv├⌐s
10-02 12:45:09.479 18808 18808 D CrossAppTracking: ≡ƒô▒ ├ëv├⌐nement re├ºu: 2048 - com.carrefour.fid.android
10-02 12:45:09.480 18808 18808 D CrossAppTracking: Γ£à App cibl├⌐e d├⌐tect├⌐e: com.carrefour.fid.android
10-02 12:45:09.640 18808 18808 D CrossAppTracking: ≡ƒöì DIFF STATE: 0 produits trouv├⌐s
10-02 12:45:09.655 18808 18808 D CrossAppTracking: ≡ƒô▒ ├ëv├⌐nement re├ºu: 2048 - com.carrefour.fid.android
10-02 12:45:09.655 18808 18808 D CrossAppTracking: Γ£à App cibl├⌐e d├⌐tect├⌐e: com.carrefour.fid.android
10-02 12:45:09.746 18808 18808 D CrossAppTracking: ≡ƒöì DIFF STATE: 0 produits trouv├⌐s
10-02 12:45:09.748 18808 18808 D CrossAppTracking: ≡ƒô▒ ├ëv├⌐nement re├ºu: 2048 - com.carrefour.fid.android
10-02 12:45:09.748 18808 18808 D CrossAppTracking: Γ£à App cibl├⌐e d├⌐tect├⌐e: com.carrefour.fid.android
10-02 12:45:09.865 18808 18808 D CrossAppTracking: ≡ƒöì DIFF STATE: 0 produits trouv├⌐s
10-02 12:45:09.869 18808 18808 D CrossAppTracking: ≡ƒô▒ ├ëv├⌐nement re├ºu: 2048 - com.carrefour.fid.android
10-02 12:45:09.869 18808 18808 D CrossAppTracking: Γ£à App cibl├⌐e d├⌐tect├⌐e: com.carrefour.fid.android
10-02 12:45:09.911 18808 18808 D CrossAppTracking: ≡ƒöì DIFF STATE: 0 produits trouv├⌐s
10-02 12:45:09.914 18808 18808 D CrossAppTracking: ≡ƒô▒ ├ëv├⌐nement re├ºu: 2048 - com.carrefour.fid.android
10-02 12:45:09.914 18808 18808 D CrossAppTracking: Γ£à App cibl├⌐e d├⌐tect├⌐e: com.carrefour.fid.android
10-02 12:45:10.162 18808 18808 D CrossAppTracking: ≡ƒöì DIFF STATE: 0 produits trouv├⌐s
10-02 12:45:10.169 18808 18808 D CrossAppTracking: ≡ƒô▒ ├ëv├⌐nement re├ºu: 2048 - com.carrefour.fid.android
10-02 12:45:10.177 18808 18808 D CrossAppTracking: Γ£à App cibl├⌐e d├⌐tect├⌐e: com.carrefour.fid.android
10-02 12:45:10.264 18808 18808 D CrossAppTracking: ≡ƒöì DIFF STATE: 0 produits trouv├⌐s
10-02 12:45:10.268 18808 18808 D AndroidTracking: Event tracked: ADD_TO_CART - {app=Carrefour, packageName=com.carrefour.fid.android, productInfo={productName=Panier, 18 new notifications, allTexts=[Accueil, Rechercher, Mes produits, Promotions, Panier, 18 new notifications]}, eventType=cross_app_cart_update}
10-02 12:45:10.272 18808 18808 D CrossAppTracking: ≡ƒ¢Æ Produit envoy├⌐: Panier, 18 new notifications - Prix: N/A
10-02 12:45:10.273 18808 18808 D AndroidTracking: Event tracked: VIEW_CLICKED - {app=Carrefour, packageName=com.carrefour.fid.android, element={className=android.widget.FrameLayout, contentDescription=Panier, 18 new notifications, text=, resourceId=, clickable=false, bounds={left=864, top=2190, right=1080, bottom=2337}}, eventType=cross_app_click, timestamp=1759401909380}
10-02 12:45:10.280 18808 18808 D CrossAppTracking: Click envoy├⌐ dans Carrefour: {className=android.widget.FrameLayout, contentDescription=Panier, 18 new notifications, text=, resourceId=, clickable=false, bounds={left=864, top=2190, right=1080, bottom=2337}}
10-02 12:45:10.285 18808 18808 D AndroidTracking: Event tracked: ADD_TO_CART - {app=Carrefour, packageName=com.carrefour.fid.android, productInfo={productName=Panier, 18 new notifications, allTexts=[Panier, Accueil, Rechercher, Mes produits, Promotions, Panier, 18 new notifications]}, eventType=cross_app_cart_update}
10-02 12:45:10.289 18808 18808 D CrossAppTracking: ≡ƒ¢Æ Produit envoy├⌐: Panier, 18 new notifications - Prix: N/A
10-02 12:45:10.289 18808 18808 D AndroidTracking: Event tracked: ADD_TO_CART - {app=Carrefour, packageName=com.carrefour.fid.android, productInfo={productName=Panier, allTexts=[Panier]}, eventType=cross_app_cart_update}
10-02 12:45:10.292 18808 18808 D CrossAppTracking: ≡ƒ¢Æ Produit envoy├⌐: Panier - Prix: N/A
10-02 12:45:10.292 18808 18808 D AndroidTracking: Event tracked: ADD_TO_CART - {app=Carrefour, packageName=com.carrefour.fid.android, productInfo={productName=Panier, allTexts=[Panier]}, eventType=cross_app_cart_update}
10-02 12:45:10.296 18808 18808 D CrossAppTracking: ≡ƒ¢Æ Produit envoy├⌐: Panier - Prix: N/A
10-02 12:45:10.362 18808 18896 D AndroidTracking: Event sent to server successfully
10-02 12:45:10.370 18808 18855 D AndroidTracking: Event sent to server successfully
10-02 12:45:10.373 18808 18808 D AndroidTracking: Event tracked: ADD_TO_CART - {app=Carrefour, packageName=com.carrefour.fid.android, productInfo={productName=Panier, allTexts=[Panier]}, eventType=cross_app_cart_update}
10-02 12:45:10.373 18808 18853 D AndroidTracking: Event sent to server successfully
10-02 12:45:10.376 18808 18808 D CrossAppTracking: ≡ƒ¢Æ Produit envoy├⌐: Panier - Prix: N/A
10-02 12:45:10.384 18808 18823 D AndroidTracking: Event sent to server successfully
10-02 12:45:10.399 18808 18852 D AndroidTracking: Event sent to server successfully
10-02 12:45:10.405 18808 18853 D AndroidTracking: Event sent to server successfully
10-02 12:45:10.415 18808 18808 D AndroidTracking: Event tracked: ADD_TO_CART - {app=Carrefour, packageName=com.carrefour.fid.android, productInfo={productName=Panier, allTexts=[Panier]}, eventType=cross_app_cart_update}
10-02 12:45:10.418 18808 18808 D CrossAppTracking: ≡ƒ¢Æ Produit envoy├⌐: Panier - Prix: N/A
10-02 12:45:10.430 18808 18853 D AndroidTracking: Event sent to server successfully
10-02 12:45:10.672 18808 18808 D AndroidTracking: Event tracked: ADD_TO_CART - {app=Carrefour, packageName=com.carrefour.fid.android, productInfo={productName=Panier, 18 new notifications, allTexts=[Panier, Accueil, Rechercher, Mes produits, Promotions, Panier, 18 new notifications]}, eventType=cross_app_cart_update}
10-02 12:45:10.673 18808 18808 D CrossAppTracking: ≡ƒ¢Æ Produit envoy├⌐: Panier, 18 new notifications - Prix: N/A
10-02 12:45:10.692 18808 18853 D AndroidTracking: Event sent to server successfully
10-02 12:45:10.705 18808 18808 D CrossAppTracking: ≡ƒô▒ ├ëv├⌐nement re├ºu: 2048 - com.carrefour.fid.android
10-02 12:45:10.705 18808 18808 D CrossAppTracking: Γ£à App cibl├⌐e d├⌐tect├⌐e: com.carrefour.fid.android
10-02 12:45:10.830 18808 18808 D CrossAppTracking: ≡ƒöì DIFF STATE: 0 produits trouv├⌐s
10-02 12:45:10.836 18808 18808 D CrossAppTracking: ≡ƒô▒ ├ëv├⌐nement re├ºu: 2048 - com.carrefour.fid.android
10-02 12:45:10.836 18808 18808 D CrossAppTracking: Γ£à App cibl├⌐e d├⌐tect├⌐e: com.carrefour.fid.android
10-02 12:45:10.891 18808 18808 D CrossAppTracking: ≡ƒöì DIFF STATE: 3 produits trouv├⌐s
10-02 12:45:10.891 18808 18808 D CrossAppTracking:   [0] 1 produit ├á remplacer - 6,06Γé¼ - btn='2' - minus=false
10-02 12:45:10.891 18808 18808 D CrossAppTracking:   [1] Gazpacho L'Original ALVALLE - 22,40Γé¼ - btn='5' - minus=false
10-02 12:45:10.891 18808 18808 D CrossAppTracking:   [2] la bouteille de 48cL - 46,75Γé¼ - btn='11' - minus=false
10-02 12:45:10.891 18808 18808 D CrossAppTracking: ΓÜá∩╕Å DIFF: Produit non trouv├⌐ dans l'├⌐tat pr├⌐c├⌐dent: 1 produit ├á remplacer
10-02 12:45:10.891 18808 18808 D CrossAppTracking: ΓÜá∩╕Å DIFF: Produit non trouv├⌐ dans l'├⌐tat pr├⌐c├⌐dent: Gazpacho L'Original ALVALLE
10-02 12:45:10.891 18808 18808 D CrossAppTracking: ΓÜá∩╕Å DIFF: Produit non trouv├⌐ dans l'├⌐tat pr├⌐c├⌐dent: la bouteille de 48cL
10-02 12:45:10.891 18808 18808 D CrossAppTracking: ΓÜá∩╕Å DIFF: Produit non trouv├⌐ dans l'├⌐tat pr├⌐c├⌐dent: 1 produit ├á remplacer
10-02 12:45:10.891 18808 18808 D CrossAppTracking: ΓÜá∩╕Å DIFF: Produit non trouv├⌐ dans l'├⌐tat pr├⌐c├⌐dent: Gazpacho L'Original ALVALLE
10-02 12:45:10.891 18808 18808 D CrossAppTracking: ΓÜá∩╕Å DIFF: Produit non trouv├⌐ dans l'├⌐tat pr├⌐c├⌐dent: la bouteille de 48cL
10-02 12:45:10.919 18808 18808 D CrossAppTracking: ≡ƒô▒ ├ëv├⌐nement re├ºu: 2048 - com.carrefour.fid.android
10-02 12:45:10.920 18808 18808 D CrossAppTracking: Γ£à App cibl├⌐e d├⌐tect├⌐e: com.carrefour.fid.android
10-02 12:45:10.926 18808 18808 D CrossAppTracking: ≡ƒöì DIFF STATE: 0 produits trouv├⌐s
10-02 12:45:10.926 18808 18808 D CrossAppTracking: ≡ƒô▒ ├ëv├⌐nement re├ºu: 2048 - com.carrefour.fid.android
10-02 12:45:10.926 18808 18808 D CrossAppTracking: Γ£à App cibl├⌐e d├⌐tect├⌐e: com.carrefour.fid.android
10-02 12:45:10.938 18808 18808 D CrossAppTracking: ≡ƒöì DIFF STATE: 1 produits trouv├⌐s
10-02 12:45:10.938 18808 18808 D CrossAppTracking:   [0] Gazpacho L'Original ALVALLE - 22,40Γé¼ - btn='5' - minus=false
10-02 12:45:10.938 18808 18808 D CrossAppTracking: ΓÜá∩╕Å DIFF: Produit non trouv├⌐ dans l'├⌐tat pr├⌐c├⌐dent: Gazpacho L'Original ALVALLE
10-02 12:45:10.938 18808 18808 D CrossAppTracking: ΓÜá∩╕Å DIFF: Produit non trouv├⌐ dans l'├⌐tat pr├⌐c├⌐dent: Gazpacho L'Original ALVALLE
10-02 12:45:10.943 18808 18808 D CrossAppTracking: ≡ƒô▒ ├ëv├⌐nement re├ºu: 2048 - com.carrefour.fid.android
10-02 12:45:10.943 18808 18808 D CrossAppTracking: Γ£à App cibl├⌐e d├⌐tect├⌐e: com.carrefour.fid.android
10-02 12:45:10.947 18808 18808 D CrossAppTracking: ≡ƒô▒ ├ëv├⌐nement re├ºu: 2048 - com.carrefour.fid.android
10-02 12:45:10.949 18808 18808 D CrossAppTracking: Γ£à App cibl├⌐e d├⌐tect├⌐e: com.carrefour.fid.android
10-02 12:45:10.963 18808 18808 D CrossAppTracking: ≡ƒöì DIFF STATE: 0 produits trouv├⌐s
10-02 12:45:10.965 18808 18808 D CrossAppTracking: ≡ƒô▒ ├ëv├⌐nement re├ºu: 2048 - com.carrefour.fid.android
10-02 12:45:10.965 18808 18808 D CrossAppTracking: Γ£à App cibl├⌐e d├⌐tect├⌐e: com.carrefour.fid.android
10-02 12:45:10.972 18808 18808 D CrossAppTracking: ≡ƒöì DIFF STATE: 0 produits trouv├⌐s
10-02 12:45:10.973 18808 18808 D CrossAppTracking: ≡ƒô▒ ├ëv├⌐nement re├ºu: 2048 - com.carrefour.fid.android
10-02 12:45:10.975 18808 18808 D CrossAppTracking: Γ£à App cibl├⌐e d├⌐tect├⌐e: com.carrefour.fid.android
10-02 12:45:10.988 18808 18808 D CrossAppTracking: ≡ƒöì DIFF STATE: 0 produits trouv├⌐s
10-02 12:45:10.989 18808 18808 D CrossAppTracking: ≡ƒô▒ ├ëv├⌐nement re├ºu: 2048 - com.carrefour.fid.android
10-02 12:45:10.989 18808 18808 D CrossAppTracking: Γ£à App cibl├⌐e d├⌐tect├⌐e: com.carrefour.fid.android
10-02 12:45:11.001 18808 18808 D CrossAppTracking: ≡ƒöì DIFF STATE: 0 produits trouv├⌐s
10-02 12:45:11.006 18808 18808 D CrossAppTracking: ≡ƒô▒ ├ëv├⌐nement re├ºu: 2048 - com.carrefour.fid.android
10-02 12:45:11.006 18808 18808 D CrossAppTracking: Γ£à App cibl├⌐e d├⌐tect├⌐e: com.carrefour.fid.android
10-02 12:45:11.018 18808 18808 D CrossAppTracking: ≡ƒöì DIFF STATE: 1 produits trouv├⌐s
10-02 12:45:11.019 18808 18808 D CrossAppTracking:   [0] la bouteille de 48cL - 46,75Γé¼ - btn='11' - minus=false
10-02 12:45:11.020 18808 18808 D CrossAppTracking: ΓÜá∩╕Å DIFF: Produit non trouv├⌐ dans l'├⌐tat pr├⌐c├⌐dent: la bouteille de 48cL
10-02 12:45:11.020 18808 18808 D CrossAppTracking: ΓÜá∩╕Å DIFF: Produit non trouv├⌐ dans l'├⌐tat pr├⌐c├⌐dent: la bouteille de 48cL
10-02 12:45:11.024 18808 18808 D CrossAppTracking: ≡ƒô▒ ├ëv├⌐nement re├ºu: 2048 - com.carrefour.fid.android
10-02 12:45:11.024 18808 18808 D CrossAppTracking: Γ£à App cibl├⌐e d├⌐tect├⌐e: com.carrefour.fid.android
10-02 12:45:11.029 18808 18808 D CrossAppTracking: ≡ƒô▒ ├ëv├⌐nement re├ºu: 2048 - com.carrefour.fid.android
10-02 12:45:11.029 18808 18808 D CrossAppTracking: Γ£à App cibl├⌐e d├⌐tect├⌐e: com.carrefour.fid.android
10-02 12:45:11.038 18808 18808 D CrossAppTracking: ≡ƒöì DIFF STATE: 0 produits trouv├⌐s
10-02 12:45:11.039 18808 18808 D CrossAppTracking: ≡ƒô▒ ├ëv├⌐nement re├ºu: 2048 - com.carrefour.fid.android
10-02 12:45:11.039 18808 18808 D CrossAppTracking: Γ£à App cibl├⌐e d├⌐tect├⌐e: com.carrefour.fid.android
10-02 12:45:11.051 18808 18808 D CrossAppTracking: ≡ƒöì DIFF STATE: 0 produits trouv├⌐s
10-02 12:45:11.057 18808 18808 D CrossAppTracking: ≡ƒô▒ ├ëv├⌐nement re├ºu: 2048 - com.carrefour.fid.android
10-02 12:45:11.058 18808 18808 D CrossAppTracking: Γ£à App cibl├⌐e d├⌐tect├⌐e: com.carrefour.fid.android
10-02 12:45:11.061 18808 18808 D CrossAppTracking: ≡ƒöì DIFF STATE: 0 produits trouv├⌐s
10-02 12:45:11.062 18808 18808 D CrossAppTracking: ≡ƒô▒ ├ëv├⌐nement re├ºu: 2048 - com.carrefour.fid.android
10-02 12:45:11.062 18808 18808 D CrossAppTracking: Γ£à App cibl├⌐e d├⌐tect├⌐e: com.carrefour.fid.android
10-02 12:45:11.083 18808 18808 D CrossAppTracking: ≡ƒöì DIFF STATE: 0 produits trouv├⌐s
10-02 12:45:11.085 18808 18808 D CrossAppTracking: ≡ƒô▒ ├ëv├⌐nement re├ºu: 2048 - com.carrefour.fid.android
10-02 12:45:11.085 18808 18808 D CrossAppTracking: Γ£à App cibl├⌐e d├⌐tect├⌐e: com.carrefour.fid.android
10-02 12:45:11.102 18808 18808 D CrossAppTracking: ≡ƒöì DIFF STATE: 0 produits trouv├⌐s
10-02 12:45:11.107 18808 18808 D CrossAppTracking: ≡ƒô▒ ├ëv├⌐nement re├ºu: 2048 - com.carrefour.fid.android
10-02 12:45:11.107 18808 18808 D CrossAppTracking: Γ£à App cibl├⌐e d├⌐tect├⌐e: com.carrefour.fid.android
10-02 12:45:11.109 18808 18808 D CrossAppTracking: ≡ƒô▒ ├ëv├⌐nement re├ºu: 2048 - com.carrefour.fid.android
10-02 12:45:11.109 18808 18808 D CrossAppTracking: Γ£à App cibl├⌐e d├⌐tect├⌐e: com.carrefour.fid.android
10-02 12:45:11.111 18808 18808 D CrossAppTracking: ≡ƒô▒ ├ëv├⌐nement re├ºu: 2048 - com.carrefour.fid.android
10-02 12:45:11.111 18808 18808 D CrossAppTracking: Γ£à App cibl├⌐e d├⌐tect├⌐e: com.carrefour.fid.android
10-02 12:45:11.113 18808 18808 D CrossAppTracking: ≡ƒöì DIFF STATE: 0 produits trouv├⌐s
10-02 12:45:11.117 18808 18808 D CrossAppTracking: ≡ƒô▒ ├ëv├⌐nement re├ºu: 2048 - com.carrefour.fid.android
10-02 12:45:11.117 18808 18808 D CrossAppTracking: Γ£à App cibl├⌐e d├⌐tect├⌐e: com.carrefour.fid.android
10-02 12:45:11.128 18808 18808 D CrossAppTracking: ≡ƒöì DIFF STATE: 0 produits trouv├⌐s
10-02 12:45:11.130 18808 18808 D CrossAppTracking: ≡ƒô▒ ├ëv├⌐nement re├ºu: 2048 - com.carrefour.fid.android
10-02 12:45:11.130 18808 18808 D CrossAppTracking: Γ£à App cibl├⌐e d├⌐tect├⌐e: com.carrefour.fid.android
10-02 12:45:11.135 18808 18808 D CrossAppTracking: ≡ƒöì DIFF STATE: 0 produits trouv├⌐s
10-02 12:45:11.137 18808 18808 D CrossAppTracking: ≡ƒô▒ ├ëv├⌐nement re├ºu: 2048 - com.carrefour.fid.android
10-02 12:45:11.137 18808 18808 D CrossAppTracking: Γ£à App cibl├⌐e d├⌐tect├⌐e: com.carrefour.fid.android
10-02 12:45:11.142 18808 18808 D CrossAppTracking: ≡ƒöì DIFF STATE: 0 produits trouv├⌐s
10-02 12:45:11.143 18808 18808 D CrossAppTracking: ≡ƒô▒ ├ëv├⌐nement re├ºu: 2048 - com.carrefour.fid.android
10-02 12:45:11.143 18808 18808 D CrossAppTracking: Γ£à App cibl├⌐e d├⌐tect├⌐e: com.carrefour.fid.android
10-02 12:45:11.153 18808 18808 D CrossAppTracking: ≡ƒöì DIFF STATE: 0 produits trouv├⌐s
10-02 12:45:11.154 18808 18808 D CrossAppTracking: ≡ƒô▒ ├ëv├⌐nement re├ºu: 2048 - com.carrefour.fid.android
10-02 12:45:11.157 18808 18808 D CrossAppTracking: Γ£à App cibl├⌐e d├⌐tect├⌐e: com.carrefour.fid.android
10-02 12:45:11.209 18808 18808 D CrossAppTracking: ≡ƒöì DIFF STATE: 4 produits trouv├⌐s
10-02 12:45:11.209 18808 18808 D CrossAppTracking:   [0] 1 produit ├á remplacer - 6,06Γé¼ - btn='2' - minus=false
10-02 12:45:11.209 18808 18808 D CrossAppTracking:   [1] 1 produit ├á remplacer - 6,06Γé¼ - btn='2' - minus=false
10-02 12:45:11.209 18808 18808 D CrossAppTracking:   [2] Gazpacho L'Original ALVALLE - 22,40Γé¼ - btn='5' - minus=false
10-02 12:45:11.209 18808 18808 D CrossAppTracking:   [3] la bouteille de 48cL - 46,75Γé¼ - btn='11' - minus=false
10-02 12:45:11.209 18808 18808 D CrossAppTracking: ΓÜá∩╕Å DIFF: Produit non trouv├⌐ dans l'├⌐tat pr├⌐c├⌐dent: 1 produit ├á remplacer
10-02 12:45:11.209 18808 18808 D CrossAppTracking: ΓÜá∩╕Å DIFF: Produit non trouv├⌐ dans l'├⌐tat pr├⌐c├⌐dent: 1 produit ├á remplacer
10-02 12:45:11.209 18808 18808 D CrossAppTracking: ΓÜá∩╕Å DIFF: Produit non trouv├⌐ dans l'├⌐tat pr├⌐c├⌐dent: Gazpacho L'Original ALVALLE
10-02 12:45:11.209 18808 18808 D CrossAppTracking: ΓÜá∩╕Å DIFF: Produit non trouv├⌐ dans l'├⌐tat pr├⌐c├⌐dent: la bouteille de 48cL
10-02 12:45:11.209 18808 18808 D CrossAppTracking: ΓÜá∩╕Å DIFF: Produit non trouv├⌐ dans l'├⌐tat pr├⌐c├⌐dent: 1 produit ├á remplacer
10-02 12:45:11.209 18808 18808 D CrossAppTracking: ΓÜá∩╕Å DIFF: Produit non trouv├⌐ dans l'├⌐tat pr├⌐c├⌐dent: 1 produit ├á remplacer
10-02 12:45:11.209 18808 18808 D CrossAppTracking: ΓÜá∩╕Å DIFF: Produit non trouv├⌐ dans l'├⌐tat pr├⌐c├⌐dent: Gazpacho L'Original ALVALLE
10-02 12:45:11.209 18808 18808 D CrossAppTracking: ΓÜá∩╕Å DIFF: Produit non trouv├⌐ dans l'├⌐tat pr├⌐c├⌐dent: la bouteille de 48cL
10-02 12:45:11.232 18808 18808 D CrossAppTracking: ≡ƒô▒ ├ëv├⌐nement re├ºu: 2048 - com.carrefour.fid.android
10-02 12:45:11.232 18808 18808 D CrossAppTracking: Γ£à App cibl├⌐e d├⌐tect├⌐e: com.carrefour.fid.android
10-02 12:45:11.239 18808 18808 D CrossAppTracking: ≡ƒöì DIFF STATE: 0 produits trouv├⌐s
10-02 12:45:11.240 18808 18808 D CrossAppTracking: ≡ƒô▒ ├ëv├⌐nement re├ºu: 2048 - com.carrefour.fid.android
10-02 12:45:11.243 18808 18808 D CrossAppTracking: Γ£à App cibl├⌐e d├⌐tect├⌐e: com.carrefour.fid.android
10-02 12:45:11.259 18808 18808 D CrossAppTracking: ≡ƒöì DIFF STATE: 0 produits trouv├⌐s
10-02 12:45:11.260 18808 18808 D CrossAppTracking: ≡ƒô▒ ├ëv├⌐nement re├ºu: 2048 - com.carrefour.fid.android
10-02 12:45:11.260 18808 18808 D CrossAppTracking: Γ£à App cibl├⌐e d├⌐tect├⌐e: com.carrefour.fid.android
10-02 12:45:11.267 18808 18808 D CrossAppTracking: ≡ƒöì DIFF STATE: 0 produits trouv├⌐s
10-02 12:45:11.268 18808 18808 D CrossAppTracking: ≡ƒô▒ ├ëv├⌐nement re├ºu: 2048 - com.carrefour.fid.android
10-02 12:45:11.268 18808 18808 D CrossAppTracking: Γ£à App cibl├⌐e d├⌐tect├⌐e: com.carrefour.fid.android
10-02 12:45:11.282 18808 18808 D CrossAppTracking: ≡ƒöì DIFF STATE: 0 produits trouv├⌐s
10-02 12:45:11.286 18808 18808 D CrossAppTracking: ≡ƒô▒ ├ëv├⌐nement re├ºu: 2048 - com.carrefour.fid.android
10-02 12:45:11.287 18808 18808 D CrossAppTracking: Γ£à App cibl├⌐e d├⌐tect├⌐e: com.carrefour.fid.android
10-02 12:45:11.300 18808 18808 D CrossAppTracking: ≡ƒöì DIFF STATE: 0 produits trouv├⌐s
10-02 12:45:11.301 18808 18808 D CrossAppTracking: ≡ƒô▒ ├ëv├⌐nement re├ºu: 2048 - com.carrefour.fid.android
10-02 12:45:11.301 18808 18808 D CrossAppTracking: Γ£à App cibl├⌐e d├⌐tect├⌐e: com.carrefour.fid.android
10-02 12:45:11.311 18808 18808 D CrossAppTracking: ≡ƒöì DIFF STATE: 0 produits trouv├⌐s
10-02 12:45:11.313 18808 18808 D AndroidTracking: Event tracked: ADD_TO_CART - {app=Carrefour, packageName=com.carrefour.fid.android, productInfo={productName=Panier, 18 new notifications, allTexts=[Accueil, Rechercher, Mes produits, Promotions, Panier, 18 new notifications]}, eventType=cross_app_cart_update}
10-02 12:45:11.314 18808 18808 D CrossAppTracking: ≡ƒ¢Æ Produit envoy├⌐: Panier, 18 new notifications - Prix: N/A
10-02 12:45:11.314 18808 18808 D CrossAppTracking: ≡ƒô▒ ├ëv├⌐nement re├ºu: 2048 - com.carrefour.fid.android
10-02 12:45:11.314 18808 18808 D CrossAppTracking: Γ£à App cibl├⌐e d├⌐tect├⌐e: com.carrefour.fid.android
10-02 12:45:11.328 18808 18853 D AndroidTracking: Event sent to server successfully
10-02 12:45:11.369 18808 18808 D CrossAppTracking: ≡ƒöì DIFF STATE: 1 produits trouv├⌐s
10-02 12:45:11.370 18808 18808 D CrossAppTracking:   [0] Gazpacho L'Original ALVALLE - 22,40Γé¼ - btn='5' - minus=false
10-02 12:45:11.370 18808 18808 D CrossAppTracking: ΓÜá∩╕Å DIFF: Produit non trouv├⌐ dans l'├⌐tat pr├⌐c├⌐dent: Gazpacho L'Original ALVALLE
10-02 12:45:11.370 18808 18808 D CrossAppTracking: ΓÜá∩╕Å DIFF: Produit non trouv├⌐ dans l'├⌐tat pr├⌐c├⌐dent: Gazpacho L'Original ALVALLE
